uv run --locked ruff check .
All checks passed!
uv run --locked ruff format --check .
300 files already formatted
uv run --locked mypy
Success: no issues found in 222 source files
uv run --locked pytest
============================= test session starts ==============================
platform linux -- Python 3.13.14, pytest-9.0.2, pluggy-1.6.0
rootdir: /home/tux/personalbuild/c1
configfile: pyproject.toml
testpaths: tests
plugins: anyio-4.15.1
collected 557 items / 1 error

==================================== ERRORS ====================================
_______________ ERROR collecting tests/unit/m07/test_profiles.py _______________
import file mismatch:
imported module 'test_profiles' has this __file__ attribute:
  /home/tux/personalbuild/c1/tests/unit/m04/test_profiles.py
which is not the same as the test file we want to collect:
  /home/tux/personalbuild/c1/tests/unit/m07/test_profiles.py
HINT: remove __pycache__ / .pyc files and/or use a unique basename for your test file modules
=========================== short test summary info ============================
ERROR tests/unit/m07/test_profiles.py
!!!!!!!!!!!!!!!!!!!! Interrupted: 1 error during collection !!!!!!!!!!!!!!!!!!!!
=============================== 1 error in 0.77s ===============================
make: *** [Makefile:22: test] Error 2
