uv run --locked ruff check .
All checks passed!
uv run --locked ruff format --check .
347 files already formatted
uv run --locked mypy
Success: no issues found in 243 source files
uv run --locked pytest
============================= test session starts ==============================
platform linux -- Python 3.13.14, pytest-9.0.2, pluggy-1.6.0
rootdir: /home/tux/personalbuild/c1
configfile: pyproject.toml
testpaths: tests
plugins: anyio-4.15.1
collected 794 items

tests/integration/m01/test_t01_inventory.py s                            [  0%]
tests/integration/m01/test_t02_atomic.py s                               [  0%]
tests/integration/m01/test_t03_stale_and_reconcile.py s                  [  0%]
tests/integration/m01/test_t04_revisions.py s                            [  0%]
tests/integration/m01/test_t05_freshness.py ss                           [  0%]
tests/integration/m01/test_t06_publication.py ssss                       [  1%]
tests/integration/m01/test_t07_interchange.py ss                         [  1%]
tests/integration/m02/test_install_guards.py ss                          [  1%]
tests/integration/m02/test_t01_roundtrip.py s                            [  1%]
tests/integration/m02/test_t02_conflicts.py s                            [  2%]
tests/integration/m02/test_t03_no_partial.py ss                          [  2%]
tests/integration/m02/test_t04_identity.py s                             [  2%]
tests/integration/m02/test_t07_extension.py ss                           [  2%]
tests/integration/m03/test_authority_contract.py ss                      [  2%]
tests/integration/m03/test_cascade.py s                                  [  3%]
tests/integration/m03/test_journal_contract.py sss                       [  3%]
tests/integration/m03/test_t01_tokens.py s                               [  3%]
tests/integration/m03/test_t02_separation.py s                           [  3%]
tests/integration/m03/test_t03_independent.py s                          [  3%]
tests/integration/m03/test_t04_historical.py s                           [  3%]
tests/integration/m03/test_t05_bindings.py ss                            [  4%]
tests/integration/m03/test_t06_crash.py sss                              [  4%]
tests/integration/m03/test_t07_boundary.py sss                           [  4%]
tests/integration/m04/test_storage_paging.py s                           [  5%]
tests/integration/m04/test_t01_reviewed_apply.py s                       [  5%]
tests/integration/m04/test_t02_invalidation.py s                         [  5%]
tests/integration/m04/test_t03_cross_scope.py s                          [  5%]
tests/integration/m04/test_t04_retry_crash.py sssss                      [  6%]
tests/integration/m04/test_t05_revision.py s                             [  6%]
tests/integration/m04/test_t06_restore_security.py s                     [  6%]
tests/integration/m04/test_t07_schema_conflict.py sss                    [  6%]
tests/integration/m05/test_backend_fetch.py s                            [  6%]
tests/integration/m05/test_t01_directory.py s                            [  6%]
tests/integration/m05/test_t02_filters.py ss                             [  7%]
tests/integration/m05/test_t03_noninterference.py s                      [  7%]
tests/integration/m05/test_t04_identity_m05.py s                         [  7%]
tests/integration/m05/test_t05_cursors.py ss                             [  7%]
tests/integration/m05/test_t06_limits.py sss                             [  8%]
tests/integration/m05/test_t07_views.py s                                [  8%]
tests/integration/m06/test_t01_ordered_views.py s                        [  8%]
tests/integration/m06/test_t02_no_hidden_structure.py s                  [  8%]
tests/integration/m06/test_t03_search_export.py s                        [  8%]
tests/integration/m06/test_t04_historical_rescope.py s                   [  8%]
tests/integration/m06/test_t05_content_integrity.py s                    [  8%]
tests/integration/m06/test_t06_structure.py s                            [  8%]
tests/integration/m06/test_t07_safe_rendering.py s                       [  9%]
tests/integration/m07/test_t01_reuse.py s                                [  9%]
tests/integration/m07/test_t02_graph_vs_keywords.py s                    [  9%]
tests/integration/m07/test_t03_authorized_paths.py s                     [  9%]
tests/integration/m07/test_t04_evidence.py s                             [  9%]
tests/integration/m07/test_t05_parity.py s                               [  9%]
tests/integration/m07/test_t06_determinism_budget.py s                   [  9%]
tests/integration/m07/test_t07_ambiguity_revocation.py s                 [  9%]
tests/test_baseline.py ........                                          [ 10%]
tests/test_harness.py ...                                                [ 11%]
tests/test_interchange.py .....                                          [ 11%]
tests/test_secret_hygiene.py ........                                    [ 12%]
tests/test_terminus_contract.py ....                                     [ 13%]
tests/unit/m02/test_export.py .....                                      [ 14%]
tests/unit/m02/test_extension.py ..........                              [ 15%]
tests/unit/m02/test_identity_values.py ..........                        [ 16%]
tests/unit/m02/test_keywords.py ..                                       [ 16%]
tests/unit/m02/test_literals.py ........................                 [ 19%]
tests/unit/m02/test_records.py .....                                     [ 20%]
tests/unit/m02/test_storage_guard.py .................                   [ 22%]
tests/unit/m02/test_time.py ........                                     [ 23%]
tests/unit/m02/test_unsupported.py ........                              [ 24%]
tests/unit/m02/test_validation.py ......                                 [ 25%]
tests/unit/m03/test_api_boundary.py ...                                  [ 25%]
tests/unit/m03/test_config.py .........                                  [ 26%]
tests/unit/m03/test_journal.py .........                                 [ 28%]
tests/unit/m03/test_plane.py ....                                        [ 28%]
tests/unit/m03/test_probe_canonical.py .                                 [ 28%]
tests/unit/m03/test_provision_privacy.py .....                           [ 29%]
tests/unit/m03/test_record_confirmation.py .......                       [ 30%]
tests/unit/m03/test_recovery_authority.py ..........                     [ 31%]
tests/unit/m03/test_tokens.py ..............                             [ 33%]
tests/unit/m04/test_changeset_validation.py ..........                   [ 34%]
tests/unit/m04/test_digest.py ....                                       [ 35%]
tests/unit/m04/test_history.py ......                                    [ 35%]
tests/unit/m04/test_idempotency.py ..                                    [ 36%]
tests/unit/m04/test_models.py ............                               [ 37%]
tests/unit/m04/test_profiles.py ........                                 [ 38%]
tests/unit/m04/test_routes.py ...                                        [ 38%]
tests/unit/m04/test_storage.py .....                                     [ 39%]
tests/unit/m05/test_compile.py .....                                     [ 40%]
tests/unit/m05/test_cursor.py ..                                         [ 40%]
tests/unit/m05/test_directory_fixture.py ..                              [ 40%]
tests/unit/m05/test_filters.py ...................                       [ 43%]
tests/unit/m05/test_identity.py .....                                    [ 43%]
tests/unit/m05/test_neighborhood_service.py .                            [ 43%]
tests/unit/m05/test_plan.py .......                                      [ 44%]
tests/unit/m05/test_traverse.py .....                                    [ 45%]
tests/unit/m06/test_changes_wiring.py ................                   [ 47%]
tests/unit/m06/test_document_history.py ..............                   [ 49%]
tests/unit/m06/test_document_routes.py ....................              [ 51%]
tests/unit/m06/test_history_concurrency.py .....                         [ 52%]
tests/unit/m06/test_history_fetch.py ........                            [ 53%]
tests/unit/m06/test_history_types.py .....                               [ 53%]
tests/unit/m06/test_order.py ...................                         [ 56%]
tests/unit/m06/test_render.py ....                                       [ 56%]
tests/unit/m06/test_search.py ...                                        [ 57%]
tests/unit/m06/test_service_limits.py .                                  [ 57%]
tests/unit/m06/test_text.py .......                                      [ 58%]
tests/unit/m07/test_api.py ......                                        [ 58%]
tests/unit/m07/test_cold_index.py .....                                  [ 59%]
tests/unit/m07/test_compile_fallback.py ..........                       [ 60%]
tests/unit/m07/test_entities_concurrency.py .........                    [ 61%]
tests/unit/m07/test_entity_kind.py ...........                           [ 63%]
tests/unit/m07/test_fetch_authority.py .....                             [ 63%]
tests/unit/m07/test_finalize_concurrency.py ..............               [ 65%]
tests/unit/m07/test_fixture_loader.py ...                                [ 66%]
tests/unit/m07/test_guarded_finalize.py .........................        [ 69%]
tests/unit/m07/test_historical_projection.py ....                        [ 69%]
tests/unit/m07/test_history_cohort.py ............                       [ 71%]
tests/unit/m07/test_history_prefetch.py ................                 [ 73%]
tests/unit/m07/test_plan_concurrency.py ......                           [ 74%]
tests/unit/m07/test_profile_install_boundary.py ...                      [ 74%]
tests/unit/m07/test_profile_reads.py ........                            [ 75%]
tests/unit/m07/test_profiles.py .......................................  [ 80%]
tests/unit/m07/test_provisional_index.py ..........................      [ 83%]
tests/unit/m07/test_render_budget.py ......................              [ 86%]
tests/unit/m07/test_request.py ...............................           [ 90%]
tests/unit/m07/test_resolution.py .....                                  [ 90%]
tests/unit/m07/test_selection.py ...........                             [ 92%]
tests/unit/m07/test_service.py .........                                 [ 93%]
tests/unit/m07/test_storage_preflight.py ................                [ 95%]
tests/unit/m07/test_topic_references.py ......                           [ 96%]
tests/unit/m07/test_units.py ..............................              [100%]

=============================== warnings summary ===============================
tests/test_interchange.py: 4 warnings
tests/unit/m02/test_export.py: 5 warnings
tests/unit/m02/test_extension.py: 4 warnings
tests/unit/m02/test_validation.py: 1 warning
tests/unit/m04/test_storage.py: 2 warnings
tests/unit/m07/test_entity_kind.py: 1 warning
  /home/tux/personalbuild/c1/.venv/lib/python3.13/site-packages/rdflib/plugins/parsers/jsonld.py:159: DeprecationWarning: ConjunctiveGraph is deprecated, use Dataset instead.
    conj_sink = ConjunctiveGraph(store=sink.store, identifier=sink.identifier)

-- Docs: https://docs.pytest.org/en/stable/how-to/capture-warnings.html
=========================== short test summary info ============================
SKIPPED [1] tests/integration/m01/test_t01_inventory.py: M01 live stack requires C1_STACK=1
SKIPPED [1] tests/integration/m01/test_t02_atomic.py: M01 live stack requires C1_STACK=1
SKIPPED [1] tests/integration/m01/test_t03_stale_and_reconcile.py: M01 live stack requires C1_STACK=1
SKIPPED [1] tests/integration/m01/test_t04_revisions.py: M01 live stack requires C1_STACK=1
SKIPPED [2] tests/integration/m01/test_t05_freshness.py: M01 live stack requires C1_STACK=1
SKIPPED [3] tests/integration/m01/test_t06_publication.py:58: M01 live stack requires C1_STACK=1
SKIPPED [1] tests/integration/m01/test_t06_publication.py: M01 live stack requires C1_STACK=1
SKIPPED [2] tests/integration/m01/test_t07_interchange.py: M01 live stack requires C1_STACK=1
SKIPPED [2] tests/integration/m02/test_install_guards.py: M02 live stack requires C1_STACK=1
SKIPPED [1] tests/integration/m02/test_t01_roundtrip.py: M02 live stack requires C1_STACK=1
SKIPPED [1] tests/integration/m02/test_t02_conflicts.py: M02 live stack requires C1_STACK=1
SKIPPED [2] tests/integration/m02/test_t03_no_partial.py: M02 live stack requires C1_STACK=1
SKIPPED [1] tests/integration/m02/test_t04_identity.py: M02 live stack requires C1_STACK=1
SKIPPED [2] tests/integration/m02/test_t07_extension.py: M02 live stack requires C1_STACK=1
SKIPPED [2] tests/integration/m03/test_authority_contract.py: M03 real services require C1_STACK=1
SKIPPED [1] tests/integration/m03/test_cascade.py: M03 real services require C1_STACK=1
SKIPPED [3] tests/integration/m03/test_journal_contract.py: M03 real services require C1_STACK=1
SKIPPED [1] tests/integration/m03/test_t01_tokens.py: M03 real services require C1_STACK=1
SKIPPED [1] tests/integration/m03/test_t02_separation.py: M03 real services require C1_STACK=1
SKIPPED [1] tests/integration/m03/test_t03_independent.py: M03 real services require C1_STACK=1
SKIPPED [1] tests/integration/m03/test_t04_historical.py: M03 real services require C1_STACK=1
SKIPPED [2] tests/integration/m03/test_t05_bindings.py: M03 real services require C1_STACK=1
SKIPPED [3] tests/integration/m03/test_t06_crash.py:53: M03 real services require C1_STACK=1
SKIPPED [3] tests/integration/m03/test_t07_boundary.py: M03 real services require C1_STACK=1
SKIPPED [1] tests/integration/m04/test_storage_paging.py: requires pinned live stack
SKIPPED [1] tests/integration/m04/test_t01_reviewed_apply.py: M04 real services require C1_STACK=1
SKIPPED [1] tests/integration/m04/test_t02_invalidation.py: M04 real services require C1_STACK=1
SKIPPED [1] tests/integration/m04/test_t03_cross_scope.py: M04 real services require C1_STACK=1
SKIPPED [1] tests/integration/m04/test_t04_retry_crash.py: M04 real services require C1_STACK=1
SKIPPED [4] tests/integration/m04/test_t04_retry_crash.py:108: M04 real services require C1_STACK=1
SKIPPED [1] tests/integration/m04/test_t05_revision.py: M04 real services require C1_STACK=1
SKIPPED [1] tests/integration/m04/test_t06_restore_security.py: M04 real services require C1_STACK=1
SKIPPED [3] tests/integration/m04/test_t07_schema_conflict.py: M04 real services require C1_STACK=1
SKIPPED [1] tests/integration/m05/test_backend_fetch.py:33: M05 real TerminusDB required
SKIPPED [1] tests/integration/m05/test_t01_directory.py:131: M05 real services required
SKIPPED [1] tests/integration/m05/test_t02_filters.py:78: M05 real services required
SKIPPED [1] tests/integration/m05/test_t02_filters.py:218: M05 real services required
SKIPPED [1] tests/integration/m05/test_t03_noninterference.py:82: M05 real services required
SKIPPED [1] tests/integration/m05/test_t04_identity_m05.py:45: M05 real services required
SKIPPED [1] tests/integration/m05/test_t05_cursors.py:33: M05 real services required
SKIPPED [1] tests/integration/m05/test_t05_cursors.py:133: M05 real services required
SKIPPED [1] tests/integration/m05/test_t06_limits.py:20: M05 real services required
SKIPPED [1] tests/integration/m05/test_t06_limits.py:53: M05 real services required
SKIPPED [1] tests/integration/m05/test_t06_limits.py:75: M05 real services required
SKIPPED [1] tests/integration/m05/test_t07_views.py:36: M05 real services required
SKIPPED [1] tests/integration/m06/test_t01_ordered_views.py: M06 real services require C1_STACK=1
SKIPPED [1] tests/integration/m06/test_t02_no_hidden_structure.py: M06 real services require C1_STACK=1
SKIPPED [1] tests/integration/m06/test_t03_search_export.py: M06 real services require C1_STACK=1
SKIPPED [1] tests/integration/m06/test_t04_historical_rescope.py: M06 real services require C1_STACK=1
SKIPPED [1] tests/integration/m06/test_t05_content_integrity.py: M06 real services require C1_STACK=1
SKIPPED [1] tests/integration/m06/test_t06_structure.py: M06 real services require C1_STACK=1
SKIPPED [1] tests/integration/m06/test_t07_safe_rendering.py: M06 real services require C1_STACK=1
SKIPPED [1] tests/integration/m07/test_t01_reuse.py: M07 real services require C1_STACK=1
SKIPPED [1] tests/integration/m07/test_t02_graph_vs_keywords.py: M07 real services require C1_STACK=1
SKIPPED [1] tests/integration/m07/test_t03_authorized_paths.py: M07 real services require C1_STACK=1
SKIPPED [1] tests/integration/m07/test_t04_evidence.py: M07 real services require C1_STACK=1
SKIPPED [1] tests/integration/m07/test_t05_parity.py: M07 real services require C1_STACK=1
SKIPPED [1] tests/integration/m07/test_t06_determinism_budget.py: M07 real services require C1_STACK=1
SKIPPED [1] tests/integration/m07/test_t07_ambiguity_revocation.py: M07 real services require C1_STACK=1
================ 715 passed, 79 skipped, 17 warnings in 29.72s =================
uv run --locked python scripts/check_secrets.py
Secret check passed for 706 tracked/nonignored files (offline).
uv run --locked python scripts/check_baseline.py
Baseline checks passed (local integrity and claims; not cloud equivalence).
uv run --locked python scripts/build_profile.py --check
