INFO:     Started server process [2688390]
INFO:     Waiting for application startup.
INFO:     Application startup complete.
INFO:     Uvicorn running on http://127.0.0.1:18000 (Press CTRL+C to quit)
INFO:     Started server process [2688462]
INFO:     Waiting for application startup.
{"correlation_id": "b753cea7-8475-42e9-83b5-7c4ba6c6a6a9", "operation": "startup_recovery", "outcome": "unavailable", "principal": "system", "reason": "recovery_pending", "target": ""}
INFO:     Application startup complete.
INFO:     Uvicorn running on http://127.0.0.1:18000 (Press CTRL+C to quit)
INFO:     Shutting down
INFO:     Waiting for background tasks to complete. (CTRL+C to force quit)
INFO:     Waiting for application shutdown.
INFO:     Application shutdown complete.
INFO:     Finished server process [2688462]
INFO:     Started server process [2689862]
INFO:     Waiting for application startup.
INFO:     Application startup complete.
INFO:     Uvicorn running on http://127.0.0.1:18000 (Press CTRL+C to quit)
INFO:     Started server process [2689915]
INFO:     Waiting for application startup.
{"correlation_id": "64955c72-2926-4671-8cca-d3de492a7978", "operation": "startup_recovery", "outcome": "unavailable", "principal": "system", "reason": "recovery_pending", "target": ""}
INFO:     Application startup complete.
INFO:     Uvicorn running on http://127.0.0.1:18000 (Press CTRL+C to quit)
INFO:     Shutting down
INFO:     Waiting for background tasks to complete. (CTRL+C to force quit)
INFO:     Waiting for application shutdown.
INFO:     Application shutdown complete.
INFO:     Finished server process [2689915]
INFO:     Started server process [2691068]
INFO:     Waiting for application startup.
INFO:     Application startup complete.
INFO:     Uvicorn running on http://127.0.0.1:18000 (Press CTRL+C to quit)
INFO:     Started server process [2691235]
INFO:     Waiting for application startup.
{"correlation_id": "db5c2343-ee4e-4b3c-bdb6-fd157e4fcd53", "operation": "startup_recovery", "outcome": "unavailable", "principal": "system", "reason": "recovery_pending", "target": ""}
INFO:     Application startup complete.
INFO:     Uvicorn running on http://127.0.0.1:18000 (Press CTRL+C to quit)
INFO:     Shutting down
INFO:     Waiting for background tasks to complete. (CTRL+C to force quit)
INFO:     Waiting for application shutdown.
INFO:     Application shutdown complete.
INFO:     Finished server process [2691235]
INFO:     Started server process [2694705]
INFO:     Waiting for application startup.
INFO:     Application startup complete.
INFO:     Uvicorn running on http://127.0.0.1:18000 (Press CTRL+C to quit)
INFO:     Started server process [2694835]
INFO:     Waiting for application startup.
{"correlation_id": "a08dde23-e75e-44cf-8304-72709eea9a84", "operation": "startup_recovery", "outcome": "unavailable", "principal": "system", "reason": "recovery_pending", "target": ""}
INFO:     Application startup complete.
INFO:     Uvicorn running on http://127.0.0.1:18000 (Press CTRL+C to quit)
{"correlation_id": "74749f49-67b6-4678-a239-d82ab530a87f", "operation": "probe_read", "outcome": "denied", "principal": "user:c1-dev.5f190ba0-9fcd-4fc3-affd-8d6191c05c1c", "reason": "not_found", "target": "urn:c1:probe:entity-fc5c7ba3298f40c8a75a1e8c6b6ef349"}
{"correlation_id": "ad282623-f13c-476c-8da9-cdfbcb0d88d7", "operation": "rescope", "outcome": "applied", "principal": "user:c1-dev.810ccc6a-6084-4c5c-80a3-1cd63e5db6d5", "reason": "confirmed", "target": "urn:c1:probe:entity-fc5c7ba3298f40c8a75a1e8c6b6ef349"}
{"correlation_id": "c574902d-4759-49d6-ad49-a0d339d4b03b", "operation": "security_recover", "outcome": "allowed", "principal": "user:c1-dev.097323d6-bb6e-4ccf-978a-6b466ca215cd", "reason": "", "target": ""}
INFO:     Shutting down
INFO:     Waiting for application shutdown.
INFO:     Application shutdown complete.
INFO:     Finished server process [2694835]
INFO:     Started server process [2697400]
INFO:     Waiting for application startup.
INFO:     Application startup complete.
INFO:     Uvicorn running on http://127.0.0.1:18000 (Press CTRL+C to quit)
INFO:     Started server process [2697537]
INFO:     Waiting for application startup.
{"correlation_id": "25a7a04e-77d9-4b4d-9ff2-24d7ac20f7c1", "operation": "startup_recovery", "outcome": "unavailable", "principal": "system", "reason": "recovery_pending", "target": ""}
INFO:     Application startup complete.
INFO:     Uvicorn running on http://127.0.0.1:18000 (Press CTRL+C to quit)
{"correlation_id": "81978446-81bd-47ab-8c32-6987b1ca6070", "operation": "probe_read", "outcome": "denied", "principal": "user:c1-dev.5f190ba0-9fcd-4fc3-affd-8d6191c05c1c", "reason": "not_found", "target": "urn:c1:probe:entity-736c1ceaf9ea463493bce67ca436bccb"}
{"correlation_id": "196755f2-a8ef-453f-b73a-5d65ff2250a5", "operation": "rescope", "outcome": "applied", "principal": "user:c1-dev.810ccc6a-6084-4c5c-80a3-1cd63e5db6d5", "reason": "confirmed", "target": "urn:c1:probe:entity-736c1ceaf9ea463493bce67ca436bccb"}
{"correlation_id": "a67aabc4-607d-4fdb-88f6-0f44eb35ceff", "operation": "security_recover", "outcome": "allowed", "principal": "user:c1-dev.097323d6-bb6e-4ccf-978a-6b466ca215cd", "reason": "", "target": ""}
{"correlation_id": "5ce8885e-ad7a-42f7-abe9-ce80f03a477e", "operation": "security_operation_read", "outcome": "allowed", "principal": "user:c1-dev.810ccc6a-6084-4c5c-80a3-1cd63e5db6d5", "reason": "", "target": "5af2c390-832e-42e3-95e3-9921ad9890f6"}
{"correlation_id": "96bcf8e7-6db6-4265-89e7-171dfef5ad79", "operation": "probe_read", "outcome": "denied", "principal": "user:c1-dev.5f190ba0-9fcd-4fc3-affd-8d6191c05c1c", "reason": "not_found", "target": "urn:c1:probe:entity-736c1ceaf9ea463493bce67ca436bccb"}
{"correlation_id": "72788dcd-8fec-4969-87ef-f5b58588dabe", "operation": "probe_read", "outcome": "allowed", "principal": "user:c1-dev.810ccc6a-6084-4c5c-80a3-1cd63e5db6d5", "reason": "", "target": "urn:c1:probe:entity-736c1ceaf9ea463493bce67ca436bccb"}
INFO:     Shutting down
INFO:     Waiting for application shutdown.
INFO:     Application shutdown complete.
INFO:     Finished server process [2697537]
INFO:     Started server process [2698395]
INFO:     Waiting for application startup.
INFO:     Application startup complete.
INFO:     Uvicorn running on http://127.0.0.1:18000 (Press CTRL+C to quit)
INFO:     Started server process [2698494]
INFO:     Waiting for application startup.
{"correlation_id": "7360c2c2-8173-411d-9bf0-8f1e1ffedb0a", "operation": "startup_recovery", "outcome": "unavailable", "principal": "system", "reason": "recovery_pending", "target": ""}
INFO:     Application startup complete.
INFO:     Uvicorn running on http://127.0.0.1:18000 (Press CTRL+C to quit)
{"correlation_id": "8046a077-c9d4-4e2f-b34a-1b0db36002e5", "operation": "probe_read", "outcome": "denied", "principal": "user:c1-dev.5f190ba0-9fcd-4fc3-affd-8d6191c05c1c", "reason": "not_found", "target": "urn:c1:probe:entity-0cea615f235040598b603ca5d3d8e673"}
{"correlation_id": "52ebd87d-85d6-4ab1-a1e6-90344a62f987", "operation": "rescope", "outcome": "applied", "principal": "user:c1-dev.810ccc6a-6084-4c5c-80a3-1cd63e5db6d5", "reason": "confirmed", "target": "urn:c1:probe:entity-0cea615f235040598b603ca5d3d8e673"}
{"correlation_id": "922ffc7a-c1f5-4221-ac32-6936d91893fc", "operation": "security_recover", "outcome": "allowed", "principal": "user:c1-dev.097323d6-bb6e-4ccf-978a-6b466ca215cd", "reason": "", "target": ""}
{"correlation_id": "2671dbce-0854-428f-a209-e0cbcb9afd0a", "operation": "security_operation_read", "outcome": "allowed", "principal": "user:c1-dev.810ccc6a-6084-4c5c-80a3-1cd63e5db6d5", "reason": "", "target": "269a844e-bd21-40e2-94b4-25b89e5fb63c"}
{"correlation_id": "ad264e00-67d8-4159-9702-181f7de9162a", "operation": "probe_read", "outcome": "denied", "principal": "user:c1-dev.5f190ba0-9fcd-4fc3-affd-8d6191c05c1c", "reason": "not_found", "target": "urn:c1:probe:entity-0cea615f235040598b603ca5d3d8e673"}
{"correlation_id": "1b325a03-473d-4db2-9e96-a4c56b4b06e5", "operation": "probe_read", "outcome": "allowed", "principal": "user:c1-dev.810ccc6a-6084-4c5c-80a3-1cd63e5db6d5", "reason": "", "target": "urn:c1:probe:entity-0cea615f235040598b603ca5d3d8e673"}
INFO:     Shutting down
INFO:     Waiting for application shutdown.
INFO:     Application shutdown complete.
INFO:     Finished server process [2698494]
INFO:     Started server process [2699577]
INFO:     Waiting for application startup.
INFO:     Application startup complete.
INFO:     Uvicorn running on http://127.0.0.1:18000 (Press CTRL+C to quit)
INFO:     Started server process [2699667]
INFO:     Waiting for application startup.
{"correlation_id": "a651623e-8b0e-4f7d-96f1-78057662f581", "operation": "startup_recovery", "outcome": "unavailable", "principal": "system", "reason": "recovery_pending", "target": ""}
INFO:     Application startup complete.
INFO:     Uvicorn running on http://127.0.0.1:18000 (Press CTRL+C to quit)
{"correlation_id": "83892e49-1f3f-45f6-ad5e-e7c207afae8b", "operation": "probe_read", "outcome": "denied", "principal": "user:c1-dev.5f190ba0-9fcd-4fc3-affd-8d6191c05c1c", "reason": "not_found", "target": "urn:c1:probe:entity-bd31fa51ad8b469f8d8b95d53e514ecb"}
{"correlation_id": "9e311ba4-6e20-4cd7-87a8-612b34c21c46", "operation": "rescope", "outcome": "applied", "principal": "user:c1-dev.810ccc6a-6084-4c5c-80a3-1cd63e5db6d5", "reason": "confirmed", "target": "urn:c1:probe:entity-bd31fa51ad8b469f8d8b95d53e514ecb"}
{"correlation_id": "1a2f1525-2704-4212-a4f1-85536813ac22", "operation": "security_recover", "outcome": "allowed", "principal": "user:c1-dev.097323d6-bb6e-4ccf-978a-6b466ca215cd", "reason": "", "target": ""}
{"correlation_id": "af1a730a-4d1f-4c88-8594-e72eb3e839e0", "operation": "security_operation_read", "outcome": "allowed", "principal": "user:c1-dev.810ccc6a-6084-4c5c-80a3-1cd63e5db6d5", "reason": "", "target": "b8adb5bd-188a-4435-8f67-1a95d7977598"}
{"correlation_id": "c6005ba2-c6b7-4db1-b8a7-0eedc014123c", "operation": "probe_read", "outcome": "denied", "principal": "user:c1-dev.5f190ba0-9fcd-4fc3-affd-8d6191c05c1c", "reason": "not_found", "target": "urn:c1:probe:entity-bd31fa51ad8b469f8d8b95d53e514ecb"}
{"correlation_id": "24f4e241-ca39-4ca9-963c-fe9a049b9c04", "operation": "probe_read", "outcome": "allowed", "principal": "user:c1-dev.810ccc6a-6084-4c5c-80a3-1cd63e5db6d5", "reason": "", "target": "urn:c1:probe:entity-bd31fa51ad8b469f8d8b95d53e514ecb"}
INFO:     Shutting down
INFO:     Waiting for application shutdown.
INFO:     Application shutdown complete.
INFO:     Finished server process [2699667]
INFO:     Started server process [2711506]
INFO:     Waiting for application startup.
INFO:     Application startup complete.
INFO:     Uvicorn running on http://127.0.0.1:18000 (Press CTRL+C to quit)
INFO:     Started server process [2711643]
INFO:     Waiting for application startup.
{"correlation_id": "78e85fb0-1ec0-49f9-90f2-5828c592bf91", "operation": "startup_recovery", "outcome": "unavailable", "principal": "system", "reason": "recovery_pending", "target": ""}
INFO:     Application startup complete.
INFO:     Uvicorn running on http://127.0.0.1:18000 (Press CTRL+C to quit)
{"correlation_id": "00629a72-488f-4a6f-8fa7-b557b34389e5", "operation": "probe_read", "outcome": "denied", "principal": "user:c1-dev.5f190ba0-9fcd-4fc3-affd-8d6191c05c1c", "reason": "not_found", "target": "urn:c1:probe:entity-6b037403b0a44797bc3132c32c8f436f"}
{"correlation_id": "66a4808d-6fa1-42da-9819-de894a8d3d28", "operation": "rescope", "outcome": "applied", "principal": "user:c1-dev.810ccc6a-6084-4c5c-80a3-1cd63e5db6d5", "reason": "confirmed", "target": "urn:c1:probe:entity-6b037403b0a44797bc3132c32c8f436f"}
{"correlation_id": "7b64f855-7bb2-467f-be35-2fc596cf3dd0", "operation": "security_recover", "outcome": "allowed", "principal": "user:c1-dev.097323d6-bb6e-4ccf-978a-6b466ca215cd", "reason": "", "target": ""}
{"correlation_id": "6453d6b8-fb60-4816-88c3-18310f8d0c64", "operation": "security_operation_read", "outcome": "allowed", "principal": "user:c1-dev.810ccc6a-6084-4c5c-80a3-1cd63e5db6d5", "reason": "", "target": "cc4fd958-e0c5-422c-91cd-a1da4d005425"}
{"correlation_id": "8e62b3d8-fdf3-42b1-87fe-7b17f3c1e0c9", "operation": "probe_read", "outcome": "denied", "principal": "user:c1-dev.5f190ba0-9fcd-4fc3-affd-8d6191c05c1c", "reason": "not_found", "target": "urn:c1:probe:entity-6b037403b0a44797bc3132c32c8f436f"}
{"correlation_id": "8273436b-3526-4cc2-9b5e-dced5a671d3e", "operation": "probe_read", "outcome": "allowed", "principal": "user:c1-dev.810ccc6a-6084-4c5c-80a3-1cd63e5db6d5", "reason": "", "target": "urn:c1:probe:entity-6b037403b0a44797bc3132c32c8f436f"}
INFO:     Shutting down
INFO:     Waiting for application shutdown.
INFO:     Application shutdown complete.
INFO:     Finished server process [2711643]
INFO:     Started server process [2712274]
INFO:     Waiting for application startup.
INFO:     Application startup complete.
INFO:     Uvicorn running on http://127.0.0.1:18000 (Press CTRL+C to quit)
INFO:     Started server process [2712407]
INFO:     Waiting for application startup.
{"correlation_id": "2228e9af-ba94-484d-baad-d8ed5d2172bb", "operation": "startup_recovery", "outcome": "unavailable", "principal": "system", "reason": "recovery_pending", "target": ""}
INFO:     Application startup complete.
INFO:     Uvicorn running on http://127.0.0.1:18000 (Press CTRL+C to quit)
{"correlation_id": "8d5d72d9-755d-426c-907d-aa49203cd62e", "operation": "probe_read", "outcome": "denied", "principal": "user:c1-dev.5f190ba0-9fcd-4fc3-affd-8d6191c05c1c", "reason": "not_found", "target": "urn:c1:probe:entity-19a23f829b41426c86bd4b907911e9c2"}
{"correlation_id": "29c1b9d9-7e25-4ed6-9364-13cd0246b265", "operation": "rescope", "outcome": "applied", "principal": "user:c1-dev.810ccc6a-6084-4c5c-80a3-1cd63e5db6d5", "reason": "confirmed", "target": "urn:c1:probe:entity-19a23f829b41426c86bd4b907911e9c2"}
{"correlation_id": "d19ece63-d0c0-4160-adf4-6fa0a9d5ab2d", "operation": "security_recover", "outcome": "allowed", "principal": "user:c1-dev.097323d6-bb6e-4ccf-978a-6b466ca215cd", "reason": "", "target": ""}
{"correlation_id": "0ad1b1da-d374-42e5-a339-97b3b24a4aa8", "operation": "security_operation_read", "outcome": "allowed", "principal": "user:c1-dev.810ccc6a-6084-4c5c-80a3-1cd63e5db6d5", "reason": "", "target": "3aaa86f3-0e40-401d-8d7c-8cb4aa1cdf0c"}
{"correlation_id": "8cea6ef6-4b98-4ff4-a1af-a020a85a29ef", "operation": "probe_read", "outcome": "denied", "principal": "user:c1-dev.5f190ba0-9fcd-4fc3-affd-8d6191c05c1c", "reason": "not_found", "target": "urn:c1:probe:entity-19a23f829b41426c86bd4b907911e9c2"}
{"correlation_id": "512ece21-6b8f-4585-be68-cda13bc670ca", "operation": "probe_read", "outcome": "allowed", "principal": "user:c1-dev.810ccc6a-6084-4c5c-80a3-1cd63e5db6d5", "reason": "", "target": "urn:c1:probe:entity-19a23f829b41426c86bd4b907911e9c2"}
INFO:     Shutting down
INFO:     Waiting for application shutdown.
INFO:     Application shutdown complete.
INFO:     Finished server process [2712407]
INFO:     Started server process [2713049]
INFO:     Waiting for application startup.
INFO:     Application startup complete.
INFO:     Uvicorn running on http://127.0.0.1:18000 (Press CTRL+C to quit)
INFO:     Started server process [2713155]
INFO:     Waiting for application startup.
{"correlation_id": "07e65f8e-ab4b-4698-9845-5b7253b14b1d", "operation": "startup_recovery", "outcome": "unavailable", "principal": "system", "reason": "recovery_pending", "target": ""}
INFO:     Application startup complete.
INFO:     Uvicorn running on http://127.0.0.1:18000 (Press CTRL+C to quit)
{"correlation_id": "6c5cb9ce-7588-4080-827a-8354e5ce4da1", "operation": "probe_read", "outcome": "denied", "principal": "user:c1-dev.5f190ba0-9fcd-4fc3-affd-8d6191c05c1c", "reason": "not_found", "target": "urn:c1:probe:entity-18ec2cc48b7c4c10bb4a5a69638e9b66"}
{"correlation_id": "96f8ed12-1024-4a6c-b683-7212398a6630", "operation": "rescope", "outcome": "applied", "principal": "user:c1-dev.810ccc6a-6084-4c5c-80a3-1cd63e5db6d5", "reason": "confirmed", "target": "urn:c1:probe:entity-18ec2cc48b7c4c10bb4a5a69638e9b66"}
{"correlation_id": "bf9a1ff9-2c02-4965-a019-b5c7abe3f952", "operation": "security_recover", "outcome": "allowed", "principal": "user:c1-dev.097323d6-bb6e-4ccf-978a-6b466ca215cd", "reason": "", "target": ""}
{"correlation_id": "3d77d56a-919b-4a5b-b30e-9f18fd3350b7", "operation": "security_operation_read", "outcome": "allowed", "principal": "user:c1-dev.810ccc6a-6084-4c5c-80a3-1cd63e5db6d5", "reason": "", "target": "a1b2136c-b5dc-4327-b576-12c88611e596"}
{"correlation_id": "f645ef76-4a4c-4788-b4dc-d3a6ba54821d", "operation": "probe_read", "outcome": "denied", "principal": "user:c1-dev.5f190ba0-9fcd-4fc3-affd-8d6191c05c1c", "reason": "not_found", "target": "urn:c1:probe:entity-18ec2cc48b7c4c10bb4a5a69638e9b66"}
{"correlation_id": "8eaf9461-a76d-4fb5-8135-c5034e1df34f", "operation": "probe_read", "outcome": "allowed", "principal": "user:c1-dev.810ccc6a-6084-4c5c-80a3-1cd63e5db6d5", "reason": "", "target": "urn:c1:probe:entity-18ec2cc48b7c4c10bb4a5a69638e9b66"}
INFO:     Shutting down
INFO:     Waiting for application shutdown.
INFO:     Application shutdown complete.
INFO:     Finished server process [2713155]
INFO:     Started server process [2720083]
INFO:     Waiting for application startup.
INFO:     Application startup complete.
INFO:     Uvicorn running on http://127.0.0.1:18000 (Press CTRL+C to quit)
{"correlation_id": "36666c8e-8da4-4b86-a462-5848837a5f83", "operation": "whoami", "outcome": "allowed", "principal": "user:c1-dev.5f190ba0-9fcd-4fc3-affd-8d6191c05c1c", "reason": "", "target": ""}
INFO:     Shutting down
INFO:     Waiting for application shutdown.
INFO:     Application shutdown complete.
INFO:     Finished server process [2720083]
INFO:     Started server process [2729807]
INFO:     Waiting for application startup.
INFO:     Application startup complete.
INFO:     Uvicorn running on http://127.0.0.1:18000 (Press CTRL+C to quit)
INFO:     Started server process [2730045]
INFO:     Waiting for application startup.
{"correlation_id": "f446ba78-dedf-49f3-acd5-ff14c5df8c76", "operation": "startup_recovery", "outcome": "unavailable", "principal": "system", "reason": "recovery_pending", "target": ""}
INFO:     Application startup complete.
INFO:     Uvicorn running on http://127.0.0.1:18000 (Press CTRL+C to quit)
{"correlation_id": "b78199ca-4aa3-4aab-a103-c9f33c097abd", "operation": "probe_read", "outcome": "denied", "principal": "user:c1-dev.5f190ba0-9fcd-4fc3-affd-8d6191c05c1c", "reason": "not_found", "target": "urn:c1:probe:entity-21f8d4c8ffcc43c7aaf787763bc9c775"}
{"correlation_id": "5e849c06-ea79-4dcd-a890-2a5494941778", "operation": "rescope", "outcome": "applied", "principal": "user:c1-dev.810ccc6a-6084-4c5c-80a3-1cd63e5db6d5", "reason": "confirmed", "target": "urn:c1:probe:entity-21f8d4c8ffcc43c7aaf787763bc9c775"}
{"correlation_id": "e7b68780-c709-4fda-b1fd-7d780a9b7e7a", "operation": "security_recover", "outcome": "allowed", "principal": "user:c1-dev.097323d6-bb6e-4ccf-978a-6b466ca215cd", "reason": "", "target": ""}
{"correlation_id": "f9979163-0a1a-4e59-a9fd-6059f36e6145", "operation": "security_operation_read", "outcome": "allowed", "principal": "user:c1-dev.810ccc6a-6084-4c5c-80a3-1cd63e5db6d5", "reason": "", "target": "107b84b7-07e2-460c-8578-9a5cea482622"}
{"correlation_id": "e4c733d1-97cd-415d-a54b-905ecb492558", "operation": "probe_read", "outcome": "denied", "principal": "user:c1-dev.5f190ba0-9fcd-4fc3-affd-8d6191c05c1c", "reason": "not_found", "target": "urn:c1:probe:entity-21f8d4c8ffcc43c7aaf787763bc9c775"}
{"correlation_id": "19812aff-895b-413e-9c3e-cebd0e56929b", "operation": "probe_read", "outcome": "allowed", "principal": "user:c1-dev.810ccc6a-6084-4c5c-80a3-1cd63e5db6d5", "reason": "", "target": "urn:c1:probe:entity-21f8d4c8ffcc43c7aaf787763bc9c775"}
INFO:     Shutting down
INFO:     Waiting for application shutdown.
INFO:     Application shutdown complete.
INFO:     Finished server process [2730045]
INFO:     Started server process [2730798]
INFO:     Waiting for application startup.
INFO:     Application startup complete.
INFO:     Uvicorn running on http://127.0.0.1:18000 (Press CTRL+C to quit)
INFO:     Started server process [2730888]
INFO:     Waiting for application startup.
{"correlation_id": "cf2d17d2-8d7c-42cc-a90c-e558f56717e6", "operation": "startup_recovery", "outcome": "unavailable", "principal": "system", "reason": "recovery_pending", "target": ""}
INFO:     Application startup complete.
INFO:     Uvicorn running on http://127.0.0.1:18000 (Press CTRL+C to quit)
{"correlation_id": "1f09f405-c9a0-4af9-9fc9-e327e1687b97", "operation": "probe_read", "outcome": "denied", "principal": "user:c1-dev.5f190ba0-9fcd-4fc3-affd-8d6191c05c1c", "reason": "not_found", "target": "urn:c1:probe:entity-4d47860431604f59a999ce8c4d8dcc87"}
{"correlation_id": "f6d1f769-cce1-4247-9e89-1f15a40ea49e", "operation": "rescope", "outcome": "applied", "principal": "user:c1-dev.810ccc6a-6084-4c5c-80a3-1cd63e5db6d5", "reason": "confirmed", "target": "urn:c1:probe:entity-4d47860431604f59a999ce8c4d8dcc87"}
{"correlation_id": "a7d2f537-3206-41fa-a503-8cc283c0f980", "operation": "security_recover", "outcome": "allowed", "principal": "user:c1-dev.097323d6-bb6e-4ccf-978a-6b466ca215cd", "reason": "", "target": ""}
{"correlation_id": "a97c4bef-95a5-49c7-b519-bb33c1a8623a", "operation": "security_operation_read", "outcome": "allowed", "principal": "user:c1-dev.810ccc6a-6084-4c5c-80a3-1cd63e5db6d5", "reason": "", "target": "38449e0a-29f1-4ae5-b725-78cc1668a084"}
{"correlation_id": "e5d588b9-9c9c-44c4-bcc5-571472249e79", "operation": "probe_read", "outcome": "denied", "principal": "user:c1-dev.5f190ba0-9fcd-4fc3-affd-8d6191c05c1c", "reason": "not_found", "target": "urn:c1:probe:entity-4d47860431604f59a999ce8c4d8dcc87"}
{"correlation_id": "58bafa2b-6bdf-4f5c-8c31-243ed728fffa", "operation": "probe_read", "outcome": "allowed", "principal": "user:c1-dev.810ccc6a-6084-4c5c-80a3-1cd63e5db6d5", "reason": "", "target": "urn:c1:probe:entity-4d47860431604f59a999ce8c4d8dcc87"}
INFO:     Shutting down
INFO:     Waiting for application shutdown.
INFO:     Application shutdown complete.
INFO:     Finished server process [2730888]
INFO:     Started server process [2731632]
INFO:     Waiting for application startup.
INFO:     Application startup complete.
INFO:     Uvicorn running on http://127.0.0.1:18000 (Press CTRL+C to quit)
INFO:     Started server process [2731802]
INFO:     Waiting for application startup.
{"correlation_id": "869c094f-1aea-4d3b-9f0f-5273cc2e1009", "operation": "startup_recovery", "outcome": "unavailable", "principal": "system", "reason": "recovery_pending", "target": ""}
INFO:     Application startup complete.
INFO:     Uvicorn running on http://127.0.0.1:18000 (Press CTRL+C to quit)
{"correlation_id": "105b9045-53fb-42ef-a391-1f94dc8b7645", "operation": "probe_read", "outcome": "denied", "principal": "user:c1-dev.5f190ba0-9fcd-4fc3-affd-8d6191c05c1c", "reason": "not_found", "target": "urn:c1:probe:entity-8853be31caca4a9488293aa8b13d3ff9"}
{"correlation_id": "ede2c177-60f0-44c7-9c74-8f9d4e4a8bd3", "operation": "rescope", "outcome": "applied", "principal": "user:c1-dev.810ccc6a-6084-4c5c-80a3-1cd63e5db6d5", "reason": "confirmed", "target": "urn:c1:probe:entity-8853be31caca4a9488293aa8b13d3ff9"}
{"correlation_id": "37fffa3e-0672-402b-8b3d-087a60d9aeba", "operation": "security_recover", "outcome": "allowed", "principal": "user:c1-dev.097323d6-bb6e-4ccf-978a-6b466ca215cd", "reason": "", "target": ""}
{"correlation_id": "9901e0f6-8a60-4cfc-b146-207070aa5e4d", "operation": "security_operation_read", "outcome": "allowed", "principal": "user:c1-dev.810ccc6a-6084-4c5c-80a3-1cd63e5db6d5", "reason": "", "target": "373e6900-5c96-4f78-82d0-a9d5c5c65548"}
{"correlation_id": "b71b319e-5448-481d-afc8-1d3220686890", "operation": "probe_read", "outcome": "denied", "principal": "user:c1-dev.5f190ba0-9fcd-4fc3-affd-8d6191c05c1c", "reason": "not_found", "target": "urn:c1:probe:entity-8853be31caca4a9488293aa8b13d3ff9"}
{"correlation_id": "6774518d-0cc8-491c-b0b0-edb5674b37ef", "operation": "probe_read", "outcome": "allowed", "principal": "user:c1-dev.810ccc6a-6084-4c5c-80a3-1cd63e5db6d5", "reason": "", "target": "urn:c1:probe:entity-8853be31caca4a9488293aa8b13d3ff9"}
INFO:     Shutting down
INFO:     Waiting for application shutdown.
INFO:     Application shutdown complete.
INFO:     Finished server process [2731802]
INFO:     Started server process [2749142]
INFO:     Waiting for application startup.
INFO:     Application startup complete.
INFO:     Uvicorn running on http://127.0.0.1:18000 (Press CTRL+C to quit)
INFO:     Started server process [2749248]
INFO:     Waiting for application startup.
{"correlation_id": "50e44f27-01e5-4df9-889d-ac5a3234cf4b", "operation": "startup_recovery", "outcome": "unavailable", "principal": "system", "reason": "recovery_pending", "target": ""}
INFO:     Application startup complete.
INFO:     Uvicorn running on http://127.0.0.1:18000 (Press CTRL+C to quit)
{"correlation_id": "16255e18-6aee-44bd-a356-48fa825b0ec6", "operation": "probe_read", "outcome": "denied", "principal": "user:c1-dev.5f190ba0-9fcd-4fc3-affd-8d6191c05c1c", "reason": "not_found", "target": "urn:c1:probe:entity-b70cdfde20a440be95ab5b78fd605d51"}
{"correlation_id": "2f14e69a-46e6-45af-9567-0ff9a10cb0bb", "operation": "rescope", "outcome": "applied", "principal": "user:c1-dev.810ccc6a-6084-4c5c-80a3-1cd63e5db6d5", "reason": "confirmed", "target": "urn:c1:probe:entity-b70cdfde20a440be95ab5b78fd605d51"}
{"correlation_id": "5d36ecb6-c9bb-49fe-8dbf-2baab2244a39", "operation": "security_recover", "outcome": "allowed", "principal": "user:c1-dev.097323d6-bb6e-4ccf-978a-6b466ca215cd", "reason": "", "target": ""}
{"correlation_id": "488e9b3f-01b9-4864-a92f-f7a701f2849e", "operation": "security_operation_read", "outcome": "allowed", "principal": "user:c1-dev.810ccc6a-6084-4c5c-80a3-1cd63e5db6d5", "reason": "", "target": "45efdd40-2b40-47c1-915a-90f89428856a"}
{"correlation_id": "5bf4c0ae-b344-454a-addb-95911accb1c0", "operation": "probe_read", "outcome": "denied", "principal": "user:c1-dev.5f190ba0-9fcd-4fc3-affd-8d6191c05c1c", "reason": "not_found", "target": "urn:c1:probe:entity-b70cdfde20a440be95ab5b78fd605d51"}
{"correlation_id": "ebf2692c-d264-4756-bf93-763771fcdcff", "operation": "probe_read", "outcome": "allowed", "principal": "user:c1-dev.810ccc6a-6084-4c5c-80a3-1cd63e5db6d5", "reason": "", "target": "urn:c1:probe:entity-b70cdfde20a440be95ab5b78fd605d51"}
INFO:     Shutting down
INFO:     Waiting for application shutdown.
INFO:     Application shutdown complete.
INFO:     Finished server process [2749248]
INFO:     Started server process [2749928]
INFO:     Waiting for application startup.
INFO:     Application startup complete.
INFO:     Uvicorn running on http://127.0.0.1:18000 (Press CTRL+C to quit)
INFO:     Started server process [2750039]
INFO:     Waiting for application startup.
{"correlation_id": "4d3f82fa-9a8a-4133-a9e3-24593aa62e05", "operation": "startup_recovery", "outcome": "unavailable", "principal": "system", "reason": "recovery_pending", "target": ""}
INFO:     Application startup complete.
INFO:     Uvicorn running on http://127.0.0.1:18000 (Press CTRL+C to quit)
{"correlation_id": "46e8c763-17ca-45ec-9e6f-635fc8812ce4", "operation": "probe_read", "outcome": "denied", "principal": "user:c1-dev.5f190ba0-9fcd-4fc3-affd-8d6191c05c1c", "reason": "not_found", "target": "urn:c1:probe:entity-b466e3512bf04d71b2e644426451f754"}
{"correlation_id": "4a7602e7-6af0-4ee9-84ee-c12dc9909549", "operation": "rescope", "outcome": "applied", "principal": "user:c1-dev.810ccc6a-6084-4c5c-80a3-1cd63e5db6d5", "reason": "confirmed", "target": "urn:c1:probe:entity-b466e3512bf04d71b2e644426451f754"}
{"correlation_id": "81b10e0b-ed46-4498-b8c1-93976eeadb13", "operation": "security_recover", "outcome": "allowed", "principal": "user:c1-dev.097323d6-bb6e-4ccf-978a-6b466ca215cd", "reason": "", "target": ""}
{"correlation_id": "ca69a8d9-db88-4465-aebd-b94b2bdcd540", "operation": "security_operation_read", "outcome": "allowed", "principal": "user:c1-dev.810ccc6a-6084-4c5c-80a3-1cd63e5db6d5", "reason": "", "target": "2b4e1c06-3e4e-43f7-9aac-f06ba6472d99"}
{"correlation_id": "b6a74562-c93a-4ce9-aea4-432df7eaf5eb", "operation": "probe_read", "outcome": "denied", "principal": "user:c1-dev.5f190ba0-9fcd-4fc3-affd-8d6191c05c1c", "reason": "not_found", "target": "urn:c1:probe:entity-b466e3512bf04d71b2e644426451f754"}
{"correlation_id": "ffb62199-010d-42b6-ab04-9722782380be", "operation": "probe_read", "outcome": "allowed", "principal": "user:c1-dev.810ccc6a-6084-4c5c-80a3-1cd63e5db6d5", "reason": "", "target": "urn:c1:probe:entity-b466e3512bf04d71b2e644426451f754"}
INFO:     Shutting down
INFO:     Waiting for application shutdown.
INFO:     Application shutdown complete.
INFO:     Finished server process [2750039]
INFO:     Started server process [2750706]
INFO:     Waiting for application startup.
INFO:     Application startup complete.
INFO:     Uvicorn running on http://127.0.0.1:18000 (Press CTRL+C to quit)
INFO:     Started server process [2750841]
INFO:     Waiting for application startup.
{"correlation_id": "ef99dd3c-13b8-4980-a828-53b00e5977a8", "operation": "startup_recovery", "outcome": "unavailable", "principal": "system", "reason": "recovery_pending", "target": ""}
INFO:     Application startup complete.
INFO:     Uvicorn running on http://127.0.0.1:18000 (Press CTRL+C to quit)
{"correlation_id": "18e7617b-2b7d-4b68-8ee7-fec13bc9a67a", "operation": "probe_read", "outcome": "denied", "principal": "user:c1-dev.5f190ba0-9fcd-4fc3-affd-8d6191c05c1c", "reason": "not_found", "target": "urn:c1:probe:entity-a4bcb968702945e1a5b2a50c57495696"}
{"correlation_id": "33bfc4e5-206a-4237-a516-fe1395c51d81", "operation": "rescope", "outcome": "applied", "principal": "user:c1-dev.810ccc6a-6084-4c5c-80a3-1cd63e5db6d5", "reason": "confirmed", "target": "urn:c1:probe:entity-a4bcb968702945e1a5b2a50c57495696"}
{"correlation_id": "bcbed646-2fdc-4bc3-8d6d-34f739a51eb5", "operation": "security_recover", "outcome": "allowed", "principal": "user:c1-dev.097323d6-bb6e-4ccf-978a-6b466ca215cd", "reason": "", "target": ""}
{"correlation_id": "c65c77a4-0498-498a-9b92-6a00262977e9", "operation": "security_operation_read", "outcome": "allowed", "principal": "user:c1-dev.810ccc6a-6084-4c5c-80a3-1cd63e5db6d5", "reason": "", "target": "d0e5700d-7d96-4928-915a-a5c3cba82423"}
{"correlation_id": "55e5b259-aa32-475d-8f9e-765412742035", "operation": "probe_read", "outcome": "denied", "principal": "user:c1-dev.5f190ba0-9fcd-4fc3-affd-8d6191c05c1c", "reason": "not_found", "target": "urn:c1:probe:entity-a4bcb968702945e1a5b2a50c57495696"}
{"correlation_id": "5e752c28-d1c2-4d2b-aa9e-8145dfa45112", "operation": "probe_read", "outcome": "allowed", "principal": "user:c1-dev.810ccc6a-6084-4c5c-80a3-1cd63e5db6d5", "reason": "", "target": "urn:c1:probe:entity-a4bcb968702945e1a5b2a50c57495696"}
INFO:     Shutting down
INFO:     Waiting for application shutdown.
INFO:     Application shutdown complete.
INFO:     Finished server process [2750841]
INFO:     Started server process [2769182]
INFO:     Waiting for application startup.
INFO:     Application startup complete.
INFO:     Uvicorn running on http://127.0.0.1:18000 (Press CTRL+C to quit)
INFO:     Started server process [2769255]
INFO:     Waiting for application startup.
{"correlation_id": "6794513f-c699-44d5-921f-60113f2efb7a", "operation": "startup_recovery", "outcome": "unavailable", "principal": "system", "reason": "recovery_pending", "target": ""}
INFO:     Application startup complete.
INFO:     Uvicorn running on http://127.0.0.1:18000 (Press CTRL+C to quit)
{"correlation_id": "22cbf9b0-c87c-47b1-bd65-47d0dd51c041", "operation": "probe_read", "outcome": "denied", "principal": "user:c1-dev.5f190ba0-9fcd-4fc3-affd-8d6191c05c1c", "reason": "not_found", "target": "urn:c1:probe:entity-ca17bdbded9d4d169f383cb2640084c5"}
{"correlation_id": "6aa7e6f8-5213-4ddc-af1f-b9d9ec052c90", "operation": "rescope", "outcome": "applied", "principal": "user:c1-dev.810ccc6a-6084-4c5c-80a3-1cd63e5db6d5", "reason": "confirmed", "target": "urn:c1:probe:entity-ca17bdbded9d4d169f383cb2640084c5"}
{"correlation_id": "8a339879-e844-4aa7-ba52-e312cfb25e9d", "operation": "security_recover", "outcome": "allowed", "principal": "user:c1-dev.097323d6-bb6e-4ccf-978a-6b466ca215cd", "reason": "", "target": ""}
{"correlation_id": "e177235d-2d7c-4a4a-ac07-2228743a7fd7", "operation": "security_operation_read", "outcome": "allowed", "principal": "user:c1-dev.810ccc6a-6084-4c5c-80a3-1cd63e5db6d5", "reason": "", "target": "8708a91b-9c25-4125-8f65-c09bc0756b6d"}
{"correlation_id": "955624f5-ac00-446f-8191-002a55ca00ee", "operation": "probe_read", "outcome": "denied", "principal": "user:c1-dev.5f190ba0-9fcd-4fc3-affd-8d6191c05c1c", "reason": "not_found", "target": "urn:c1:probe:entity-ca17bdbded9d4d169f383cb2640084c5"}
{"correlation_id": "6de56ef9-94f6-49fb-8109-7f7412e2826b", "operation": "probe_read", "outcome": "allowed", "principal": "user:c1-dev.810ccc6a-6084-4c5c-80a3-1cd63e5db6d5", "reason": "", "target": "urn:c1:probe:entity-ca17bdbded9d4d169f383cb2640084c5"}
INFO:     Shutting down
INFO:     Waiting for application shutdown.
INFO:     Application shutdown complete.
INFO:     Finished server process [2769255]
INFO:     Started server process [2770334]
INFO:     Waiting for application startup.
INFO:     Application startup complete.
INFO:     Uvicorn running on http://127.0.0.1:18000 (Press CTRL+C to quit)
INFO:     Started server process [2770442]
INFO:     Waiting for application startup.
{"correlation_id": "7168a665-c83d-48d6-82cb-34ba304de37f", "operation": "startup_recovery", "outcome": "unavailable", "principal": "system", "reason": "recovery_pending", "target": ""}
INFO:     Application startup complete.
INFO:     Uvicorn running on http://127.0.0.1:18000 (Press CTRL+C to quit)
{"correlation_id": "a2dc12aa-5368-4375-88a5-e145736202b7", "operation": "probe_read", "outcome": "denied", "principal": "user:c1-dev.5f190ba0-9fcd-4fc3-affd-8d6191c05c1c", "reason": "not_found", "target": "urn:c1:probe:entity-8ebe31fea41d443e860d1134274e051e"}
{"correlation_id": "c3cfbe0c-f230-4952-af07-a409b7554c43", "operation": "rescope", "outcome": "applied", "principal": "user:c1-dev.810ccc6a-6084-4c5c-80a3-1cd63e5db6d5", "reason": "confirmed", "target": "urn:c1:probe:entity-8ebe31fea41d443e860d1134274e051e"}
{"correlation_id": "61bdfa1c-88eb-44f7-93ef-1e4a7d09d2b4", "operation": "security_recover", "outcome": "allowed", "principal": "user:c1-dev.097323d6-bb6e-4ccf-978a-6b466ca215cd", "reason": "", "target": ""}
{"correlation_id": "c72eb3c3-b5b8-45ee-90a5-8febb1827397", "operation": "security_operation_read", "outcome": "allowed", "principal": "user:c1-dev.810ccc6a-6084-4c5c-80a3-1cd63e5db6d5", "reason": "", "target": "3a50a64f-0eec-4026-94dd-7188168314e2"}
{"correlation_id": "553b98e0-e234-4d1e-9841-80a4815f6fe1", "operation": "probe_read", "outcome": "denied", "principal": "user:c1-dev.5f190ba0-9fcd-4fc3-affd-8d6191c05c1c", "reason": "not_found", "target": "urn:c1:probe:entity-8ebe31fea41d443e860d1134274e051e"}
{"correlation_id": "5a07b5e2-887d-4cfb-96e9-387844a8e24b", "operation": "probe_read", "outcome": "allowed", "principal": "user:c1-dev.810ccc6a-6084-4c5c-80a3-1cd63e5db6d5", "reason": "", "target": "urn:c1:probe:entity-8ebe31fea41d443e860d1134274e051e"}
INFO:     Shutting down
INFO:     Waiting for application shutdown.
INFO:     Application shutdown complete.
INFO:     Finished server process [2770442]
INFO:     Started server process [2771308]
INFO:     Waiting for application startup.
INFO:     Application startup complete.
INFO:     Uvicorn running on http://127.0.0.1:18000 (Press CTRL+C to quit)
INFO:     Started server process [2771482]
INFO:     Waiting for application startup.
{"correlation_id": "0ae15291-9479-4da3-955d-6b104172e0bf", "operation": "startup_recovery", "outcome": "unavailable", "principal": "system", "reason": "recovery_pending", "target": ""}
INFO:     Application startup complete.
INFO:     Uvicorn running on http://127.0.0.1:18000 (Press CTRL+C to quit)
{"correlation_id": "6b4f5ff8-fbeb-40d5-96e1-c110030e40aa", "operation": "probe_read", "outcome": "denied", "principal": "user:c1-dev.5f190ba0-9fcd-4fc3-affd-8d6191c05c1c", "reason": "not_found", "target": "urn:c1:probe:entity-8163c9f70ea74c3ea9d3161a7ae612fe"}
{"correlation_id": "b6653c7a-ab2c-4a71-b393-dc6bf0aabd17", "operation": "rescope", "outcome": "applied", "principal": "user:c1-dev.810ccc6a-6084-4c5c-80a3-1cd63e5db6d5", "reason": "confirmed", "target": "urn:c1:probe:entity-8163c9f70ea74c3ea9d3161a7ae612fe"}
{"correlation_id": "4b520650-1fc1-4b4d-9fcf-a6cdcf7cd668", "operation": "security_recover", "outcome": "allowed", "principal": "user:c1-dev.097323d6-bb6e-4ccf-978a-6b466ca215cd", "reason": "", "target": ""}
{"correlation_id": "6e592691-5e40-4ce9-a235-676767ccc6e9", "operation": "security_operation_read", "outcome": "allowed", "principal": "user:c1-dev.810ccc6a-6084-4c5c-80a3-1cd63e5db6d5", "reason": "", "target": "6358814f-b8b9-43cb-8718-42f186ebc6a0"}
{"correlation_id": "8934151a-ea1d-4b91-8fd4-2d762333f7f1", "operation": "probe_read", "outcome": "denied", "principal": "user:c1-dev.5f190ba0-9fcd-4fc3-affd-8d6191c05c1c", "reason": "not_found", "target": "urn:c1:probe:entity-8163c9f70ea74c3ea9d3161a7ae612fe"}
{"correlation_id": "64ca370d-351e-42a2-b108-bb0079c563f7", "operation": "probe_read", "outcome": "allowed", "principal": "user:c1-dev.810ccc6a-6084-4c5c-80a3-1cd63e5db6d5", "reason": "", "target": "urn:c1:probe:entity-8163c9f70ea74c3ea9d3161a7ae612fe"}
INFO:     Shutting down
INFO:     Waiting for application shutdown.
INFO:     Application shutdown complete.
INFO:     Finished server process [2771482]
INFO:     Started server process [1896074]
INFO:     Waiting for application startup.
INFO:     Application startup complete.
INFO:     Uvicorn running on http://127.0.0.1:18000 (Press CTRL+C to quit)
INFO:     Started server process [1896135]
INFO:     Waiting for application startup.
{"correlation_id": "88aef7cf-062d-4fea-a268-f30d7673f51b", "operation": "startup_recovery", "outcome": "unavailable", "principal": "system", "reason": "recovery_pending", "target": ""}
INFO:     Application startup complete.
INFO:     Uvicorn running on http://127.0.0.1:18000 (Press CTRL+C to quit)
{"correlation_id": "3c98aa73-1826-4db5-90e3-b3a8a810b45a", "operation": "probe_read", "outcome": "denied", "principal": "user:c1-dev.5f190ba0-9fcd-4fc3-affd-8d6191c05c1c", "reason": "not_found", "target": "urn:c1:probe:entity-a20184b744da470caf8678c1ef03ec26"}
{"correlation_id": "e6240320-9b7b-4e33-a345-c5b47b409c27", "operation": "rescope", "outcome": "applied", "principal": "user:c1-dev.810ccc6a-6084-4c5c-80a3-1cd63e5db6d5", "reason": "confirmed", "target": "urn:c1:probe:entity-a20184b744da470caf8678c1ef03ec26"}
{"correlation_id": "e49a8876-bbb8-436f-9fe8-8a4f4000a10e", "operation": "security_recover", "outcome": "allowed", "principal": "user:c1-dev.097323d6-bb6e-4ccf-978a-6b466ca215cd", "reason": "", "target": ""}
{"correlation_id": "1482921a-81dc-4e97-844a-ef73d583bf66", "operation": "security_operation_read", "outcome": "allowed", "principal": "user:c1-dev.810ccc6a-6084-4c5c-80a3-1cd63e5db6d5", "reason": "", "target": "b4322137-778f-42c3-924a-40b8728c208e"}
{"correlation_id": "dad6ab91-31b9-40a0-897c-b9b02b772674", "operation": "probe_read", "outcome": "denied", "principal": "user:c1-dev.5f190ba0-9fcd-4fc3-affd-8d6191c05c1c", "reason": "not_found", "target": "urn:c1:probe:entity-a20184b744da470caf8678c1ef03ec26"}
{"correlation_id": "79da8fb9-6672-4419-9317-682f34385cc6", "operation": "probe_read", "outcome": "allowed", "principal": "user:c1-dev.810ccc6a-6084-4c5c-80a3-1cd63e5db6d5", "reason": "", "target": "urn:c1:probe:entity-a20184b744da470caf8678c1ef03ec26"}
INFO:     Shutting down
INFO:     Waiting for application shutdown.
INFO:     Application shutdown complete.
INFO:     Finished server process [1896135]
INFO:     Started server process [1897223]
INFO:     Waiting for application startup.
INFO:     Application startup complete.
INFO:     Uvicorn running on http://127.0.0.1:18000 (Press CTRL+C to quit)
INFO:     Started server process [1897380]
INFO:     Waiting for application startup.
{"correlation_id": "e8dc68be-b73c-42df-8f2d-e1c40232be0e", "operation": "startup_recovery", "outcome": "unavailable", "principal": "system", "reason": "recovery_pending", "target": ""}
INFO:     Application startup complete.
INFO:     Uvicorn running on http://127.0.0.1:18000 (Press CTRL+C to quit)
{"correlation_id": "70a43394-fea4-4d81-96f0-d8b648fba3b9", "operation": "probe_read", "outcome": "denied", "principal": "user:c1-dev.5f190ba0-9fcd-4fc3-affd-8d6191c05c1c", "reason": "not_found", "target": "urn:c1:probe:entity-33380a48fe394c25937ce410826b6a58"}
{"correlation_id": "22e406a9-4beb-43b6-8dd5-9cf57735e8be", "operation": "rescope", "outcome": "applied", "principal": "user:c1-dev.810ccc6a-6084-4c5c-80a3-1cd63e5db6d5", "reason": "confirmed", "target": "urn:c1:probe:entity-33380a48fe394c25937ce410826b6a58"}
{"correlation_id": "3bf47261-a365-45d0-8a3d-2a1d6a2fb70e", "operation": "security_recover", "outcome": "allowed", "principal": "user:c1-dev.097323d6-bb6e-4ccf-978a-6b466ca215cd", "reason": "", "target": ""}
{"correlation_id": "ccc912fc-bcb5-44ab-9542-4a9d9f5a8d3f", "operation": "security_operation_read", "outcome": "allowed", "principal": "user:c1-dev.810ccc6a-6084-4c5c-80a3-1cd63e5db6d5", "reason": "", "target": "0cef4b33-433c-4ccb-9519-e8152b1e431e"}
{"correlation_id": "2e3c0e5a-d5d5-4fae-88e9-8e1d88366bd9", "operation": "probe_read", "outcome": "denied", "principal": "user:c1-dev.5f190ba0-9fcd-4fc3-affd-8d6191c05c1c", "reason": "not_found", "target": "urn:c1:probe:entity-33380a48fe394c25937ce410826b6a58"}
{"correlation_id": "d7ef4b4e-1d70-42cb-b71c-9210afdb0053", "operation": "probe_read", "outcome": "allowed", "principal": "user:c1-dev.810ccc6a-6084-4c5c-80a3-1cd63e5db6d5", "reason": "", "target": "urn:c1:probe:entity-33380a48fe394c25937ce410826b6a58"}
INFO:     Shutting down
INFO:     Waiting for application shutdown.
INFO:     Application shutdown complete.
INFO:     Finished server process [1897380]
INFO:     Started server process [1898183]
INFO:     Waiting for application startup.
INFO:     Application startup complete.
INFO:     Uvicorn running on http://127.0.0.1:18000 (Press CTRL+C to quit)
INFO:     Started server process [1898386]
INFO:     Waiting for application startup.
{"correlation_id": "234e5e27-d2c8-4b15-8d8e-db4d81f2161e", "operation": "startup_recovery", "outcome": "unavailable", "principal": "system", "reason": "recovery_pending", "target": ""}
INFO:     Application startup complete.
INFO:     Uvicorn running on http://127.0.0.1:18000 (Press CTRL+C to quit)
{"correlation_id": "624a75b7-9cb5-4d60-822d-75698200ac23", "operation": "probe_read", "outcome": "denied", "principal": "user:c1-dev.5f190ba0-9fcd-4fc3-affd-8d6191c05c1c", "reason": "not_found", "target": "urn:c1:probe:entity-c0f6ad7ac8cb4ef286c9e2dc16e5e1b8"}
{"correlation_id": "bd4cef29-1238-405b-9433-9c0cc32bbc91", "operation": "rescope", "outcome": "applied", "principal": "user:c1-dev.810ccc6a-6084-4c5c-80a3-1cd63e5db6d5", "reason": "confirmed", "target": "urn:c1:probe:entity-c0f6ad7ac8cb4ef286c9e2dc16e5e1b8"}
{"correlation_id": "0d07d39f-d16f-4d0d-b678-1ac29ac67487", "operation": "security_recover", "outcome": "allowed", "principal": "user:c1-dev.097323d6-bb6e-4ccf-978a-6b466ca215cd", "reason": "", "target": ""}
{"correlation_id": "2a7fc477-ea21-4de0-a071-025fc09adba9", "operation": "security_operation_read", "outcome": "allowed", "principal": "user:c1-dev.810ccc6a-6084-4c5c-80a3-1cd63e5db6d5", "reason": "", "target": "f78c4190-1fde-4de7-af1f-39ea0a79f315"}
{"correlation_id": "4a604019-581c-4262-961c-644d8b876949", "operation": "probe_read", "outcome": "denied", "principal": "user:c1-dev.5f190ba0-9fcd-4fc3-affd-8d6191c05c1c", "reason": "not_found", "target": "urn:c1:probe:entity-c0f6ad7ac8cb4ef286c9e2dc16e5e1b8"}
{"correlation_id": "96b9648d-b3d6-4bff-8810-a541b5b85cca", "operation": "probe_read", "outcome": "allowed", "principal": "user:c1-dev.810ccc6a-6084-4c5c-80a3-1cd63e5db6d5", "reason": "", "target": "urn:c1:probe:entity-c0f6ad7ac8cb4ef286c9e2dc16e5e1b8"}
INFO:     Shutting down
INFO:     Waiting for application shutdown.
INFO:     Application shutdown complete.
INFO:     Finished server process [1898386]
INFO:     Started server process [1903858]
INFO:     Waiting for application startup.
INFO:     Application startup complete.
INFO:     Uvicorn running on http://127.0.0.1:18000 (Press CTRL+C to quit)
INFO:     Started server process [1903986]
INFO:     Waiting for application startup.
INFO:     Application startup complete.
INFO:     Uvicorn running on http://127.0.0.1:18000 (Press CTRL+C to quit)
{"correlation_id": "d4a25256-032c-43b5-9adf-f9a5fd2f4e1b", "operation": "security_recover", "outcome": "allowed", "principal": "user:c1-dev.097323d6-bb6e-4ccf-978a-6b466ca215cd", "reason": "", "target": ""}
{"correlation_id": "d732c5f2-4a81-4f08-9893-1b83c834b8c8", "operation": "changeset_read", "outcome": "allowed", "principal": "user:c1-dev.cd03e800-88fc-4033-9aa8-46b366bb80c9", "reason": "", "target": "urn:c1:instance:dev:changeset-562fa2f7cfa34dfdb92efbfea6275e4f"}
{"correlation_id": "75b0157d-480f-4b17-a2eb-402ce9a5552c", "operation": "resource_read", "outcome": "allowed", "principal": "user:c1-dev.cd03e800-88fc-4033-9aa8-46b366bb80c9", "reason": "", "target": "urn:c1:instance:dev:entity/bdb3c269-924e-46dd-8854-c132f23cc7a4"}
INFO:     Shutting down
INFO:     Waiting for application shutdown.
INFO:     Application shutdown complete.
INFO:     Finished server process [1903986]
INFO:     Started server process [1904374]
INFO:     Waiting for application startup.
INFO:     Application startup complete.
INFO:     Uvicorn running on http://127.0.0.1:18000 (Press CTRL+C to quit)
INFO:     Started server process [1904613]
INFO:     Waiting for application startup.
INFO:     Application startup complete.
INFO:     Uvicorn running on http://127.0.0.1:18000 (Press CTRL+C to quit)
{"correlation_id": "cf0b835f-20ab-4f70-a6c0-c91051cb5442", "operation": "security_recover", "outcome": "allowed", "principal": "user:c1-dev.097323d6-bb6e-4ccf-978a-6b466ca215cd", "reason": "", "target": ""}
{"correlation_id": "6378055e-4a6c-469e-871a-cf4bca438227", "operation": "changeset_read", "outcome": "allowed", "principal": "user:c1-dev.cd03e800-88fc-4033-9aa8-46b366bb80c9", "reason": "", "target": "urn:c1:instance:dev:changeset-c8f7b2938b9047caa2f6e32268056b48"}
{"correlation_id": "680969d0-8632-42dd-9873-c9a78c4e8cf4", "operation": "resource_read", "outcome": "allowed", "principal": "user:c1-dev.cd03e800-88fc-4033-9aa8-46b366bb80c9", "reason": "", "target": "urn:c1:instance:dev:entity/5ac405b6-a92d-4703-8a01-ed30aa5c8264"}
INFO:     Shutting down
INFO:     Waiting for application shutdown.
INFO:     Application shutdown complete.
INFO:     Finished server process [1904613]
INFO:     Started server process [1905016]
INFO:     Waiting for application startup.
INFO:     Application startup complete.
INFO:     Uvicorn running on http://127.0.0.1:18000 (Press CTRL+C to quit)
INFO:     Started server process [1905142]
INFO:     Waiting for application startup.
INFO:     Application startup complete.
INFO:     Uvicorn running on http://127.0.0.1:18000 (Press CTRL+C to quit)
{"correlation_id": "47995453-c391-4ebe-9238-cd32ce0c6089", "operation": "security_recover", "outcome": "allowed", "principal": "user:c1-dev.097323d6-bb6e-4ccf-978a-6b466ca215cd", "reason": "", "target": ""}
{"correlation_id": "3b92637a-3648-458d-8564-6979264f276a", "operation": "changeset_read", "outcome": "allowed", "principal": "user:c1-dev.cd03e800-88fc-4033-9aa8-46b366bb80c9", "reason": "", "target": "urn:c1:instance:dev:changeset-35500e8c53c449d79fae1d1420f6a07a"}
{"correlation_id": "9479e881-8eef-4e1f-ad43-a3ce00b60366", "operation": "resource_read", "outcome": "allowed", "principal": "user:c1-dev.cd03e800-88fc-4033-9aa8-46b366bb80c9", "reason": "", "target": "urn:c1:instance:dev:entity/b9136033-3400-4241-9eed-b938cd3da66d"}
INFO:     Shutting down
INFO:     Waiting for application shutdown.
INFO:     Application shutdown complete.
INFO:     Finished server process [1905142]
INFO:     Started server process [1905434]
INFO:     Waiting for application startup.
INFO:     Application startup complete.
INFO:     Uvicorn running on http://127.0.0.1:18000 (Press CTRL+C to quit)
INFO:     Started server process [1905664]
INFO:     Waiting for application startup.
INFO:     Application startup complete.
INFO:     Uvicorn running on http://127.0.0.1:18000 (Press CTRL+C to quit)
{"correlation_id": "8e9e6229-825c-4286-b9b3-4e58a86611bf", "operation": "security_recover", "outcome": "allowed", "principal": "user:c1-dev.097323d6-bb6e-4ccf-978a-6b466ca215cd", "reason": "", "target": ""}
{"correlation_id": "b617a08e-e5b8-4c5e-9034-1a2a6ab76681", "operation": "changeset_read", "outcome": "allowed", "principal": "user:c1-dev.cd03e800-88fc-4033-9aa8-46b366bb80c9", "reason": "", "target": "urn:c1:instance:dev:changeset-79778c90b5124c4c89d21b45b5f658bf"}
{"correlation_id": "0efc2341-2b22-4faf-bae1-71daf429941a", "operation": "resource_read", "outcome": "allowed", "principal": "user:c1-dev.cd03e800-88fc-4033-9aa8-46b366bb80c9", "reason": "", "target": "urn:c1:instance:dev:entity/ea820feb-63c7-4a7a-9478-1dcc5f122f82"}
INFO:     Shutting down
INFO:     Waiting for application shutdown.
INFO:     Application shutdown complete.
INFO:     Finished server process [1905664]
INFO:     Started server process [1910766]
INFO:     Waiting for application startup.
INFO:     Application startup complete.
INFO:     Uvicorn running on http://127.0.0.1:18000 (Press CTRL+C to quit)
INFO:     Started server process [1910885]
INFO:     Waiting for application startup.
INFO:     Application startup complete.
INFO:     Uvicorn running on http://127.0.0.1:18000 (Press CTRL+C to quit)
{"correlation_id": "3379fe30-d709-49eb-8b8d-e6e4e84384d1", "operation": "security_recover", "outcome": "allowed", "principal": "user:c1-dev.097323d6-bb6e-4ccf-978a-6b466ca215cd", "reason": "", "target": ""}
{"correlation_id": "8666fb36-a556-4400-ba83-07f25cc02f14", "operation": "resource_read", "outcome": "allowed", "principal": "user:c1-dev.5f190ba0-9fcd-4fc3-affd-8d6191c05c1c", "reason": "", "target": "urn:c1:probe:entity-46ba81e1b25e4a7281d017c40f33f061"}
{"correlation_id": "48855a32-4ac7-4683-a087-14cfe505fe23", "operation": "changeset_read", "outcome": "allowed", "principal": "user:c1-dev.810ccc6a-6084-4c5c-80a3-1cd63e5db6d5", "reason": "", "target": "urn:c1:instance:dev:changeset-ce4c352f763a49d0a4039931225c6aba"}
INFO:     Shutting down
INFO:     Waiting for application shutdown.
INFO:     Application shutdown complete.
INFO:     Finished server process [1910885]
