============================= test session starts ==============================
platform linux -- Python 3.13.14, pytest-9.0.2, pluggy-1.6.0
rootdir: /home/tux/personalbuild/c1
configfile: pyproject.toml
plugins: anyio-4.15.1
collected 12 items

tests/integration/m01/test_t01_inventory.py .
tests/integration/m01/test_t02_atomic.py .
tests/integration/m01/test_t03_stale_and_reconcile.py .
tests/integration/m01/test_t04_revisions.py .
tests/integration/m01/test_t05_freshness.py .openfga: ready
terminusdb: ready
keycloak: ready
openfga: ready
terminusdb: ready
keycloak: ready
.
tests/integration/m01/test_t06_publication.py {"crash": "journal", "journal_write_ms": [98.25922403251752, 99.5366299757734, 100.1398530206643]}
.{"crash": "content", "journal_write_ms": [100.94959702109918, 101.09137499239296, 99.58377102157101]}
.{"crash": "binding", "journal_write_ms": [75.99053299054503, 99.37927400460467, 98.18002098472789]}
..
tests/integration/m01/test_t07_interchange.py ..

=============================== warnings summary ===============================
tests/integration/m01/test_t07_interchange.py::test_t07_interchange_round_trip
tests/integration/m01/test_t07_interchange.py::test_t07_interchange_round_trip
tests/integration/m01/test_t07_interchange.py::test_t07_interchange_round_trip
  /home/tux/personalbuild/c1/.venv/lib/python3.13/site-packages/rdflib/plugins/parsers/jsonld.py:159: DeprecationWarning: ConjunctiveGraph is deprecated, use Dataset instead.
    conj_sink = ConjunctiveGraph(store=sink.store, identifier=sink.identifier)

-- Docs: https://docs.pytest.org/en/stable/how-to/capture-warnings.html
- generated xml file: /home/tux/personalbuild/c1/docs/evidence/M07/final-m01-probe-junit.xml -
======================= 12 passed, 3 warnings in 26.86s ========================
