{"correlation_id": "9954d5d8-8ccc-4e81-84ff-854ef3ad9fcd", "operation": "whoami", "outcome": "allowed", "principal": "user:c1-dev.810ccc6a-6084-4c5c-80a3-1cd63e5db6d5", "reason": "", "target": ""}
{"correlation_id": "071fdb68-57c2-460e-b610-076a06be0148", "operation": "instance_grant", "outcome": "applied", "principal": "user:c1-dev.810ccc6a-6084-4c5c-80a3-1cd63e5db6d5", "reason": "confirmed", "target": "dev"}
{"correlation_id": "500013b5-2ecc-4d49-9c6d-e5fb63bc66b5", "operation": "instance_grant", "outcome": "allowed", "principal": "user:c1-dev.810ccc6a-6084-4c5c-80a3-1cd63e5db6d5", "reason": "", "target": "user:c1-dev.810ccc6a-6084-4c5c-80a3-1cd63e5db6d5"}
{"correlation_id": "aa68b9de-4795-4f95-ac1b-fa4302c043cf", "operation": "whoami", "outcome": "allowed", "principal": "user:c1-dev.cd03e800-88fc-4033-9aa8-46b366bb80c9", "reason": "", "target": ""}
{"correlation_id": "bd0024d3-ad34-4f44-8e82-cbcbf5df068d", "operation": "instance_grant", "outcome": "applied", "principal": "user:c1-dev.810ccc6a-6084-4c5c-80a3-1cd63e5db6d5", "reason": "confirmed", "target": "dev"}
{"correlation_id": "01200a9c-bb55-40fd-9d6c-193be3aed5f6", "operation": "instance_grant", "outcome": "allowed", "principal": "user:c1-dev.810ccc6a-6084-4c5c-80a3-1cd63e5db6d5", "reason": "", "target": "user:c1-dev.cd03e800-88fc-4033-9aa8-46b366bb80c9"}
{"correlation_id": "70551c59-1735-4b8e-b122-36e8254a5b74", "operation": "query_catalog", "outcome": "allowed", "principal": "user:c1-dev.810ccc6a-6084-4c5c-80a3-1cd63e5db6d5", "reason": "", "target": ""}
{"correlation_id": "0c9a3290-7c12-4fe6-b3a6-30c8867fee68", "operation": "scope_list", "outcome": "allowed", "principal": "user:c1-dev.810ccc6a-6084-4c5c-80a3-1cd63e5db6d5", "reason": "", "target": ""}
{"correlation_id": "d83d0bc3-288d-4f28-a61c-2dccb75db76e", "operation": "whoami", "outcome": "allowed", "principal": "user:c1-dev.0c02d576-45eb-4460-a71e-c184e51f7541", "reason": "", "target": ""}
{"correlation_id": "41f5ed43-7f4b-4a1b-a7bc-7d4638723df1", "operation": "whoami", "outcome": "allowed", "principal": "user:c1-dev.d5caa03b-408b-4032-938c-08c4202c3c10", "reason": "", "target": ""}
{"correlation_id": "d4af33ba-073e-48d5-b5db-5dbff68ad562", "operation": "whoami", "outcome": "allowed", "principal": "user:c1-dev.cd03e800-88fc-4033-9aa8-46b366bb80c9", "reason": "", "target": ""}
{"correlation_id": "98a87d88-a812-4a82-93ae-d5416982e1f6", "operation": "whoami", "outcome": "allowed", "principal": "user:c1-dev.097323d6-bb6e-4ccf-978a-6b466ca215cd", "reason": "", "target": ""}
{"correlation_id": "1b20215a-d308-495a-a88c-f3954a665ba8", "operation": "membership", "outcome": "applied", "principal": "user:c1-dev.810ccc6a-6084-4c5c-80a3-1cd63e5db6d5", "reason": "confirmed", "target": "bat-shared"}
{"correlation_id": "9b257f81-59bb-4387-8e8e-0cc4b9fafad6", "operation": "scope_member_grant", "outcome": "allowed", "principal": "user:c1-dev.810ccc6a-6084-4c5c-80a3-1cd63e5db6d5", "reason": "", "target": "bat-shared"}
{"correlation_id": "a334b24d-20ff-4361-a47e-98fd40852975", "operation": "membership", "outcome": "applied", "principal": "user:c1-dev.810ccc6a-6084-4c5c-80a3-1cd63e5db6d5", "reason": "confirmed", "target": "bat-shared"}
{"correlation_id": "5a20fb58-ea7d-44c6-9183-fc0f03898d82", "operation": "scope_member_grant", "outcome": "allowed", "principal": "user:c1-dev.810ccc6a-6084-4c5c-80a3-1cd63e5db6d5", "reason": "", "target": "bat-shared"}
{"correlation_id": "a5870e2e-4782-41da-8360-3fbb868669b4", "operation": "membership", "outcome": "applied", "principal": "user:c1-dev.810ccc6a-6084-4c5c-80a3-1cd63e5db6d5", "reason": "confirmed", "target": "bat-shared"}
{"correlation_id": "98b0e2a8-18a8-4b50-b0ce-8494e2f0d25e", "operation": "scope_member_grant", "outcome": "allowed", "principal": "user:c1-dev.810ccc6a-6084-4c5c-80a3-1cd63e5db6d5", "reason": "", "target": "bat-shared"}
{"correlation_id": "1629a492-4ca9-4c7a-9736-9f1689812ccc", "operation": "membership", "outcome": "applied", "principal": "user:c1-dev.810ccc6a-6084-4c5c-80a3-1cd63e5db6d5", "reason": "confirmed", "target": "bat-papertrader"}
{"correlation_id": "4c882c96-9157-496b-9e16-2b832b76917f", "operation": "scope_member_grant", "outcome": "allowed", "principal": "user:c1-dev.810ccc6a-6084-4c5c-80a3-1cd63e5db6d5", "reason": "", "target": "bat-papertrader"}
{"correlation_id": "3d02248b-f2f9-4254-8364-1e8f69a2a0f3", "operation": "membership", "outcome": "applied", "principal": "user:c1-dev.810ccc6a-6084-4c5c-80a3-1cd63e5db6d5", "reason": "confirmed", "target": "bat-papertrader"}
{"correlation_id": "d72fd4d1-ced2-413d-b5ec-6bd55d084bd4", "operation": "scope_member_grant", "outcome": "allowed", "principal": "user:c1-dev.810ccc6a-6084-4c5c-80a3-1cd63e5db6d5", "reason": "", "target": "bat-papertrader"}
{"correlation_id": "cbc2206e-4a37-4284-b3f4-8206279bc473", "operation": "membership", "outcome": "applied", "principal": "user:c1-dev.810ccc6a-6084-4c5c-80a3-1cd63e5db6d5", "reason": "confirmed", "target": "bat-papertrader"}
{"correlation_id": "d9cb10e2-680d-4861-a6cd-9603d0f9a006", "operation": "scope_member_grant", "outcome": "allowed", "principal": "user:c1-dev.810ccc6a-6084-4c5c-80a3-1cd63e5db6d5", "reason": "", "target": "bat-papertrader"}
{"correlation_id": "dd97571a-4e41-4ce5-b9e8-de9c594b77e8", "operation": "membership", "outcome": "applied", "principal": "user:c1-dev.810ccc6a-6084-4c5c-80a3-1cd63e5db6d5", "reason": "confirmed", "target": "bat-robotelier"}
{"correlation_id": "42448098-7a34-44f6-afe2-de8d3e90eac2", "operation": "scope_member_grant", "outcome": "allowed", "principal": "user:c1-dev.810ccc6a-6084-4c5c-80a3-1cd63e5db6d5", "reason": "", "target": "bat-robotelier"}
{"correlation_id": "00899125-a377-4737-8b1e-8724aaf85671", "operation": "membership", "outcome": "applied", "principal": "user:c1-dev.810ccc6a-6084-4c5c-80a3-1cd63e5db6d5", "reason": "confirmed", "target": "bat-robotelier"}
{"correlation_id": "ca133ceb-05a5-4b8d-8b69-c43891ebca5b", "operation": "scope_member_grant", "outcome": "allowed", "principal": "user:c1-dev.810ccc6a-6084-4c5c-80a3-1cd63e5db6d5", "reason": "", "target": "bat-robotelier"}
{"correlation_id": "8db29209-fd5d-4ac2-a3b0-6671023869d5", "operation": "membership", "outcome": "applied", "principal": "user:c1-dev.810ccc6a-6084-4c5c-80a3-1cd63e5db6d5", "reason": "confirmed", "target": "bat-robotelier"}
{"correlation_id": "94522194-afd9-4854-9699-b239dc83529b", "operation": "scope_member_grant", "outcome": "allowed", "principal": "user:c1-dev.810ccc6a-6084-4c5c-80a3-1cd63e5db6d5", "reason": "", "target": "bat-robotelier"}
{"correlation_id": "cb83e847-2655-4326-b7db-7bc879015fa1", "operation": "membership", "outcome": "applied", "principal": "user:c1-dev.810ccc6a-6084-4c5c-80a3-1cd63e5db6d5", "reason": "confirmed", "target": "bat-hidden"}
{"correlation_id": "61afcd5e-6b7a-4073-81c2-4aa7c1744d13", "operation": "scope_member_grant", "outcome": "allowed", "principal": "user:c1-dev.810ccc6a-6084-4c5c-80a3-1cd63e5db6d5", "reason": "", "target": "bat-hidden"}
{"correlation_id": "45f73e1d-27fb-4d7b-98b9-e74290391714", "operation": "membership", "outcome": "applied", "principal": "user:c1-dev.810ccc6a-6084-4c5c-80a3-1cd63e5db6d5", "reason": "confirmed", "target": "bat-hidden"}
{"correlation_id": "69d0b449-ecd4-4edb-95f5-f856f9d317df", "operation": "scope_member_grant", "outcome": "allowed", "principal": "user:c1-dev.810ccc6a-6084-4c5c-80a3-1cd63e5db6d5", "reason": "", "target": "bat-hidden"}
{"correlation_id": "6fd9b751-8145-409c-9f2f-7b46fcc0895f", "operation": "membership", "outcome": "applied", "principal": "user:c1-dev.810ccc6a-6084-4c5c-80a3-1cd63e5db6d5", "reason": "confirmed", "target": "bat-shared"}
{"correlation_id": "a73cd82c-110e-4511-b57d-e89ee71fba73", "operation": "scope_member_grant", "outcome": "allowed", "principal": "user:c1-dev.810ccc6a-6084-4c5c-80a3-1cd63e5db6d5", "reason": "", "target": "bat-shared"}
{"correlation_id": "e128e1a8-c724-4759-af46-e7277d59be04", "operation": "membership", "outcome": "applied", "principal": "user:c1-dev.810ccc6a-6084-4c5c-80a3-1cd63e5db6d5", "reason": "confirmed", "target": "bat-shared"}
{"correlation_id": "42c86344-4ed4-40e4-bb02-9ea230170eee", "operation": "scope_member_grant", "outcome": "allowed", "principal": "user:c1-dev.810ccc6a-6084-4c5c-80a3-1cd63e5db6d5", "reason": "", "target": "bat-shared"}
{"correlation_id": "4229e27b-4394-4680-96f9-d36eef25805f", "operation": "membership", "outcome": "applied", "principal": "user:c1-dev.810ccc6a-6084-4c5c-80a3-1cd63e5db6d5", "reason": "confirmed", "target": "bat-shared"}
{"correlation_id": "9d99d5f7-ddaf-4ef1-b668-9770bc9f4a0f", "operation": "scope_member_grant", "outcome": "allowed", "principal": "user:c1-dev.810ccc6a-6084-4c5c-80a3-1cd63e5db6d5", "reason": "", "target": "bat-shared"}
{"correlation_id": "c2fc3979-fad2-4531-845f-53712b21628b", "operation": "membership", "outcome": "applied", "principal": "user:c1-dev.810ccc6a-6084-4c5c-80a3-1cd63e5db6d5", "reason": "confirmed", "target": "bat-papertrader"}
{"correlation_id": "5e56d6c3-f7cc-4979-9fc1-52d13129258a", "operation": "scope_member_grant", "outcome": "allowed", "principal": "user:c1-dev.810ccc6a-6084-4c5c-80a3-1cd63e5db6d5", "reason": "", "target": "bat-papertrader"}
{"correlation_id": "8e5a0e06-47d7-43e3-99ef-437d5e81b627", "operation": "membership", "outcome": "applied", "principal": "user:c1-dev.810ccc6a-6084-4c5c-80a3-1cd63e5db6d5", "reason": "confirmed", "target": "bat-papertrader"}
{"correlation_id": "cf66bf17-2ea9-44a1-b90d-8894c51912ba", "operation": "scope_member_grant", "outcome": "allowed", "principal": "user:c1-dev.810ccc6a-6084-4c5c-80a3-1cd63e5db6d5", "reason": "", "target": "bat-papertrader"}
{"correlation_id": "f7c3f02d-3647-4adb-ba20-9db2c684e5b8", "operation": "membership", "outcome": "applied", "principal": "user:c1-dev.810ccc6a-6084-4c5c-80a3-1cd63e5db6d5", "reason": "confirmed", "target": "bat-papertrader"}
{"correlation_id": "0f5644e4-789a-4855-b4f2-89433c922a09", "operation": "scope_member_grant", "outcome": "allowed", "principal": "user:c1-dev.810ccc6a-6084-4c5c-80a3-1cd63e5db6d5", "reason": "", "target": "bat-papertrader"}
{"correlation_id": "542d251a-327e-49df-92b9-f638afee6b91", "operation": "membership", "outcome": "applied", "principal": "user:c1-dev.810ccc6a-6084-4c5c-80a3-1cd63e5db6d5", "reason": "confirmed", "target": "bat-shared"}
{"correlation_id": "c4172452-b7c1-45d7-9192-69236a215a39", "operation": "scope_member_grant", "outcome": "allowed", "principal": "user:c1-dev.810ccc6a-6084-4c5c-80a3-1cd63e5db6d5", "reason": "", "target": "bat-shared"}
{"correlation_id": "06e58459-fd76-42c7-a034-7918fd1e705a", "operation": "membership", "outcome": "applied", "principal": "user:c1-dev.810ccc6a-6084-4c5c-80a3-1cd63e5db6d5", "reason": "confirmed", "target": "bat-shared"}
{"correlation_id": "7ac3bf24-5c16-417e-a521-5f4eea1d15ef", "operation": "scope_member_grant", "outcome": "allowed", "principal": "user:c1-dev.810ccc6a-6084-4c5c-80a3-1cd63e5db6d5", "reason": "", "target": "bat-shared"}
{"correlation_id": "c714e601-9beb-4759-a9ad-77b071f8f277", "operation": "membership", "outcome": "applied", "principal": "user:c1-dev.810ccc6a-6084-4c5c-80a3-1cd63e5db6d5", "reason": "confirmed", "target": "bat-shared"}
{"correlation_id": "b0e80698-0ef0-4398-af79-d0b7296555d4", "operation": "scope_member_grant", "outcome": "allowed", "principal": "user:c1-dev.810ccc6a-6084-4c5c-80a3-1cd63e5db6d5", "reason": "", "target": "bat-shared"}
{"correlation_id": "94ff4bc7-4eaa-4f51-9f3b-da3fd5556723", "operation": "membership", "outcome": "applied", "principal": "user:c1-dev.810ccc6a-6084-4c5c-80a3-1cd63e5db6d5", "reason": "confirmed", "target": "bat-papertrader"}
{"correlation_id": "2d555aa6-ad0a-4c39-98ad-e3a67d613c22", "operation": "scope_member_grant", "outcome": "allowed", "principal": "user:c1-dev.810ccc6a-6084-4c5c-80a3-1cd63e5db6d5", "reason": "", "target": "bat-papertrader"}
{"correlation_id": "b4024abc-7922-40c3-b4f9-fe8db86d6a63", "operation": "membership", "outcome": "applied", "principal": "user:c1-dev.810ccc6a-6084-4c5c-80a3-1cd63e5db6d5", "reason": "confirmed", "target": "bat-papertrader"}
{"correlation_id": "f624ff2b-a20e-4d24-a4aa-78c76ee53223", "operation": "scope_member_grant", "outcome": "allowed", "principal": "user:c1-dev.810ccc6a-6084-4c5c-80a3-1cd63e5db6d5", "reason": "", "target": "bat-papertrader"}
{"correlation_id": "1c91326b-2794-48d1-98a1-efd7595c26f7", "operation": "membership", "outcome": "applied", "principal": "user:c1-dev.810ccc6a-6084-4c5c-80a3-1cd63e5db6d5", "reason": "confirmed", "target": "bat-papertrader"}
{"correlation_id": "2221997e-ac83-47a3-b779-a836d33371f2", "operation": "scope_member_grant", "outcome": "allowed", "principal": "user:c1-dev.810ccc6a-6084-4c5c-80a3-1cd63e5db6d5", "reason": "", "target": "bat-papertrader"}
{"correlation_id": "737afbb3-6eb1-40c6-92e4-6587d6d8c179", "operation": "membership", "outcome": "applied", "principal": "user:c1-dev.810ccc6a-6084-4c5c-80a3-1cd63e5db6d5", "reason": "confirmed", "target": "bat-robotelier"}
{"correlation_id": "e835ef40-fbca-4559-942e-a086568a8b19", "operation": "scope_member_grant", "outcome": "allowed", "principal": "user:c1-dev.810ccc6a-6084-4c5c-80a3-1cd63e5db6d5", "reason": "", "target": "bat-robotelier"}
{"correlation_id": "5092b4f0-3828-4c95-bdbf-429e05bfb85c", "operation": "membership", "outcome": "applied", "principal": "user:c1-dev.810ccc6a-6084-4c5c-80a3-1cd63e5db6d5", "reason": "confirmed", "target": "bat-robotelier"}
{"correlation_id": "21399283-b980-448f-9f72-bcdd5505ba5a", "operation": "scope_member_grant", "outcome": "allowed", "principal": "user:c1-dev.810ccc6a-6084-4c5c-80a3-1cd63e5db6d5", "reason": "", "target": "bat-robotelier"}
{"correlation_id": "f6b75ec8-7c51-43f5-bbb7-4c5aa8e466a6", "operation": "membership", "outcome": "applied", "principal": "user:c1-dev.810ccc6a-6084-4c5c-80a3-1cd63e5db6d5", "reason": "confirmed", "target": "bat-robotelier"}
{"correlation_id": "d2ca5cc2-a0bf-45bf-bcca-2d8c09fb08b0", "operation": "scope_member_grant", "outcome": "allowed", "principal": "user:c1-dev.810ccc6a-6084-4c5c-80a3-1cd63e5db6d5", "reason": "", "target": "bat-robotelier"}
{"correlation_id": "131655bb-53a3-4add-a45f-7785fb144c3c", "operation": "membership", "outcome": "applied", "principal": "user:c1-dev.810ccc6a-6084-4c5c-80a3-1cd63e5db6d5", "reason": "confirmed", "target": "bat-hidden"}
{"correlation_id": "cd57591e-eb3f-4f70-b2e6-ff7e3a1d90c4", "operation": "scope_member_grant", "outcome": "allowed", "principal": "user:c1-dev.810ccc6a-6084-4c5c-80a3-1cd63e5db6d5", "reason": "", "target": "bat-hidden"}
{"correlation_id": "27a9c5b0-4f1e-4b0c-ae69-e41e3d856973", "operation": "membership", "outcome": "applied", "principal": "user:c1-dev.810ccc6a-6084-4c5c-80a3-1cd63e5db6d5", "reason": "confirmed", "target": "bat-hidden"}
{"correlation_id": "b9f0c5a9-2994-43af-aa01-01a7ca48ec50", "operation": "scope_member_grant", "outcome": "allowed", "principal": "user:c1-dev.810ccc6a-6084-4c5c-80a3-1cd63e5db6d5", "reason": "", "target": "bat-hidden"}
{"correlation_id": "18527b48-1a8d-4ed6-950f-473ae445e719", "operation": "membership", "outcome": "applied", "principal": "user:c1-dev.810ccc6a-6084-4c5c-80a3-1cd63e5db6d5", "reason": "confirmed", "target": "bat-hidden"}
{"correlation_id": "87ab6908-06ca-40b2-8520-71dfe9820f30", "operation": "scope_member_grant", "outcome": "allowed", "principal": "user:c1-dev.810ccc6a-6084-4c5c-80a3-1cd63e5db6d5", "reason": "", "target": "bat-hidden"}
{"correlation_id": "0bf7bf94-6d20-4e33-98cc-6c8b2024727f", "operation": "query_entities", "outcome": "allowed", "principal": "user:c1-dev.cd03e800-88fc-4033-9aa8-46b366bb80c9", "reason": "", "target": ""}
{"correlation_id": "819575d5-0701-44fe-a42b-46fcca54f87e", "operation": "instance_read", "outcome": "allowed", "principal": "user:c1-dev.0c02d576-45eb-4460-a71e-c184e51f7541", "reason": "", "target": "dev"}
{"correlation_id": "4d24c516-49d8-4264-88a3-9c2a51c54119", "operation": "changeset_create", "outcome": "allowed", "principal": "user:c1-dev.0c02d576-45eb-4460-a71e-c184e51f7541", "reason": "", "target": "urn:c1:instance:dev:changeset-db25abf351e94a56aa3ccaa4e0dcff47"}
{"correlation_id": "36b49851-3f5c-4d69-a317-411797cbbb0a", "operation": "changeset_submit", "outcome": "allowed", "principal": "user:c1-dev.0c02d576-45eb-4460-a71e-c184e51f7541", "reason": "", "target": "urn:c1:instance:dev:changeset-db25abf351e94a56aa3ccaa4e0dcff47"}
{"correlation_id": "c449e558-2d07-4337-9b21-caf876e5f246", "operation": "changeset_approve", "outcome": "allowed", "principal": "user:c1-dev.cd03e800-88fc-4033-9aa8-46b366bb80c9", "reason": "", "target": "urn:c1:instance:dev:changeset-db25abf351e94a56aa3ccaa4e0dcff47"}
{"correlation_id": "9cffcac7-3ff9-44ec-a2eb-565d633c246f", "operation": "changeset_apply", "outcome": "allowed", "principal": "user:c1-dev.cd03e800-88fc-4033-9aa8-46b366bb80c9", "reason": "", "target": "urn:c1:instance:dev:changeset-db25abf351e94a56aa3ccaa4e0dcff47"}
{"correlation_id": "be36a3f8-2118-4c30-be11-d0c347b39434", "operation": "query_entities", "outcome": "allowed", "principal": "user:c1-dev.d5caa03b-408b-4032-938c-08c4202c3c10", "reason": "", "target": ""}
{"correlation_id": "d16375b6-eece-425b-bb3c-f3abc80dd1b8", "operation": "instance_read", "outcome": "allowed", "principal": "user:c1-dev.d5caa03b-408b-4032-938c-08c4202c3c10", "reason": "", "target": "dev"}
{"correlation_id": "43077a12-5552-4e74-af63-8e4bfcf025ad", "operation": "changeset_create", "outcome": "allowed", "principal": "user:c1-dev.d5caa03b-408b-4032-938c-08c4202c3c10", "reason": "", "target": "urn:c1:instance:dev:changeset-5aef509db6ff4dc4adc04dcc7423232b"}
{"correlation_id": "1e2f0003-878e-44b0-a187-4c48655ff8ff", "operation": "changeset_submit", "outcome": "allowed", "principal": "user:c1-dev.d5caa03b-408b-4032-938c-08c4202c3c10", "reason": "", "target": "urn:c1:instance:dev:changeset-5aef509db6ff4dc4adc04dcc7423232b"}
{"correlation_id": "ef44a1d3-94a6-4747-bda2-20e048015024", "operation": "changeset_approve", "outcome": "allowed", "principal": "user:c1-dev.cd03e800-88fc-4033-9aa8-46b366bb80c9", "reason": "", "target": "urn:c1:instance:dev:changeset-5aef509db6ff4dc4adc04dcc7423232b"}
{"correlation_id": "69da6cfe-5620-496a-a75b-0dddcc2be3d7", "operation": "changeset_apply", "outcome": "allowed", "principal": "user:c1-dev.cd03e800-88fc-4033-9aa8-46b366bb80c9", "reason": "", "target": "urn:c1:instance:dev:changeset-5aef509db6ff4dc4adc04dcc7423232b"}
{"correlation_id": "3c1de3e4-023b-4c25-82e0-3561aeca19e0", "operation": "instance_read", "outcome": "allowed", "principal": "user:c1-dev.cd03e800-88fc-4033-9aa8-46b366bb80c9", "reason": "", "target": "dev"}
{"fixture": "cross-project-batteries", "revision": "branch:scyjlq8rx9hcml51ve54uc4wuze0nwf", "state": "applied"}
