{"correlation_id": "8795dc47-86eb-4ee6-b74e-0af4d64450e8", "operation": "whoami", "outcome": "allowed", "principal": "user:c1-dev.810ccc6a-6084-4c5c-80a3-1cd63e5db6d5", "reason": "", "target": ""}
{"correlation_id": "01fd8cc2-50ec-4a32-a7bb-54e7d8759a7d", "operation": "instance_grant", "outcome": "applied", "principal": "user:c1-dev.810ccc6a-6084-4c5c-80a3-1cd63e5db6d5", "reason": "confirmed", "target": "m03_614d64ee1f264fd3be9d6d4883e0c622"}
{"correlation_id": "463076a6-5c2d-4489-a66d-ad24aabcb001", "operation": "instance_grant", "outcome": "allowed", "principal": "user:c1-dev.810ccc6a-6084-4c5c-80a3-1cd63e5db6d5", "reason": "", "target": "user:c1-dev.810ccc6a-6084-4c5c-80a3-1cd63e5db6d5"}
{"correlation_id": "93a4453d-de60-436b-b2d2-dbaca071c73c", "operation": "whoami", "outcome": "allowed", "principal": "user:c1-dev.cd03e800-88fc-4033-9aa8-46b366bb80c9", "reason": "", "target": ""}
{"correlation_id": "dc7cc65d-ebad-4cf1-94c9-8a178a9cd903", "operation": "instance_grant", "outcome": "applied", "principal": "user:c1-dev.810ccc6a-6084-4c5c-80a3-1cd63e5db6d5", "reason": "confirmed", "target": "m03_614d64ee1f264fd3be9d6d4883e0c622"}
{"correlation_id": "3377b40b-ff23-47b5-990d-bd4aa9759367", "operation": "instance_grant", "outcome": "allowed", "principal": "user:c1-dev.810ccc6a-6084-4c5c-80a3-1cd63e5db6d5", "reason": "", "target": "user:c1-dev.cd03e800-88fc-4033-9aa8-46b366bb80c9"}
{"correlation_id": "b252fd68-6b87-4e81-97eb-1fc007b0c50c", "operation": "instance_read", "outcome": "allowed", "principal": "user:c1-dev.810ccc6a-6084-4c5c-80a3-1cd63e5db6d5", "reason": "", "target": "m03_614d64ee1f264fd3be9d6d4883e0c622"}
{"correlation_id": "5a27c528-848e-4f02-a393-cf0bbc52a09b", "operation": "changeset_create", "outcome": "allowed", "principal": "user:c1-dev.810ccc6a-6084-4c5c-80a3-1cd63e5db6d5", "reason": "", "target": "urn:c1:instance:dev:changeset-f6166ef4f4824ff39f7dcf3bec04bd92"}
{"correlation_id": "00ca7d0c-bf41-411c-abda-a4bc3100f993", "operation": "changeset_submit", "outcome": "allowed", "principal": "user:c1-dev.810ccc6a-6084-4c5c-80a3-1cd63e5db6d5", "reason": "", "target": "urn:c1:instance:dev:changeset-f6166ef4f4824ff39f7dcf3bec04bd92"}
{"correlation_id": "38cbfdb6-0b0c-46a4-8fb7-9e5e69a1049f", "operation": "changeset_approve", "outcome": "allowed", "principal": "user:c1-dev.cd03e800-88fc-4033-9aa8-46b366bb80c9", "reason": "", "target": "urn:c1:instance:dev:changeset-f6166ef4f4824ff39f7dcf3bec04bd92"}
{"correlation_id": "7096734d-0738-424e-8913-bb57c94133bb", "operation": "changeset_apply", "outcome": "allowed", "principal": "user:c1-dev.cd03e800-88fc-4033-9aa8-46b366bb80c9", "reason": "", "target": "urn:c1:instance:dev:changeset-f6166ef4f4824ff39f7dcf3bec04bd92"}
{"correlation_id": "c481054e-a78f-429a-85b4-437a08004709", "operation": "instance_read", "outcome": "allowed", "principal": "user:c1-dev.810ccc6a-6084-4c5c-80a3-1cd63e5db6d5", "reason": "", "target": "m03_614d64ee1f264fd3be9d6d4883e0c622"}
{"correlation_id": "b62bfaac-6502-4bf8-b684-fd445f5f0dc8", "operation": "changeset_create", "outcome": "allowed", "principal": "user:c1-dev.810ccc6a-6084-4c5c-80a3-1cd63e5db6d5", "reason": "", "target": "urn:c1:instance:dev:changeset-e621ebfdd5184fc08c28c9d7766939ff"}
{"correlation_id": "f474f78d-7a8f-4bb8-a88f-3d14008815a0", "operation": "changeset_submit", "outcome": "allowed", "principal": "user:c1-dev.810ccc6a-6084-4c5c-80a3-1cd63e5db6d5", "reason": "", "target": "urn:c1:instance:dev:changeset-e621ebfdd5184fc08c28c9d7766939ff"}
{"correlation_id": "95a5c0b3-5867-40ab-bea3-d20e50b3406a", "operation": "changeset_approve", "outcome": "allowed", "principal": "user:c1-dev.cd03e800-88fc-4033-9aa8-46b366bb80c9", "reason": "", "target": "urn:c1:instance:dev:changeset-e621ebfdd5184fc08c28c9d7766939ff"}
{"correlation_id": "3c097e3e-3d01-420b-afdb-7c280e9e7b19", "operation": "changeset_apply", "outcome": "allowed", "principal": "user:c1-dev.cd03e800-88fc-4033-9aa8-46b366bb80c9", "reason": "", "target": "urn:c1:instance:dev:changeset-e621ebfdd5184fc08c28c9d7766939ff"}
{"correlation_id": "4ccfb080-476c-472e-8e6e-aae28daabaca", "operation": "whoami", "outcome": "allowed", "principal": "user:c1-dev.0c02d576-45eb-4460-a71e-c184e51f7541", "reason": "", "target": ""}
{"correlation_id": "c8aebe27-e0c8-4b11-9436-adf3fad1cf0a", "operation": "whoami", "outcome": "allowed", "principal": "user:c1-dev.d5caa03b-408b-4032-938c-08c4202c3c10", "reason": "", "target": ""}
{"correlation_id": "9baadade-7b65-40c8-b92a-da11a3918991", "operation": "whoami", "outcome": "allowed", "principal": "user:c1-dev.cd03e800-88fc-4033-9aa8-46b366bb80c9", "reason": "", "target": ""}
{"correlation_id": "021c1a64-858e-4858-bfd0-6b4b123be789", "operation": "whoami", "outcome": "allowed", "principal": "user:c1-dev.097323d6-bb6e-4ccf-978a-6b466ca215cd", "reason": "", "target": ""}
{"correlation_id": "4a21a6a7-37d7-4563-b5ae-9ea1364c815b", "operation": "scope_create", "outcome": "applied", "principal": "user:c1-dev.810ccc6a-6084-4c5c-80a3-1cd63e5db6d5", "reason": "confirmed", "target": "bat-shared"}
{"correlation_id": "94969b7a-845f-4ae0-a2d9-8f4e8cb65e8c", "operation": "scope_create", "outcome": "allowed", "principal": "user:c1-dev.810ccc6a-6084-4c5c-80a3-1cd63e5db6d5", "reason": "", "target": "bat-shared"}
{"correlation_id": "0ac71ab8-d3dd-4e63-890d-d6fd9f707751", "operation": "membership", "outcome": "applied", "principal": "user:c1-dev.810ccc6a-6084-4c5c-80a3-1cd63e5db6d5", "reason": "confirmed", "target": "bat-shared"}
{"correlation_id": "ee0b9e30-5a76-4631-9b28-08e735021807", "operation": "scope_member_grant", "outcome": "allowed", "principal": "user:c1-dev.810ccc6a-6084-4c5c-80a3-1cd63e5db6d5", "reason": "", "target": "bat-shared"}
{"correlation_id": "c6ff362f-54f4-48ac-946d-72aadad3ce06", "operation": "membership", "outcome": "applied", "principal": "user:c1-dev.810ccc6a-6084-4c5c-80a3-1cd63e5db6d5", "reason": "confirmed", "target": "bat-shared"}
{"correlation_id": "bb7b2383-00af-46ef-ab9d-3b206cbe2613", "operation": "scope_member_grant", "outcome": "allowed", "principal": "user:c1-dev.810ccc6a-6084-4c5c-80a3-1cd63e5db6d5", "reason": "", "target": "bat-shared"}
{"correlation_id": "53f2e950-109c-4d14-814c-6158a0ad5c53", "operation": "membership", "outcome": "applied", "principal": "user:c1-dev.810ccc6a-6084-4c5c-80a3-1cd63e5db6d5", "reason": "confirmed", "target": "bat-shared"}
{"correlation_id": "32d2f6ea-7a82-413d-a8a7-a425df462d8f", "operation": "scope_member_grant", "outcome": "allowed", "principal": "user:c1-dev.810ccc6a-6084-4c5c-80a3-1cd63e5db6d5", "reason": "", "target": "bat-shared"}
{"correlation_id": "0f015270-9ec6-4dcc-a879-237a015fdffc", "operation": "scope_create", "outcome": "applied", "principal": "user:c1-dev.810ccc6a-6084-4c5c-80a3-1cd63e5db6d5", "reason": "confirmed", "target": "bat-papertrader"}
{"correlation_id": "5c0057ba-4210-4ec1-8195-0ec7904fa27d", "operation": "scope_create", "outcome": "allowed", "principal": "user:c1-dev.810ccc6a-6084-4c5c-80a3-1cd63e5db6d5", "reason": "", "target": "bat-papertrader"}
{"correlation_id": "2887953e-b7e2-4e14-b43b-6a8fc634df69", "operation": "membership", "outcome": "applied", "principal": "user:c1-dev.810ccc6a-6084-4c5c-80a3-1cd63e5db6d5", "reason": "confirmed", "target": "bat-papertrader"}
{"correlation_id": "f189a8a4-1b1a-47da-ab4e-6ccc23d8fd49", "operation": "scope_member_grant", "outcome": "allowed", "principal": "user:c1-dev.810ccc6a-6084-4c5c-80a3-1cd63e5db6d5", "reason": "", "target": "bat-papertrader"}
{"correlation_id": "864d0bda-b33c-40fd-b146-0716469899f7", "operation": "membership", "outcome": "applied", "principal": "user:c1-dev.810ccc6a-6084-4c5c-80a3-1cd63e5db6d5", "reason": "confirmed", "target": "bat-papertrader"}
{"correlation_id": "f5e03e3c-cd06-41ef-a611-fd1d169b3e5c", "operation": "scope_member_grant", "outcome": "allowed", "principal": "user:c1-dev.810ccc6a-6084-4c5c-80a3-1cd63e5db6d5", "reason": "", "target": "bat-papertrader"}
{"correlation_id": "1a55c6c3-4fd2-4949-a1c3-99cd53313cb9", "operation": "membership", "outcome": "applied", "principal": "user:c1-dev.810ccc6a-6084-4c5c-80a3-1cd63e5db6d5", "reason": "confirmed", "target": "bat-papertrader"}
{"correlation_id": "59bc38e9-e43b-45e2-85e3-4625005c1832", "operation": "scope_member_grant", "outcome": "allowed", "principal": "user:c1-dev.810ccc6a-6084-4c5c-80a3-1cd63e5db6d5", "reason": "", "target": "bat-papertrader"}
{"correlation_id": "f0ff1337-5996-4f94-91ca-90ae6e1eb6a5", "operation": "scope_create", "outcome": "applied", "principal": "user:c1-dev.810ccc6a-6084-4c5c-80a3-1cd63e5db6d5", "reason": "confirmed", "target": "bat-robotelier"}
{"correlation_id": "e2907519-c664-4310-a54c-baa77e613cc1", "operation": "scope_create", "outcome": "allowed", "principal": "user:c1-dev.810ccc6a-6084-4c5c-80a3-1cd63e5db6d5", "reason": "", "target": "bat-robotelier"}
{"correlation_id": "3d2930fe-4ca6-411f-8885-bef58e1380d4", "operation": "membership", "outcome": "applied", "principal": "user:c1-dev.810ccc6a-6084-4c5c-80a3-1cd63e5db6d5", "reason": "confirmed", "target": "bat-robotelier"}
{"correlation_id": "56970c68-f7c3-4124-96dd-f3aa70359578", "operation": "scope_member_grant", "outcome": "allowed", "principal": "user:c1-dev.810ccc6a-6084-4c5c-80a3-1cd63e5db6d5", "reason": "", "target": "bat-robotelier"}
{"correlation_id": "08a7fa04-7b55-43fe-81e3-5060327b7533", "operation": "membership", "outcome": "applied", "principal": "user:c1-dev.810ccc6a-6084-4c5c-80a3-1cd63e5db6d5", "reason": "confirmed", "target": "bat-robotelier"}
{"correlation_id": "6205c320-2aa7-43a3-a83e-26cc00803d99", "operation": "scope_member_grant", "outcome": "allowed", "principal": "user:c1-dev.810ccc6a-6084-4c5c-80a3-1cd63e5db6d5", "reason": "", "target": "bat-robotelier"}
{"correlation_id": "a8eafcf1-a9fe-47d8-bfa9-27d7ecb8c762", "operation": "membership", "outcome": "applied", "principal": "user:c1-dev.810ccc6a-6084-4c5c-80a3-1cd63e5db6d5", "reason": "confirmed", "target": "bat-robotelier"}
{"correlation_id": "0ae480ae-6d30-4199-8674-67dad5ecd51d", "operation": "scope_member_grant", "outcome": "allowed", "principal": "user:c1-dev.810ccc6a-6084-4c5c-80a3-1cd63e5db6d5", "reason": "", "target": "bat-robotelier"}
{"correlation_id": "33c44c77-a684-477f-8ba2-08f796bc2dca", "operation": "scope_create", "outcome": "applied", "principal": "user:c1-dev.810ccc6a-6084-4c5c-80a3-1cd63e5db6d5", "reason": "confirmed", "target": "bat-hidden"}
{"correlation_id": "757a2f81-741e-4603-86a3-85738e44727f", "operation": "scope_create", "outcome": "allowed", "principal": "user:c1-dev.810ccc6a-6084-4c5c-80a3-1cd63e5db6d5", "reason": "", "target": "bat-hidden"}
{"correlation_id": "fd16cb89-a5c8-49f6-80a8-b0420eb1302c", "operation": "membership", "outcome": "applied", "principal": "user:c1-dev.810ccc6a-6084-4c5c-80a3-1cd63e5db6d5", "reason": "confirmed", "target": "bat-hidden"}
{"correlation_id": "92c01a6c-0f08-4bef-988c-bafe35b4dbcf", "operation": "scope_member_grant", "outcome": "allowed", "principal": "user:c1-dev.810ccc6a-6084-4c5c-80a3-1cd63e5db6d5", "reason": "", "target": "bat-hidden"}
{"correlation_id": "48ad1beb-98c6-4dd0-86af-34af93d407cd", "operation": "membership", "outcome": "applied", "principal": "user:c1-dev.810ccc6a-6084-4c5c-80a3-1cd63e5db6d5", "reason": "confirmed", "target": "bat-hidden"}
{"correlation_id": "d7cb5131-eeed-4abe-8ee3-71cca1cb847a", "operation": "scope_member_grant", "outcome": "allowed", "principal": "user:c1-dev.810ccc6a-6084-4c5c-80a3-1cd63e5db6d5", "reason": "", "target": "bat-hidden"}
{"correlation_id": "d098f647-704e-4ad2-94d4-049bad98d265", "operation": "membership", "outcome": "applied", "principal": "user:c1-dev.810ccc6a-6084-4c5c-80a3-1cd63e5db6d5", "reason": "confirmed", "target": "bat-shared"}
{"correlation_id": "4fc92544-c87b-42bc-8cd6-d196313b597d", "operation": "scope_member_grant", "outcome": "allowed", "principal": "user:c1-dev.810ccc6a-6084-4c5c-80a3-1cd63e5db6d5", "reason": "", "target": "bat-shared"}
{"correlation_id": "5c41b0e4-0e88-4347-8aa9-9bfaab9e2964", "operation": "membership", "outcome": "applied", "principal": "user:c1-dev.810ccc6a-6084-4c5c-80a3-1cd63e5db6d5", "reason": "confirmed", "target": "bat-shared"}
{"correlation_id": "f9a3ad67-06c7-47e9-a85e-61ef9b02db39", "operation": "scope_member_grant", "outcome": "allowed", "principal": "user:c1-dev.810ccc6a-6084-4c5c-80a3-1cd63e5db6d5", "reason": "", "target": "bat-shared"}
{"correlation_id": "c16d948e-6230-415f-9489-e868786396b0", "operation": "membership", "outcome": "applied", "principal": "user:c1-dev.810ccc6a-6084-4c5c-80a3-1cd63e5db6d5", "reason": "confirmed", "target": "bat-shared"}
{"correlation_id": "f10f62df-64f6-4b14-b887-081ff90f312c", "operation": "scope_member_grant", "outcome": "allowed", "principal": "user:c1-dev.810ccc6a-6084-4c5c-80a3-1cd63e5db6d5", "reason": "", "target": "bat-shared"}
{"correlation_id": "cd399ed3-a02b-4733-8f53-0f15c21c2136", "operation": "membership", "outcome": "applied", "principal": "user:c1-dev.810ccc6a-6084-4c5c-80a3-1cd63e5db6d5", "reason": "confirmed", "target": "bat-papertrader"}
{"correlation_id": "463d8595-0302-4480-8b22-67baf776650c", "operation": "scope_member_grant", "outcome": "allowed", "principal": "user:c1-dev.810ccc6a-6084-4c5c-80a3-1cd63e5db6d5", "reason": "", "target": "bat-papertrader"}
{"correlation_id": "cf9e8510-8ca4-449c-8e15-8f4d9d573bc7", "operation": "membership", "outcome": "applied", "principal": "user:c1-dev.810ccc6a-6084-4c5c-80a3-1cd63e5db6d5", "reason": "confirmed", "target": "bat-papertrader"}
{"correlation_id": "f2ec3d4d-dfd8-41d0-9958-8bcfbad539ba", "operation": "scope_member_grant", "outcome": "allowed", "principal": "user:c1-dev.810ccc6a-6084-4c5c-80a3-1cd63e5db6d5", "reason": "", "target": "bat-papertrader"}
{"correlation_id": "83480b8d-449c-4c7e-934d-19b447300d78", "operation": "membership", "outcome": "applied", "principal": "user:c1-dev.810ccc6a-6084-4c5c-80a3-1cd63e5db6d5", "reason": "confirmed", "target": "bat-papertrader"}
{"correlation_id": "d4705294-38b0-4f73-ac17-319ce4ca7601", "operation": "scope_member_grant", "outcome": "allowed", "principal": "user:c1-dev.810ccc6a-6084-4c5c-80a3-1cd63e5db6d5", "reason": "", "target": "bat-papertrader"}
{"correlation_id": "5ed66843-6d4e-4aa4-b903-35ed57f49f37", "operation": "membership", "outcome": "applied", "principal": "user:c1-dev.810ccc6a-6084-4c5c-80a3-1cd63e5db6d5", "reason": "confirmed", "target": "bat-shared"}
{"correlation_id": "56bb8858-9230-4998-9937-b795aa6d1d9a", "operation": "scope_member_grant", "outcome": "allowed", "principal": "user:c1-dev.810ccc6a-6084-4c5c-80a3-1cd63e5db6d5", "reason": "", "target": "bat-shared"}
{"correlation_id": "8770f2de-4063-4656-9e2c-624a6508c78b", "operation": "membership", "outcome": "applied", "principal": "user:c1-dev.810ccc6a-6084-4c5c-80a3-1cd63e5db6d5", "reason": "confirmed", "target": "bat-shared"}
{"correlation_id": "113aa2b9-e68a-4825-9160-687cd9463367", "operation": "scope_member_grant", "outcome": "allowed", "principal": "user:c1-dev.810ccc6a-6084-4c5c-80a3-1cd63e5db6d5", "reason": "", "target": "bat-shared"}
{"correlation_id": "2ce4c110-915e-4d03-a7bd-b8a77c538fca", "operation": "membership", "outcome": "applied", "principal": "user:c1-dev.810ccc6a-6084-4c5c-80a3-1cd63e5db6d5", "reason": "confirmed", "target": "bat-shared"}
{"correlation_id": "07ce6335-55ae-4a57-aa19-a7e656c45727", "operation": "scope_member_grant", "outcome": "allowed", "principal": "user:c1-dev.810ccc6a-6084-4c5c-80a3-1cd63e5db6d5", "reason": "", "target": "bat-shared"}
{"correlation_id": "1de29474-4277-412c-99ba-12193b582141", "operation": "membership", "outcome": "applied", "principal": "user:c1-dev.810ccc6a-6084-4c5c-80a3-1cd63e5db6d5", "reason": "confirmed", "target": "bat-papertrader"}
{"correlation_id": "7f1dfc99-8dbc-42e5-9ebd-9df6672f75d6", "operation": "scope_member_grant", "outcome": "allowed", "principal": "user:c1-dev.810ccc6a-6084-4c5c-80a3-1cd63e5db6d5", "reason": "", "target": "bat-papertrader"}
{"correlation_id": "7081185b-d065-416f-93f5-631fbd1a6acb", "operation": "membership", "outcome": "applied", "principal": "user:c1-dev.810ccc6a-6084-4c5c-80a3-1cd63e5db6d5", "reason": "confirmed", "target": "bat-papertrader"}
{"correlation_id": "ab9ddab6-f6eb-4018-a787-9006a539ab3a", "operation": "scope_member_grant", "outcome": "allowed", "principal": "user:c1-dev.810ccc6a-6084-4c5c-80a3-1cd63e5db6d5", "reason": "", "target": "bat-papertrader"}
{"correlation_id": "c41c9075-9f7b-402a-aae4-b266dec41a17", "operation": "membership", "outcome": "applied", "principal": "user:c1-dev.810ccc6a-6084-4c5c-80a3-1cd63e5db6d5", "reason": "confirmed", "target": "bat-papertrader"}
{"correlation_id": "363515d6-18dd-4107-bbc2-65287eed1edf", "operation": "scope_member_grant", "outcome": "allowed", "principal": "user:c1-dev.810ccc6a-6084-4c5c-80a3-1cd63e5db6d5", "reason": "", "target": "bat-papertrader"}
{"correlation_id": "bf3e1e7c-b3fb-43fd-899f-de080c3eb874", "operation": "membership", "outcome": "applied", "principal": "user:c1-dev.810ccc6a-6084-4c5c-80a3-1cd63e5db6d5", "reason": "confirmed", "target": "bat-robotelier"}
{"correlation_id": "32516c81-02b6-4017-8e3b-68e9e122d131", "operation": "scope_member_grant", "outcome": "allowed", "principal": "user:c1-dev.810ccc6a-6084-4c5c-80a3-1cd63e5db6d5", "reason": "", "target": "bat-robotelier"}
{"correlation_id": "f78ef7d4-9845-4e1f-bc6a-bbebe9e22279", "operation": "membership", "outcome": "applied", "principal": "user:c1-dev.810ccc6a-6084-4c5c-80a3-1cd63e5db6d5", "reason": "confirmed", "target": "bat-robotelier"}
{"correlation_id": "1b7b6ff9-d37c-4b61-b771-54dfb8d2c4af", "operation": "scope_member_grant", "outcome": "allowed", "principal": "user:c1-dev.810ccc6a-6084-4c5c-80a3-1cd63e5db6d5", "reason": "", "target": "bat-robotelier"}
{"correlation_id": "74319fe4-b658-4afb-85ef-d9919b6cda55", "operation": "membership", "outcome": "applied", "principal": "user:c1-dev.810ccc6a-6084-4c5c-80a3-1cd63e5db6d5", "reason": "confirmed", "target": "bat-robotelier"}
{"correlation_id": "2bfe7699-4b51-47d8-9f19-bea867fed597", "operation": "scope_member_grant", "outcome": "allowed", "principal": "user:c1-dev.810ccc6a-6084-4c5c-80a3-1cd63e5db6d5", "reason": "", "target": "bat-robotelier"}
{"correlation_id": "f3484e8b-04d1-4b9b-ba0a-cee47c98eb1d", "operation": "membership", "outcome": "applied", "principal": "user:c1-dev.810ccc6a-6084-4c5c-80a3-1cd63e5db6d5", "reason": "confirmed", "target": "bat-hidden"}
{"correlation_id": "5bacd7dc-fdde-4305-8a3d-55252bb925e1", "operation": "scope_member_grant", "outcome": "allowed", "principal": "user:c1-dev.810ccc6a-6084-4c5c-80a3-1cd63e5db6d5", "reason": "", "target": "bat-hidden"}
{"correlation_id": "dd4f2c7d-d82f-4faa-a7fd-7bc878f0fe6b", "operation": "membership", "outcome": "applied", "principal": "user:c1-dev.810ccc6a-6084-4c5c-80a3-1cd63e5db6d5", "reason": "confirmed", "target": "bat-hidden"}
{"correlation_id": "5f0e0156-4c42-423c-9d0b-121249002d75", "operation": "scope_member_grant", "outcome": "allowed", "principal": "user:c1-dev.810ccc6a-6084-4c5c-80a3-1cd63e5db6d5", "reason": "", "target": "bat-hidden"}
{"correlation_id": "7b9a7a30-06ae-482e-a27b-3c2ffb75b302", "operation": "membership", "outcome": "applied", "principal": "user:c1-dev.810ccc6a-6084-4c5c-80a3-1cd63e5db6d5", "reason": "confirmed", "target": "bat-hidden"}
{"correlation_id": "4b7d4f0a-08d9-48d5-9163-f5cbd29e51c4", "operation": "scope_member_grant", "outcome": "allowed", "principal": "user:c1-dev.810ccc6a-6084-4c5c-80a3-1cd63e5db6d5", "reason": "", "target": "bat-hidden"}
{"correlation_id": "1279af6b-bed3-46dc-9039-d8300263cc28", "operation": "instance_read", "outcome": "allowed", "principal": "user:c1-dev.0c02d576-45eb-4460-a71e-c184e51f7541", "reason": "", "target": "m03_614d64ee1f264fd3be9d6d4883e0c622"}
{"correlation_id": "6001b047-5a79-4914-a0d0-58b4a0746166", "operation": "changeset_create", "outcome": "allowed", "principal": "user:c1-dev.0c02d576-45eb-4460-a71e-c184e51f7541", "reason": "", "target": "urn:c1:instance:dev:changeset-27aa508208d74f70b4cfc999d17c92e1"}
{"correlation_id": "ccadf8de-8458-4620-ba69-7638f36ff3fa", "operation": "changeset_submit", "outcome": "allowed", "principal": "user:c1-dev.0c02d576-45eb-4460-a71e-c184e51f7541", "reason": "", "target": "urn:c1:instance:dev:changeset-27aa508208d74f70b4cfc999d17c92e1"}
{"correlation_id": "d01ecfb4-8969-43ea-83ec-7c7458638f41", "operation": "changeset_approve", "outcome": "allowed", "principal": "user:c1-dev.cd03e800-88fc-4033-9aa8-46b366bb80c9", "reason": "", "target": "urn:c1:instance:dev:changeset-27aa508208d74f70b4cfc999d17c92e1"}
{"correlation_id": "2a23bd68-1ae8-4536-86b6-f5ea8ed7d7c4", "operation": "changeset_apply", "outcome": "allowed", "principal": "user:c1-dev.cd03e800-88fc-4033-9aa8-46b366bb80c9", "reason": "", "target": "urn:c1:instance:dev:changeset-27aa508208d74f70b4cfc999d17c92e1"}
{"correlation_id": "78f2a8b1-597c-4ea7-a4c2-526db6b24224", "operation": "query_entities", "outcome": "allowed", "principal": "user:c1-dev.d5caa03b-408b-4032-938c-08c4202c3c10", "reason": "", "target": ""}
{"correlation_id": "988f802a-1289-45d4-bda2-fddb4a2a4dfd", "operation": "instance_read", "outcome": "allowed", "principal": "user:c1-dev.d5caa03b-408b-4032-938c-08c4202c3c10", "reason": "", "target": "m03_614d64ee1f264fd3be9d6d4883e0c622"}
{"correlation_id": "5f7e6810-2091-45d7-bf39-1cf72bd4633a", "operation": "changeset_create", "outcome": "allowed", "principal": "user:c1-dev.d5caa03b-408b-4032-938c-08c4202c3c10", "reason": "", "target": "urn:c1:instance:dev:changeset-6703be45db394d8d90e72d0862efede2"}
{"correlation_id": "0978ec8a-b6b2-433a-a2d5-76a791ffb618", "operation": "changeset_submit", "outcome": "allowed", "principal": "user:c1-dev.d5caa03b-408b-4032-938c-08c4202c3c10", "reason": "", "target": "urn:c1:instance:dev:changeset-6703be45db394d8d90e72d0862efede2"}
{"correlation_id": "d20df129-64c5-4819-9ac8-471682bb9ce6", "operation": "changeset_approve", "outcome": "allowed", "principal": "user:c1-dev.cd03e800-88fc-4033-9aa8-46b366bb80c9", "reason": "", "target": "urn:c1:instance:dev:changeset-6703be45db394d8d90e72d0862efede2"}
{"correlation_id": "c7cdd37c-5bcc-445f-bf03-b0a9bd215680", "operation": "changeset_apply", "outcome": "allowed", "principal": "user:c1-dev.cd03e800-88fc-4033-9aa8-46b366bb80c9", "reason": "", "target": "urn:c1:instance:dev:changeset-6703be45db394d8d90e72d0862efede2"}
{"correlation_id": "b03740b9-1d0c-47af-b719-b1eba3bf59a4", "operation": "instance_read", "outcome": "allowed", "principal": "user:c1-dev.cd03e800-88fc-4033-9aa8-46b366bb80c9", "reason": "", "target": "m03_614d64ee1f264fd3be9d6d4883e0c622"}
{"fixture": "cross-project-batteries", "revision": "branch:wmua0r6gq638lhijs25xunnu9wtusk9", "state": "applied"}
