...............................................................FFAILED tests/integration/m04/test_t06_restore_security.py::test_t06_restore_cannot_resurrect_old_scope_access [call]
E   KeyError: 'state'

=================================== FAILURES ===================================
E   KeyError: 'state'
/home/tux/personalbuild/c1/tests/integration/m04/test_t06_restore_security.py:72: KeyError: 'state'
=============================== warnings summary ===============================
tests/integration/m01/test_t07_interchange.py: 3 warnings
tests/integration/m02/test_install_guards.py: 1 warning
tests/integration/m02/test_t01_roundtrip.py: 2 warnings
tests/integration/m02/test_t02_conflicts.py: 1 warning
tests/integration/m02/test_t03_no_partial.py: 1 warning
tests/integration/m02/test_t04_identity.py: 2 warnings
tests/integration/m02/test_t07_extension.py: 2 warnings
tests/integration/m03/test_journal_contract.py: 1 warning
  /home/tux/personalbuild/c1/.venv/lib/python3.13/site-packages/rdflib/plugins/parsers/jsonld.py:159: DeprecationWarning: ConjunctiveGraph is deprecated, use Dataset instead.
    conj_sink = ConjunctiveGraph(store=sink.store, identifier=sink.identifier)

-- Docs: https://docs.pytest.org/en/stable/how-to/capture-warnings.html
=========================== short test summary info ============================
FAILED tests/integration/m04/test_t06_restore_security.py::test_t06_restore_cannot_resurrect_old_scope_access
!!!!!!!!!!!!!!!!!!!!!!!!!! stopping after 1 failures !!!!!!!!!!!!!!!!!!!!!!!!!!!
1 failed, 63 passed, 13 warnings in 14785.75s (4:06:25)
