......................................................FFAILED tests/integration/m04/test_t01_reviewed_apply.py::test_t01_reviewed_source_and_manual_claims_commit_once [call]
E   httpcore.RemoteProtocolError: Server disconnected without sending a response.

The above exception was the direct cause of the following exception:
E   httpx.RemoteProtocolError: Server disconnected without sending a response.

=================================== FAILURES ===================================
E   httpcore.RemoteProtocolError: Server disconnected without sending a response.

The above exception was the direct cause of the following exception:
E   httpx.RemoteProtocolError: Server disconnected without sending a response.
/home/tux/personalbuild/c1/.venv/lib/python3.13/site-packages/httpx/_transports/default.py:118: httpx.RemoteProtocolError: Server disconnected without sending a response.
=============================== warnings summary ===============================
tests/integration/m01/test_t07_interchange.py: 3 warnings
tests/integration/m02/test_install_guards.py: 1 warning
tests/integration/m02/test_t01_roundtrip.py: 2 warnings
tests/integration/m02/test_t02_conflicts.py: 1 warning
tests/integration/m02/test_t03_no_partial.py: 1 warning
tests/integration/m02/test_t04_identity.py: 2 warnings
tests/integration/m02/test_t07_extension.py: 2 warnings
tests/integration/m03/test_journal_contract.py: 1 warning
  /home/tux/personalbuild/c1/.venv/lib/python3.13/site-packages/rdflib/plugins/parsers/jsonld.py:159: DeprecationWarning: ConjunctiveGraph is deprecated, use Dataset instead.
    conj_sink = ConjunctiveGraph(store=sink.store, identifier=sink.identifier)

-- Docs: https://docs.pytest.org/en/stable/how-to/capture-warnings.html
=========================== short test summary info ============================
FAILED tests/integration/m04/test_t01_reviewed_apply.py::test_t01_reviewed_source_and_manual_claims_commit_once
!!!!!!!!!!!!!!!!!!!!!!!!!! stopping after 1 failures !!!!!!!!!!!!!!!!!!!!!!!!!!!
1 failed, 54 passed, 13 warnings in 12796.60s (3:33:16)
