uv run --locked ruff check .
All checks passed!
uv run --locked ruff format --check .
220 files already formatted
uv run --locked mypy
Success: no issues found in 165 source files
uv run --locked pytest
============================= test session starts ==============================
platform linux -- Python 3.13.14, pytest-9.0.2, pluggy-1.6.0
rootdir: /home/tux/personalbuild/c1
configfile: pyproject.toml
testpaths: tests
plugins: anyio-4.15.1
collected 346 items

tests/integration/m01/test_t01_inventory.py s                            [  0%]
tests/integration/m01/test_t02_atomic.py s                               [  0%]
tests/integration/m01/test_t03_stale_and_reconcile.py s                  [  0%]
tests/integration/m01/test_t04_revisions.py s                            [  1%]
tests/integration/m01/test_t05_freshness.py ss                           [  1%]
tests/integration/m01/test_t06_publication.py ssss                       [  2%]
tests/integration/m01/test_t07_interchange.py ss                         [  3%]
tests/integration/m02/test_install_guards.py ss                          [  4%]
tests/integration/m02/test_t01_roundtrip.py s                            [  4%]
tests/integration/m02/test_t02_conflicts.py s                            [  4%]
tests/integration/m02/test_t03_no_partial.py ss                          [  5%]
tests/integration/m02/test_t04_identity.py s                             [  5%]
tests/integration/m02/test_t07_extension.py ss                           [  6%]
tests/integration/m03/test_authority_contract.py ss                      [  6%]
tests/integration/m03/test_cascade.py s                                  [  6%]
tests/integration/m03/test_journal_contract.py sss                       [  7%]
tests/integration/m03/test_t01_tokens.py s                               [  8%]
tests/integration/m03/test_t02_separation.py s                           [  8%]
tests/integration/m03/test_t03_independent.py s                          [  8%]
tests/integration/m03/test_t04_historical.py s                           [  8%]
tests/integration/m03/test_t05_bindings.py ss                            [  9%]
tests/integration/m03/test_t06_crash.py sss                              [ 10%]
tests/integration/m03/test_t07_boundary.py sss                           [ 11%]
tests/integration/m04/test_storage_paging.py s                           [ 11%]
tests/integration/m04/test_t01_reviewed_apply.py s                       [ 11%]
tests/integration/m04/test_t02_invalidation.py s                         [ 12%]
tests/integration/m04/test_t03_cross_scope.py s                          [ 12%]
tests/integration/m04/test_t04_retry_crash.py sssss                      [ 13%]
tests/integration/m04/test_t05_revision.py s                             [ 14%]
tests/integration/m04/test_t06_restore_security.py s                     [ 14%]
tests/integration/m04/test_t07_schema_conflict.py sss                    [ 15%]
tests/integration/m05/test_backend_fetch.py s                            [ 15%]
tests/integration/m05/test_t01_directory.py s                            [ 15%]
tests/integration/m05/test_t02_filters.py ss                             [ 16%]
tests/integration/m05/test_t03_noninterference.py s                      [ 16%]
tests/integration/m05/test_t04_identity_m05.py s                         [ 17%]
tests/integration/m05/test_t05_cursors.py ss                             [ 17%]
tests/integration/m05/test_t06_limits.py sss                             [ 18%]
tests/integration/m05/test_t07_views.py s                                [ 18%]
tests/test_baseline.py ........                                          [ 21%]
tests/test_harness.py ...                                                [ 21%]
tests/test_interchange.py .....                                          [ 23%]
tests/test_secret_hygiene.py ........                                    [ 25%]
tests/test_terminus_contract.py ....                                     [ 26%]
tests/unit/m02/test_export.py .....                                      [ 28%]
tests/unit/m02/test_extension.py ..........                              [ 31%]
tests/unit/m02/test_identity_values.py ..........                        [ 34%]
tests/unit/m02/test_keywords.py ..                                       [ 34%]
tests/unit/m02/test_literals.py ........................                 [ 41%]
tests/unit/m02/test_records.py .....                                     [ 43%]
tests/unit/m02/test_storage_guard.py .................                   [ 47%]
tests/unit/m02/test_time.py ........                                     [ 50%]
tests/unit/m02/test_unsupported.py ........                              [ 52%]
tests/unit/m02/test_validation.py ......                                 [ 54%]
tests/unit/m03/test_api_boundary.py ...                                  [ 55%]
tests/unit/m03/test_config.py .........                                  [ 57%]
tests/unit/m03/test_journal.py .........                                 [ 60%]
tests/unit/m03/test_plane.py ....                                        [ 61%]
tests/unit/m03/test_probe_canonical.py .                                 [ 61%]
tests/unit/m03/test_provision_privacy.py .....                           [ 63%]
tests/unit/m03/test_record_confirmation.py .......                       [ 65%]
tests/unit/m03/test_recovery_authority.py ..........                     [ 68%]
tests/unit/m03/test_tokens.py ..............                             [ 72%]
tests/unit/m04/test_changeset_validation.py ..........                   [ 75%]
tests/unit/m04/test_digest.py ....                                       [ 76%]
tests/unit/m04/test_history.py ......                                    [ 78%]
tests/unit/m04/test_idempotency.py ..                                    [ 78%]
tests/unit/m04/test_models.py ............                               [ 82%]
tests/unit/m04/test_profiles.py ........                                 [ 84%]
tests/unit/m04/test_routes.py ...                                        [ 85%]
tests/unit/m04/test_storage.py .....                                     [ 86%]
tests/unit/m05/test_compile.py .....                                     [ 88%]
tests/unit/m05/test_cursor.py ..                                         [ 88%]
tests/unit/m05/test_directory_fixture.py ..                              [ 89%]
tests/unit/m05/test_filters.py ...................                       [ 94%]
tests/unit/m05/test_identity.py .....                                    [ 96%]
tests/unit/m05/test_neighborhood_service.py .                            [ 96%]
tests/unit/m05/test_plan.py .......                                      [ 98%]
tests/unit/m05/test_traverse.py .....                                    [100%]

=============================== warnings summary ===============================
tests/test_interchange.py: 4 warnings
tests/unit/m02/test_export.py: 5 warnings
tests/unit/m02/test_extension.py: 4 warnings
tests/unit/m02/test_validation.py: 1 warning
tests/unit/m04/test_storage.py: 2 warnings
  /home/tux/personalbuild/c1/.venv/lib/python3.13/site-packages/rdflib/plugins/parsers/jsonld.py:159: DeprecationWarning: ConjunctiveGraph is deprecated, use Dataset instead.
    conj_sink = ConjunctiveGraph(store=sink.store, identifier=sink.identifier)

-- Docs: https://docs.pytest.org/en/stable/how-to/capture-warnings.html
=========================== short test summary info ============================
SKIPPED [1] tests/integration/m01/test_t01_inventory.py: M01 live stack requires C1_STACK=1
SKIPPED [1] tests/integration/m01/test_t02_atomic.py: M01 live stack requires C1_STACK=1
SKIPPED [1] tests/integration/m01/test_t03_stale_and_reconcile.py: M01 live stack requires C1_STACK=1
SKIPPED [1] tests/integration/m01/test_t04_revisions.py: M01 live stack requires C1_STACK=1
SKIPPED [2] tests/integration/m01/test_t05_freshness.py: M01 live stack requires C1_STACK=1
SKIPPED [3] tests/integration/m01/test_t06_publication.py:58: M01 live stack requires C1_STACK=1
SKIPPED [1] tests/integration/m01/test_t06_publication.py: M01 live stack requires C1_STACK=1
SKIPPED [2] tests/integration/m01/test_t07_interchange.py: M01 live stack requires C1_STACK=1
SKIPPED [2] tests/integration/m02/test_install_guards.py: M02 live stack requires C1_STACK=1
SKIPPED [1] tests/integration/m02/test_t01_roundtrip.py: M02 live stack requires C1_STACK=1
SKIPPED [1] tests/integration/m02/test_t02_conflicts.py: M02 live stack requires C1_STACK=1
SKIPPED [2] tests/integration/m02/test_t03_no_partial.py: M02 live stack requires C1_STACK=1
SKIPPED [1] tests/integration/m02/test_t04_identity.py: M02 live stack requires C1_STACK=1
SKIPPED [2] tests/integration/m02/test_t07_extension.py: M02 live stack requires C1_STACK=1
SKIPPED [2] tests/integration/m03/test_authority_contract.py: M03 real services require C1_STACK=1
SKIPPED [1] tests/integration/m03/test_cascade.py: M03 real services require C1_STACK=1
SKIPPED [3] tests/integration/m03/test_journal_contract.py: M03 real services require C1_STACK=1
SKIPPED [1] tests/integration/m03/test_t01_tokens.py: M03 real services require C1_STACK=1
SKIPPED [1] tests/integration/m03/test_t02_separation.py: M03 real services require C1_STACK=1
SKIPPED [1] tests/integration/m03/test_t03_independent.py: M03 real services require C1_STACK=1
SKIPPED [1] tests/integration/m03/test_t04_historical.py: M03 real services require C1_STACK=1
SKIPPED [2] tests/integration/m03/test_t05_bindings.py: M03 real services require C1_STACK=1
SKIPPED [3] tests/integration/m03/test_t06_crash.py:53: M03 real services require C1_STACK=1
SKIPPED [3] tests/integration/m03/test_t07_boundary.py: M03 real services require C1_STACK=1
SKIPPED [1] tests/integration/m04/test_storage_paging.py: requires pinned live stack
SKIPPED [1] tests/integration/m04/test_t01_reviewed_apply.py: M04 real services require C1_STACK=1
SKIPPED [1] tests/integration/m04/test_t02_invalidation.py: M04 real services require C1_STACK=1
SKIPPED [1] tests/integration/m04/test_t03_cross_scope.py: M04 real services require C1_STACK=1
SKIPPED [1] tests/integration/m04/test_t04_retry_crash.py: M04 real services require C1_STACK=1
SKIPPED [4] tests/integration/m04/test_t04_retry_crash.py:108: M04 real services require C1_STACK=1
SKIPPED [1] tests/integration/m04/test_t05_revision.py: M04 real services require C1_STACK=1
SKIPPED [1] tests/integration/m04/test_t06_restore_security.py: M04 real services require C1_STACK=1
SKIPPED [3] tests/integration/m04/test_t07_schema_conflict.py: M04 real services require C1_STACK=1
SKIPPED [1] tests/integration/m05/test_backend_fetch.py:33: M05 real TerminusDB required
SKIPPED [1] tests/integration/m05/test_t01_directory.py:131: M05 real services required
SKIPPED [1] tests/integration/m05/test_t02_filters.py:78: M05 real services required
SKIPPED [1] tests/integration/m05/test_t02_filters.py:218: M05 real services required
SKIPPED [1] tests/integration/m05/test_t03_noninterference.py:82: M05 real services required
SKIPPED [1] tests/integration/m05/test_t04_identity_m05.py:45: M05 real services required
SKIPPED [1] tests/integration/m05/test_t05_cursors.py:33: M05 real services required
SKIPPED [1] tests/integration/m05/test_t05_cursors.py:133: M05 real services required
SKIPPED [1] tests/integration/m05/test_t06_limits.py:20: M05 real services required
SKIPPED [1] tests/integration/m05/test_t06_limits.py:53: M05 real services required
SKIPPED [1] tests/integration/m05/test_t06_limits.py:75: M05 real services required
SKIPPED [1] tests/integration/m05/test_t07_views.py:36: M05 real services required
================ 281 passed, 65 skipped, 16 warnings in 20.89s =================
uv run --locked python scripts/check_secrets.py
Secret check passed for 382 tracked/nonignored files (offline).
uv run --locked python scripts/check_baseline.py
Baseline checks passed (local integrity and claims; not cloud equivalence).
uv run --locked python scripts/build_profile.py --check
