{
  "filters_used": [
    {
      "path": "detect_secrets.filters.allowlist.is_line_allowlisted"
    },
    {
      "path": "detect_secrets.filters.heuristic.is_indirect_reference"
    },
    {
      "path": "detect_secrets.filters.heuristic.is_likely_id_string"
    },
    {
      "path": "detect_secrets.filters.heuristic.is_lock_file"
    },
    {
      "path": "detect_secrets.filters.heuristic.is_not_alphanumeric_string"
    },
    {
      "path": "detect_secrets.filters.heuristic.is_potential_uuid"
    },
    {
      "path": "detect_secrets.filters.heuristic.is_prefixed_with_dollar_sign"
    },
    {
      "path": "detect_secrets.filters.heuristic.is_sequential_string"
    },
    {
      "path": "detect_secrets.filters.heuristic.is_swagger_file"
    },
    {
      "path": "detect_secrets.filters.heuristic.is_templated_secret"
    }
  ],
  "generated_at": "2026-09-25T15:07:41Z",
  "plugins_used": [
    {
      "name": "ArtifactoryDetector"
    },
    {
      "name": "AWSKeyDetector"
    },
    {
      "name": "AzureStorageKeyDetector"
    },
    {
      "limit": 4.5,
      "name": "Base64HighEntropyString"
    },
    {
      "name": "BasicAuthDetector"
    },
    {
      "name": "CloudantDetector"
    },
    {
      "name": "DiscordBotTokenDetector"
    },
    {
      "name": "GitHubTokenDetector"
    },
    {
      "name": "GitLabTokenDetector"
    },
    {
      "limit": 3.0,
      "name": "HexHighEntropyString"
    },
    {
      "name": "IbmCloudIamDetector"
    },
    {
      "name": "IbmCosHmacDetector"
    },
    {
      "name": "IPPublicDetector"
    },
    {
      "name": "JwtTokenDetector"
    },
    {
      "keyword_exclude": "",
      "name": "KeywordDetector"
    },
    {
      "name": "MailchimpDetector"
    },
    {
      "name": "NpmDetector"
    },
    {
      "name": "OpenAIDetector"
    },
    {
      "name": "PrivateKeyDetector"
    },
    {
      "name": "PypiTokenDetector"
    },
    {
      "name": "SendGridDetector"
    },
    {
      "name": "SlackDetector"
    },
    {
      "name": "SoftlayerDetector"
    },
    {
      "name": "SquareOAuthDetector"
    },
    {
      "name": "StripeDetector"
    },
    {
      "name": "TelegramBotTokenDetector"
    },
    {
      "name": "TwilioKeyDetector"
    }
  ],
  "results": {
    "docs/evidence/M00/dependencies.json": [
      {
        "filename": "docs/evidence/M00/dependencies.json",
        "hashed_secret": "e570efbbcf87282d3ae3c49ea1e5c69adc3f9853",
        "is_secret": false,
        "is_verified": false,
        "line_number": 15,
        "type": "Hex High Entropy String"
      },
      {
        "filename": "docs/evidence/M00/dependencies.json",
        "hashed_secret": "c1e0b83ab5e72cbe5090da5ae8bc61f138876624",
        "is_secret": false,
        "is_verified": false,
        "line_number": 19,
        "type": "Hex High Entropy String"
      },
      {
        "filename": "docs/evidence/M00/dependencies.json",
        "hashed_secret": "5926658c8b9f1cc083dda3c149e24ee6e77eadd8",
        "is_secret": false,
        "is_verified": false,
        "line_number": 35,
        "type": "Hex High Entropy String"
      },
      {
        "filename": "docs/evidence/M00/dependencies.json",
        "hashed_secret": "6b6c98ef8d6b4671b9982cb3278de985f136dbaa",
        "is_secret": false,
        "is_verified": false,
        "line_number": 49,
        "type": "Hex High Entropy String"
      },
      {
        "filename": "docs/evidence/M00/dependencies.json",
        "hashed_secret": "fef5820f55605b669cd8876942705d6c47813d80",
        "is_secret": false,
        "is_verified": false,
        "line_number": 65,
        "type": "Hex High Entropy String"
      },
      {
        "filename": "docs/evidence/M00/dependencies.json",
        "hashed_secret": "434ecc1aa3f1fbeb0bd66fec59aeda12f2bd74a7",
        "is_secret": false,
        "is_verified": false,
        "line_number": 77,
        "type": "Hex High Entropy String"
      },
      {
        "filename": "docs/evidence/M00/dependencies.json",
        "hashed_secret": "3763cf5481d992726007a598f6aed1a536982682",
        "is_secret": false,
        "is_verified": false,
        "line_number": 89,
        "type": "Hex High Entropy String"
      },
      {
        "filename": "docs/evidence/M00/dependencies.json",
        "hashed_secret": "498b2a74578704af7d3fbc4660186223e663c071",
        "is_secret": false,
        "is_verified": false,
        "line_number": 103,
        "type": "Hex High Entropy String"
      },
      {
        "filename": "docs/evidence/M00/dependencies.json",
        "hashed_secret": "b86ad20f90a577fc047bb162ebf5361a2db25d8c",
        "is_secret": false,
        "is_verified": false,
        "line_number": 117,
        "type": "Hex High Entropy String"
      },
      {
        "filename": "docs/evidence/M00/dependencies.json",
        "hashed_secret": "2023ff0da38bcb8bf526b17f76b8b642d0b0a314",
        "is_secret": false,
        "is_verified": false,
        "line_number": 131,
        "type": "Hex High Entropy String"
      },
      {
        "filename": "docs/evidence/M00/dependencies.json",
        "hashed_secret": "f1049865549428ae6abed8813b67466821748b62",
        "is_secret": false,
        "is_verified": false,
        "line_number": 145,
        "type": "Hex High Entropy String"
      },
      {
        "filename": "docs/evidence/M00/dependencies.json",
        "hashed_secret": "c6e83872ad47c14e1b1498b893690e6c97ee75ea",
        "is_secret": false,
        "is_verified": false,
        "line_number": 149,
        "type": "Hex High Entropy String"
      },
      {
        "filename": "docs/evidence/M00/dependencies.json",
        "hashed_secret": "c318e5ebae41c9ff4e267b824ad404e647a428ff",
        "is_secret": false,
        "is_verified": false,
        "line_number": 167,
        "type": "Hex High Entropy String"
      },
      {
        "filename": "docs/evidence/M00/dependencies.json",
        "hashed_secret": "514eabc1a815323e15b53944655fe52fa98d2e6b",
        "is_secret": false,
        "is_verified": false,
        "line_number": 181,
        "type": "Hex High Entropy String"
      },
      {
        "filename": "docs/evidence/M00/dependencies.json",
        "hashed_secret": "8e4a847688181e363f21e8f9f0032c99b376b93a",
        "is_secret": false,
        "is_verified": false,
        "line_number": 185,
        "type": "Hex High Entropy String"
      },
      {
        "filename": "docs/evidence/M00/dependencies.json",
        "hashed_secret": "bcfd8b27ba32c04ca7a93cfc5e49a6501f99628e",
        "is_secret": false,
        "is_verified": false,
        "line_number": 189,
        "type": "Hex High Entropy String"
      },
      {
        "filename": "docs/evidence/M00/dependencies.json",
        "hashed_secret": "63f0a6af615f2b624ac9fda24e66e4dcbf4652aa",
        "is_secret": false,
        "is_verified": false,
        "line_number": 205,
        "type": "Hex High Entropy String"
      },
      {
        "filename": "docs/evidence/M00/dependencies.json",
        "hashed_secret": "500dbb14fa164d8cc8d1f02466ae79c7b2ecb0e3",
        "is_secret": false,
        "is_verified": false,
        "line_number": 221,
        "type": "Hex High Entropy String"
      },
      {
        "filename": "docs/evidence/M00/dependencies.json",
        "hashed_secret": "e3e759486f1f0651ce766f625a6c00b9bd654fd4",
        "is_secret": false,
        "is_verified": false,
        "line_number": 235,
        "type": "Hex High Entropy String"
      },
      {
        "filename": "docs/evidence/M00/dependencies.json",
        "hashed_secret": "a150ec5df231041e58f6fc3fa8bcf0f193a79d0a",
        "is_secret": false,
        "is_verified": false,
        "line_number": 249,
        "type": "Hex High Entropy String"
      },
      {
        "filename": "docs/evidence/M00/dependencies.json",
        "hashed_secret": "869122211a72c0992f456fcbe556eb0020e381e0",
        "is_secret": false,
        "is_verified": false,
        "line_number": 265,
        "type": "Hex High Entropy String"
      },
      {
        "filename": "docs/evidence/M00/dependencies.json",
        "hashed_secret": "b9d7cfb905aa019844afd212e36eba9a861d38a2",
        "is_secret": false,
        "is_verified": false,
        "line_number": 281,
        "type": "Hex High Entropy String"
      },
      {
        "filename": "docs/evidence/M00/dependencies.json",
        "hashed_secret": "918fdd6cfd5c70a8d84dae7f88f6fe2edcc8eb7f",
        "is_secret": false,
        "is_verified": false,
        "line_number": 285,
        "type": "Hex High Entropy String"
      },
      {
        "filename": "docs/evidence/M00/dependencies.json",
        "hashed_secret": "26f611b021387df139456d39bd14ed2c3cd0dc97",
        "is_secret": false,
        "is_verified": false,
        "line_number": 311,
        "type": "Hex High Entropy String"
      },
      {
        "filename": "docs/evidence/M00/dependencies.json",
        "hashed_secret": "54da70fcc7071804ad71210c5d87aaf3d8bdac8b",
        "is_secret": false,
        "is_verified": false,
        "line_number": 325,
        "type": "Hex High Entropy String"
      },
      {
        "filename": "docs/evidence/M00/dependencies.json",
        "hashed_secret": "5b8890dff0ae8ed97064508421995b60a1dca8a4",
        "is_secret": false,
        "is_verified": false,
        "line_number": 339,
        "type": "Hex High Entropy String"
      }
    ],
    "docs/evidence/M01/ci.json": [
      {
        "filename": "docs/evidence/M01/ci.json",
        "hashed_secret": "d39a2ec423bd1a1296453f550df3fc5bad80cb1a",
        "is_secret": false,
        "is_verified": false,
        "line_number": 1,
        "type": "Hex High Entropy String"
      }
    ],
    "docs/evidence/M02/dependencies.json": [
      {
        "filename": "docs/evidence/M02/dependencies.json",
        "hashed_secret": "7c5bcc8712ddc5ac4bd63e429d9ccde8e003bd29",
        "is_secret": false,
        "is_verified": false,
        "line_number": 10,
        "type": "Hex High Entropy String"
      },
      {
        "filename": "docs/evidence/M02/dependencies.json",
        "hashed_secret": "0ce25a9db45e4f72580187ac30bd2f35a22d6fc7",
        "is_secret": false,
        "is_verified": false,
        "line_number": 24,
        "type": "Hex High Entropy String"
      },
      {
        "filename": "docs/evidence/M02/dependencies.json",
        "hashed_secret": "3046aeec204497330608153cda9e975d3def8c10",
        "is_secret": false,
        "is_verified": false,
        "line_number": 38,
        "type": "Hex High Entropy String"
      },
      {
        "filename": "docs/evidence/M02/dependencies.json",
        "hashed_secret": "6fa6277922627eb92321f2dcce908de1258eb14d",
        "is_secret": false,
        "is_verified": false,
        "line_number": 52,
        "type": "Hex High Entropy String"
      }
    ],
    "docs/evidence/M03/dependencies.json": [
      {
        "filename": "docs/evidence/M03/dependencies.json",
        "hashed_secret": "6a6c613a1b20be8b0b2da4a713b4856c73402a29",
        "is_secret": false,
        "is_verified": false,
        "line_number": 11,
        "type": "Hex High Entropy String"
      },
      {
        "filename": "docs/evidence/M03/dependencies.json",
        "hashed_secret": "0c251c202df42794caa89a65315f2c7bd563d311",
        "is_secret": false,
        "is_verified": false,
        "line_number": 24,
        "type": "Hex High Entropy String"
      },
      {
        "filename": "docs/evidence/M03/dependencies.json",
        "hashed_secret": "b1609dbb34f7d0dd64ac17d3cc0828ded2b043de",
        "is_secret": false,
        "is_verified": false,
        "line_number": 37,
        "type": "Hex High Entropy String"
      },
      {
        "filename": "docs/evidence/M03/dependencies.json",
        "hashed_secret": "d9068be3bd38e6da2d9779674ad40059dd722dff",
        "is_secret": false,
        "is_verified": false,
        "line_number": 50,
        "type": "Hex High Entropy String"
      },
      {
        "filename": "docs/evidence/M03/dependencies.json",
        "hashed_secret": "d971384f90f6e834c50f2cee506059238750a2fc",
        "is_secret": false,
        "is_verified": false,
        "line_number": 63,
        "type": "Hex High Entropy String"
      },
      {
        "filename": "docs/evidence/M03/dependencies.json",
        "hashed_secret": "4ca3bb43766ee46aac2fbaf549ad53ba611c27ec",
        "is_secret": false,
        "is_verified": false,
        "line_number": 67,
        "type": "Hex High Entropy String"
      },
      {
        "filename": "docs/evidence/M03/dependencies.json",
        "hashed_secret": "fc1b8f63890bb4e6fcdbf8c00cc4635b72a508cc",
        "is_secret": false,
        "is_verified": false,
        "line_number": 71,
        "type": "Hex High Entropy String"
      },
      {
        "filename": "docs/evidence/M03/dependencies.json",
        "hashed_secret": "9b4b36503fb0a84c61e3082b22d01a53b18b7819",
        "is_secret": false,
        "is_verified": false,
        "line_number": 84,
        "type": "Hex High Entropy String"
      },
      {
        "filename": "docs/evidence/M03/dependencies.json",
        "hashed_secret": "00d98286b10765a74ed335a5b3f2274fa42ec40d",
        "is_secret": false,
        "is_verified": false,
        "line_number": 97,
        "type": "Hex High Entropy String"
      },
      {
        "filename": "docs/evidence/M03/dependencies.json",
        "hashed_secret": "8b7e2a3dc58de34903b04d9d1ebceb1817872048",
        "is_secret": false,
        "is_verified": false,
        "line_number": 110,
        "type": "Hex High Entropy String"
      },
      {
        "filename": "docs/evidence/M03/dependencies.json",
        "hashed_secret": "b3fa84c477de2351f52b0fb48cd4ab4f78efaf5d",
        "is_secret": false,
        "is_verified": false,
        "line_number": 123,
        "type": "Hex High Entropy String"
      }
    ],
    "docs/evidence/M03/privacy-fixture-failure/integration.log": [
      {
        "filename": "docs/evidence/M03/privacy-fixture-failure/integration.log",
        "hashed_secret": "dc22ab61cdcbd83a33a6f51ad2874c8ee35cd638",
        "is_secret": false,
        "is_verified": false,
        "line_number": 611,
        "type": "Base64 High Entropy String"
      }
    ],
    "docs/evidence/M03/privacy-fixture-failure/junit.xml": [
      {
        "filename": "docs/evidence/M03/privacy-fixture-failure/junit.xml",
        "hashed_secret": "dc22ab61cdcbd83a33a6f51ad2874c8ee35cd638",
        "is_secret": false,
        "is_verified": false,
        "line_number": 84,
        "type": "Base64 High Entropy String"
      }
    ],
    "docs/evidence/M07/final-context-demo-env-check.txt": [
      {
        "type": "Secret Keyword",
        "filename": "docs/evidence/M07/final-context-demo-env-check.txt",
        "hashed_secret": "fff210fd342ef452785bb9800b15cc0783511567",
        "is_verified": false,
        "line_number": 1,
        "is_secret": false
      }
    ],
    "docs/evidence/M07/read-retry-socket-probe.py": [
      {
        "filename": "docs/evidence/M07/read-retry-socket-probe.py",
        "hashed_secret": "69dd1c985cc8ae0e34f580a699ffa6c5a6ce7442",
        "is_secret": false,
        "is_verified": false,
        "line_number": 104,
        "type": "Secret Keyword"
      }
    ],
    "docs/evidence/M07/run-fixture-cli-gate-deadline.py": [
      {
        "type": "Base64 High Entropy String",
        "filename": "docs/evidence/M07/run-fixture-cli-gate-deadline.py",
        "hashed_secret": "9cdfd25fc47020fdbae471795ee781a067cc0fd1",
        "is_verified": false,
        "line_number": 176,
        "is_secret": false
      }
    ],
    "docs/evidence/M07/run-fixture-cli-gate.py": [
      {
        "filename": "docs/evidence/M07/run-fixture-cli-gate.py",
        "hashed_secret": "9cdfd25fc47020fdbae471795ee781a067cc0fd1",
        "is_secret": false,
        "is_verified": false,
        "line_number": 176,
        "type": "Base64 High Entropy String"
      }
    ],
    "docs/evidence/M07/wheel-shared-manifest-check.txt": [
      {
        "filename": "docs/evidence/M07/wheel-shared-manifest-check.txt",
        "hashed_secret": "76c510bf93718de4051c692cb9a6186379c99292",
        "is_secret": false,
        "is_verified": false,
        "line_number": 2,
        "type": "Hex High Entropy String"
      },
      {
        "filename": "docs/evidence/M07/wheel-shared-manifest-check.txt",
        "hashed_secret": "aca6d31314b2f2302c7ebd33c549414bbe7cb54a",
        "is_secret": false,
        "is_verified": false,
        "line_number": 4,
        "type": "Hex High Entropy String"
      }
    ],
    "docs/evidence/M08/attempt1-demo-env-check.txt": [
      {
        "type": "Secret Keyword",
        "filename": "docs/evidence/M08/attempt1-demo-env-check.txt",
        "hashed_secret": "fff210fd342ef452785bb9800b15cc0783511567",
        "is_verified": false,
        "line_number": 1,
        "is_secret": false
      }
    ],
    "docs/evidence/M08/demo-env-check.txt": [
      {
        "type": "Secret Keyword",
        "filename": "docs/evidence/M08/demo-env-check.txt",
        "hashed_secret": "fff210fd342ef452785bb9800b15cc0783511567",
        "is_verified": false,
        "line_number": 1,
        "is_secret": false
      }
    ],
    "docs/evidence/M08/demo.log": [
      {
        "type": "Hex High Entropy String",
        "filename": "docs/evidence/M08/demo.log",
        "hashed_secret": "97d5a9bdb16015f8c9c7980d4457ccd35a44e990",
        "is_verified": false,
        "line_number": 11,
        "is_secret": false
      },
      {
        "type": "Hex High Entropy String",
        "filename": "docs/evidence/M08/demo.log",
        "hashed_secret": "fd61bf58c2cd424af4917ee3cb5e53dce9606ba2",
        "is_verified": false,
        "line_number": 17,
        "is_secret": false
      }
    ],
    "docs/evidence/M09/makako-demo-env-check.txt": [
      {
        "type": "Secret Keyword",
        "filename": "docs/evidence/M09/makako-demo-env-check.txt",
        "hashed_secret": "fff210fd342ef452785bb9800b15cc0783511567",
        "is_verified": false,
        "line_number": 1,
        "is_secret": false
      }
    ],
    "docs/evidence/M10/makako-demo-env-check.txt": [
      {
        "type": "Secret Keyword",
        "filename": "docs/evidence/M10/makako-demo-env-check.txt",
        "hashed_secret": "fff210fd342ef452785bb9800b15cc0783511567",
        "is_verified": false,
        "line_number": 1,
        "is_secret": false
      }
    ],
    "docs/milestones/M01.md": [
      {
        "filename": "docs/milestones/M01.md",
        "hashed_secret": "4d0d28301fb34ae6d5ce7d7abcbc7529efd6bfa1",
        "is_secret": false,
        "is_verified": false,
        "line_number": 105,
        "type": "Secret Keyword"
      }
    ],
    "fixtures/cross-project-batteries/expected/context-dave.json": [
      {
        "filename": "fixtures/cross-project-batteries/expected/context-dave.json",
        "hashed_secret": "03bfe04bd6abda5302c80027789aef7d888735dd",
        "is_secret": false,
        "is_verified": false,
        "line_number": 998,
        "type": "Hex High Entropy String"
      },
      {
        "filename": "fixtures/cross-project-batteries/expected/context-dave.json",
        "hashed_secret": "58a5d0c90769fadad201f45c109961759e683319",
        "is_secret": false,
        "is_verified": false,
        "line_number": 1014,
        "type": "Hex High Entropy String"
      }
    ],
    "fixtures/software-integration/fixture.json": [
      {
        "type": "Hex High Entropy String",
        "filename": "fixtures/software-integration/fixture.json",
        "hashed_secret": "97d5a9bdb16015f8c9c7980d4457ccd35a44e990",
        "is_verified": false,
        "line_number": 62,
        "is_secret": false
      },
      {
        "type": "Hex High Entropy String",
        "filename": "fixtures/software-integration/fixture.json",
        "hashed_secret": "1749c33289378f88803757293ee5535fca5aa957",
        "is_verified": false,
        "line_number": 63,
        "is_secret": false
      },
      {
        "type": "Hex High Entropy String",
        "filename": "fixtures/software-integration/fixture.json",
        "hashed_secret": "96daa4c5b3f4c7027b2c85b0ab2460462db42876",
        "is_verified": false,
        "line_number": 69,
        "is_secret": false
      },
      {
        "type": "Hex High Entropy String",
        "filename": "fixtures/software-integration/fixture.json",
        "hashed_secret": "c96184baf72e0f9578b1adc84acdb5484774398f",
        "is_verified": false,
        "line_number": 70,
        "is_secret": false
      },
      {
        "type": "Hex High Entropy String",
        "filename": "fixtures/software-integration/fixture.json",
        "hashed_secret": "fd61bf58c2cd424af4917ee3cb5e53dce9606ba2",
        "is_verified": false,
        "line_number": 76,
        "is_secret": false
      },
      {
        "type": "Hex High Entropy String",
        "filename": "fixtures/software-integration/fixture.json",
        "hashed_secret": "92bf0ccf2acefd6b2566ba9991331aba074be9b7",
        "is_verified": false,
        "line_number": 77,
        "is_secret": false
      },
      {
        "type": "Hex High Entropy String",
        "filename": "fixtures/software-integration/fixture.json",
        "hashed_secret": "861808e80812ea73d15687120a7e58ed0045d09e",
        "is_verified": false,
        "line_number": 83,
        "is_secret": false
      },
      {
        "type": "Hex High Entropy String",
        "filename": "fixtures/software-integration/fixture.json",
        "hashed_secret": "5444884199d19ebee0ac5a8aca8681e0534b4d8f",
        "is_verified": false,
        "line_number": 84,
        "is_secret": false
      }
    ],
    "fixtures/software-integration/scip/PROVENANCE.json": [
      {
        "type": "Hex High Entropy String",
        "filename": "fixtures/software-integration/scip/PROVENANCE.json",
        "hashed_secret": "30c1fede1ab9969ac54af1529f3676f0a31538f1",
        "is_verified": false,
        "line_number": 7,
        "is_secret": false
      },
      {
        "type": "Hex High Entropy String",
        "filename": "fixtures/software-integration/scip/PROVENANCE.json",
        "hashed_secret": "4f698fa016830e5b96b6f65fe7e416ce1cee2376",
        "is_verified": false,
        "line_number": 9,
        "is_secret": false
      },
      {
        "type": "Hex High Entropy String",
        "filename": "fixtures/software-integration/scip/PROVENANCE.json",
        "hashed_secret": "aa6bf3d2cb8598ec8c83c8ce359b88dff8ff311d",
        "is_verified": false,
        "line_number": 12,
        "is_secret": false
      },
      {
        "type": "Hex High Entropy String",
        "filename": "fixtures/software-integration/scip/PROVENANCE.json",
        "hashed_secret": "12455aa4a4848b28d6c20bd51299a210f95ef345",
        "is_verified": false,
        "line_number": 14,
        "is_secret": false
      },
      {
        "type": "Hex High Entropy String",
        "filename": "fixtures/software-integration/scip/PROVENANCE.json",
        "hashed_secret": "5de0449c7329fa8470e9d1d3ef149e5649ed4f00",
        "is_verified": false,
        "line_number": 17,
        "is_secret": false
      },
      {
        "type": "Hex High Entropy String",
        "filename": "fixtures/software-integration/scip/PROVENANCE.json",
        "hashed_secret": "353816793bc0b8a2f5af8e7950424d7c4040edef",
        "is_verified": false,
        "line_number": 19,
        "is_secret": false
      },
      {
        "type": "Hex High Entropy String",
        "filename": "fixtures/software-integration/scip/PROVENANCE.json",
        "hashed_secret": "68a2f5003841895bd06b18838cc6db3151394968",
        "is_verified": false,
        "line_number": 22,
        "is_secret": false
      },
      {
        "type": "Hex High Entropy String",
        "filename": "fixtures/software-integration/scip/PROVENANCE.json",
        "hashed_secret": "1a82d5f8545eaf8a52b7b1b8292a2c6e5f41a8c7",
        "is_verified": false,
        "line_number": 24,
        "is_secret": false
      },
      {
        "type": "Hex High Entropy String",
        "filename": "fixtures/software-integration/scip/PROVENANCE.json",
        "hashed_secret": "fc7f7bfd7003ffbd6ffab017b20f86d332a44242",
        "is_verified": false,
        "line_number": 30,
        "is_secret": false
      },
      {
        "type": "Hex High Entropy String",
        "filename": "fixtures/software-integration/scip/PROVENANCE.json",
        "hashed_secret": "ce3db23d6bf873112cf541911a8ab42e91fc3231",
        "is_verified": false,
        "line_number": 35,
        "is_secret": false
      }
    ],
    "fixtures/software-integration/tools/generate_scip.sh": [
      {
        "type": "Hex High Entropy String",
        "filename": "fixtures/software-integration/tools/generate_scip.sh",
        "hashed_secret": "fc7f7bfd7003ffbd6ffab017b20f86d332a44242",
        "is_verified": false,
        "line_number": 76,
        "is_secret": false
      }
    ],
    "scripts/check_baseline.py": [
      {
        "filename": "scripts/check_baseline.py",
        "hashed_secret": "2cd22674fbb5fb04975ab6c565f342524877d2e7",
        "is_secret": false,
        "is_verified": false,
        "line_number": 11,
        "type": "Base64 High Entropy String"
      }
    ],
    "scripts/load_fixture.py": [
      {
        "filename": "scripts/load_fixture.py",
        "hashed_secret": "c06061c19c866a67d243f71c99b99b5f7c9b5377",
        "is_secret": false,
        "is_verified": false,
        "line_number": 90,
        "type": "Secret Keyword"
      }
    ],
    "tests/unit/m02/test_storage_guard.py": [
      {
        "filename": "tests/unit/m02/test_storage_guard.py",
        "hashed_secret": "2421936989dd640d300d084d3558d0c6b153c5a4",
        "is_secret": false,
        "is_verified": false,
        "line_number": 29,
        "type": "Secret Keyword"
      },
      {
        "filename": "tests/unit/m02/test_storage_guard.py",
        "hashed_secret": "9d4e1e23bd5b727046a9e3b4b7db57bd8d6ee684",
        "is_secret": false,
        "is_verified": false,
        "line_number": 47,
        "type": "Basic Auth Credentials"
      }
    ],
    "tests/unit/m03/test_api_boundary.py": [
      {
        "filename": "tests/unit/m03/test_api_boundary.py",
        "hashed_secret": "fe1bae27cb7c1fb823f496f286e78f1d2ae87734",
        "is_secret": false,
        "is_verified": false,
        "line_number": 153,
        "type": "Secret Keyword"
      }
    ],
    "tests/unit/m03/test_config.py": [
      {
        "filename": "tests/unit/m03/test_config.py",
        "hashed_secret": "6ed296332dd8ed2621d5c8c89c864ced77b170fa",
        "is_secret": false,
        "is_verified": false,
        "line_number": 26,
        "type": "Secret Keyword"
      },
      {
        "filename": "tests/unit/m03/test_config.py",
        "hashed_secret": "9d4e1e23bd5b727046a9e3b4b7db57bd8d6ee684",
        "is_secret": false,
        "is_verified": false,
        "line_number": 47,
        "type": "Basic Auth Credentials"
      }
    ],
    "tests/unit/m03/test_journal.py": [
      {
        "filename": "tests/unit/m03/test_journal.py",
        "hashed_secret": "2421936989dd640d300d084d3558d0c6b153c5a4",
        "is_secret": false,
        "is_verified": false,
        "line_number": 16,
        "type": "Secret Keyword"
      }
    ],
    "tests/unit/m03/test_tokens.py": [
      {
        "filename": "tests/unit/m03/test_tokens.py",
        "hashed_secret": "9c4c8f5fbd7951395b26c9c4fa0b058bc702ab08",
        "is_secret": false,
        "is_verified": false,
        "line_number": 35,
        "type": "Secret Keyword"
      }
    ],
    "tests/unit/m04/test_storage.py": [
      {
        "filename": "tests/unit/m04/test_storage.py",
        "hashed_secret": "fcc1c0c11653d2b05ccec4cc3cab3e48c7923867",
        "is_secret": false,
        "is_verified": false,
        "line_number": 24,
        "type": "Secret Keyword"
      }
    ],
    "tests/unit/m06/test_document_routes.py": [
      {
        "filename": "tests/unit/m06/test_document_routes.py",
        "hashed_secret": "385fcd6760f6432fcdc51c5f995ea61a31d5bbab",
        "is_secret": false,
        "is_verified": false,
        "line_number": 40,
        "type": "Secret Keyword"
      }
    ]
  },
  "version": "1.5.0"
}
