{
  "version": "1.5.0",
  "plugins_used": [
    {
      "name": "ArtifactoryDetector"
    },
    {
      "name": "AWSKeyDetector"
    },
    {
      "name": "AzureStorageKeyDetector"
    },
    {
      "name": "Base64HighEntropyString",
      "limit": 4.5
    },
    {
      "name": "BasicAuthDetector"
    },
    {
      "name": "CloudantDetector"
    },
    {
      "name": "DiscordBotTokenDetector"
    },
    {
      "name": "GitHubTokenDetector"
    },
    {
      "name": "GitLabTokenDetector"
    },
    {
      "name": "HexHighEntropyString",
      "limit": 3.0
    },
    {
      "name": "IbmCloudIamDetector"
    },
    {
      "name": "IbmCosHmacDetector"
    },
    {
      "name": "IPPublicDetector"
    },
    {
      "name": "JwtTokenDetector"
    },
    {
      "name": "KeywordDetector",
      "keyword_exclude": ""
    },
    {
      "name": "MailchimpDetector"
    },
    {
      "name": "NpmDetector"
    },
    {
      "name": "OpenAIDetector"
    },
    {
      "name": "PrivateKeyDetector"
    },
    {
      "name": "PypiTokenDetector"
    },
    {
      "name": "SendGridDetector"
    },
    {
      "name": "SlackDetector"
    },
    {
      "name": "SoftlayerDetector"
    },
    {
      "name": "SquareOAuthDetector"
    },
    {
      "name": "StripeDetector"
    },
    {
      "name": "TelegramBotTokenDetector"
    },
    {
      "name": "TwilioKeyDetector"
    }
  ],
  "filters_used": [
    {
      "path": "detect_secrets.filters.allowlist.is_line_allowlisted"
    },
    {
      "path": "detect_secrets.filters.heuristic.is_indirect_reference"
    },
    {
      "path": "detect_secrets.filters.heuristic.is_likely_id_string"
    },
    {
      "path": "detect_secrets.filters.heuristic.is_lock_file"
    },
    {
      "path": "detect_secrets.filters.heuristic.is_not_alphanumeric_string"
    },
    {
      "path": "detect_secrets.filters.heuristic.is_potential_uuid"
    },
    {
      "path": "detect_secrets.filters.heuristic.is_prefixed_with_dollar_sign"
    },
    {
      "path": "detect_secrets.filters.heuristic.is_sequential_string"
    },
    {
      "path": "detect_secrets.filters.heuristic.is_swagger_file"
    },
    {
      "path": "detect_secrets.filters.heuristic.is_templated_secret"
    }
  ],
  "results": {
    "docs/evidence/M00/dependencies.json": [
      {
        "type": "Hex High Entropy String",
        "filename": "docs/evidence/M00/dependencies.json",
        "hashed_secret": "e570efbbcf87282d3ae3c49ea1e5c69adc3f9853",
        "is_verified": false,
        "line_number": 15,
        "is_secret": false
      },
      {
        "type": "Hex High Entropy String",
        "filename": "docs/evidence/M00/dependencies.json",
        "hashed_secret": "c1e0b83ab5e72cbe5090da5ae8bc61f138876624",
        "is_verified": false,
        "line_number": 19,
        "is_secret": false
      },
      {
        "type": "Hex High Entropy String",
        "filename": "docs/evidence/M00/dependencies.json",
        "hashed_secret": "5926658c8b9f1cc083dda3c149e24ee6e77eadd8",
        "is_verified": false,
        "line_number": 35,
        "is_secret": false
      },
      {
        "type": "Hex High Entropy String",
        "filename": "docs/evidence/M00/dependencies.json",
        "hashed_secret": "6b6c98ef8d6b4671b9982cb3278de985f136dbaa",
        "is_verified": false,
        "line_number": 49,
        "is_secret": false
      },
      {
        "type": "Hex High Entropy String",
        "filename": "docs/evidence/M00/dependencies.json",
        "hashed_secret": "fef5820f55605b669cd8876942705d6c47813d80",
        "is_verified": false,
        "line_number": 65,
        "is_secret": false
      },
      {
        "type": "Hex High Entropy String",
        "filename": "docs/evidence/M00/dependencies.json",
        "hashed_secret": "434ecc1aa3f1fbeb0bd66fec59aeda12f2bd74a7",
        "is_verified": false,
        "line_number": 77,
        "is_secret": false
      },
      {
        "type": "Hex High Entropy String",
        "filename": "docs/evidence/M00/dependencies.json",
        "hashed_secret": "3763cf5481d992726007a598f6aed1a536982682",
        "is_verified": false,
        "line_number": 89,
        "is_secret": false
      },
      {
        "type": "Hex High Entropy String",
        "filename": "docs/evidence/M00/dependencies.json",
        "hashed_secret": "498b2a74578704af7d3fbc4660186223e663c071",
        "is_verified": false,
        "line_number": 103,
        "is_secret": false
      },
      {
        "type": "Hex High Entropy String",
        "filename": "docs/evidence/M00/dependencies.json",
        "hashed_secret": "b86ad20f90a577fc047bb162ebf5361a2db25d8c",
        "is_verified": false,
        "line_number": 117,
        "is_secret": false
      },
      {
        "type": "Hex High Entropy String",
        "filename": "docs/evidence/M00/dependencies.json",
        "hashed_secret": "2023ff0da38bcb8bf526b17f76b8b642d0b0a314",
        "is_verified": false,
        "line_number": 131,
        "is_secret": false
      },
      {
        "type": "Hex High Entropy String",
        "filename": "docs/evidence/M00/dependencies.json",
        "hashed_secret": "f1049865549428ae6abed8813b67466821748b62",
        "is_verified": false,
        "line_number": 145,
        "is_secret": false
      },
      {
        "type": "Hex High Entropy String",
        "filename": "docs/evidence/M00/dependencies.json",
        "hashed_secret": "c6e83872ad47c14e1b1498b893690e6c97ee75ea",
        "is_verified": false,
        "line_number": 149,
        "is_secret": false
      },
      {
        "type": "Hex High Entropy String",
        "filename": "docs/evidence/M00/dependencies.json",
        "hashed_secret": "c318e5ebae41c9ff4e267b824ad404e647a428ff",
        "is_verified": false,
        "line_number": 167,
        "is_secret": false
      },
      {
        "type": "Hex High Entropy String",
        "filename": "docs/evidence/M00/dependencies.json",
        "hashed_secret": "514eabc1a815323e15b53944655fe52fa98d2e6b",
        "is_verified": false,
        "line_number": 181,
        "is_secret": false
      },
      {
        "type": "Hex High Entropy String",
        "filename": "docs/evidence/M00/dependencies.json",
        "hashed_secret": "8e4a847688181e363f21e8f9f0032c99b376b93a",
        "is_verified": false,
        "line_number": 185,
        "is_secret": false
      },
      {
        "type": "Hex High Entropy String",
        "filename": "docs/evidence/M00/dependencies.json",
        "hashed_secret": "bcfd8b27ba32c04ca7a93cfc5e49a6501f99628e",
        "is_verified": false,
        "line_number": 189,
        "is_secret": false
      },
      {
        "type": "Hex High Entropy String",
        "filename": "docs/evidence/M00/dependencies.json",
        "hashed_secret": "63f0a6af615f2b624ac9fda24e66e4dcbf4652aa",
        "is_verified": false,
        "line_number": 205,
        "is_secret": false
      },
      {
        "type": "Hex High Entropy String",
        "filename": "docs/evidence/M00/dependencies.json",
        "hashed_secret": "500dbb14fa164d8cc8d1f02466ae79c7b2ecb0e3",
        "is_verified": false,
        "line_number": 221,
        "is_secret": false
      },
      {
        "type": "Hex High Entropy String",
        "filename": "docs/evidence/M00/dependencies.json",
        "hashed_secret": "e3e759486f1f0651ce766f625a6c00b9bd654fd4",
        "is_verified": false,
        "line_number": 235,
        "is_secret": false
      },
      {
        "type": "Hex High Entropy String",
        "filename": "docs/evidence/M00/dependencies.json",
        "hashed_secret": "a150ec5df231041e58f6fc3fa8bcf0f193a79d0a",
        "is_verified": false,
        "line_number": 249,
        "is_secret": false
      },
      {
        "type": "Hex High Entropy String",
        "filename": "docs/evidence/M00/dependencies.json",
        "hashed_secret": "869122211a72c0992f456fcbe556eb0020e381e0",
        "is_verified": false,
        "line_number": 265,
        "is_secret": false
      },
      {
        "type": "Hex High Entropy String",
        "filename": "docs/evidence/M00/dependencies.json",
        "hashed_secret": "b9d7cfb905aa019844afd212e36eba9a861d38a2",
        "is_verified": false,
        "line_number": 281,
        "is_secret": false
      },
      {
        "type": "Hex High Entropy String",
        "filename": "docs/evidence/M00/dependencies.json",
        "hashed_secret": "918fdd6cfd5c70a8d84dae7f88f6fe2edcc8eb7f",
        "is_verified": false,
        "line_number": 285,
        "is_secret": false
      },
      {
        "type": "Hex High Entropy String",
        "filename": "docs/evidence/M00/dependencies.json",
        "hashed_secret": "26f611b021387df139456d39bd14ed2c3cd0dc97",
        "is_verified": false,
        "line_number": 311,
        "is_secret": false
      },
      {
        "type": "Hex High Entropy String",
        "filename": "docs/evidence/M00/dependencies.json",
        "hashed_secret": "54da70fcc7071804ad71210c5d87aaf3d8bdac8b",
        "is_verified": false,
        "line_number": 325,
        "is_secret": false
      },
      {
        "type": "Hex High Entropy String",
        "filename": "docs/evidence/M00/dependencies.json",
        "hashed_secret": "5b8890dff0ae8ed97064508421995b60a1dca8a4",
        "is_verified": false,
        "line_number": 339,
        "is_secret": false
      }
    ],
    "docs/milestones/M01.md": [
      {
        "type": "Secret Keyword",
        "filename": "docs/milestones/M01.md",
        "hashed_secret": "4d0d28301fb34ae6d5ce7d7abcbc7529efd6bfa1",
        "is_verified": false,
        "line_number": 105,
        "is_secret": false
      }
    ],
    "scripts/check_baseline.py": [
      {
        "type": "Base64 High Entropy String",
        "filename": "scripts/check_baseline.py",
        "hashed_secret": "2cd22674fbb5fb04975ab6c565f342524877d2e7",
        "is_verified": false,
        "line_number": 11,
        "is_secret": false
      }
    ],
    "docs/evidence/M01/ci.json": [
      {
        "filename": "docs/evidence/M01/ci.json",
        "hashed_secret": "d39a2ec423bd1a1296453f550df3fc5bad80cb1a",
        "is_secret": false,
        "is_verified": false,
        "line_number": 1,
        "type": "Hex High Entropy String"
      }
    ]
  },
  "generated_at": "2026-09-25T15:07:41Z"
}
