{"correlation_id": "520c7f36-4b26-42ac-9850-8ad4a0a5d624", "operation": "whoami", "outcome": "allowed", "principal": "user:c1-dev.810ccc6a-6084-4c5c-80a3-1cd63e5db6d5", "reason": "", "target": ""}
{"correlation_id": "eb42d3f7-a0bb-4c03-bc02-f4b3640df8bd", "operation": "instance_grant", "outcome": "applied", "principal": "user:c1-dev.810ccc6a-6084-4c5c-80a3-1cd63e5db6d5", "reason": "confirmed", "target": "dev"}
{"correlation_id": "9a0a7a1f-772f-4015-b774-bc20bd2db494", "operation": "instance_grant", "outcome": "allowed", "principal": "user:c1-dev.810ccc6a-6084-4c5c-80a3-1cd63e5db6d5", "reason": "", "target": "user:c1-dev.810ccc6a-6084-4c5c-80a3-1cd63e5db6d5"}
{"correlation_id": "c9456c5b-dbab-44c6-aecd-ecf8dbadcf6a", "operation": "whoami", "outcome": "allowed", "principal": "user:c1-dev.cd03e800-88fc-4033-9aa8-46b366bb80c9", "reason": "", "target": ""}
{"correlation_id": "549ce52b-664a-4535-9a76-2ad897971e73", "operation": "instance_grant", "outcome": "applied", "principal": "user:c1-dev.810ccc6a-6084-4c5c-80a3-1cd63e5db6d5", "reason": "confirmed", "target": "dev"}
{"correlation_id": "9a6164ea-578f-4f62-990b-1291f48b5b12", "operation": "instance_grant", "outcome": "allowed", "principal": "user:c1-dev.810ccc6a-6084-4c5c-80a3-1cd63e5db6d5", "reason": "", "target": "user:c1-dev.cd03e800-88fc-4033-9aa8-46b366bb80c9"}
{"correlation_id": "a6cc59fe-cb55-4637-b272-6c8dfc7ab8b2", "operation": "query_catalog", "outcome": "allowed", "principal": "user:c1-dev.810ccc6a-6084-4c5c-80a3-1cd63e5db6d5", "reason": "", "target": ""}
{"correlation_id": "339639b2-1fc7-481d-9bba-3f1901680a1c", "operation": "scope_list", "outcome": "allowed", "principal": "user:c1-dev.810ccc6a-6084-4c5c-80a3-1cd63e5db6d5", "reason": "", "target": ""}
{"correlation_id": "ecb29506-e550-4791-8ea5-549ee0969e4d", "operation": "whoami", "outcome": "allowed", "principal": "user:c1-dev.83b82928-eff2-4424-9477-74504155ad93", "reason": "", "target": ""}
{"correlation_id": "191fb0b6-f978-4eb2-924b-a18c4ebc5379", "operation": "whoami", "outcome": "allowed", "principal": "user:c1-dev.61c8dc00-a69b-4e4d-a30f-a284ca50df73", "reason": "", "target": ""}
{"correlation_id": "0a68d1a1-b7ca-4997-8549-eb7100b62f77", "operation": "whoami", "outcome": "allowed", "principal": "user:c1-dev.b8e020fa-e5ab-4b32-9c72-ac9115d0efad", "reason": "", "target": ""}
{"correlation_id": "5c3f1b31-a4cc-43d6-b2ab-f6fffb0a04a5", "operation": "whoami", "outcome": "allowed", "principal": "user:c1-dev.cd03e800-88fc-4033-9aa8-46b366bb80c9", "reason": "", "target": ""}
{"correlation_id": "070afd2a-740c-4c38-b637-f9763e326ed2", "operation": "whoami", "outcome": "allowed", "principal": "user:c1-dev.097323d6-bb6e-4ccf-978a-6b466ca215cd", "reason": "", "target": ""}
{"correlation_id": "52690777-920e-4874-b51e-94aaf2edf6ba", "operation": "whoami", "outcome": "allowed", "principal": "user:c1-dev.5f190ba0-9fcd-4fc3-affd-8d6191c05c1c", "reason": "", "target": ""}
{"correlation_id": "8621cd2d-5c43-4ca6-837d-a20df6ee098f", "operation": "membership", "outcome": "applied", "principal": "user:c1-dev.810ccc6a-6084-4c5c-80a3-1cd63e5db6d5", "reason": "confirmed", "target": "sw-shared"}
{"correlation_id": "844cbcc0-8254-4839-b9e1-c5d009e76bf2", "operation": "scope_member_grant", "outcome": "allowed", "principal": "user:c1-dev.810ccc6a-6084-4c5c-80a3-1cd63e5db6d5", "reason": "", "target": "sw-shared"}
{"correlation_id": "90a82919-3efa-451c-892f-35733b65cf20", "operation": "membership", "outcome": "applied", "principal": "user:c1-dev.810ccc6a-6084-4c5c-80a3-1cd63e5db6d5", "reason": "confirmed", "target": "sw-shared"}
{"correlation_id": "fae0be73-327c-4a5c-9533-5d342d0d43a2", "operation": "scope_member_grant", "outcome": "allowed", "principal": "user:c1-dev.810ccc6a-6084-4c5c-80a3-1cd63e5db6d5", "reason": "", "target": "sw-shared"}
{"correlation_id": "b8fb9c97-9a78-4655-bd65-0abbb98befbc", "operation": "membership", "outcome": "applied", "principal": "user:c1-dev.810ccc6a-6084-4c5c-80a3-1cd63e5db6d5", "reason": "confirmed", "target": "sw-shared"}
{"correlation_id": "d02aeceb-e2b8-4e75-895b-bdab6f3bf6df", "operation": "scope_member_grant", "outcome": "allowed", "principal": "user:c1-dev.810ccc6a-6084-4c5c-80a3-1cd63e5db6d5", "reason": "", "target": "sw-shared"}
{"correlation_id": "c73452f2-8451-4df4-bcb0-7453fb9a15b0", "operation": "membership", "outcome": "applied", "principal": "user:c1-dev.810ccc6a-6084-4c5c-80a3-1cd63e5db6d5", "reason": "confirmed", "target": "sw-shared"}
{"correlation_id": "bcb4e0cb-4ca8-495a-b6c2-72d2d7f8736e", "operation": "scope_member_grant", "outcome": "allowed", "principal": "user:c1-dev.810ccc6a-6084-4c5c-80a3-1cd63e5db6d5", "reason": "", "target": "sw-shared"}
{"correlation_id": "82a4f6b4-677b-4282-b8ab-f726cdecd74d", "operation": "membership", "outcome": "applied", "principal": "user:c1-dev.810ccc6a-6084-4c5c-80a3-1cd63e5db6d5", "reason": "confirmed", "target": "sw-shared"}
{"correlation_id": "aba6395e-3461-426a-b93a-3242671eefbd", "operation": "scope_member_grant", "outcome": "allowed", "principal": "user:c1-dev.810ccc6a-6084-4c5c-80a3-1cd63e5db6d5", "reason": "", "target": "sw-shared"}
{"correlation_id": "c7c06281-62bb-4541-9328-8357fc8a8d73", "operation": "membership", "outcome": "applied", "principal": "user:c1-dev.810ccc6a-6084-4c5c-80a3-1cd63e5db6d5", "reason": "confirmed", "target": "sw-shared"}
{"correlation_id": "91bd862d-5242-4990-b965-24a1e569db8e", "operation": "scope_member_grant", "outcome": "allowed", "principal": "user:c1-dev.810ccc6a-6084-4c5c-80a3-1cd63e5db6d5", "reason": "", "target": "sw-shared"}
{"correlation_id": "920ea042-0113-4e79-bce0-f377b6724ce9", "operation": "membership", "outcome": "applied", "principal": "user:c1-dev.810ccc6a-6084-4c5c-80a3-1cd63e5db6d5", "reason": "confirmed", "target": "sw-shared"}
{"correlation_id": "bc52c07e-d30d-4d14-b1e4-34743452b4a5", "operation": "scope_member_grant", "outcome": "allowed", "principal": "user:c1-dev.810ccc6a-6084-4c5c-80a3-1cd63e5db6d5", "reason": "", "target": "sw-shared"}
{"correlation_id": "0b6dd5cf-c728-454e-8cbb-1b29a15db471", "operation": "membership", "outcome": "applied", "principal": "user:c1-dev.810ccc6a-6084-4c5c-80a3-1cd63e5db6d5", "reason": "confirmed", "target": "sw-shared"}
{"correlation_id": "43418925-9e59-4904-9854-09fd84985fa9", "operation": "scope_member_grant", "outcome": "allowed", "principal": "user:c1-dev.810ccc6a-6084-4c5c-80a3-1cd63e5db6d5", "reason": "", "target": "sw-shared"}
{"correlation_id": "7151fd7c-41ee-437a-8fbb-5a49507d74e1", "operation": "membership", "outcome": "applied", "principal": "user:c1-dev.810ccc6a-6084-4c5c-80a3-1cd63e5db6d5", "reason": "confirmed", "target": "sw-shared"}
{"correlation_id": "a31f2455-c885-4f33-9ac0-8d0ef93d88b7", "operation": "scope_member_grant", "outcome": "allowed", "principal": "user:c1-dev.810ccc6a-6084-4c5c-80a3-1cd63e5db6d5", "reason": "", "target": "sw-shared"}
{"correlation_id": "9e5a87ae-21d2-489f-8e3b-21508b77fa00", "operation": "membership", "outcome": "applied", "principal": "user:c1-dev.810ccc6a-6084-4c5c-80a3-1cd63e5db6d5", "reason": "confirmed", "target": "sw-shared"}
{"correlation_id": "373048b0-e77f-4522-8274-00be90c6ea73", "operation": "scope_member_grant", "outcome": "allowed", "principal": "user:c1-dev.810ccc6a-6084-4c5c-80a3-1cd63e5db6d5", "reason": "", "target": "sw-shared"}
{"correlation_id": "1919719c-e02e-4f52-83ab-fcf2fea322bd", "operation": "membership", "outcome": "applied", "principal": "user:c1-dev.810ccc6a-6084-4c5c-80a3-1cd63e5db6d5", "reason": "confirmed", "target": "sw-shared"}
{"correlation_id": "d4c4b9f4-1bc8-454e-aa19-4171a5e1e791", "operation": "scope_member_grant", "outcome": "allowed", "principal": "user:c1-dev.810ccc6a-6084-4c5c-80a3-1cd63e5db6d5", "reason": "", "target": "sw-shared"}
{"correlation_id": "0b9fd82a-c807-4274-9130-7393ffe59efc", "operation": "membership", "outcome": "applied", "principal": "user:c1-dev.810ccc6a-6084-4c5c-80a3-1cd63e5db6d5", "reason": "confirmed", "target": "sw-shared"}
{"correlation_id": "1e0184a2-263a-46f0-bc83-5363c8d68e58", "operation": "scope_member_grant", "outcome": "allowed", "principal": "user:c1-dev.810ccc6a-6084-4c5c-80a3-1cd63e5db6d5", "reason": "", "target": "sw-shared"}
{"correlation_id": "b5f0a958-206d-4bd9-805b-6bbc6fed99d4", "operation": "membership", "outcome": "applied", "principal": "user:c1-dev.810ccc6a-6084-4c5c-80a3-1cd63e5db6d5", "reason": "confirmed", "target": "sw-shared"}
{"correlation_id": "38c34a38-ddaa-4cfa-817d-2dba84cf311b", "operation": "scope_member_grant", "outcome": "allowed", "principal": "user:c1-dev.810ccc6a-6084-4c5c-80a3-1cd63e5db6d5", "reason": "", "target": "sw-shared"}
{"correlation_id": "d8474470-9b62-4a78-821b-9321195334a8", "operation": "membership", "outcome": "applied", "principal": "user:c1-dev.810ccc6a-6084-4c5c-80a3-1cd63e5db6d5", "reason": "confirmed", "target": "sw-ledger"}
{"correlation_id": "c2ffe561-fdcb-4045-9b5d-de0f1f2fe48a", "operation": "scope_member_grant", "outcome": "allowed", "principal": "user:c1-dev.810ccc6a-6084-4c5c-80a3-1cd63e5db6d5", "reason": "", "target": "sw-ledger"}
{"correlation_id": "af0b5f26-ad67-4d1e-a561-ed0a01170993", "operation": "membership", "outcome": "applied", "principal": "user:c1-dev.810ccc6a-6084-4c5c-80a3-1cd63e5db6d5", "reason": "confirmed", "target": "sw-ledger"}
{"correlation_id": "19e3dd2d-c810-4c69-944c-215b1adf7cb6", "operation": "scope_member_grant", "outcome": "allowed", "principal": "user:c1-dev.810ccc6a-6084-4c5c-80a3-1cd63e5db6d5", "reason": "", "target": "sw-ledger"}
{"correlation_id": "0e5fcce2-07e0-4c9d-9962-b63b1c97c4b6", "operation": "membership", "outcome": "applied", "principal": "user:c1-dev.810ccc6a-6084-4c5c-80a3-1cd63e5db6d5", "reason": "confirmed", "target": "sw-ledger"}
{"correlation_id": "20ef902c-ae9e-4826-90d5-6f35d7cc6d4b", "operation": "scope_member_grant", "outcome": "allowed", "principal": "user:c1-dev.810ccc6a-6084-4c5c-80a3-1cd63e5db6d5", "reason": "", "target": "sw-ledger"}
{"correlation_id": "f6673f59-fea8-4feb-a7a3-9589c9c28f47", "operation": "membership", "outcome": "applied", "principal": "user:c1-dev.810ccc6a-6084-4c5c-80a3-1cd63e5db6d5", "reason": "confirmed", "target": "sw-ledger"}
{"correlation_id": "cd808dcf-c0aa-4dbb-80b6-76b0c25a8973", "operation": "scope_member_grant", "outcome": "allowed", "principal": "user:c1-dev.810ccc6a-6084-4c5c-80a3-1cd63e5db6d5", "reason": "", "target": "sw-ledger"}
{"correlation_id": "6d40e87c-b591-4464-9638-d6ba6bd6558e", "operation": "membership", "outcome": "applied", "principal": "user:c1-dev.810ccc6a-6084-4c5c-80a3-1cd63e5db6d5", "reason": "confirmed", "target": "sw-ledger"}
{"correlation_id": "27975793-35c0-422a-a10c-f136dca595d5", "operation": "scope_member_grant", "outcome": "allowed", "principal": "user:c1-dev.810ccc6a-6084-4c5c-80a3-1cd63e5db6d5", "reason": "", "target": "sw-ledger"}
{"correlation_id": "42548e09-82d3-4dc7-a4ec-800ffac6022b", "operation": "membership", "outcome": "applied", "principal": "user:c1-dev.810ccc6a-6084-4c5c-80a3-1cd63e5db6d5", "reason": "confirmed", "target": "sw-ledger"}
{"correlation_id": "6089aefd-6d6e-460e-b0ce-ff8f272dde60", "operation": "scope_member_grant", "outcome": "allowed", "principal": "user:c1-dev.810ccc6a-6084-4c5c-80a3-1cd63e5db6d5", "reason": "", "target": "sw-ledger"}
{"correlation_id": "b6bf2743-6afc-4405-9f94-3f5344caed00", "operation": "membership", "outcome": "applied", "principal": "user:c1-dev.810ccc6a-6084-4c5c-80a3-1cd63e5db6d5", "reason": "confirmed", "target": "sw-ledger"}
{"correlation_id": "b00bf4fb-94fc-4c8a-8122-eba4ffdeffbd", "operation": "scope_member_grant", "outcome": "allowed", "principal": "user:c1-dev.810ccc6a-6084-4c5c-80a3-1cd63e5db6d5", "reason": "", "target": "sw-ledger"}
{"correlation_id": "49cd0550-a3e8-477a-99fc-a2119884d928", "operation": "membership", "outcome": "applied", "principal": "user:c1-dev.810ccc6a-6084-4c5c-80a3-1cd63e5db6d5", "reason": "confirmed", "target": "sw-ledger"}
{"correlation_id": "4b0fe83b-520d-4da9-a6c2-68e98fa766c6", "operation": "scope_member_grant", "outcome": "allowed", "principal": "user:c1-dev.810ccc6a-6084-4c5c-80a3-1cd63e5db6d5", "reason": "", "target": "sw-ledger"}
{"correlation_id": "505b5eea-ae33-4f82-a624-18d68881df6b", "operation": "membership", "outcome": "applied", "principal": "user:c1-dev.810ccc6a-6084-4c5c-80a3-1cd63e5db6d5", "reason": "confirmed", "target": "sw-ledger"}
{"correlation_id": "a44c8976-432e-441b-9070-d1953e317f97", "operation": "scope_member_grant", "outcome": "allowed", "principal": "user:c1-dev.810ccc6a-6084-4c5c-80a3-1cd63e5db6d5", "reason": "", "target": "sw-ledger"}
{"correlation_id": "194498fc-758e-48fe-93c3-db052ca6df78", "operation": "membership", "outcome": "applied", "principal": "user:c1-dev.810ccc6a-6084-4c5c-80a3-1cd63e5db6d5", "reason": "confirmed", "target": "sw-ledger"}
{"correlation_id": "e1707848-394d-4a30-9d0c-2bbcb967260b", "operation": "scope_member_grant", "outcome": "allowed", "principal": "user:c1-dev.810ccc6a-6084-4c5c-80a3-1cd63e5db6d5", "reason": "", "target": "sw-ledger"}
{"correlation_id": "94e13b8f-a132-495a-abcf-881efdfffc43", "operation": "membership", "outcome": "applied", "principal": "user:c1-dev.810ccc6a-6084-4c5c-80a3-1cd63e5db6d5", "reason": "confirmed", "target": "sw-ledger"}
{"correlation_id": "f4e5cc65-6fdd-42bc-9cc5-dae2cff7b74a", "operation": "scope_member_grant", "outcome": "allowed", "principal": "user:c1-dev.810ccc6a-6084-4c5c-80a3-1cd63e5db6d5", "reason": "", "target": "sw-ledger"}
{"correlation_id": "15e69cdc-10ca-4a0f-a5fd-009ae5894090", "operation": "membership", "outcome": "applied", "principal": "user:c1-dev.810ccc6a-6084-4c5c-80a3-1cd63e5db6d5", "reason": "confirmed", "target": "sw-ledger"}
{"correlation_id": "f3447f13-287f-4959-a0b8-8a3a9fdec3a4", "operation": "scope_member_grant", "outcome": "allowed", "principal": "user:c1-dev.810ccc6a-6084-4c5c-80a3-1cd63e5db6d5", "reason": "", "target": "sw-ledger"}
{"correlation_id": "f9a02e4c-5770-454f-bfef-2b782fe86829", "operation": "membership", "outcome": "applied", "principal": "user:c1-dev.810ccc6a-6084-4c5c-80a3-1cd63e5db6d5", "reason": "confirmed", "target": "sw-shop"}
{"correlation_id": "ccaf5bc7-df8a-4560-8568-f8b0de3fbd6f", "operation": "scope_member_grant", "outcome": "allowed", "principal": "user:c1-dev.810ccc6a-6084-4c5c-80a3-1cd63e5db6d5", "reason": "", "target": "sw-shop"}
{"correlation_id": "74fcf777-dfd7-4c35-84aa-45f16b769b1d", "operation": "membership", "outcome": "applied", "principal": "user:c1-dev.810ccc6a-6084-4c5c-80a3-1cd63e5db6d5", "reason": "confirmed", "target": "sw-shop"}
{"correlation_id": "e07d4f8f-4772-463b-b149-0dbf75b123a6", "operation": "scope_member_grant", "outcome": "allowed", "principal": "user:c1-dev.810ccc6a-6084-4c5c-80a3-1cd63e5db6d5", "reason": "", "target": "sw-shop"}
{"correlation_id": "f3268a53-e59a-40dd-af6e-967607d4e7f0", "operation": "membership", "outcome": "applied", "principal": "user:c1-dev.810ccc6a-6084-4c5c-80a3-1cd63e5db6d5", "reason": "confirmed", "target": "sw-shop"}
{"correlation_id": "d1e2281b-8c30-4ed8-972b-dfa7d7f077cf", "operation": "scope_member_grant", "outcome": "allowed", "principal": "user:c1-dev.810ccc6a-6084-4c5c-80a3-1cd63e5db6d5", "reason": "", "target": "sw-shop"}
{"correlation_id": "746673f2-46e6-4fa3-8fb5-a3894dfa5551", "operation": "membership", "outcome": "applied", "principal": "user:c1-dev.810ccc6a-6084-4c5c-80a3-1cd63e5db6d5", "reason": "confirmed", "target": "sw-shop"}
{"correlation_id": "24420003-2b6e-4bfe-9da3-ccf3b19cece0", "operation": "scope_member_grant", "outcome": "allowed", "principal": "user:c1-dev.810ccc6a-6084-4c5c-80a3-1cd63e5db6d5", "reason": "", "target": "sw-shop"}
{"correlation_id": "24cde750-faab-416d-b25f-f883ddf3c6b6", "operation": "membership", "outcome": "applied", "principal": "user:c1-dev.810ccc6a-6084-4c5c-80a3-1cd63e5db6d5", "reason": "confirmed", "target": "sw-shop"}
{"correlation_id": "6cd4a7c7-9f72-4cf1-bca4-360ac3cf91d1", "operation": "scope_member_grant", "outcome": "allowed", "principal": "user:c1-dev.810ccc6a-6084-4c5c-80a3-1cd63e5db6d5", "reason": "", "target": "sw-shop"}
{"correlation_id": "a3be237a-0449-4440-81e9-95c5a9789e92", "operation": "membership", "outcome": "applied", "principal": "user:c1-dev.810ccc6a-6084-4c5c-80a3-1cd63e5db6d5", "reason": "confirmed", "target": "sw-shop"}
{"correlation_id": "481cd8bb-759c-4aed-b995-2d24921058b1", "operation": "scope_member_grant", "outcome": "allowed", "principal": "user:c1-dev.810ccc6a-6084-4c5c-80a3-1cd63e5db6d5", "reason": "", "target": "sw-shop"}
{"correlation_id": "9381e807-94d5-482a-8c59-b0f90d5cf8fd", "operation": "membership", "outcome": "applied", "principal": "user:c1-dev.810ccc6a-6084-4c5c-80a3-1cd63e5db6d5", "reason": "confirmed", "target": "sw-shop"}
{"correlation_id": "6129e8b1-e0cc-4d78-90f6-d8dea7bc0e6d", "operation": "scope_member_grant", "outcome": "allowed", "principal": "user:c1-dev.810ccc6a-6084-4c5c-80a3-1cd63e5db6d5", "reason": "", "target": "sw-shop"}
{"correlation_id": "0723dd3c-4113-433b-9e14-3c815bd73104", "operation": "membership", "outcome": "applied", "principal": "user:c1-dev.810ccc6a-6084-4c5c-80a3-1cd63e5db6d5", "reason": "confirmed", "target": "sw-shop"}
{"correlation_id": "98ab1074-b257-4ade-98aa-6cf5c55d3646", "operation": "scope_member_grant", "outcome": "allowed", "principal": "user:c1-dev.810ccc6a-6084-4c5c-80a3-1cd63e5db6d5", "reason": "", "target": "sw-shop"}
{"correlation_id": "75802579-863a-4288-b1f0-2951e16e45a2", "operation": "membership", "outcome": "applied", "principal": "user:c1-dev.810ccc6a-6084-4c5c-80a3-1cd63e5db6d5", "reason": "confirmed", "target": "sw-shop"}
{"correlation_id": "a8c76bae-4303-44fd-8f9a-8bfc036c7094", "operation": "scope_member_grant", "outcome": "allowed", "principal": "user:c1-dev.810ccc6a-6084-4c5c-80a3-1cd63e5db6d5", "reason": "", "target": "sw-shop"}
{"correlation_id": "ae370293-1dc7-49f7-8b1d-79a72b5b456a", "operation": "membership", "outcome": "applied", "principal": "user:c1-dev.810ccc6a-6084-4c5c-80a3-1cd63e5db6d5", "reason": "confirmed", "target": "sw-shop"}
{"correlation_id": "20341441-cf5b-4a34-9c7a-323122dbab89", "operation": "scope_member_grant", "outcome": "allowed", "principal": "user:c1-dev.810ccc6a-6084-4c5c-80a3-1cd63e5db6d5", "reason": "", "target": "sw-shop"}
{"correlation_id": "bbc9de51-a64e-499e-928b-d265c159ddf8", "operation": "membership", "outcome": "applied", "principal": "user:c1-dev.810ccc6a-6084-4c5c-80a3-1cd63e5db6d5", "reason": "confirmed", "target": "sw-shop"}
{"correlation_id": "f6ccea89-44a8-426f-9197-4a16a9dfc892", "operation": "scope_member_grant", "outcome": "allowed", "principal": "user:c1-dev.810ccc6a-6084-4c5c-80a3-1cd63e5db6d5", "reason": "", "target": "sw-shop"}
{"correlation_id": "364149b7-aa33-467f-8e5e-095a1897d731", "operation": "membership", "outcome": "applied", "principal": "user:c1-dev.810ccc6a-6084-4c5c-80a3-1cd63e5db6d5", "reason": "confirmed", "target": "sw-shop"}
{"correlation_id": "8cefd09f-f9f3-4e3c-ac4d-deb36cf01bf1", "operation": "scope_member_grant", "outcome": "allowed", "principal": "user:c1-dev.810ccc6a-6084-4c5c-80a3-1cd63e5db6d5", "reason": "", "target": "sw-shop"}
{"correlation_id": "878f6a06-957c-4898-9c25-f790e64a9ed6", "operation": "membership", "outcome": "applied", "principal": "user:c1-dev.810ccc6a-6084-4c5c-80a3-1cd63e5db6d5", "reason": "confirmed", "target": "sw-restricted"}
{"correlation_id": "3d6f0cec-5780-4262-8e85-9cff0a9833d6", "operation": "scope_member_grant", "outcome": "allowed", "principal": "user:c1-dev.810ccc6a-6084-4c5c-80a3-1cd63e5db6d5", "reason": "", "target": "sw-restricted"}
{"correlation_id": "349be300-3d3a-46c2-93a2-96fa87e392a4", "operation": "membership", "outcome": "applied", "principal": "user:c1-dev.810ccc6a-6084-4c5c-80a3-1cd63e5db6d5", "reason": "confirmed", "target": "sw-restricted"}
{"correlation_id": "cbbb8734-5034-4184-8b54-3cf1d4db60f5", "operation": "scope_member_grant", "outcome": "allowed", "principal": "user:c1-dev.810ccc6a-6084-4c5c-80a3-1cd63e5db6d5", "reason": "", "target": "sw-restricted"}
{"correlation_id": "c0f0ea2a-61d7-4829-8fb5-b94a1fc0ed72", "operation": "membership", "outcome": "applied", "principal": "user:c1-dev.810ccc6a-6084-4c5c-80a3-1cd63e5db6d5", "reason": "confirmed", "target": "sw-restricted"}
{"correlation_id": "ff4dcc58-55e9-41c8-9f95-c052af6dee23", "operation": "scope_member_grant", "outcome": "allowed", "principal": "user:c1-dev.810ccc6a-6084-4c5c-80a3-1cd63e5db6d5", "reason": "", "target": "sw-restricted"}
{"correlation_id": "2303d3df-ad0c-4246-8a4a-a52f8b2bfbd3", "operation": "membership", "outcome": "applied", "principal": "user:c1-dev.810ccc6a-6084-4c5c-80a3-1cd63e5db6d5", "reason": "confirmed", "target": "sw-restricted"}
{"correlation_id": "0c1dbce2-de2b-4911-bd13-62086f3c895e", "operation": "scope_member_grant", "outcome": "allowed", "principal": "user:c1-dev.810ccc6a-6084-4c5c-80a3-1cd63e5db6d5", "reason": "", "target": "sw-restricted"}
{"correlation_id": "dcee2a1c-8fbb-4f7e-93b9-05af54db5605", "operation": "membership", "outcome": "applied", "principal": "user:c1-dev.810ccc6a-6084-4c5c-80a3-1cd63e5db6d5", "reason": "confirmed", "target": "sw-restricted"}
{"correlation_id": "99461d04-ecb8-4111-8247-dc171668cac6", "operation": "scope_member_grant", "outcome": "allowed", "principal": "user:c1-dev.810ccc6a-6084-4c5c-80a3-1cd63e5db6d5", "reason": "", "target": "sw-restricted"}
{"correlation_id": "1f682d6b-2f88-41d6-a654-f08c2c7a94ba", "operation": "membership", "outcome": "applied", "principal": "user:c1-dev.810ccc6a-6084-4c5c-80a3-1cd63e5db6d5", "reason": "confirmed", "target": "sw-restricted"}
{"correlation_id": "3dd3e668-07b3-4663-9680-8d5604db716f", "operation": "scope_member_grant", "outcome": "allowed", "principal": "user:c1-dev.810ccc6a-6084-4c5c-80a3-1cd63e5db6d5", "reason": "", "target": "sw-restricted"}
{"correlation_id": "a45f2c24-54d6-44da-9429-0963d54ce40c", "operation": "membership", "outcome": "applied", "principal": "user:c1-dev.810ccc6a-6084-4c5c-80a3-1cd63e5db6d5", "reason": "confirmed", "target": "sw-restricted"}
{"correlation_id": "88394dc7-f51e-4f64-9242-17766b8b999d", "operation": "scope_member_grant", "outcome": "allowed", "principal": "user:c1-dev.810ccc6a-6084-4c5c-80a3-1cd63e5db6d5", "reason": "", "target": "sw-restricted"}
{"correlation_id": "a4ce84b4-0981-4148-9912-28fe2c6bed06", "operation": "membership", "outcome": "applied", "principal": "user:c1-dev.810ccc6a-6084-4c5c-80a3-1cd63e5db6d5", "reason": "confirmed", "target": "sw-restricted"}
{"correlation_id": "50388e26-3f84-4a9a-989a-a6bc0684d66c", "operation": "scope_member_grant", "outcome": "allowed", "principal": "user:c1-dev.810ccc6a-6084-4c5c-80a3-1cd63e5db6d5", "reason": "", "target": "sw-restricted"}
{"correlation_id": "3954c880-0acb-402b-bdb6-2e360d2d2a47", "operation": "membership", "outcome": "applied", "principal": "user:c1-dev.810ccc6a-6084-4c5c-80a3-1cd63e5db6d5", "reason": "confirmed", "target": "sw-restricted"}
{"correlation_id": "51f46a90-6754-4460-88ef-ababdd9c0a96", "operation": "scope_member_grant", "outcome": "allowed", "principal": "user:c1-dev.810ccc6a-6084-4c5c-80a3-1cd63e5db6d5", "reason": "", "target": "sw-restricted"}
{"correlation_id": "a4b51e99-9853-45ba-a739-38663adab9b2", "operation": "membership", "outcome": "applied", "principal": "user:c1-dev.810ccc6a-6084-4c5c-80a3-1cd63e5db6d5", "reason": "confirmed", "target": "sw-restricted"}
{"correlation_id": "822bacd5-8f9f-4f87-9179-84c2f0d07aef", "operation": "scope_member_grant", "outcome": "allowed", "principal": "user:c1-dev.810ccc6a-6084-4c5c-80a3-1cd63e5db6d5", "reason": "", "target": "sw-restricted"}
{"correlation_id": "cec3a135-1c02-449c-9590-edbc8da47837", "operation": "membership", "outcome": "applied", "principal": "user:c1-dev.810ccc6a-6084-4c5c-80a3-1cd63e5db6d5", "reason": "confirmed", "target": "sw-restricted"}
{"correlation_id": "0666e3f7-88bd-4b96-b602-5ecbdf7a628b", "operation": "scope_member_grant", "outcome": "allowed", "principal": "user:c1-dev.810ccc6a-6084-4c5c-80a3-1cd63e5db6d5", "reason": "", "target": "sw-restricted"}
{"correlation_id": "aa885517-60c3-4096-8d33-bc4aafef68d1", "operation": "resource_read", "outcome": "allowed", "principal": "user:c1-dev.83b82928-eff2-4424-9477-74504155ad93", "reason": "", "target": "urn:c1:instance:dev:activity/955059e3-d0e9-4f1f-b6a4-7e8a6e4feaa2"}
{"correlation_id": "563fcfe0-18ad-4d2f-b0cd-c9e276934a0c", "operation": "instance_read", "outcome": "allowed", "principal": "user:c1-dev.cd03e800-88fc-4033-9aa8-46b366bb80c9", "reason": "", "target": "dev"}
{"correlation_id": "3a143716-7b80-41ae-beb0-9fb4c64e62cf", "operation": "resource_read", "outcome": "denied", "principal": "user:c1-dev.83b82928-eff2-4424-9477-74504155ad93", "reason": "not_found", "target": ""}
{"correlation_id": "25a8695e-5591-4635-b1c1-183042da4b20", "operation": "resource_read", "outcome": "allowed", "principal": "user:c1-dev.83b82928-eff2-4424-9477-74504155ad93", "reason": "", "target": "urn:c1:instance:dev:source/df477166-8ae0-4f1b-bfa9-66b5d8837499"}
{"correlation_id": "fa60a86f-06c8-4065-bc31-5bfb3d9e4f1b", "operation": "instance_read", "outcome": "allowed", "principal": "user:c1-dev.cd03e800-88fc-4033-9aa8-46b366bb80c9", "reason": "", "target": "dev"}
{"correlation_id": "2b777d68-03db-4bd9-8245-6d1a885a2a8b", "operation": "resource_read", "outcome": "allowed", "principal": "user:c1-dev.83b82928-eff2-4424-9477-74504155ad93", "reason": "", "target": "urn:c1:instance:dev:coverage/b650c9db-a3ab-494d-8f26-02308d84e01d"}
{"correlation_id": "3eb64878-f23d-4195-99bd-670ccc23acbc", "operation": "instance_read", "outcome": "allowed", "principal": "user:c1-dev.cd03e800-88fc-4033-9aa8-46b366bb80c9", "reason": "", "target": "dev"}
{"correlation_id": "3ba59c99-0aa9-4cb5-83db-701361470f81", "operation": "resource_read", "outcome": "allowed", "principal": "user:c1-dev.83b82928-eff2-4424-9477-74504155ad93", "reason": "", "target": "urn:c1:instance:dev:coverage/81931bb4-7232-4803-94cf-32695413c87d"}
{"correlation_id": "f5205d2c-0a56-4b40-a2a3-08c6373439b6", "operation": "instance_read", "outcome": "allowed", "principal": "user:c1-dev.cd03e800-88fc-4033-9aa8-46b366bb80c9", "reason": "", "target": "dev"}
{"correlation_id": "4ef44c26-a96c-40ed-a2bf-b6c18d43a7bc", "operation": "resource_read", "outcome": "allowed", "principal": "user:c1-dev.83b82928-eff2-4424-9477-74504155ad93", "reason": "", "target": "urn:c1:instance:dev:coverage/5c379dc4-5487-4d01-b853-2472dd067c58"}
{"correlation_id": "a06ccd92-6ae9-40e3-acfd-f1094d8c113c", "operation": "instance_read", "outcome": "allowed", "principal": "user:c1-dev.cd03e800-88fc-4033-9aa8-46b366bb80c9", "reason": "", "target": "dev"}
{"correlation_id": "f78ddc04-b09b-4e86-b986-33fc89bc5711", "operation": "resource_read", "outcome": "allowed", "principal": "user:c1-dev.83b82928-eff2-4424-9477-74504155ad93", "reason": "", "target": "urn:c1:instance:dev:coverage/cf29abc3-438d-4ae3-8810-898b9e43acf7"}
{"correlation_id": "e260ca5c-f45f-4e22-b2fb-3303476f47c3", "operation": "instance_read", "outcome": "allowed", "principal": "user:c1-dev.cd03e800-88fc-4033-9aa8-46b366bb80c9", "reason": "", "target": "dev"}
{"correlation_id": "b2f4634a-744c-426a-a69a-44a8e24fc53b", "operation": "resource_read", "outcome": "allowed", "principal": "user:c1-dev.83b82928-eff2-4424-9477-74504155ad93", "reason": "", "target": "urn:c1:instance:dev:coverage/e3ef9dd5-09b9-4fe2-957a-fd503eca630a"}
{"correlation_id": "2d0aa98f-809e-420a-adde-e7ff951a9ec7", "operation": "instance_read", "outcome": "allowed", "principal": "user:c1-dev.cd03e800-88fc-4033-9aa8-46b366bb80c9", "reason": "", "target": "dev"}
{"correlation_id": "fba948f1-4c89-42ae-9593-37b2d41f15ee", "operation": "resource_read", "outcome": "denied", "principal": "user:c1-dev.83b82928-eff2-4424-9477-74504155ad93", "reason": "not_found", "target": ""}
{"correlation_id": "be8bba58-5883-4d3d-a238-ff1447c3bd53", "operation": "resource_read", "outcome": "allowed", "principal": "user:c1-dev.83b82928-eff2-4424-9477-74504155ad93", "reason": "", "target": "urn:c1:instance:dev:activity/6377cf0c-f8c1-4beb-8ae1-56c844978f24"}
{"correlation_id": "8c59d14e-9326-4132-a156-7bf16fb7dc41", "operation": "instance_read", "outcome": "allowed", "principal": "user:c1-dev.cd03e800-88fc-4033-9aa8-46b366bb80c9", "reason": "", "target": "dev"}
{"correlation_id": "c0d039b8-d6b5-4342-b712-5383cfe014cf", "operation": "resource_read", "outcome": "denied", "principal": "user:c1-dev.83b82928-eff2-4424-9477-74504155ad93", "reason": "not_found", "target": ""}
{"correlation_id": "bfa71d80-f9dd-4ae6-9a5f-cea1d9fe09f7", "operation": "resource_read", "outcome": "allowed", "principal": "user:c1-dev.83b82928-eff2-4424-9477-74504155ad93", "reason": "", "target": "urn:c1:instance:dev:activity/fe59ee93-4ea9-4d9f-bbf5-a6c4e6ef3eb8"}
{"correlation_id": "14033fa3-8777-47aa-9785-37ec82afa392", "operation": "instance_read", "outcome": "allowed", "principal": "user:c1-dev.cd03e800-88fc-4033-9aa8-46b366bb80c9", "reason": "", "target": "dev"}
{"correlation_id": "2e9942e4-a613-4a3c-bca6-3b1a47f21cb6", "operation": "resource_read", "outcome": "allowed", "principal": "user:c1-dev.83b82928-eff2-4424-9477-74504155ad93", "reason": "", "target": "urn:c1:instance:dev:coverage/e9a0b28e-9260-4ca5-8e0a-0ad5aa6cf94a"}
{"correlation_id": "c3905efe-b5c3-457f-9f67-38b4f1d7aeb9", "operation": "instance_read", "outcome": "allowed", "principal": "user:c1-dev.cd03e800-88fc-4033-9aa8-46b366bb80c9", "reason": "", "target": "dev"}
{"correlation_id": "ceb804ae-030a-4844-8554-18246cd1bf04", "operation": "resource_read", "outcome": "allowed", "principal": "user:c1-dev.83b82928-eff2-4424-9477-74504155ad93", "reason": "", "target": "urn:c1:instance:dev:coverage/59a0ec5c-c665-4f89-ba50-8de7e04130bf"}
{"correlation_id": "1c724079-2f19-4884-aa71-efcef29a9874", "operation": "instance_read", "outcome": "allowed", "principal": "user:c1-dev.cd03e800-88fc-4033-9aa8-46b366bb80c9", "reason": "", "target": "dev"}
{"correlation_id": "dd4d42f8-0a7c-470b-84cd-ff280460130b", "operation": "resource_read", "outcome": "allowed", "principal": "user:c1-dev.83b82928-eff2-4424-9477-74504155ad93", "reason": "", "target": "urn:c1:instance:dev:coverage/3ef088fd-fa79-45dc-b5ab-71a371def51d"}
{"correlation_id": "d1e02898-c309-4fe0-8e5a-556c36cd7bd8", "operation": "instance_read", "outcome": "allowed", "principal": "user:c1-dev.cd03e800-88fc-4033-9aa8-46b366bb80c9", "reason": "", "target": "dev"}
{"correlation_id": "0ec97edf-0841-4452-8e3f-2e5e1be90f1c", "operation": "resource_read", "outcome": "allowed", "principal": "user:c1-dev.83b82928-eff2-4424-9477-74504155ad93", "reason": "", "target": "urn:c1:instance:dev:coverage/48f3c2c8-10e7-44d5-9e7f-e7ecc1640a64"}
{"correlation_id": "cbc9c595-8c78-40fc-8a46-4341ba2ba367", "operation": "instance_read", "outcome": "allowed", "principal": "user:c1-dev.cd03e800-88fc-4033-9aa8-46b366bb80c9", "reason": "", "target": "dev"}
{"correlation_id": "ab7c8292-1b65-459e-8c97-5613ce89454a", "operation": "resource_read", "outcome": "allowed", "principal": "user:c1-dev.61c8dc00-a69b-4e4d-a30f-a284ca50df73", "reason": "", "target": "urn:c1:instance:dev:coverage/65f2b0c6-60c9-423b-b23d-77a9f9c6da86"}
{"correlation_id": "44e354cd-7d52-45ba-810e-7239b6907d72", "operation": "instance_read", "outcome": "allowed", "principal": "user:c1-dev.cd03e800-88fc-4033-9aa8-46b366bb80c9", "reason": "", "target": "dev"}
{"correlation_id": "fd900ad0-c2c1-4ceb-a214-aaa2b1987e5a", "operation": "resource_read", "outcome": "allowed", "principal": "user:c1-dev.61c8dc00-a69b-4e4d-a30f-a284ca50df73", "reason": "", "target": "urn:c1:instance:dev:coverage/482606a1-8d38-46fa-8860-243fd45ff133"}
{"correlation_id": "0b73f6d4-5831-4607-959c-fbe99ab0457c", "operation": "instance_read", "outcome": "allowed", "principal": "user:c1-dev.cd03e800-88fc-4033-9aa8-46b366bb80c9", "reason": "", "target": "dev"}
{"correlation_id": "1cbca213-8741-49e6-8513-5b23b3b29943", "operation": "resource_read", "outcome": "allowed", "principal": "user:c1-dev.61c8dc00-a69b-4e4d-a30f-a284ca50df73", "reason": "", "target": "urn:c1:instance:dev:coverage/0856dda2-8313-49fe-9015-eabeb3d3fafc"}
{"correlation_id": "2e357113-a622-41a0-bba6-038468515c9b", "operation": "instance_read", "outcome": "allowed", "principal": "user:c1-dev.cd03e800-88fc-4033-9aa8-46b366bb80c9", "reason": "", "target": "dev"}
{"correlation_id": "8364caa4-8d87-44f9-b8fa-edb3c088b720", "operation": "resource_read", "outcome": "allowed", "principal": "user:c1-dev.61c8dc00-a69b-4e4d-a30f-a284ca50df73", "reason": "", "target": "urn:c1:instance:dev:coverage/fe6cdd3d-322a-4e03-9321-89a50d0ff3c1"}
{"correlation_id": "a7abf7e5-bed4-41f1-a83d-e54dd4d134ea", "operation": "instance_read", "outcome": "allowed", "principal": "user:c1-dev.cd03e800-88fc-4033-9aa8-46b366bb80c9", "reason": "", "target": "dev"}
{"correlation_id": "204034e9-6034-47d4-a76f-35cafb4c5cfd", "operation": "resource_read", "outcome": "allowed", "principal": "user:c1-dev.b8e020fa-e5ab-4b32-9c72-ac9115d0efad", "reason": "", "target": "urn:c1:instance:dev:activity/12ef064a-7e56-47cc-9cfa-05b9e5ef858d"}
{"correlation_id": "edd0eca0-a232-41ed-9b38-9a8e542adf1c", "operation": "instance_read", "outcome": "allowed", "principal": "user:c1-dev.cd03e800-88fc-4033-9aa8-46b366bb80c9", "reason": "", "target": "dev"}
{"correlation_id": "2ba3e7b1-fa3c-459c-8b50-724ee4d4acbe", "operation": "resource_read", "outcome": "allowed", "principal": "user:c1-dev.b8e020fa-e5ab-4b32-9c72-ac9115d0efad", "reason": "", "target": "urn:c1:instance:dev:coverage/d9c6f111-f103-4911-8d35-52d30ee4de7b"}
{"correlation_id": "878b0dbb-5889-42ef-a4a9-2c6ab6c27302", "operation": "instance_read", "outcome": "allowed", "principal": "user:c1-dev.cd03e800-88fc-4033-9aa8-46b366bb80c9", "reason": "", "target": "dev"}
{"correlation_id": "07d7b799-5feb-4910-9241-bc636f6ca8d6", "operation": "resource_read", "outcome": "allowed", "principal": "user:c1-dev.b8e020fa-e5ab-4b32-9c72-ac9115d0efad", "reason": "", "target": "urn:c1:instance:dev:coverage/c404cd65-e931-4f78-837b-01a74ea2d17c"}
{"correlation_id": "99803b0e-7a44-4a6f-9155-e171129f6f46", "operation": "instance_read", "outcome": "allowed", "principal": "user:c1-dev.cd03e800-88fc-4033-9aa8-46b366bb80c9", "reason": "", "target": "dev"}
{"correlation_id": "dc93cf73-2a30-4d66-b2db-d5bf703e063d", "operation": "resource_read", "outcome": "allowed", "principal": "user:c1-dev.b8e020fa-e5ab-4b32-9c72-ac9115d0efad", "reason": "", "target": "urn:c1:instance:dev:coverage/9204baf4-6fa5-4198-94ed-8e8b17b46c2d"}
{"correlation_id": "b8f1c69d-06fb-44dd-87e1-7872f5668fac", "operation": "instance_read", "outcome": "allowed", "principal": "user:c1-dev.cd03e800-88fc-4033-9aa8-46b366bb80c9", "reason": "", "target": "dev"}
{"correlation_id": "5f1a11a8-f05f-4394-9e7a-ec06a5239770", "operation": "instance_read", "outcome": "allowed", "principal": "user:c1-dev.cd03e800-88fc-4033-9aa8-46b366bb80c9", "reason": "", "target": "dev"}
{"fixture": "software-integration", "revision": "branch:9d4wqhkt1f71l2fps6gcexn9wbjzrza", "state": "applied"}
