{"correlation_id": "1bb2bf2d-00b2-403d-8087-54233446a6eb", "operation": "whoami", "outcome": "allowed", "principal": "user:c1-dev.810ccc6a-6084-4c5c-80a3-1cd63e5db6d5", "reason": "", "target": ""}
{"correlation_id": "ddc80906-d36e-4232-b8ac-ba451a675c12", "operation": "instance_grant", "outcome": "applied", "principal": "user:c1-dev.810ccc6a-6084-4c5c-80a3-1cd63e5db6d5", "reason": "confirmed", "target": "dev"}
{"correlation_id": "2160559c-5bfe-491c-a331-b67e4e21004c", "operation": "instance_grant", "outcome": "allowed", "principal": "user:c1-dev.810ccc6a-6084-4c5c-80a3-1cd63e5db6d5", "reason": "", "target": "user:c1-dev.810ccc6a-6084-4c5c-80a3-1cd63e5db6d5"}
{"correlation_id": "b2e03b3e-2bd0-4050-907a-319e0d24a864", "operation": "whoami", "outcome": "allowed", "principal": "user:c1-dev.cd03e800-88fc-4033-9aa8-46b366bb80c9", "reason": "", "target": ""}
{"correlation_id": "026bcd20-6a40-4aaf-b144-b05333663b49", "operation": "instance_grant", "outcome": "applied", "principal": "user:c1-dev.810ccc6a-6084-4c5c-80a3-1cd63e5db6d5", "reason": "confirmed", "target": "dev"}
{"correlation_id": "d0104bc4-cfad-48d1-82a4-bcde7c6ff8b6", "operation": "instance_grant", "outcome": "allowed", "principal": "user:c1-dev.810ccc6a-6084-4c5c-80a3-1cd63e5db6d5", "reason": "", "target": "user:c1-dev.cd03e800-88fc-4033-9aa8-46b366bb80c9"}
{"correlation_id": "e8ab7f47-0215-48fa-a318-3e194a6a1962", "operation": "query_catalog", "outcome": "allowed", "principal": "user:c1-dev.810ccc6a-6084-4c5c-80a3-1cd63e5db6d5", "reason": "", "target": ""}
{"correlation_id": "c40dd2ec-c818-4caa-83fe-f5867c03541e", "operation": "scope_list", "outcome": "allowed", "principal": "user:c1-dev.810ccc6a-6084-4c5c-80a3-1cd63e5db6d5", "reason": "", "target": ""}
{"correlation_id": "ef506d54-9b88-4649-9035-251ca69d20aa", "operation": "whoami", "outcome": "allowed", "principal": "user:c1-dev.83b82928-eff2-4424-9477-74504155ad93", "reason": "", "target": ""}
{"correlation_id": "28bcbeb4-49a8-4176-b7ea-8f85a976c5e6", "operation": "whoami", "outcome": "allowed", "principal": "user:c1-dev.61c8dc00-a69b-4e4d-a30f-a284ca50df73", "reason": "", "target": ""}
{"correlation_id": "527de93a-a55b-4a62-b2ef-6e09a51743cd", "operation": "whoami", "outcome": "allowed", "principal": "user:c1-dev.b8e020fa-e5ab-4b32-9c72-ac9115d0efad", "reason": "", "target": ""}
{"correlation_id": "e6e760c7-e6bb-4a47-8c1f-8c961e318bbf", "operation": "whoami", "outcome": "allowed", "principal": "user:c1-dev.cd03e800-88fc-4033-9aa8-46b366bb80c9", "reason": "", "target": ""}
{"correlation_id": "fc1f693b-8c37-4c64-a04b-bde7fb0e7dac", "operation": "whoami", "outcome": "allowed", "principal": "user:c1-dev.097323d6-bb6e-4ccf-978a-6b466ca215cd", "reason": "", "target": ""}
{"correlation_id": "938ff604-f630-4e07-b49b-3248968d89ee", "operation": "whoami", "outcome": "allowed", "principal": "user:c1-dev.5f190ba0-9fcd-4fc3-affd-8d6191c05c1c", "reason": "", "target": ""}
{"correlation_id": "73f63dc7-6bc9-48e1-8d63-d08847548f65", "operation": "membership", "outcome": "applied", "principal": "user:c1-dev.810ccc6a-6084-4c5c-80a3-1cd63e5db6d5", "reason": "confirmed", "target": "sw-shared"}
{"correlation_id": "43576c0b-8368-47c9-aa45-3ebd9153bdad", "operation": "scope_member_grant", "outcome": "allowed", "principal": "user:c1-dev.810ccc6a-6084-4c5c-80a3-1cd63e5db6d5", "reason": "", "target": "sw-shared"}
{"correlation_id": "7afec69e-c3a1-4e62-9ce4-a0c015448eb5", "operation": "membership", "outcome": "applied", "principal": "user:c1-dev.810ccc6a-6084-4c5c-80a3-1cd63e5db6d5", "reason": "confirmed", "target": "sw-shared"}
{"correlation_id": "5fc8d15d-8e1b-47a0-81f5-6f4c0fa6fa78", "operation": "scope_member_grant", "outcome": "allowed", "principal": "user:c1-dev.810ccc6a-6084-4c5c-80a3-1cd63e5db6d5", "reason": "", "target": "sw-shared"}
{"correlation_id": "f574678c-22dc-4375-bf2f-00b2e71ea12c", "operation": "membership", "outcome": "applied", "principal": "user:c1-dev.810ccc6a-6084-4c5c-80a3-1cd63e5db6d5", "reason": "confirmed", "target": "sw-shared"}
{"correlation_id": "8b5e13cf-c848-4f6d-9d0d-b12ecd3fead2", "operation": "scope_member_grant", "outcome": "allowed", "principal": "user:c1-dev.810ccc6a-6084-4c5c-80a3-1cd63e5db6d5", "reason": "", "target": "sw-shared"}
{"correlation_id": "e0f67490-0a82-410b-bea9-d78897a881eb", "operation": "membership", "outcome": "applied", "principal": "user:c1-dev.810ccc6a-6084-4c5c-80a3-1cd63e5db6d5", "reason": "confirmed", "target": "sw-shared"}
{"correlation_id": "23148598-ea62-477c-ab83-e255e9cb6e9c", "operation": "scope_member_grant", "outcome": "allowed", "principal": "user:c1-dev.810ccc6a-6084-4c5c-80a3-1cd63e5db6d5", "reason": "", "target": "sw-shared"}
{"correlation_id": "956aa469-a9e0-4f62-b458-c86ca9c1a723", "operation": "membership", "outcome": "applied", "principal": "user:c1-dev.810ccc6a-6084-4c5c-80a3-1cd63e5db6d5", "reason": "confirmed", "target": "sw-shared"}
{"correlation_id": "572654dd-7bd4-44cc-a587-c6c5d106fa62", "operation": "scope_member_grant", "outcome": "allowed", "principal": "user:c1-dev.810ccc6a-6084-4c5c-80a3-1cd63e5db6d5", "reason": "", "target": "sw-shared"}
{"correlation_id": "df4e9ad9-1a63-489b-9b6f-f507b90dce76", "operation": "membership", "outcome": "applied", "principal": "user:c1-dev.810ccc6a-6084-4c5c-80a3-1cd63e5db6d5", "reason": "confirmed", "target": "sw-shared"}
{"correlation_id": "29f43f6a-5c58-44a5-9993-805c71eecfaf", "operation": "scope_member_grant", "outcome": "allowed", "principal": "user:c1-dev.810ccc6a-6084-4c5c-80a3-1cd63e5db6d5", "reason": "", "target": "sw-shared"}
{"correlation_id": "bbeaa4d4-2b62-46d3-bebc-a380186c57a2", "operation": "membership", "outcome": "applied", "principal": "user:c1-dev.810ccc6a-6084-4c5c-80a3-1cd63e5db6d5", "reason": "confirmed", "target": "sw-shared"}
{"correlation_id": "6493c820-eea2-43c2-ad82-69eb171ebd4c", "operation": "scope_member_grant", "outcome": "allowed", "principal": "user:c1-dev.810ccc6a-6084-4c5c-80a3-1cd63e5db6d5", "reason": "", "target": "sw-shared"}
{"correlation_id": "f484031c-9f95-47c7-92e7-107beef3d989", "operation": "membership", "outcome": "applied", "principal": "user:c1-dev.810ccc6a-6084-4c5c-80a3-1cd63e5db6d5", "reason": "confirmed", "target": "sw-shared"}
{"correlation_id": "6be01cc9-d052-4642-8e0d-e4e4e37b4a79", "operation": "scope_member_grant", "outcome": "allowed", "principal": "user:c1-dev.810ccc6a-6084-4c5c-80a3-1cd63e5db6d5", "reason": "", "target": "sw-shared"}
{"correlation_id": "1322c95f-d04a-46d6-b6f4-9b331d67e6f5", "operation": "membership", "outcome": "applied", "principal": "user:c1-dev.810ccc6a-6084-4c5c-80a3-1cd63e5db6d5", "reason": "confirmed", "target": "sw-shared"}
{"correlation_id": "73cacc40-6ef2-4b57-a9c4-47cf788859c5", "operation": "scope_member_grant", "outcome": "allowed", "principal": "user:c1-dev.810ccc6a-6084-4c5c-80a3-1cd63e5db6d5", "reason": "", "target": "sw-shared"}
{"correlation_id": "64385fdf-d405-46ce-a17c-f4166f63a897", "operation": "membership", "outcome": "applied", "principal": "user:c1-dev.810ccc6a-6084-4c5c-80a3-1cd63e5db6d5", "reason": "confirmed", "target": "sw-shared"}
{"correlation_id": "d3da3c6c-9e53-41a9-b206-35c75a6afe27", "operation": "scope_member_grant", "outcome": "allowed", "principal": "user:c1-dev.810ccc6a-6084-4c5c-80a3-1cd63e5db6d5", "reason": "", "target": "sw-shared"}
{"correlation_id": "31fe77a9-bfcc-49e4-b6f5-4d22aa4f8e09", "operation": "membership", "outcome": "applied", "principal": "user:c1-dev.810ccc6a-6084-4c5c-80a3-1cd63e5db6d5", "reason": "confirmed", "target": "sw-shared"}
{"correlation_id": "909dfed5-37cb-4e8e-8d52-9796d85cd778", "operation": "scope_member_grant", "outcome": "allowed", "principal": "user:c1-dev.810ccc6a-6084-4c5c-80a3-1cd63e5db6d5", "reason": "", "target": "sw-shared"}
{"correlation_id": "5cb3aaab-59ad-4ac2-8a1c-afb448ee807e", "operation": "membership", "outcome": "applied", "principal": "user:c1-dev.810ccc6a-6084-4c5c-80a3-1cd63e5db6d5", "reason": "confirmed", "target": "sw-shared"}
{"correlation_id": "5a3dafc9-2d8b-47f2-9437-93b51b7869ae", "operation": "scope_member_grant", "outcome": "allowed", "principal": "user:c1-dev.810ccc6a-6084-4c5c-80a3-1cd63e5db6d5", "reason": "", "target": "sw-shared"}
{"correlation_id": "55e2d694-488d-497f-a6c2-157559daa14d", "operation": "membership", "outcome": "applied", "principal": "user:c1-dev.810ccc6a-6084-4c5c-80a3-1cd63e5db6d5", "reason": "confirmed", "target": "sw-shared"}
{"correlation_id": "0c73f111-7c0c-491e-a12e-dfb6db76b9f7", "operation": "scope_member_grant", "outcome": "allowed", "principal": "user:c1-dev.810ccc6a-6084-4c5c-80a3-1cd63e5db6d5", "reason": "", "target": "sw-shared"}
{"correlation_id": "97d4567f-6b3b-465c-97ec-f9a624cc30c6", "operation": "membership", "outcome": "applied", "principal": "user:c1-dev.810ccc6a-6084-4c5c-80a3-1cd63e5db6d5", "reason": "confirmed", "target": "sw-ledger"}
{"correlation_id": "32d82d2f-52f2-4346-9796-373e87102436", "operation": "scope_member_grant", "outcome": "allowed", "principal": "user:c1-dev.810ccc6a-6084-4c5c-80a3-1cd63e5db6d5", "reason": "", "target": "sw-ledger"}
{"correlation_id": "754cbc2a-add5-4c5a-97da-b6bb33ee0529", "operation": "membership", "outcome": "applied", "principal": "user:c1-dev.810ccc6a-6084-4c5c-80a3-1cd63e5db6d5", "reason": "confirmed", "target": "sw-ledger"}
{"correlation_id": "27f0c44f-e7fb-4b2c-881d-029cf8273a04", "operation": "scope_member_grant", "outcome": "allowed", "principal": "user:c1-dev.810ccc6a-6084-4c5c-80a3-1cd63e5db6d5", "reason": "", "target": "sw-ledger"}
{"correlation_id": "92835c43-531c-40d7-bf7c-df9f374be07d", "operation": "membership", "outcome": "applied", "principal": "user:c1-dev.810ccc6a-6084-4c5c-80a3-1cd63e5db6d5", "reason": "confirmed", "target": "sw-ledger"}
{"correlation_id": "42505ede-39b0-4a58-9a47-cf5d41848be9", "operation": "scope_member_grant", "outcome": "allowed", "principal": "user:c1-dev.810ccc6a-6084-4c5c-80a3-1cd63e5db6d5", "reason": "", "target": "sw-ledger"}
{"correlation_id": "72d8bb1d-5fa2-419e-92ea-cb168239580b", "operation": "membership", "outcome": "applied", "principal": "user:c1-dev.810ccc6a-6084-4c5c-80a3-1cd63e5db6d5", "reason": "confirmed", "target": "sw-ledger"}
{"correlation_id": "eec2720e-5752-4583-89cc-2a47a8386e33", "operation": "scope_member_grant", "outcome": "allowed", "principal": "user:c1-dev.810ccc6a-6084-4c5c-80a3-1cd63e5db6d5", "reason": "", "target": "sw-ledger"}
{"correlation_id": "994f76c6-ce58-4331-a73a-7b30296a562e", "operation": "membership", "outcome": "applied", "principal": "user:c1-dev.810ccc6a-6084-4c5c-80a3-1cd63e5db6d5", "reason": "confirmed", "target": "sw-ledger"}
{"correlation_id": "56793696-e15b-4802-9593-bb9f07e26013", "operation": "scope_member_grant", "outcome": "allowed", "principal": "user:c1-dev.810ccc6a-6084-4c5c-80a3-1cd63e5db6d5", "reason": "", "target": "sw-ledger"}
{"correlation_id": "4eab009a-7ebf-4312-b3ad-995231bebed0", "operation": "membership", "outcome": "applied", "principal": "user:c1-dev.810ccc6a-6084-4c5c-80a3-1cd63e5db6d5", "reason": "confirmed", "target": "sw-ledger"}
{"correlation_id": "00b36719-d1a4-4f00-88ae-01e8c49dcf6e", "operation": "scope_member_grant", "outcome": "allowed", "principal": "user:c1-dev.810ccc6a-6084-4c5c-80a3-1cd63e5db6d5", "reason": "", "target": "sw-ledger"}
{"correlation_id": "f05ccca9-993f-4314-b6a8-7bc4135b6b5d", "operation": "membership", "outcome": "applied", "principal": "user:c1-dev.810ccc6a-6084-4c5c-80a3-1cd63e5db6d5", "reason": "confirmed", "target": "sw-ledger"}
{"correlation_id": "24e8fdc1-8941-440f-9531-bb13ae70faa2", "operation": "scope_member_grant", "outcome": "allowed", "principal": "user:c1-dev.810ccc6a-6084-4c5c-80a3-1cd63e5db6d5", "reason": "", "target": "sw-ledger"}
{"correlation_id": "a84918ef-cff1-41fe-9dc2-673f15c56190", "operation": "membership", "outcome": "applied", "principal": "user:c1-dev.810ccc6a-6084-4c5c-80a3-1cd63e5db6d5", "reason": "confirmed", "target": "sw-ledger"}
{"correlation_id": "b697d9fa-8a5c-440e-9de5-6f898bb15698", "operation": "scope_member_grant", "outcome": "allowed", "principal": "user:c1-dev.810ccc6a-6084-4c5c-80a3-1cd63e5db6d5", "reason": "", "target": "sw-ledger"}
{"correlation_id": "484b4422-fe05-4981-bc90-929afda5e9e6", "operation": "membership", "outcome": "applied", "principal": "user:c1-dev.810ccc6a-6084-4c5c-80a3-1cd63e5db6d5", "reason": "confirmed", "target": "sw-ledger"}
{"correlation_id": "0fb3c436-e6cb-465e-957c-f397b874d4d8", "operation": "scope_member_grant", "outcome": "allowed", "principal": "user:c1-dev.810ccc6a-6084-4c5c-80a3-1cd63e5db6d5", "reason": "", "target": "sw-ledger"}
{"correlation_id": "6dc1f5c2-04b8-4881-aaef-14073a6f14e7", "operation": "membership", "outcome": "applied", "principal": "user:c1-dev.810ccc6a-6084-4c5c-80a3-1cd63e5db6d5", "reason": "confirmed", "target": "sw-ledger"}
{"correlation_id": "ee90a336-dbf9-4457-bbbb-821e687e34e1", "operation": "scope_member_grant", "outcome": "allowed", "principal": "user:c1-dev.810ccc6a-6084-4c5c-80a3-1cd63e5db6d5", "reason": "", "target": "sw-ledger"}
{"correlation_id": "27648128-3aa3-4a62-aad0-7fb67c0e6086", "operation": "membership", "outcome": "applied", "principal": "user:c1-dev.810ccc6a-6084-4c5c-80a3-1cd63e5db6d5", "reason": "confirmed", "target": "sw-ledger"}
{"correlation_id": "c06618f4-febc-45fd-9c76-249475ac5b28", "operation": "scope_member_grant", "outcome": "allowed", "principal": "user:c1-dev.810ccc6a-6084-4c5c-80a3-1cd63e5db6d5", "reason": "", "target": "sw-ledger"}
{"correlation_id": "432bf3b6-3652-4050-82b9-471c10ad5e4c", "operation": "membership", "outcome": "applied", "principal": "user:c1-dev.810ccc6a-6084-4c5c-80a3-1cd63e5db6d5", "reason": "confirmed", "target": "sw-ledger"}
{"correlation_id": "292a541a-48c6-4104-b4e8-341c9674c084", "operation": "scope_member_grant", "outcome": "allowed", "principal": "user:c1-dev.810ccc6a-6084-4c5c-80a3-1cd63e5db6d5", "reason": "", "target": "sw-ledger"}
{"correlation_id": "c59ddedb-b7e9-4899-ae18-50663e576457", "operation": "membership", "outcome": "applied", "principal": "user:c1-dev.810ccc6a-6084-4c5c-80a3-1cd63e5db6d5", "reason": "confirmed", "target": "sw-shop"}
{"correlation_id": "01aae677-2279-4352-afeb-4c4b448f3d2e", "operation": "scope_member_grant", "outcome": "allowed", "principal": "user:c1-dev.810ccc6a-6084-4c5c-80a3-1cd63e5db6d5", "reason": "", "target": "sw-shop"}
{"correlation_id": "a5551a7f-86e5-4bdd-a934-029918f770bb", "operation": "membership", "outcome": "applied", "principal": "user:c1-dev.810ccc6a-6084-4c5c-80a3-1cd63e5db6d5", "reason": "confirmed", "target": "sw-shop"}
{"correlation_id": "9b1b989f-abae-4027-977e-a619ad2e3d03", "operation": "scope_member_grant", "outcome": "allowed", "principal": "user:c1-dev.810ccc6a-6084-4c5c-80a3-1cd63e5db6d5", "reason": "", "target": "sw-shop"}
{"correlation_id": "64908f83-b9a6-4f6b-8a9e-784831c8d906", "operation": "membership", "outcome": "applied", "principal": "user:c1-dev.810ccc6a-6084-4c5c-80a3-1cd63e5db6d5", "reason": "confirmed", "target": "sw-shop"}
{"correlation_id": "22157376-9ebf-40e5-a0b7-7410a2b0e0d8", "operation": "scope_member_grant", "outcome": "allowed", "principal": "user:c1-dev.810ccc6a-6084-4c5c-80a3-1cd63e5db6d5", "reason": "", "target": "sw-shop"}
{"correlation_id": "8fd8825a-14eb-4c62-8d31-c657c42cb811", "operation": "membership", "outcome": "applied", "principal": "user:c1-dev.810ccc6a-6084-4c5c-80a3-1cd63e5db6d5", "reason": "confirmed", "target": "sw-shop"}
{"correlation_id": "2c33628b-a919-4f2e-8d02-37faf86e68ca", "operation": "scope_member_grant", "outcome": "allowed", "principal": "user:c1-dev.810ccc6a-6084-4c5c-80a3-1cd63e5db6d5", "reason": "", "target": "sw-shop"}
{"correlation_id": "99e7403b-c25a-4565-b587-8ca3094f0838", "operation": "membership", "outcome": "applied", "principal": "user:c1-dev.810ccc6a-6084-4c5c-80a3-1cd63e5db6d5", "reason": "confirmed", "target": "sw-shop"}
{"correlation_id": "dd731fcd-b3f5-433c-8adb-8951a355e2bf", "operation": "scope_member_grant", "outcome": "allowed", "principal": "user:c1-dev.810ccc6a-6084-4c5c-80a3-1cd63e5db6d5", "reason": "", "target": "sw-shop"}
{"correlation_id": "b401a86b-2fcb-4587-b099-6aaf821ae944", "operation": "membership", "outcome": "applied", "principal": "user:c1-dev.810ccc6a-6084-4c5c-80a3-1cd63e5db6d5", "reason": "confirmed", "target": "sw-shop"}
{"correlation_id": "d61532f0-cf4b-4e2b-9ce1-b1104739d18a", "operation": "scope_member_grant", "outcome": "allowed", "principal": "user:c1-dev.810ccc6a-6084-4c5c-80a3-1cd63e5db6d5", "reason": "", "target": "sw-shop"}
{"correlation_id": "f287f82e-cf7b-4861-8f23-32f46e8d1872", "operation": "membership", "outcome": "applied", "principal": "user:c1-dev.810ccc6a-6084-4c5c-80a3-1cd63e5db6d5", "reason": "confirmed", "target": "sw-shop"}
{"correlation_id": "be6c5f2e-f2d9-41a2-b894-13e54978be05", "operation": "scope_member_grant", "outcome": "allowed", "principal": "user:c1-dev.810ccc6a-6084-4c5c-80a3-1cd63e5db6d5", "reason": "", "target": "sw-shop"}
{"correlation_id": "b87dd8b4-ad54-4d1c-9372-1881392d84bf", "operation": "membership", "outcome": "applied", "principal": "user:c1-dev.810ccc6a-6084-4c5c-80a3-1cd63e5db6d5", "reason": "confirmed", "target": "sw-shop"}
{"correlation_id": "d2d6bd6a-db35-4a02-b1cd-8100184c4a11", "operation": "scope_member_grant", "outcome": "allowed", "principal": "user:c1-dev.810ccc6a-6084-4c5c-80a3-1cd63e5db6d5", "reason": "", "target": "sw-shop"}
{"correlation_id": "d8a0a627-2228-4137-9bf6-54ac1dc58b2d", "operation": "membership", "outcome": "applied", "principal": "user:c1-dev.810ccc6a-6084-4c5c-80a3-1cd63e5db6d5", "reason": "confirmed", "target": "sw-shop"}
{"correlation_id": "f963d9f2-40f9-45b8-ae9f-317768ab77e6", "operation": "scope_member_grant", "outcome": "allowed", "principal": "user:c1-dev.810ccc6a-6084-4c5c-80a3-1cd63e5db6d5", "reason": "", "target": "sw-shop"}
{"correlation_id": "972b52ed-730e-48ab-aa3a-98e9a1700c94", "operation": "membership", "outcome": "applied", "principal": "user:c1-dev.810ccc6a-6084-4c5c-80a3-1cd63e5db6d5", "reason": "confirmed", "target": "sw-shop"}
{"correlation_id": "479026b3-d655-45f5-85ce-624a4e8927cb", "operation": "scope_member_grant", "outcome": "allowed", "principal": "user:c1-dev.810ccc6a-6084-4c5c-80a3-1cd63e5db6d5", "reason": "", "target": "sw-shop"}
{"correlation_id": "84ef4f95-c049-4902-af3e-8bd0d1d3c1a5", "operation": "membership", "outcome": "applied", "principal": "user:c1-dev.810ccc6a-6084-4c5c-80a3-1cd63e5db6d5", "reason": "confirmed", "target": "sw-shop"}
{"correlation_id": "73735715-4f02-4550-8691-750be68d9855", "operation": "scope_member_grant", "outcome": "allowed", "principal": "user:c1-dev.810ccc6a-6084-4c5c-80a3-1cd63e5db6d5", "reason": "", "target": "sw-shop"}
{"correlation_id": "27df7651-ce76-4e28-9080-de525c6a04ed", "operation": "membership", "outcome": "applied", "principal": "user:c1-dev.810ccc6a-6084-4c5c-80a3-1cd63e5db6d5", "reason": "confirmed", "target": "sw-shop"}
{"correlation_id": "7a3c0d1c-5991-4b71-aebf-d29bd7f19c21", "operation": "scope_member_grant", "outcome": "allowed", "principal": "user:c1-dev.810ccc6a-6084-4c5c-80a3-1cd63e5db6d5", "reason": "", "target": "sw-shop"}
{"correlation_id": "3bfbafa3-d7a7-4ce7-b925-b5dc41e498c0", "operation": "membership", "outcome": "applied", "principal": "user:c1-dev.810ccc6a-6084-4c5c-80a3-1cd63e5db6d5", "reason": "confirmed", "target": "sw-restricted"}
{"correlation_id": "e36bde83-7773-4529-9c16-9786d87c801f", "operation": "scope_member_grant", "outcome": "allowed", "principal": "user:c1-dev.810ccc6a-6084-4c5c-80a3-1cd63e5db6d5", "reason": "", "target": "sw-restricted"}
{"correlation_id": "7192bbd9-03b2-411a-997b-51c974374519", "operation": "membership", "outcome": "applied", "principal": "user:c1-dev.810ccc6a-6084-4c5c-80a3-1cd63e5db6d5", "reason": "confirmed", "target": "sw-restricted"}
{"correlation_id": "06ca2446-dbe4-4911-bbee-b8099f37a1c2", "operation": "scope_member_grant", "outcome": "allowed", "principal": "user:c1-dev.810ccc6a-6084-4c5c-80a3-1cd63e5db6d5", "reason": "", "target": "sw-restricted"}
{"correlation_id": "699dfbe7-0ca3-4edf-87dc-ad20769af9b3", "operation": "membership", "outcome": "applied", "principal": "user:c1-dev.810ccc6a-6084-4c5c-80a3-1cd63e5db6d5", "reason": "confirmed", "target": "sw-restricted"}
{"correlation_id": "c99435b6-d2b1-458c-aa4b-8c4a40eb4127", "operation": "scope_member_grant", "outcome": "allowed", "principal": "user:c1-dev.810ccc6a-6084-4c5c-80a3-1cd63e5db6d5", "reason": "", "target": "sw-restricted"}
{"correlation_id": "771b4944-828d-4ddb-9bed-4fe64d352b22", "operation": "membership", "outcome": "applied", "principal": "user:c1-dev.810ccc6a-6084-4c5c-80a3-1cd63e5db6d5", "reason": "confirmed", "target": "sw-restricted"}
{"correlation_id": "e2929830-ffc0-42c6-9131-794448e50c13", "operation": "scope_member_grant", "outcome": "allowed", "principal": "user:c1-dev.810ccc6a-6084-4c5c-80a3-1cd63e5db6d5", "reason": "", "target": "sw-restricted"}
{"correlation_id": "2405fb87-6d93-4ba3-bcea-997e26a7c53f", "operation": "membership", "outcome": "applied", "principal": "user:c1-dev.810ccc6a-6084-4c5c-80a3-1cd63e5db6d5", "reason": "confirmed", "target": "sw-restricted"}
{"correlation_id": "48f538b2-16dc-4279-8543-9957b0902b55", "operation": "scope_member_grant", "outcome": "allowed", "principal": "user:c1-dev.810ccc6a-6084-4c5c-80a3-1cd63e5db6d5", "reason": "", "target": "sw-restricted"}
{"correlation_id": "a9973960-c952-40ec-bf7c-d40317b0c0e7", "operation": "membership", "outcome": "applied", "principal": "user:c1-dev.810ccc6a-6084-4c5c-80a3-1cd63e5db6d5", "reason": "confirmed", "target": "sw-restricted"}
{"correlation_id": "acbced27-4cd1-4a52-a7cd-43cc3a74d601", "operation": "scope_member_grant", "outcome": "allowed", "principal": "user:c1-dev.810ccc6a-6084-4c5c-80a3-1cd63e5db6d5", "reason": "", "target": "sw-restricted"}
{"correlation_id": "c338632e-8c12-44ad-859c-020ee4376e32", "operation": "membership", "outcome": "applied", "principal": "user:c1-dev.810ccc6a-6084-4c5c-80a3-1cd63e5db6d5", "reason": "confirmed", "target": "sw-restricted"}
{"correlation_id": "c9a50e27-ddfc-4263-9931-ce0d7a274493", "operation": "scope_member_grant", "outcome": "allowed", "principal": "user:c1-dev.810ccc6a-6084-4c5c-80a3-1cd63e5db6d5", "reason": "", "target": "sw-restricted"}
{"correlation_id": "4dac2b73-24f8-4c40-9f5b-d528777ab844", "operation": "membership", "outcome": "applied", "principal": "user:c1-dev.810ccc6a-6084-4c5c-80a3-1cd63e5db6d5", "reason": "confirmed", "target": "sw-restricted"}
{"correlation_id": "6b8f362a-e0a1-4cbf-b347-fbd058ffb85b", "operation": "scope_member_grant", "outcome": "allowed", "principal": "user:c1-dev.810ccc6a-6084-4c5c-80a3-1cd63e5db6d5", "reason": "", "target": "sw-restricted"}
{"correlation_id": "cf5d7cfd-986e-42e1-8189-1b517243105e", "operation": "membership", "outcome": "applied", "principal": "user:c1-dev.810ccc6a-6084-4c5c-80a3-1cd63e5db6d5", "reason": "confirmed", "target": "sw-restricted"}
{"correlation_id": "f98c75c0-2082-45d0-a334-13a8c6604a26", "operation": "scope_member_grant", "outcome": "allowed", "principal": "user:c1-dev.810ccc6a-6084-4c5c-80a3-1cd63e5db6d5", "reason": "", "target": "sw-restricted"}
{"correlation_id": "801f8645-fd1e-4272-9194-0658e08e2184", "operation": "membership", "outcome": "applied", "principal": "user:c1-dev.810ccc6a-6084-4c5c-80a3-1cd63e5db6d5", "reason": "confirmed", "target": "sw-restricted"}
{"correlation_id": "085934a5-1ed8-4f75-bd80-1da101e0a9f9", "operation": "scope_member_grant", "outcome": "allowed", "principal": "user:c1-dev.810ccc6a-6084-4c5c-80a3-1cd63e5db6d5", "reason": "", "target": "sw-restricted"}
{"correlation_id": "c9bd5b01-161a-4143-ab46-45e449b9efaf", "operation": "membership", "outcome": "applied", "principal": "user:c1-dev.810ccc6a-6084-4c5c-80a3-1cd63e5db6d5", "reason": "confirmed", "target": "sw-restricted"}
{"correlation_id": "7550b3f5-2918-41c9-9d44-5fe1b310f4b5", "operation": "scope_member_grant", "outcome": "allowed", "principal": "user:c1-dev.810ccc6a-6084-4c5c-80a3-1cd63e5db6d5", "reason": "", "target": "sw-restricted"}
{"correlation_id": "78edf944-57db-42a9-8131-9d89efae6853", "operation": "resource_read", "outcome": "allowed", "principal": "user:c1-dev.83b82928-eff2-4424-9477-74504155ad93", "reason": "", "target": "urn:c1:instance:dev:activity/955059e3-d0e9-4f1f-b6a4-7e8a6e4feaa2"}
{"correlation_id": "8345a5a2-418f-4171-a80e-e9610fdd8772", "operation": "instance_read", "outcome": "allowed", "principal": "user:c1-dev.cd03e800-88fc-4033-9aa8-46b366bb80c9", "reason": "", "target": "dev"}
{"correlation_id": "6d19b4e9-7e73-4bd6-ade3-e42a828453c7", "operation": "resource_read", "outcome": "denied", "principal": "user:c1-dev.83b82928-eff2-4424-9477-74504155ad93", "reason": "not_found", "target": ""}
{"correlation_id": "6a58a4ae-92dd-4316-ba05-5ea2c6b16450", "operation": "resource_read", "outcome": "allowed", "principal": "user:c1-dev.83b82928-eff2-4424-9477-74504155ad93", "reason": "", "target": "urn:c1:instance:dev:source/df477166-8ae0-4f1b-bfa9-66b5d8837499"}
{"correlation_id": "29ed6d8c-36b1-4129-b9f2-09c979d58074", "operation": "instance_read", "outcome": "allowed", "principal": "user:c1-dev.cd03e800-88fc-4033-9aa8-46b366bb80c9", "reason": "", "target": "dev"}
{"correlation_id": "007a6cab-de0d-4d92-8acb-786b83ae2cec", "operation": "resource_read", "outcome": "allowed", "principal": "user:c1-dev.83b82928-eff2-4424-9477-74504155ad93", "reason": "", "target": "urn:c1:instance:dev:coverage/b650c9db-a3ab-494d-8f26-02308d84e01d"}
{"correlation_id": "91199a0f-3265-489d-a92b-b2d85b0819e2", "operation": "instance_read", "outcome": "allowed", "principal": "user:c1-dev.cd03e800-88fc-4033-9aa8-46b366bb80c9", "reason": "", "target": "dev"}
{"correlation_id": "ea2baf15-820a-4c7c-9b3d-a85bbde751de", "operation": "resource_read", "outcome": "allowed", "principal": "user:c1-dev.83b82928-eff2-4424-9477-74504155ad93", "reason": "", "target": "urn:c1:instance:dev:coverage/81931bb4-7232-4803-94cf-32695413c87d"}
{"correlation_id": "d645b216-288d-4901-8242-a666abfe8b8c", "operation": "instance_read", "outcome": "allowed", "principal": "user:c1-dev.cd03e800-88fc-4033-9aa8-46b366bb80c9", "reason": "", "target": "dev"}
{"correlation_id": "55c1b92f-8490-4f5c-af74-81f1eaee2b0f", "operation": "resource_read", "outcome": "allowed", "principal": "user:c1-dev.83b82928-eff2-4424-9477-74504155ad93", "reason": "", "target": "urn:c1:instance:dev:coverage/5c379dc4-5487-4d01-b853-2472dd067c58"}
{"correlation_id": "7ac12475-777c-4db6-9199-fedca7410c90", "operation": "instance_read", "outcome": "allowed", "principal": "user:c1-dev.cd03e800-88fc-4033-9aa8-46b366bb80c9", "reason": "", "target": "dev"}
{"correlation_id": "2347ebca-19bf-482c-869b-37cc5221dbfd", "operation": "resource_read", "outcome": "allowed", "principal": "user:c1-dev.83b82928-eff2-4424-9477-74504155ad93", "reason": "", "target": "urn:c1:instance:dev:coverage/cf29abc3-438d-4ae3-8810-898b9e43acf7"}
{"correlation_id": "ad1c70cc-8d40-4459-b962-f52222b45ecc", "operation": "instance_read", "outcome": "allowed", "principal": "user:c1-dev.cd03e800-88fc-4033-9aa8-46b366bb80c9", "reason": "", "target": "dev"}
{"correlation_id": "c2c70563-4dec-44aa-b57f-0fb46c6f7c39", "operation": "resource_read", "outcome": "allowed", "principal": "user:c1-dev.83b82928-eff2-4424-9477-74504155ad93", "reason": "", "target": "urn:c1:instance:dev:coverage/e3ef9dd5-09b9-4fe2-957a-fd503eca630a"}
{"correlation_id": "7d9b3b33-8307-4152-b437-2102fd3ddc6d", "operation": "instance_read", "outcome": "allowed", "principal": "user:c1-dev.cd03e800-88fc-4033-9aa8-46b366bb80c9", "reason": "", "target": "dev"}
{"correlation_id": "72107f30-5e2e-4305-8bb8-d607a8007ff4", "operation": "resource_read", "outcome": "denied", "principal": "user:c1-dev.83b82928-eff2-4424-9477-74504155ad93", "reason": "not_found", "target": ""}
{"correlation_id": "a1f64e2c-9881-4287-a98d-bb816129a2e1", "operation": "resource_read", "outcome": "allowed", "principal": "user:c1-dev.83b82928-eff2-4424-9477-74504155ad93", "reason": "", "target": "urn:c1:instance:dev:activity/6377cf0c-f8c1-4beb-8ae1-56c844978f24"}
{"correlation_id": "f4303977-5772-4cd4-8ec2-a0844b1c5932", "operation": "instance_read", "outcome": "allowed", "principal": "user:c1-dev.cd03e800-88fc-4033-9aa8-46b366bb80c9", "reason": "", "target": "dev"}
{"correlation_id": "a30e4215-ca75-49ad-8bb6-a5601fc75945", "operation": "resource_read", "outcome": "denied", "principal": "user:c1-dev.83b82928-eff2-4424-9477-74504155ad93", "reason": "not_found", "target": ""}
{"correlation_id": "315c4995-c3bb-4000-9437-67b7191aca5a", "operation": "resource_read", "outcome": "allowed", "principal": "user:c1-dev.83b82928-eff2-4424-9477-74504155ad93", "reason": "", "target": "urn:c1:instance:dev:activity/fe59ee93-4ea9-4d9f-bbf5-a6c4e6ef3eb8"}
{"correlation_id": "f555d609-f76e-4698-b924-d765261a10cc", "operation": "instance_read", "outcome": "allowed", "principal": "user:c1-dev.cd03e800-88fc-4033-9aa8-46b366bb80c9", "reason": "", "target": "dev"}
{"correlation_id": "0fae2cf6-0504-4d08-9e9c-1945858d4610", "operation": "resource_read", "outcome": "allowed", "principal": "user:c1-dev.83b82928-eff2-4424-9477-74504155ad93", "reason": "", "target": "urn:c1:instance:dev:coverage/e9a0b28e-9260-4ca5-8e0a-0ad5aa6cf94a"}
{"correlation_id": "4e159eff-96fb-4694-9926-9e83c5ff6389", "operation": "instance_read", "outcome": "allowed", "principal": "user:c1-dev.cd03e800-88fc-4033-9aa8-46b366bb80c9", "reason": "", "target": "dev"}
{"correlation_id": "8c475688-1f6d-4847-ad6f-f2c2c53f34a0", "operation": "resource_read", "outcome": "allowed", "principal": "user:c1-dev.83b82928-eff2-4424-9477-74504155ad93", "reason": "", "target": "urn:c1:instance:dev:coverage/59a0ec5c-c665-4f89-ba50-8de7e04130bf"}
{"correlation_id": "695d3da9-175f-4f34-8f77-ff6e430f76b9", "operation": "instance_read", "outcome": "allowed", "principal": "user:c1-dev.cd03e800-88fc-4033-9aa8-46b366bb80c9", "reason": "", "target": "dev"}
{"correlation_id": "17f96f00-37f2-483e-8a3a-26feb1deb56d", "operation": "resource_read", "outcome": "allowed", "principal": "user:c1-dev.83b82928-eff2-4424-9477-74504155ad93", "reason": "", "target": "urn:c1:instance:dev:coverage/3ef088fd-fa79-45dc-b5ab-71a371def51d"}
{"correlation_id": "2f97f43a-b3e8-43fa-81db-ab631a0dd0b3", "operation": "instance_read", "outcome": "allowed", "principal": "user:c1-dev.cd03e800-88fc-4033-9aa8-46b366bb80c9", "reason": "", "target": "dev"}
{"correlation_id": "65389a06-564f-4e07-999e-8e2ff7e30d3b", "operation": "resource_read", "outcome": "allowed", "principal": "user:c1-dev.83b82928-eff2-4424-9477-74504155ad93", "reason": "", "target": "urn:c1:instance:dev:coverage/48f3c2c8-10e7-44d5-9e7f-e7ecc1640a64"}
{"correlation_id": "a076e9a0-b15c-4cb3-b696-ca815fedfeb6", "operation": "instance_read", "outcome": "allowed", "principal": "user:c1-dev.cd03e800-88fc-4033-9aa8-46b366bb80c9", "reason": "", "target": "dev"}
{"correlation_id": "b339d2ef-03b1-4a53-8471-3de522931db8", "operation": "resource_read", "outcome": "allowed", "principal": "user:c1-dev.61c8dc00-a69b-4e4d-a30f-a284ca50df73", "reason": "", "target": "urn:c1:instance:dev:coverage/65f2b0c6-60c9-423b-b23d-77a9f9c6da86"}
{"correlation_id": "2f5d9f03-d0f0-47e3-8cd7-a8d866d24471", "operation": "instance_read", "outcome": "allowed", "principal": "user:c1-dev.cd03e800-88fc-4033-9aa8-46b366bb80c9", "reason": "", "target": "dev"}
{"correlation_id": "05395dfd-5ea8-4fbc-b4f2-ddbeaad5c4e1", "operation": "resource_read", "outcome": "allowed", "principal": "user:c1-dev.61c8dc00-a69b-4e4d-a30f-a284ca50df73", "reason": "", "target": "urn:c1:instance:dev:coverage/482606a1-8d38-46fa-8860-243fd45ff133"}
{"correlation_id": "e16ec32a-482a-4299-8f3b-2f73863d0e80", "operation": "instance_read", "outcome": "allowed", "principal": "user:c1-dev.cd03e800-88fc-4033-9aa8-46b366bb80c9", "reason": "", "target": "dev"}
{"correlation_id": "c0e9c44c-5069-40af-a366-599a6083d5a7", "operation": "resource_read", "outcome": "allowed", "principal": "user:c1-dev.61c8dc00-a69b-4e4d-a30f-a284ca50df73", "reason": "", "target": "urn:c1:instance:dev:coverage/0856dda2-8313-49fe-9015-eabeb3d3fafc"}
{"correlation_id": "65a6883e-9ff4-4643-9703-ffedd46368cd", "operation": "instance_read", "outcome": "allowed", "principal": "user:c1-dev.cd03e800-88fc-4033-9aa8-46b366bb80c9", "reason": "", "target": "dev"}
{"correlation_id": "05f07b0c-91c2-4ba7-acd6-feb3152f326c", "operation": "resource_read", "outcome": "allowed", "principal": "user:c1-dev.61c8dc00-a69b-4e4d-a30f-a284ca50df73", "reason": "", "target": "urn:c1:instance:dev:coverage/fe6cdd3d-322a-4e03-9321-89a50d0ff3c1"}
{"correlation_id": "ce4fa4e4-8c5c-4fae-86d4-30b253672b85", "operation": "instance_read", "outcome": "allowed", "principal": "user:c1-dev.cd03e800-88fc-4033-9aa8-46b366bb80c9", "reason": "", "target": "dev"}
{"correlation_id": "caacb2f9-ccc8-4682-81f7-d232bb125f30", "operation": "resource_read", "outcome": "allowed", "principal": "user:c1-dev.b8e020fa-e5ab-4b32-9c72-ac9115d0efad", "reason": "", "target": "urn:c1:instance:dev:activity/12ef064a-7e56-47cc-9cfa-05b9e5ef858d"}
{"correlation_id": "1943ae5b-8208-49e9-a1f0-81c13f9de767", "operation": "instance_read", "outcome": "allowed", "principal": "user:c1-dev.cd03e800-88fc-4033-9aa8-46b366bb80c9", "reason": "", "target": "dev"}
{"correlation_id": "4692d2d5-7e58-4c25-b340-e09524c2d3e9", "operation": "resource_read", "outcome": "allowed", "principal": "user:c1-dev.b8e020fa-e5ab-4b32-9c72-ac9115d0efad", "reason": "", "target": "urn:c1:instance:dev:coverage/d9c6f111-f103-4911-8d35-52d30ee4de7b"}
{"correlation_id": "83b65367-905e-43ce-8415-d8ac4286d11b", "operation": "instance_read", "outcome": "allowed", "principal": "user:c1-dev.cd03e800-88fc-4033-9aa8-46b366bb80c9", "reason": "", "target": "dev"}
{"correlation_id": "21ef7159-6a12-4737-a32e-d1670d28bd68", "operation": "resource_read", "outcome": "allowed", "principal": "user:c1-dev.b8e020fa-e5ab-4b32-9c72-ac9115d0efad", "reason": "", "target": "urn:c1:instance:dev:coverage/c404cd65-e931-4f78-837b-01a74ea2d17c"}
{"correlation_id": "5efb2ec4-6ffb-46a1-9676-15162d9a0e3f", "operation": "instance_read", "outcome": "allowed", "principal": "user:c1-dev.cd03e800-88fc-4033-9aa8-46b366bb80c9", "reason": "", "target": "dev"}
{"correlation_id": "f306a81a-2d35-422d-8782-776293d6fd5a", "operation": "resource_read", "outcome": "allowed", "principal": "user:c1-dev.b8e020fa-e5ab-4b32-9c72-ac9115d0efad", "reason": "", "target": "urn:c1:instance:dev:coverage/9204baf4-6fa5-4198-94ed-8e8b17b46c2d"}
{"correlation_id": "b57a67f1-4655-4aa0-ad55-74b90010d38c", "operation": "instance_read", "outcome": "allowed", "principal": "user:c1-dev.cd03e800-88fc-4033-9aa8-46b366bb80c9", "reason": "", "target": "dev"}
{"correlation_id": "fdd6d91b-4525-4520-bdde-71246dda1936", "operation": "instance_read", "outcome": "allowed", "principal": "user:c1-dev.cd03e800-88fc-4033-9aa8-46b366bb80c9", "reason": "", "target": "dev"}
{"fixture": "software-integration", "revision": "branch:9d4wqhkt1f71l2fps6gcexn9wbjzrza", "state": "applied"}
