INFO:     Started server process [2688390]
INFO:     Waiting for application startup.
INFO:     Application startup complete.
INFO:     Uvicorn running on http://127.0.0.1:18000 (Press CTRL+C to quit)
INFO:     Started server process [2688462]
INFO:     Waiting for application startup.
{"correlation_id": "b753cea7-8475-42e9-83b5-7c4ba6c6a6a9", "operation": "startup_recovery", "outcome": "unavailable", "principal": "system", "reason": "recovery_pending", "target": ""}
INFO:     Application startup complete.
INFO:     Uvicorn running on http://127.0.0.1:18000 (Press CTRL+C to quit)
INFO:     Shutting down
INFO:     Waiting for background tasks to complete. (CTRL+C to force quit)
INFO:     Waiting for application shutdown.
INFO:     Application shutdown complete.
INFO:     Finished server process [2688462]
INFO:     Started server process [2689862]
INFO:     Waiting for application startup.
INFO:     Application startup complete.
INFO:     Uvicorn running on http://127.0.0.1:18000 (Press CTRL+C to quit)
INFO:     Started server process [2689915]
INFO:     Waiting for application startup.
{"correlation_id": "64955c72-2926-4671-8cca-d3de492a7978", "operation": "startup_recovery", "outcome": "unavailable", "principal": "system", "reason": "recovery_pending", "target": ""}
INFO:     Application startup complete.
INFO:     Uvicorn running on http://127.0.0.1:18000 (Press CTRL+C to quit)
INFO:     Shutting down
INFO:     Waiting for background tasks to complete. (CTRL+C to force quit)
INFO:     Waiting for application shutdown.
INFO:     Application shutdown complete.
INFO:     Finished server process [2689915]
INFO:     Started server process [2691068]
INFO:     Waiting for application startup.
INFO:     Application startup complete.
INFO:     Uvicorn running on http://127.0.0.1:18000 (Press CTRL+C to quit)
INFO:     Started server process [2691235]
INFO:     Waiting for application startup.
{"correlation_id": "db5c2343-ee4e-4b3c-bdb6-fd157e4fcd53", "operation": "startup_recovery", "outcome": "unavailable", "principal": "system", "reason": "recovery_pending", "target": ""}
INFO:     Application startup complete.
INFO:     Uvicorn running on http://127.0.0.1:18000 (Press CTRL+C to quit)
INFO:     Shutting down
INFO:     Waiting for background tasks to complete. (CTRL+C to force quit)
INFO:     Waiting for application shutdown.
INFO:     Application shutdown complete.
INFO:     Finished server process [2691235]
INFO:     Started server process [2694705]
INFO:     Waiting for application startup.
INFO:     Application startup complete.
INFO:     Uvicorn running on http://127.0.0.1:18000 (Press CTRL+C to quit)
INFO:     Started server process [2694835]
INFO:     Waiting for application startup.
{"correlation_id": "a08dde23-e75e-44cf-8304-72709eea9a84", "operation": "startup_recovery", "outcome": "unavailable", "principal": "system", "reason": "recovery_pending", "target": ""}
INFO:     Application startup complete.
INFO:     Uvicorn running on http://127.0.0.1:18000 (Press CTRL+C to quit)
{"correlation_id": "74749f49-67b6-4678-a239-d82ab530a87f", "operation": "probe_read", "outcome": "denied", "principal": "user:c1-dev.5f190ba0-9fcd-4fc3-affd-8d6191c05c1c", "reason": "not_found", "target": "urn:c1:probe:entity-fc5c7ba3298f40c8a75a1e8c6b6ef349"}
{"correlation_id": "ad282623-f13c-476c-8da9-cdfbcb0d88d7", "operation": "rescope", "outcome": "applied", "principal": "user:c1-dev.810ccc6a-6084-4c5c-80a3-1cd63e5db6d5", "reason": "confirmed", "target": "urn:c1:probe:entity-fc5c7ba3298f40c8a75a1e8c6b6ef349"}
{"correlation_id": "c574902d-4759-49d6-ad49-a0d339d4b03b", "operation": "security_recover", "outcome": "allowed", "principal": "user:c1-dev.097323d6-bb6e-4ccf-978a-6b466ca215cd", "reason": "", "target": ""}
INFO:     Shutting down
INFO:     Waiting for application shutdown.
INFO:     Application shutdown complete.
INFO:     Finished server process [2694835]
INFO:     Started server process [2697400]
INFO:     Waiting for application startup.
INFO:     Application startup complete.
INFO:     Uvicorn running on http://127.0.0.1:18000 (Press CTRL+C to quit)
INFO:     Started server process [2697537]
INFO:     Waiting for application startup.
{"correlation_id": "25a7a04e-77d9-4b4d-9ff2-24d7ac20f7c1", "operation": "startup_recovery", "outcome": "unavailable", "principal": "system", "reason": "recovery_pending", "target": ""}
INFO:     Application startup complete.
INFO:     Uvicorn running on http://127.0.0.1:18000 (Press CTRL+C to quit)
{"correlation_id": "81978446-81bd-47ab-8c32-6987b1ca6070", "operation": "probe_read", "outcome": "denied", "principal": "user:c1-dev.5f190ba0-9fcd-4fc3-affd-8d6191c05c1c", "reason": "not_found", "target": "urn:c1:probe:entity-736c1ceaf9ea463493bce67ca436bccb"}
{"correlation_id": "196755f2-a8ef-453f-b73a-5d65ff2250a5", "operation": "rescope", "outcome": "applied", "principal": "user:c1-dev.810ccc6a-6084-4c5c-80a3-1cd63e5db6d5", "reason": "confirmed", "target": "urn:c1:probe:entity-736c1ceaf9ea463493bce67ca436bccb"}
{"correlation_id": "a67aabc4-607d-4fdb-88f6-0f44eb35ceff", "operation": "security_recover", "outcome": "allowed", "principal": "user:c1-dev.097323d6-bb6e-4ccf-978a-6b466ca215cd", "reason": "", "target": ""}
{"correlation_id": "5ce8885e-ad7a-42f7-abe9-ce80f03a477e", "operation": "security_operation_read", "outcome": "allowed", "principal": "user:c1-dev.810ccc6a-6084-4c5c-80a3-1cd63e5db6d5", "reason": "", "target": "5af2c390-832e-42e3-95e3-9921ad9890f6"}
{"correlation_id": "96bcf8e7-6db6-4265-89e7-171dfef5ad79", "operation": "probe_read", "outcome": "denied", "principal": "user:c1-dev.5f190ba0-9fcd-4fc3-affd-8d6191c05c1c", "reason": "not_found", "target": "urn:c1:probe:entity-736c1ceaf9ea463493bce67ca436bccb"}
{"correlation_id": "72788dcd-8fec-4969-87ef-f5b58588dabe", "operation": "probe_read", "outcome": "allowed", "principal": "user:c1-dev.810ccc6a-6084-4c5c-80a3-1cd63e5db6d5", "reason": "", "target": "urn:c1:probe:entity-736c1ceaf9ea463493bce67ca436bccb"}
INFO:     Shutting down
INFO:     Waiting for application shutdown.
INFO:     Application shutdown complete.
INFO:     Finished server process [2697537]
INFO:     Started server process [2698395]
INFO:     Waiting for application startup.
INFO:     Application startup complete.
INFO:     Uvicorn running on http://127.0.0.1:18000 (Press CTRL+C to quit)
INFO:     Started server process [2698494]
INFO:     Waiting for application startup.
{"correlation_id": "7360c2c2-8173-411d-9bf0-8f1e1ffedb0a", "operation": "startup_recovery", "outcome": "unavailable", "principal": "system", "reason": "recovery_pending", "target": ""}
INFO:     Application startup complete.
INFO:     Uvicorn running on http://127.0.0.1:18000 (Press CTRL+C to quit)
{"correlation_id": "8046a077-c9d4-4e2f-b34a-1b0db36002e5", "operation": "probe_read", "outcome": "denied", "principal": "user:c1-dev.5f190ba0-9fcd-4fc3-affd-8d6191c05c1c", "reason": "not_found", "target": "urn:c1:probe:entity-0cea615f235040598b603ca5d3d8e673"}
{"correlation_id": "52ebd87d-85d6-4ab1-a1e6-90344a62f987", "operation": "rescope", "outcome": "applied", "principal": "user:c1-dev.810ccc6a-6084-4c5c-80a3-1cd63e5db6d5", "reason": "confirmed", "target": "urn:c1:probe:entity-0cea615f235040598b603ca5d3d8e673"}
{"correlation_id": "922ffc7a-c1f5-4221-ac32-6936d91893fc", "operation": "security_recover", "outcome": "allowed", "principal": "user:c1-dev.097323d6-bb6e-4ccf-978a-6b466ca215cd", "reason": "", "target": ""}
{"correlation_id": "2671dbce-0854-428f-a209-e0cbcb9afd0a", "operation": "security_operation_read", "outcome": "allowed", "principal": "user:c1-dev.810ccc6a-6084-4c5c-80a3-1cd63e5db6d5", "reason": "", "target": "269a844e-bd21-40e2-94b4-25b89e5fb63c"}
{"correlation_id": "ad264e00-67d8-4159-9702-181f7de9162a", "operation": "probe_read", "outcome": "denied", "principal": "user:c1-dev.5f190ba0-9fcd-4fc3-affd-8d6191c05c1c", "reason": "not_found", "target": "urn:c1:probe:entity-0cea615f235040598b603ca5d3d8e673"}
{"correlation_id": "1b325a03-473d-4db2-9e96-a4c56b4b06e5", "operation": "probe_read", "outcome": "allowed", "principal": "user:c1-dev.810ccc6a-6084-4c5c-80a3-1cd63e5db6d5", "reason": "", "target": "urn:c1:probe:entity-0cea615f235040598b603ca5d3d8e673"}
INFO:     Shutting down
INFO:     Waiting for application shutdown.
INFO:     Application shutdown complete.
INFO:     Finished server process [2698494]
INFO:     Started server process [2699577]
INFO:     Waiting for application startup.
INFO:     Application startup complete.
INFO:     Uvicorn running on http://127.0.0.1:18000 (Press CTRL+C to quit)
INFO:     Started server process [2699667]
INFO:     Waiting for application startup.
{"correlation_id": "a651623e-8b0e-4f7d-96f1-78057662f581", "operation": "startup_recovery", "outcome": "unavailable", "principal": "system", "reason": "recovery_pending", "target": ""}
INFO:     Application startup complete.
INFO:     Uvicorn running on http://127.0.0.1:18000 (Press CTRL+C to quit)
{"correlation_id": "83892e49-1f3f-45f6-ad5e-e7c207afae8b", "operation": "probe_read", "outcome": "denied", "principal": "user:c1-dev.5f190ba0-9fcd-4fc3-affd-8d6191c05c1c", "reason": "not_found", "target": "urn:c1:probe:entity-bd31fa51ad8b469f8d8b95d53e514ecb"}
{"correlation_id": "9e311ba4-6e20-4cd7-87a8-612b34c21c46", "operation": "rescope", "outcome": "applied", "principal": "user:c1-dev.810ccc6a-6084-4c5c-80a3-1cd63e5db6d5", "reason": "confirmed", "target": "urn:c1:probe:entity-bd31fa51ad8b469f8d8b95d53e514ecb"}
{"correlation_id": "1a2f1525-2704-4212-a4f1-85536813ac22", "operation": "security_recover", "outcome": "allowed", "principal": "user:c1-dev.097323d6-bb6e-4ccf-978a-6b466ca215cd", "reason": "", "target": ""}
{"correlation_id": "af1a730a-4d1f-4c88-8594-e72eb3e839e0", "operation": "security_operation_read", "outcome": "allowed", "principal": "user:c1-dev.810ccc6a-6084-4c5c-80a3-1cd63e5db6d5", "reason": "", "target": "b8adb5bd-188a-4435-8f67-1a95d7977598"}
{"correlation_id": "c6005ba2-c6b7-4db1-b8a7-0eedc014123c", "operation": "probe_read", "outcome": "denied", "principal": "user:c1-dev.5f190ba0-9fcd-4fc3-affd-8d6191c05c1c", "reason": "not_found", "target": "urn:c1:probe:entity-bd31fa51ad8b469f8d8b95d53e514ecb"}
{"correlation_id": "24f4e241-ca39-4ca9-963c-fe9a049b9c04", "operation": "probe_read", "outcome": "allowed", "principal": "user:c1-dev.810ccc6a-6084-4c5c-80a3-1cd63e5db6d5", "reason": "", "target": "urn:c1:probe:entity-bd31fa51ad8b469f8d8b95d53e514ecb"}
INFO:     Shutting down
INFO:     Waiting for application shutdown.
INFO:     Application shutdown complete.
INFO:     Finished server process [2699667]
INFO:     Started server process [2711506]
INFO:     Waiting for application startup.
INFO:     Application startup complete.
INFO:     Uvicorn running on http://127.0.0.1:18000 (Press CTRL+C to quit)
INFO:     Started server process [2711643]
INFO:     Waiting for application startup.
{"correlation_id": "78e85fb0-1ec0-49f9-90f2-5828c592bf91", "operation": "startup_recovery", "outcome": "unavailable", "principal": "system", "reason": "recovery_pending", "target": ""}
INFO:     Application startup complete.
INFO:     Uvicorn running on http://127.0.0.1:18000 (Press CTRL+C to quit)
{"correlation_id": "00629a72-488f-4a6f-8fa7-b557b34389e5", "operation": "probe_read", "outcome": "denied", "principal": "user:c1-dev.5f190ba0-9fcd-4fc3-affd-8d6191c05c1c", "reason": "not_found", "target": "urn:c1:probe:entity-6b037403b0a44797bc3132c32c8f436f"}
{"correlation_id": "66a4808d-6fa1-42da-9819-de894a8d3d28", "operation": "rescope", "outcome": "applied", "principal": "user:c1-dev.810ccc6a-6084-4c5c-80a3-1cd63e5db6d5", "reason": "confirmed", "target": "urn:c1:probe:entity-6b037403b0a44797bc3132c32c8f436f"}
{"correlation_id": "7b64f855-7bb2-467f-be35-2fc596cf3dd0", "operation": "security_recover", "outcome": "allowed", "principal": "user:c1-dev.097323d6-bb6e-4ccf-978a-6b466ca215cd", "reason": "", "target": ""}
{"correlation_id": "6453d6b8-fb60-4816-88c3-18310f8d0c64", "operation": "security_operation_read", "outcome": "allowed", "principal": "user:c1-dev.810ccc6a-6084-4c5c-80a3-1cd63e5db6d5", "reason": "", "target": "cc4fd958-e0c5-422c-91cd-a1da4d005425"}
{"correlation_id": "8e62b3d8-fdf3-42b1-87fe-7b17f3c1e0c9", "operation": "probe_read", "outcome": "denied", "principal": "user:c1-dev.5f190ba0-9fcd-4fc3-affd-8d6191c05c1c", "reason": "not_found", "target": "urn:c1:probe:entity-6b037403b0a44797bc3132c32c8f436f"}
{"correlation_id": "8273436b-3526-4cc2-9b5e-dced5a671d3e", "operation": "probe_read", "outcome": "allowed", "principal": "user:c1-dev.810ccc6a-6084-4c5c-80a3-1cd63e5db6d5", "reason": "", "target": "urn:c1:probe:entity-6b037403b0a44797bc3132c32c8f436f"}
INFO:     Shutting down
INFO:     Waiting for application shutdown.
INFO:     Application shutdown complete.
INFO:     Finished server process [2711643]
INFO:     Started server process [2712274]
INFO:     Waiting for application startup.
INFO:     Application startup complete.
INFO:     Uvicorn running on http://127.0.0.1:18000 (Press CTRL+C to quit)
INFO:     Started server process [2712407]
INFO:     Waiting for application startup.
{"correlation_id": "2228e9af-ba94-484d-baad-d8ed5d2172bb", "operation": "startup_recovery", "outcome": "unavailable", "principal": "system", "reason": "recovery_pending", "target": ""}
INFO:     Application startup complete.
INFO:     Uvicorn running on http://127.0.0.1:18000 (Press CTRL+C to quit)
{"correlation_id": "8d5d72d9-755d-426c-907d-aa49203cd62e", "operation": "probe_read", "outcome": "denied", "principal": "user:c1-dev.5f190ba0-9fcd-4fc3-affd-8d6191c05c1c", "reason": "not_found", "target": "urn:c1:probe:entity-19a23f829b41426c86bd4b907911e9c2"}
{"correlation_id": "29c1b9d9-7e25-4ed6-9364-13cd0246b265", "operation": "rescope", "outcome": "applied", "principal": "user:c1-dev.810ccc6a-6084-4c5c-80a3-1cd63e5db6d5", "reason": "confirmed", "target": "urn:c1:probe:entity-19a23f829b41426c86bd4b907911e9c2"}
{"correlation_id": "d19ece63-d0c0-4160-adf4-6fa0a9d5ab2d", "operation": "security_recover", "outcome": "allowed", "principal": "user:c1-dev.097323d6-bb6e-4ccf-978a-6b466ca215cd", "reason": "", "target": ""}
{"correlation_id": "0ad1b1da-d374-42e5-a339-97b3b24a4aa8", "operation": "security_operation_read", "outcome": "allowed", "principal": "user:c1-dev.810ccc6a-6084-4c5c-80a3-1cd63e5db6d5", "reason": "", "target": "3aaa86f3-0e40-401d-8d7c-8cb4aa1cdf0c"}
{"correlation_id": "8cea6ef6-4b98-4ff4-a1af-a020a85a29ef", "operation": "probe_read", "outcome": "denied", "principal": "user:c1-dev.5f190ba0-9fcd-4fc3-affd-8d6191c05c1c", "reason": "not_found", "target": "urn:c1:probe:entity-19a23f829b41426c86bd4b907911e9c2"}
{"correlation_id": "512ece21-6b8f-4585-be68-cda13bc670ca", "operation": "probe_read", "outcome": "allowed", "principal": "user:c1-dev.810ccc6a-6084-4c5c-80a3-1cd63e5db6d5", "reason": "", "target": "urn:c1:probe:entity-19a23f829b41426c86bd4b907911e9c2"}
INFO:     Shutting down
INFO:     Waiting for application shutdown.
INFO:     Application shutdown complete.
INFO:     Finished server process [2712407]
INFO:     Started server process [2713049]
INFO:     Waiting for application startup.
INFO:     Application startup complete.
INFO:     Uvicorn running on http://127.0.0.1:18000 (Press CTRL+C to quit)
INFO:     Started server process [2713155]
INFO:     Waiting for application startup.
{"correlation_id": "07e65f8e-ab4b-4698-9845-5b7253b14b1d", "operation": "startup_recovery", "outcome": "unavailable", "principal": "system", "reason": "recovery_pending", "target": ""}
INFO:     Application startup complete.
INFO:     Uvicorn running on http://127.0.0.1:18000 (Press CTRL+C to quit)
{"correlation_id": "6c5cb9ce-7588-4080-827a-8354e5ce4da1", "operation": "probe_read", "outcome": "denied", "principal": "user:c1-dev.5f190ba0-9fcd-4fc3-affd-8d6191c05c1c", "reason": "not_found", "target": "urn:c1:probe:entity-18ec2cc48b7c4c10bb4a5a69638e9b66"}
{"correlation_id": "96f8ed12-1024-4a6c-b683-7212398a6630", "operation": "rescope", "outcome": "applied", "principal": "user:c1-dev.810ccc6a-6084-4c5c-80a3-1cd63e5db6d5", "reason": "confirmed", "target": "urn:c1:probe:entity-18ec2cc48b7c4c10bb4a5a69638e9b66"}
{"correlation_id": "bf9a1ff9-2c02-4965-a019-b5c7abe3f952", "operation": "security_recover", "outcome": "allowed", "principal": "user:c1-dev.097323d6-bb6e-4ccf-978a-6b466ca215cd", "reason": "", "target": ""}
{"correlation_id": "3d77d56a-919b-4a5b-b30e-9f18fd3350b7", "operation": "security_operation_read", "outcome": "allowed", "principal": "user:c1-dev.810ccc6a-6084-4c5c-80a3-1cd63e5db6d5", "reason": "", "target": "a1b2136c-b5dc-4327-b576-12c88611e596"}
{"correlation_id": "f645ef76-4a4c-4788-b4dc-d3a6ba54821d", "operation": "probe_read", "outcome": "denied", "principal": "user:c1-dev.5f190ba0-9fcd-4fc3-affd-8d6191c05c1c", "reason": "not_found", "target": "urn:c1:probe:entity-18ec2cc48b7c4c10bb4a5a69638e9b66"}
{"correlation_id": "8eaf9461-a76d-4fb5-8135-c5034e1df34f", "operation": "probe_read", "outcome": "allowed", "principal": "user:c1-dev.810ccc6a-6084-4c5c-80a3-1cd63e5db6d5", "reason": "", "target": "urn:c1:probe:entity-18ec2cc48b7c4c10bb4a5a69638e9b66"}
INFO:     Shutting down
INFO:     Waiting for application shutdown.
INFO:     Application shutdown complete.
INFO:     Finished server process [2713155]
INFO:     Started server process [2720083]
INFO:     Waiting for application startup.
INFO:     Application startup complete.
INFO:     Uvicorn running on http://127.0.0.1:18000 (Press CTRL+C to quit)
{"correlation_id": "36666c8e-8da4-4b86-a462-5848837a5f83", "operation": "whoami", "outcome": "allowed", "principal": "user:c1-dev.5f190ba0-9fcd-4fc3-affd-8d6191c05c1c", "reason": "", "target": ""}
INFO:     Shutting down
INFO:     Waiting for application shutdown.
INFO:     Application shutdown complete.
INFO:     Finished server process [2720083]
INFO:     Started server process [2729807]
INFO:     Waiting for application startup.
INFO:     Application startup complete.
INFO:     Uvicorn running on http://127.0.0.1:18000 (Press CTRL+C to quit)
INFO:     Started server process [2730045]
INFO:     Waiting for application startup.
{"correlation_id": "f446ba78-dedf-49f3-acd5-ff14c5df8c76", "operation": "startup_recovery", "outcome": "unavailable", "principal": "system", "reason": "recovery_pending", "target": ""}
INFO:     Application startup complete.
INFO:     Uvicorn running on http://127.0.0.1:18000 (Press CTRL+C to quit)
{"correlation_id": "b78199ca-4aa3-4aab-a103-c9f33c097abd", "operation": "probe_read", "outcome": "denied", "principal": "user:c1-dev.5f190ba0-9fcd-4fc3-affd-8d6191c05c1c", "reason": "not_found", "target": "urn:c1:probe:entity-21f8d4c8ffcc43c7aaf787763bc9c775"}
{"correlation_id": "5e849c06-ea79-4dcd-a890-2a5494941778", "operation": "rescope", "outcome": "applied", "principal": "user:c1-dev.810ccc6a-6084-4c5c-80a3-1cd63e5db6d5", "reason": "confirmed", "target": "urn:c1:probe:entity-21f8d4c8ffcc43c7aaf787763bc9c775"}
{"correlation_id": "e7b68780-c709-4fda-b1fd-7d780a9b7e7a", "operation": "security_recover", "outcome": "allowed", "principal": "user:c1-dev.097323d6-bb6e-4ccf-978a-6b466ca215cd", "reason": "", "target": ""}
{"correlation_id": "f9979163-0a1a-4e59-a9fd-6059f36e6145", "operation": "security_operation_read", "outcome": "allowed", "principal": "user:c1-dev.810ccc6a-6084-4c5c-80a3-1cd63e5db6d5", "reason": "", "target": "107b84b7-07e2-460c-8578-9a5cea482622"}
{"correlation_id": "e4c733d1-97cd-415d-a54b-905ecb492558", "operation": "probe_read", "outcome": "denied", "principal": "user:c1-dev.5f190ba0-9fcd-4fc3-affd-8d6191c05c1c", "reason": "not_found", "target": "urn:c1:probe:entity-21f8d4c8ffcc43c7aaf787763bc9c775"}
{"correlation_id": "19812aff-895b-413e-9c3e-cebd0e56929b", "operation": "probe_read", "outcome": "allowed", "principal": "user:c1-dev.810ccc6a-6084-4c5c-80a3-1cd63e5db6d5", "reason": "", "target": "urn:c1:probe:entity-21f8d4c8ffcc43c7aaf787763bc9c775"}
INFO:     Shutting down
INFO:     Waiting for application shutdown.
INFO:     Application shutdown complete.
INFO:     Finished server process [2730045]
INFO:     Started server process [2730798]
INFO:     Waiting for application startup.
INFO:     Application startup complete.
INFO:     Uvicorn running on http://127.0.0.1:18000 (Press CTRL+C to quit)
INFO:     Started server process [2730888]
INFO:     Waiting for application startup.
{"correlation_id": "cf2d17d2-8d7c-42cc-a90c-e558f56717e6", "operation": "startup_recovery", "outcome": "unavailable", "principal": "system", "reason": "recovery_pending", "target": ""}
INFO:     Application startup complete.
INFO:     Uvicorn running on http://127.0.0.1:18000 (Press CTRL+C to quit)
{"correlation_id": "1f09f405-c9a0-4af9-9fc9-e327e1687b97", "operation": "probe_read", "outcome": "denied", "principal": "user:c1-dev.5f190ba0-9fcd-4fc3-affd-8d6191c05c1c", "reason": "not_found", "target": "urn:c1:probe:entity-4d47860431604f59a999ce8c4d8dcc87"}
{"correlation_id": "f6d1f769-cce1-4247-9e89-1f15a40ea49e", "operation": "rescope", "outcome": "applied", "principal": "user:c1-dev.810ccc6a-6084-4c5c-80a3-1cd63e5db6d5", "reason": "confirmed", "target": "urn:c1:probe:entity-4d47860431604f59a999ce8c4d8dcc87"}
{"correlation_id": "a7d2f537-3206-41fa-a503-8cc283c0f980", "operation": "security_recover", "outcome": "allowed", "principal": "user:c1-dev.097323d6-bb6e-4ccf-978a-6b466ca215cd", "reason": "", "target": ""}
{"correlation_id": "a97c4bef-95a5-49c7-b519-bb33c1a8623a", "operation": "security_operation_read", "outcome": "allowed", "principal": "user:c1-dev.810ccc6a-6084-4c5c-80a3-1cd63e5db6d5", "reason": "", "target": "38449e0a-29f1-4ae5-b725-78cc1668a084"}
{"correlation_id": "e5d588b9-9c9c-44c4-bcc5-571472249e79", "operation": "probe_read", "outcome": "denied", "principal": "user:c1-dev.5f190ba0-9fcd-4fc3-affd-8d6191c05c1c", "reason": "not_found", "target": "urn:c1:probe:entity-4d47860431604f59a999ce8c4d8dcc87"}
{"correlation_id": "58bafa2b-6bdf-4f5c-8c31-243ed728fffa", "operation": "probe_read", "outcome": "allowed", "principal": "user:c1-dev.810ccc6a-6084-4c5c-80a3-1cd63e5db6d5", "reason": "", "target": "urn:c1:probe:entity-4d47860431604f59a999ce8c4d8dcc87"}
INFO:     Shutting down
INFO:     Waiting for application shutdown.
INFO:     Application shutdown complete.
INFO:     Finished server process [2730888]
INFO:     Started server process [2731632]
INFO:     Waiting for application startup.
INFO:     Application startup complete.
INFO:     Uvicorn running on http://127.0.0.1:18000 (Press CTRL+C to quit)
INFO:     Started server process [2731802]
INFO:     Waiting for application startup.
{"correlation_id": "869c094f-1aea-4d3b-9f0f-5273cc2e1009", "operation": "startup_recovery", "outcome": "unavailable", "principal": "system", "reason": "recovery_pending", "target": ""}
INFO:     Application startup complete.
INFO:     Uvicorn running on http://127.0.0.1:18000 (Press CTRL+C to quit)
{"correlation_id": "105b9045-53fb-42ef-a391-1f94dc8b7645", "operation": "probe_read", "outcome": "denied", "principal": "user:c1-dev.5f190ba0-9fcd-4fc3-affd-8d6191c05c1c", "reason": "not_found", "target": "urn:c1:probe:entity-8853be31caca4a9488293aa8b13d3ff9"}
{"correlation_id": "ede2c177-60f0-44c7-9c74-8f9d4e4a8bd3", "operation": "rescope", "outcome": "applied", "principal": "user:c1-dev.810ccc6a-6084-4c5c-80a3-1cd63e5db6d5", "reason": "confirmed", "target": "urn:c1:probe:entity-8853be31caca4a9488293aa8b13d3ff9"}
{"correlation_id": "37fffa3e-0672-402b-8b3d-087a60d9aeba", "operation": "security_recover", "outcome": "allowed", "principal": "user:c1-dev.097323d6-bb6e-4ccf-978a-6b466ca215cd", "reason": "", "target": ""}
{"correlation_id": "9901e0f6-8a60-4cfc-b146-207070aa5e4d", "operation": "security_operation_read", "outcome": "allowed", "principal": "user:c1-dev.810ccc6a-6084-4c5c-80a3-1cd63e5db6d5", "reason": "", "target": "373e6900-5c96-4f78-82d0-a9d5c5c65548"}
{"correlation_id": "b71b319e-5448-481d-afc8-1d3220686890", "operation": "probe_read", "outcome": "denied", "principal": "user:c1-dev.5f190ba0-9fcd-4fc3-affd-8d6191c05c1c", "reason": "not_found", "target": "urn:c1:probe:entity-8853be31caca4a9488293aa8b13d3ff9"}
{"correlation_id": "6774518d-0cc8-491c-b0b0-edb5674b37ef", "operation": "probe_read", "outcome": "allowed", "principal": "user:c1-dev.810ccc6a-6084-4c5c-80a3-1cd63e5db6d5", "reason": "", "target": "urn:c1:probe:entity-8853be31caca4a9488293aa8b13d3ff9"}
INFO:     Shutting down
INFO:     Waiting for application shutdown.
INFO:     Application shutdown complete.
INFO:     Finished server process [2731802]
INFO:     Started server process [2749142]
INFO:     Waiting for application startup.
INFO:     Application startup complete.
INFO:     Uvicorn running on http://127.0.0.1:18000 (Press CTRL+C to quit)
INFO:     Started server process [2749248]
INFO:     Waiting for application startup.
{"correlation_id": "50e44f27-01e5-4df9-889d-ac5a3234cf4b", "operation": "startup_recovery", "outcome": "unavailable", "principal": "system", "reason": "recovery_pending", "target": ""}
INFO:     Application startup complete.
INFO:     Uvicorn running on http://127.0.0.1:18000 (Press CTRL+C to quit)
{"correlation_id": "16255e18-6aee-44bd-a356-48fa825b0ec6", "operation": "probe_read", "outcome": "denied", "principal": "user:c1-dev.5f190ba0-9fcd-4fc3-affd-8d6191c05c1c", "reason": "not_found", "target": "urn:c1:probe:entity-b70cdfde20a440be95ab5b78fd605d51"}
{"correlation_id": "2f14e69a-46e6-45af-9567-0ff9a10cb0bb", "operation": "rescope", "outcome": "applied", "principal": "user:c1-dev.810ccc6a-6084-4c5c-80a3-1cd63e5db6d5", "reason": "confirmed", "target": "urn:c1:probe:entity-b70cdfde20a440be95ab5b78fd605d51"}
{"correlation_id": "5d36ecb6-c9bb-49fe-8dbf-2baab2244a39", "operation": "security_recover", "outcome": "allowed", "principal": "user:c1-dev.097323d6-bb6e-4ccf-978a-6b466ca215cd", "reason": "", "target": ""}
{"correlation_id": "488e9b3f-01b9-4864-a92f-f7a701f2849e", "operation": "security_operation_read", "outcome": "allowed", "principal": "user:c1-dev.810ccc6a-6084-4c5c-80a3-1cd63e5db6d5", "reason": "", "target": "45efdd40-2b40-47c1-915a-90f89428856a"}
{"correlation_id": "5bf4c0ae-b344-454a-addb-95911accb1c0", "operation": "probe_read", "outcome": "denied", "principal": "user:c1-dev.5f190ba0-9fcd-4fc3-affd-8d6191c05c1c", "reason": "not_found", "target": "urn:c1:probe:entity-b70cdfde20a440be95ab5b78fd605d51"}
{"correlation_id": "ebf2692c-d264-4756-bf93-763771fcdcff", "operation": "probe_read", "outcome": "allowed", "principal": "user:c1-dev.810ccc6a-6084-4c5c-80a3-1cd63e5db6d5", "reason": "", "target": "urn:c1:probe:entity-b70cdfde20a440be95ab5b78fd605d51"}
INFO:     Shutting down
INFO:     Waiting for application shutdown.
INFO:     Application shutdown complete.
INFO:     Finished server process [2749248]
INFO:     Started server process [2749928]
INFO:     Waiting for application startup.
INFO:     Application startup complete.
INFO:     Uvicorn running on http://127.0.0.1:18000 (Press CTRL+C to quit)
INFO:     Started server process [2750039]
INFO:     Waiting for application startup.
{"correlation_id": "4d3f82fa-9a8a-4133-a9e3-24593aa62e05", "operation": "startup_recovery", "outcome": "unavailable", "principal": "system", "reason": "recovery_pending", "target": ""}
INFO:     Application startup complete.
INFO:     Uvicorn running on http://127.0.0.1:18000 (Press CTRL+C to quit)
{"correlation_id": "46e8c763-17ca-45ec-9e6f-635fc8812ce4", "operation": "probe_read", "outcome": "denied", "principal": "user:c1-dev.5f190ba0-9fcd-4fc3-affd-8d6191c05c1c", "reason": "not_found", "target": "urn:c1:probe:entity-b466e3512bf04d71b2e644426451f754"}
{"correlation_id": "4a7602e7-6af0-4ee9-84ee-c12dc9909549", "operation": "rescope", "outcome": "applied", "principal": "user:c1-dev.810ccc6a-6084-4c5c-80a3-1cd63e5db6d5", "reason": "confirmed", "target": "urn:c1:probe:entity-b466e3512bf04d71b2e644426451f754"}
{"correlation_id": "81b10e0b-ed46-4498-b8c1-93976eeadb13", "operation": "security_recover", "outcome": "allowed", "principal": "user:c1-dev.097323d6-bb6e-4ccf-978a-6b466ca215cd", "reason": "", "target": ""}
{"correlation_id": "ca69a8d9-db88-4465-aebd-b94b2bdcd540", "operation": "security_operation_read", "outcome": "allowed", "principal": "user:c1-dev.810ccc6a-6084-4c5c-80a3-1cd63e5db6d5", "reason": "", "target": "2b4e1c06-3e4e-43f7-9aac-f06ba6472d99"}
{"correlation_id": "b6a74562-c93a-4ce9-aea4-432df7eaf5eb", "operation": "probe_read", "outcome": "denied", "principal": "user:c1-dev.5f190ba0-9fcd-4fc3-affd-8d6191c05c1c", "reason": "not_found", "target": "urn:c1:probe:entity-b466e3512bf04d71b2e644426451f754"}
{"correlation_id": "ffb62199-010d-42b6-ab04-9722782380be", "operation": "probe_read", "outcome": "allowed", "principal": "user:c1-dev.810ccc6a-6084-4c5c-80a3-1cd63e5db6d5", "reason": "", "target": "urn:c1:probe:entity-b466e3512bf04d71b2e644426451f754"}
INFO:     Shutting down
INFO:     Waiting for application shutdown.
INFO:     Application shutdown complete.
INFO:     Finished server process [2750039]
INFO:     Started server process [2750706]
INFO:     Waiting for application startup.
INFO:     Application startup complete.
INFO:     Uvicorn running on http://127.0.0.1:18000 (Press CTRL+C to quit)
INFO:     Started server process [2750841]
INFO:     Waiting for application startup.
{"correlation_id": "ef99dd3c-13b8-4980-a828-53b00e5977a8", "operation": "startup_recovery", "outcome": "unavailable", "principal": "system", "reason": "recovery_pending", "target": ""}
INFO:     Application startup complete.
INFO:     Uvicorn running on http://127.0.0.1:18000 (Press CTRL+C to quit)
{"correlation_id": "18e7617b-2b7d-4b68-8ee7-fec13bc9a67a", "operation": "probe_read", "outcome": "denied", "principal": "user:c1-dev.5f190ba0-9fcd-4fc3-affd-8d6191c05c1c", "reason": "not_found", "target": "urn:c1:probe:entity-a4bcb968702945e1a5b2a50c57495696"}
{"correlation_id": "33bfc4e5-206a-4237-a516-fe1395c51d81", "operation": "rescope", "outcome": "applied", "principal": "user:c1-dev.810ccc6a-6084-4c5c-80a3-1cd63e5db6d5", "reason": "confirmed", "target": "urn:c1:probe:entity-a4bcb968702945e1a5b2a50c57495696"}
{"correlation_id": "bcbed646-2fdc-4bc3-8d6d-34f739a51eb5", "operation": "security_recover", "outcome": "allowed", "principal": "user:c1-dev.097323d6-bb6e-4ccf-978a-6b466ca215cd", "reason": "", "target": ""}
{"correlation_id": "c65c77a4-0498-498a-9b92-6a00262977e9", "operation": "security_operation_read", "outcome": "allowed", "principal": "user:c1-dev.810ccc6a-6084-4c5c-80a3-1cd63e5db6d5", "reason": "", "target": "d0e5700d-7d96-4928-915a-a5c3cba82423"}
{"correlation_id": "55e5b259-aa32-475d-8f9e-765412742035", "operation": "probe_read", "outcome": "denied", "principal": "user:c1-dev.5f190ba0-9fcd-4fc3-affd-8d6191c05c1c", "reason": "not_found", "target": "urn:c1:probe:entity-a4bcb968702945e1a5b2a50c57495696"}
{"correlation_id": "5e752c28-d1c2-4d2b-aa9e-8145dfa45112", "operation": "probe_read", "outcome": "allowed", "principal": "user:c1-dev.810ccc6a-6084-4c5c-80a3-1cd63e5db6d5", "reason": "", "target": "urn:c1:probe:entity-a4bcb968702945e1a5b2a50c57495696"}
INFO:     Shutting down
INFO:     Waiting for application shutdown.
INFO:     Application shutdown complete.
INFO:     Finished server process [2750841]
INFO:     Started server process [2769182]
INFO:     Waiting for application startup.
INFO:     Application startup complete.
INFO:     Uvicorn running on http://127.0.0.1:18000 (Press CTRL+C to quit)
INFO:     Started server process [2769255]
INFO:     Waiting for application startup.
{"correlation_id": "6794513f-c699-44d5-921f-60113f2efb7a", "operation": "startup_recovery", "outcome": "unavailable", "principal": "system", "reason": "recovery_pending", "target": ""}
INFO:     Application startup complete.
INFO:     Uvicorn running on http://127.0.0.1:18000 (Press CTRL+C to quit)
{"correlation_id": "22cbf9b0-c87c-47b1-bd65-47d0dd51c041", "operation": "probe_read", "outcome": "denied", "principal": "user:c1-dev.5f190ba0-9fcd-4fc3-affd-8d6191c05c1c", "reason": "not_found", "target": "urn:c1:probe:entity-ca17bdbded9d4d169f383cb2640084c5"}
{"correlation_id": "6aa7e6f8-5213-4ddc-af1f-b9d9ec052c90", "operation": "rescope", "outcome": "applied", "principal": "user:c1-dev.810ccc6a-6084-4c5c-80a3-1cd63e5db6d5", "reason": "confirmed", "target": "urn:c1:probe:entity-ca17bdbded9d4d169f383cb2640084c5"}
{"correlation_id": "8a339879-e844-4aa7-ba52-e312cfb25e9d", "operation": "security_recover", "outcome": "allowed", "principal": "user:c1-dev.097323d6-bb6e-4ccf-978a-6b466ca215cd", "reason": "", "target": ""}
{"correlation_id": "e177235d-2d7c-4a4a-ac07-2228743a7fd7", "operation": "security_operation_read", "outcome": "allowed", "principal": "user:c1-dev.810ccc6a-6084-4c5c-80a3-1cd63e5db6d5", "reason": "", "target": "8708a91b-9c25-4125-8f65-c09bc0756b6d"}
{"correlation_id": "955624f5-ac00-446f-8191-002a55ca00ee", "operation": "probe_read", "outcome": "denied", "principal": "user:c1-dev.5f190ba0-9fcd-4fc3-affd-8d6191c05c1c", "reason": "not_found", "target": "urn:c1:probe:entity-ca17bdbded9d4d169f383cb2640084c5"}
{"correlation_id": "6de56ef9-94f6-49fb-8109-7f7412e2826b", "operation": "probe_read", "outcome": "allowed", "principal": "user:c1-dev.810ccc6a-6084-4c5c-80a3-1cd63e5db6d5", "reason": "", "target": "urn:c1:probe:entity-ca17bdbded9d4d169f383cb2640084c5"}
INFO:     Shutting down
INFO:     Waiting for application shutdown.
INFO:     Application shutdown complete.
INFO:     Finished server process [2769255]
INFO:     Started server process [2770334]
INFO:     Waiting for application startup.
INFO:     Application startup complete.
INFO:     Uvicorn running on http://127.0.0.1:18000 (Press CTRL+C to quit)
INFO:     Started server process [2770442]
INFO:     Waiting for application startup.
{"correlation_id": "7168a665-c83d-48d6-82cb-34ba304de37f", "operation": "startup_recovery", "outcome": "unavailable", "principal": "system", "reason": "recovery_pending", "target": ""}
INFO:     Application startup complete.
INFO:     Uvicorn running on http://127.0.0.1:18000 (Press CTRL+C to quit)
{"correlation_id": "a2dc12aa-5368-4375-88a5-e145736202b7", "operation": "probe_read", "outcome": "denied", "principal": "user:c1-dev.5f190ba0-9fcd-4fc3-affd-8d6191c05c1c", "reason": "not_found", "target": "urn:c1:probe:entity-8ebe31fea41d443e860d1134274e051e"}
{"correlation_id": "c3cfbe0c-f230-4952-af07-a409b7554c43", "operation": "rescope", "outcome": "applied", "principal": "user:c1-dev.810ccc6a-6084-4c5c-80a3-1cd63e5db6d5", "reason": "confirmed", "target": "urn:c1:probe:entity-8ebe31fea41d443e860d1134274e051e"}
{"correlation_id": "61bdfa1c-88eb-44f7-93ef-1e4a7d09d2b4", "operation": "security_recover", "outcome": "allowed", "principal": "user:c1-dev.097323d6-bb6e-4ccf-978a-6b466ca215cd", "reason": "", "target": ""}
{"correlation_id": "c72eb3c3-b5b8-45ee-90a5-8febb1827397", "operation": "security_operation_read", "outcome": "allowed", "principal": "user:c1-dev.810ccc6a-6084-4c5c-80a3-1cd63e5db6d5", "reason": "", "target": "3a50a64f-0eec-4026-94dd-7188168314e2"}
{"correlation_id": "553b98e0-e234-4d1e-9841-80a4815f6fe1", "operation": "probe_read", "outcome": "denied", "principal": "user:c1-dev.5f190ba0-9fcd-4fc3-affd-8d6191c05c1c", "reason": "not_found", "target": "urn:c1:probe:entity-8ebe31fea41d443e860d1134274e051e"}
{"correlation_id": "5a07b5e2-887d-4cfb-96e9-387844a8e24b", "operation": "probe_read", "outcome": "allowed", "principal": "user:c1-dev.810ccc6a-6084-4c5c-80a3-1cd63e5db6d5", "reason": "", "target": "urn:c1:probe:entity-8ebe31fea41d443e860d1134274e051e"}
INFO:     Shutting down
INFO:     Waiting for application shutdown.
INFO:     Application shutdown complete.
INFO:     Finished server process [2770442]
INFO:     Started server process [2771308]
INFO:     Waiting for application startup.
INFO:     Application startup complete.
INFO:     Uvicorn running on http://127.0.0.1:18000 (Press CTRL+C to quit)
INFO:     Started server process [2771482]
INFO:     Waiting for application startup.
{"correlation_id": "0ae15291-9479-4da3-955d-6b104172e0bf", "operation": "startup_recovery", "outcome": "unavailable", "principal": "system", "reason": "recovery_pending", "target": ""}
INFO:     Application startup complete.
INFO:     Uvicorn running on http://127.0.0.1:18000 (Press CTRL+C to quit)
{"correlation_id": "6b4f5ff8-fbeb-40d5-96e1-c110030e40aa", "operation": "probe_read", "outcome": "denied", "principal": "user:c1-dev.5f190ba0-9fcd-4fc3-affd-8d6191c05c1c", "reason": "not_found", "target": "urn:c1:probe:entity-8163c9f70ea74c3ea9d3161a7ae612fe"}
{"correlation_id": "b6653c7a-ab2c-4a71-b393-dc6bf0aabd17", "operation": "rescope", "outcome": "applied", "principal": "user:c1-dev.810ccc6a-6084-4c5c-80a3-1cd63e5db6d5", "reason": "confirmed", "target": "urn:c1:probe:entity-8163c9f70ea74c3ea9d3161a7ae612fe"}
{"correlation_id": "4b520650-1fc1-4b4d-9fcf-a6cdcf7cd668", "operation": "security_recover", "outcome": "allowed", "principal": "user:c1-dev.097323d6-bb6e-4ccf-978a-6b466ca215cd", "reason": "", "target": ""}
{"correlation_id": "6e592691-5e40-4ce9-a235-676767ccc6e9", "operation": "security_operation_read", "outcome": "allowed", "principal": "user:c1-dev.810ccc6a-6084-4c5c-80a3-1cd63e5db6d5", "reason": "", "target": "6358814f-b8b9-43cb-8718-42f186ebc6a0"}
{"correlation_id": "8934151a-ea1d-4b91-8fd4-2d762333f7f1", "operation": "probe_read", "outcome": "denied", "principal": "user:c1-dev.5f190ba0-9fcd-4fc3-affd-8d6191c05c1c", "reason": "not_found", "target": "urn:c1:probe:entity-8163c9f70ea74c3ea9d3161a7ae612fe"}
{"correlation_id": "64ca370d-351e-42a2-b108-bb0079c563f7", "operation": "probe_read", "outcome": "allowed", "principal": "user:c1-dev.810ccc6a-6084-4c5c-80a3-1cd63e5db6d5", "reason": "", "target": "urn:c1:probe:entity-8163c9f70ea74c3ea9d3161a7ae612fe"}
INFO:     Shutting down
INFO:     Waiting for application shutdown.
INFO:     Application shutdown complete.
INFO:     Finished server process [2771482]
INFO:     Started server process [2516636]
INFO:     Waiting for application startup.
INFO:     Application startup complete.
INFO:     Uvicorn running on http://127.0.0.1:18000 (Press CTRL+C to quit)
INFO:     Started server process [2516889]
INFO:     Waiting for application startup.
{"correlation_id": "2b91f483-2f3c-4d51-b0db-75622851f961", "operation": "startup_recovery", "outcome": "unavailable", "principal": "system", "reason": "recovery_pending", "target": ""}
INFO:     Application startup complete.
INFO:     Uvicorn running on http://127.0.0.1:18000 (Press CTRL+C to quit)
{"correlation_id": "bd88a648-05fb-4778-9647-d58d6e3ac9f0", "operation": "probe_read", "outcome": "denied", "principal": "user:c1-dev.5f190ba0-9fcd-4fc3-affd-8d6191c05c1c", "reason": "not_found", "target": "urn:c1:probe:entity-d1db8f3271b64043b3d49db7485651fa"}
{"correlation_id": "7358439f-c58e-4c2b-865f-ef47ed47967e", "operation": "rescope", "outcome": "applied", "principal": "user:c1-dev.810ccc6a-6084-4c5c-80a3-1cd63e5db6d5", "reason": "confirmed", "target": "urn:c1:probe:entity-d1db8f3271b64043b3d49db7485651fa"}
{"correlation_id": "f144ec0b-8623-49c6-8a20-3a6b96156e56", "operation": "security_recover", "outcome": "allowed", "principal": "user:c1-dev.097323d6-bb6e-4ccf-978a-6b466ca215cd", "reason": "", "target": ""}
{"correlation_id": "a8061ae6-4a66-4e5e-96c1-7dca5a6b0735", "operation": "security_operation_read", "outcome": "allowed", "principal": "user:c1-dev.810ccc6a-6084-4c5c-80a3-1cd63e5db6d5", "reason": "", "target": "2c48e41e-6ec3-4cbb-bbfd-8da590a95cf5"}
{"correlation_id": "17a86f31-e850-4833-849b-45167a7f0cac", "operation": "probe_read", "outcome": "denied", "principal": "user:c1-dev.5f190ba0-9fcd-4fc3-affd-8d6191c05c1c", "reason": "not_found", "target": "urn:c1:probe:entity-d1db8f3271b64043b3d49db7485651fa"}
{"correlation_id": "d3112947-6691-4253-8e31-e305b1a6b282", "operation": "probe_read", "outcome": "allowed", "principal": "user:c1-dev.810ccc6a-6084-4c5c-80a3-1cd63e5db6d5", "reason": "", "target": "urn:c1:probe:entity-d1db8f3271b64043b3d49db7485651fa"}
INFO:     Shutting down
INFO:     Waiting for application shutdown.
INFO:     Application shutdown complete.
INFO:     Finished server process [2516889]
INFO:     Started server process [2518035]
INFO:     Waiting for application startup.
INFO:     Application startup complete.
INFO:     Uvicorn running on http://127.0.0.1:18000 (Press CTRL+C to quit)
INFO:     Started server process [2518218]
INFO:     Waiting for application startup.
{"correlation_id": "11236a48-cea0-4ef2-ab84-249d46e51341", "operation": "startup_recovery", "outcome": "unavailable", "principal": "system", "reason": "recovery_pending", "target": ""}
INFO:     Application startup complete.
INFO:     Uvicorn running on http://127.0.0.1:18000 (Press CTRL+C to quit)
{"correlation_id": "9b9ffc82-ef2d-47fc-b229-2dbca9cb103d", "operation": "probe_read", "outcome": "denied", "principal": "user:c1-dev.5f190ba0-9fcd-4fc3-affd-8d6191c05c1c", "reason": "not_found", "target": "urn:c1:probe:entity-16c4bf66e6a24ca6ade18537873e221a"}
{"correlation_id": "3380e12d-bdb4-461b-bf87-d46017574c49", "operation": "rescope", "outcome": "applied", "principal": "user:c1-dev.810ccc6a-6084-4c5c-80a3-1cd63e5db6d5", "reason": "confirmed", "target": "urn:c1:probe:entity-16c4bf66e6a24ca6ade18537873e221a"}
{"correlation_id": "a9c74c74-4c08-4a71-9bf1-17dfae341baf", "operation": "security_recover", "outcome": "allowed", "principal": "user:c1-dev.097323d6-bb6e-4ccf-978a-6b466ca215cd", "reason": "", "target": ""}
{"correlation_id": "80140897-7eca-46bf-bbad-cb27e0896e69", "operation": "security_operation_read", "outcome": "allowed", "principal": "user:c1-dev.810ccc6a-6084-4c5c-80a3-1cd63e5db6d5", "reason": "", "target": "71f50bbe-d53a-4092-9eee-3e07aae455f4"}
{"correlation_id": "2fad86e6-84ce-480a-a7d1-3086e3e9723f", "operation": "probe_read", "outcome": "denied", "principal": "user:c1-dev.5f190ba0-9fcd-4fc3-affd-8d6191c05c1c", "reason": "not_found", "target": "urn:c1:probe:entity-16c4bf66e6a24ca6ade18537873e221a"}
{"correlation_id": "86e651a3-83dd-41d7-ae15-4550dee918fc", "operation": "probe_read", "outcome": "allowed", "principal": "user:c1-dev.810ccc6a-6084-4c5c-80a3-1cd63e5db6d5", "reason": "", "target": "urn:c1:probe:entity-16c4bf66e6a24ca6ade18537873e221a"}
INFO:     Shutting down
INFO:     Waiting for application shutdown.
INFO:     Application shutdown complete.
INFO:     Finished server process [2518218]
INFO:     Started server process [2519335]
INFO:     Waiting for application startup.
INFO:     Application startup complete.
INFO:     Uvicorn running on http://127.0.0.1:18000 (Press CTRL+C to quit)
INFO:     Started server process [2519562]
INFO:     Waiting for application startup.
{"correlation_id": "089ab77a-722c-4960-83a1-23b4a8f29ca7", "operation": "startup_recovery", "outcome": "unavailable", "principal": "system", "reason": "recovery_pending", "target": ""}
INFO:     Application startup complete.
INFO:     Uvicorn running on http://127.0.0.1:18000 (Press CTRL+C to quit)
{"correlation_id": "53ce2cb8-c4a1-4d0e-b447-65d88b6a346e", "operation": "probe_read", "outcome": "denied", "principal": "user:c1-dev.5f190ba0-9fcd-4fc3-affd-8d6191c05c1c", "reason": "not_found", "target": "urn:c1:probe:entity-3bf2e47dd1d24f7782c08a1808758249"}
{"correlation_id": "7ab8a448-2512-4006-8890-8da1fc6db091", "operation": "rescope", "outcome": "applied", "principal": "user:c1-dev.810ccc6a-6084-4c5c-80a3-1cd63e5db6d5", "reason": "confirmed", "target": "urn:c1:probe:entity-3bf2e47dd1d24f7782c08a1808758249"}
{"correlation_id": "1c6ac4ba-10b7-4d99-a345-6c0a64d8ef34", "operation": "security_recover", "outcome": "allowed", "principal": "user:c1-dev.097323d6-bb6e-4ccf-978a-6b466ca215cd", "reason": "", "target": ""}
{"correlation_id": "57be5727-5895-4f4f-94e8-2d68aff1feed", "operation": "security_operation_read", "outcome": "allowed", "principal": "user:c1-dev.810ccc6a-6084-4c5c-80a3-1cd63e5db6d5", "reason": "", "target": "5bc7af7c-bd03-4911-8b2c-d48af9bbbc78"}
{"correlation_id": "0facfe6f-7b0c-4139-bb32-b8a0c850c838", "operation": "probe_read", "outcome": "denied", "principal": "user:c1-dev.5f190ba0-9fcd-4fc3-affd-8d6191c05c1c", "reason": "not_found", "target": "urn:c1:probe:entity-3bf2e47dd1d24f7782c08a1808758249"}
{"correlation_id": "f4519461-55ac-4462-b46c-1d593a721191", "operation": "probe_read", "outcome": "allowed", "principal": "user:c1-dev.810ccc6a-6084-4c5c-80a3-1cd63e5db6d5", "reason": "", "target": "urn:c1:probe:entity-3bf2e47dd1d24f7782c08a1808758249"}
INFO:     Shutting down
INFO:     Waiting for application shutdown.
INFO:     Application shutdown complete.
INFO:     Finished server process [2519562]
INFO:     Started server process [2525540]
INFO:     Waiting for application startup.
INFO:     Application startup complete.
INFO:     Uvicorn running on http://127.0.0.1:18000 (Press CTRL+C to quit)
INFO:     Started server process [2525713]
INFO:     Waiting for application startup.
INFO:     Application startup complete.
INFO:     Uvicorn running on http://127.0.0.1:18000 (Press CTRL+C to quit)
{"correlation_id": "edad0413-2be8-4c81-9cbb-47a9dde02f26", "operation": "security_recover", "outcome": "allowed", "principal": "user:c1-dev.097323d6-bb6e-4ccf-978a-6b466ca215cd", "reason": "", "target": ""}
{"correlation_id": "5891c454-3087-4fd0-b737-2e02115f7154", "operation": "changeset_read", "outcome": "allowed", "principal": "user:c1-dev.cd03e800-88fc-4033-9aa8-46b366bb80c9", "reason": "", "target": "urn:c1:instance:dev:changeset-f5c7113c23a34383963587f7ddde7e49"}
{"correlation_id": "0b6f7592-e1aa-4e3c-b40f-3e1f376f5e25", "operation": "resource_read", "outcome": "allowed", "principal": "user:c1-dev.cd03e800-88fc-4033-9aa8-46b366bb80c9", "reason": "", "target": "urn:c1:instance:dev:entity/6e2c963e-cac1-483c-95e1-c6018d1cc48e"}
INFO:     Shutting down
INFO:     Waiting for application shutdown.
INFO:     Application shutdown complete.
INFO:     Finished server process [2525713]
INFO:     Started server process [2526134]
INFO:     Waiting for application startup.
INFO:     Application startup complete.
INFO:     Uvicorn running on http://127.0.0.1:18000 (Press CTRL+C to quit)
INFO:     Started server process [2526438]
INFO:     Waiting for application startup.
INFO:     Application startup complete.
INFO:     Uvicorn running on http://127.0.0.1:18000 (Press CTRL+C to quit)
{"correlation_id": "97606341-2f8b-46df-8925-bc02897c1c34", "operation": "security_recover", "outcome": "allowed", "principal": "user:c1-dev.097323d6-bb6e-4ccf-978a-6b466ca215cd", "reason": "", "target": ""}
{"correlation_id": "6ab5ace9-28be-4281-81ee-0946ced996ef", "operation": "changeset_read", "outcome": "allowed", "principal": "user:c1-dev.cd03e800-88fc-4033-9aa8-46b366bb80c9", "reason": "", "target": "urn:c1:instance:dev:changeset-f005fce181ef47ca833c36687515770b"}
{"correlation_id": "935036a4-1ccb-443e-a827-6299b4e5f597", "operation": "resource_read", "outcome": "allowed", "principal": "user:c1-dev.cd03e800-88fc-4033-9aa8-46b366bb80c9", "reason": "", "target": "urn:c1:instance:dev:entity/b4975112-a53c-4bd7-a98c-3100965460f8"}
INFO:     Shutting down
INFO:     Waiting for application shutdown.
INFO:     Application shutdown complete.
INFO:     Finished server process [2526438]
INFO:     Started server process [2526902]
INFO:     Waiting for application startup.
INFO:     Application startup complete.
INFO:     Uvicorn running on http://127.0.0.1:18000 (Press CTRL+C to quit)
INFO:     Started server process [2527065]
INFO:     Waiting for application startup.
INFO:     Application startup complete.
INFO:     Uvicorn running on http://127.0.0.1:18000 (Press CTRL+C to quit)
{"correlation_id": "a27f4e94-b161-4874-abd0-4ffd3a8640f5", "operation": "security_recover", "outcome": "allowed", "principal": "user:c1-dev.097323d6-bb6e-4ccf-978a-6b466ca215cd", "reason": "", "target": ""}
{"correlation_id": "7ad0accf-7a15-4152-888e-6a74546d6a03", "operation": "changeset_read", "outcome": "allowed", "principal": "user:c1-dev.cd03e800-88fc-4033-9aa8-46b366bb80c9", "reason": "", "target": "urn:c1:instance:dev:changeset-e60a6316e6c3448e9022d0ca721acce5"}
{"correlation_id": "f700e1d8-8d16-4c60-8b65-2c0d3b02b5df", "operation": "resource_read", "outcome": "allowed", "principal": "user:c1-dev.cd03e800-88fc-4033-9aa8-46b366bb80c9", "reason": "", "target": "urn:c1:instance:dev:entity/a161f6d9-dbc5-4052-9b0b-33d3d57e4941"}
INFO:     Shutting down
INFO:     Waiting for application shutdown.
INFO:     Application shutdown complete.
INFO:     Finished server process [2527065]
INFO:     Started server process [2527471]
INFO:     Waiting for application startup.
INFO:     Application startup complete.
INFO:     Uvicorn running on http://127.0.0.1:18000 (Press CTRL+C to quit)
INFO:     Started server process [2527637]
INFO:     Waiting for application startup.
INFO:     Application startup complete.
INFO:     Uvicorn running on http://127.0.0.1:18000 (Press CTRL+C to quit)
{"correlation_id": "858e62cc-0820-47b5-a121-175e27f95790", "operation": "security_recover", "outcome": "allowed", "principal": "user:c1-dev.097323d6-bb6e-4ccf-978a-6b466ca215cd", "reason": "", "target": ""}
{"correlation_id": "40fc8d19-e0fc-43c2-9e5b-0817f4321844", "operation": "changeset_read", "outcome": "allowed", "principal": "user:c1-dev.cd03e800-88fc-4033-9aa8-46b366bb80c9", "reason": "", "target": "urn:c1:instance:dev:changeset-b014b1d65a1f4562be1b2715097b096c"}
{"correlation_id": "58425555-39ea-47ab-ae22-b09367432883", "operation": "resource_read", "outcome": "allowed", "principal": "user:c1-dev.cd03e800-88fc-4033-9aa8-46b366bb80c9", "reason": "", "target": "urn:c1:instance:dev:entity/6c7c5e60-30ff-4a86-bad7-62d791e14685"}
INFO:     Shutting down
INFO:     Waiting for application shutdown.
INFO:     Application shutdown complete.
INFO:     Finished server process [2527637]
INFO:     Started server process [2533133]
INFO:     Waiting for application startup.
INFO:     Application startup complete.
INFO:     Uvicorn running on http://127.0.0.1:18000 (Press CTRL+C to quit)
INFO:     Started server process [2533293]
INFO:     Waiting for application startup.
INFO:     Application startup complete.
INFO:     Uvicorn running on http://127.0.0.1:18000 (Press CTRL+C to quit)
{"correlation_id": "e1fe63d2-0b2b-4569-b44e-21f027529bd8", "operation": "security_recover", "outcome": "allowed", "principal": "user:c1-dev.097323d6-bb6e-4ccf-978a-6b466ca215cd", "reason": "", "target": ""}
{"correlation_id": "7f316e5a-0cb0-49e6-a56c-a34f318b2e04", "operation": "resource_read", "outcome": "allowed", "principal": "user:c1-dev.5f190ba0-9fcd-4fc3-affd-8d6191c05c1c", "reason": "", "target": "urn:c1:probe:entity-5853025623f34bd7b5779a6db1e2e649"}
{"correlation_id": "75208be4-b866-43ad-a7c3-9fdad6f8a4c9", "operation": "changeset_read", "outcome": "allowed", "principal": "user:c1-dev.810ccc6a-6084-4c5c-80a3-1cd63e5db6d5", "reason": "", "target": "urn:c1:instance:dev:changeset-e6692dbfa9054bdda82b35b76ec568fd"}
INFO:     Shutting down
INFO:     Waiting for application shutdown.
INFO:     Application shutdown complete.
INFO:     Finished server process [2533293]
