INFO:     Started server process [2688390]
INFO:     Waiting for application startup.
INFO:     Application startup complete.
INFO:     Uvicorn running on http://127.0.0.1:18000 (Press CTRL+C to quit)
INFO:     Started server process [2688462]
INFO:     Waiting for application startup.
{"correlation_id": "b753cea7-8475-42e9-83b5-7c4ba6c6a6a9", "operation": "startup_recovery", "outcome": "unavailable", "principal": "system", "reason": "recovery_pending", "target": ""}
INFO:     Application startup complete.
INFO:     Uvicorn running on http://127.0.0.1:18000 (Press CTRL+C to quit)
INFO:     Shutting down
INFO:     Waiting for background tasks to complete. (CTRL+C to force quit)
INFO:     Waiting for application shutdown.
INFO:     Application shutdown complete.
INFO:     Finished server process [2688462]
INFO:     Started server process [2689862]
INFO:     Waiting for application startup.
INFO:     Application startup complete.
INFO:     Uvicorn running on http://127.0.0.1:18000 (Press CTRL+C to quit)
INFO:     Started server process [2689915]
INFO:     Waiting for application startup.
{"correlation_id": "64955c72-2926-4671-8cca-d3de492a7978", "operation": "startup_recovery", "outcome": "unavailable", "principal": "system", "reason": "recovery_pending", "target": ""}
INFO:     Application startup complete.
INFO:     Uvicorn running on http://127.0.0.1:18000 (Press CTRL+C to quit)
INFO:     Shutting down
INFO:     Waiting for background tasks to complete. (CTRL+C to force quit)
INFO:     Waiting for application shutdown.
INFO:     Application shutdown complete.
INFO:     Finished server process [2689915]
INFO:     Started server process [2691068]
INFO:     Waiting for application startup.
INFO:     Application startup complete.
INFO:     Uvicorn running on http://127.0.0.1:18000 (Press CTRL+C to quit)
INFO:     Started server process [2691235]
INFO:     Waiting for application startup.
{"correlation_id": "db5c2343-ee4e-4b3c-bdb6-fd157e4fcd53", "operation": "startup_recovery", "outcome": "unavailable", "principal": "system", "reason": "recovery_pending", "target": ""}
INFO:     Application startup complete.
INFO:     Uvicorn running on http://127.0.0.1:18000 (Press CTRL+C to quit)
INFO:     Shutting down
INFO:     Waiting for background tasks to complete. (CTRL+C to force quit)
INFO:     Waiting for application shutdown.
INFO:     Application shutdown complete.
INFO:     Finished server process [2691235]
INFO:     Started server process [2694705]
INFO:     Waiting for application startup.
INFO:     Application startup complete.
INFO:     Uvicorn running on http://127.0.0.1:18000 (Press CTRL+C to quit)
INFO:     Started server process [2694835]
INFO:     Waiting for application startup.
{"correlation_id": "a08dde23-e75e-44cf-8304-72709eea9a84", "operation": "startup_recovery", "outcome": "unavailable", "principal": "system", "reason": "recovery_pending", "target": ""}
INFO:     Application startup complete.
INFO:     Uvicorn running on http://127.0.0.1:18000 (Press CTRL+C to quit)
{"correlation_id": "74749f49-67b6-4678-a239-d82ab530a87f", "operation": "probe_read", "outcome": "denied", "principal": "user:c1-dev.5f190ba0-9fcd-4fc3-affd-8d6191c05c1c", "reason": "not_found", "target": "urn:c1:probe:entity-fc5c7ba3298f40c8a75a1e8c6b6ef349"}
{"correlation_id": "ad282623-f13c-476c-8da9-cdfbcb0d88d7", "operation": "rescope", "outcome": "applied", "principal": "user:c1-dev.810ccc6a-6084-4c5c-80a3-1cd63e5db6d5", "reason": "confirmed", "target": "urn:c1:probe:entity-fc5c7ba3298f40c8a75a1e8c6b6ef349"}
{"correlation_id": "c574902d-4759-49d6-ad49-a0d339d4b03b", "operation": "security_recover", "outcome": "allowed", "principal": "user:c1-dev.097323d6-bb6e-4ccf-978a-6b466ca215cd", "reason": "", "target": ""}
INFO:     Shutting down
INFO:     Waiting for application shutdown.
INFO:     Application shutdown complete.
INFO:     Finished server process [2694835]
INFO:     Started server process [2697400]
INFO:     Waiting for application startup.
INFO:     Application startup complete.
INFO:     Uvicorn running on http://127.0.0.1:18000 (Press CTRL+C to quit)
INFO:     Started server process [2697537]
INFO:     Waiting for application startup.
{"correlation_id": "25a7a04e-77d9-4b4d-9ff2-24d7ac20f7c1", "operation": "startup_recovery", "outcome": "unavailable", "principal": "system", "reason": "recovery_pending", "target": ""}
INFO:     Application startup complete.
INFO:     Uvicorn running on http://127.0.0.1:18000 (Press CTRL+C to quit)
{"correlation_id": "81978446-81bd-47ab-8c32-6987b1ca6070", "operation": "probe_read", "outcome": "denied", "principal": "user:c1-dev.5f190ba0-9fcd-4fc3-affd-8d6191c05c1c", "reason": "not_found", "target": "urn:c1:probe:entity-736c1ceaf9ea463493bce67ca436bccb"}
{"correlation_id": "196755f2-a8ef-453f-b73a-5d65ff2250a5", "operation": "rescope", "outcome": "applied", "principal": "user:c1-dev.810ccc6a-6084-4c5c-80a3-1cd63e5db6d5", "reason": "confirmed", "target": "urn:c1:probe:entity-736c1ceaf9ea463493bce67ca436bccb"}
{"correlation_id": "a67aabc4-607d-4fdb-88f6-0f44eb35ceff", "operation": "security_recover", "outcome": "allowed", "principal": "user:c1-dev.097323d6-bb6e-4ccf-978a-6b466ca215cd", "reason": "", "target": ""}
{"correlation_id": "5ce8885e-ad7a-42f7-abe9-ce80f03a477e", "operation": "security_operation_read", "outcome": "allowed", "principal": "user:c1-dev.810ccc6a-6084-4c5c-80a3-1cd63e5db6d5", "reason": "", "target": "5af2c390-832e-42e3-95e3-9921ad9890f6"}
{"correlation_id": "96bcf8e7-6db6-4265-89e7-171dfef5ad79", "operation": "probe_read", "outcome": "denied", "principal": "user:c1-dev.5f190ba0-9fcd-4fc3-affd-8d6191c05c1c", "reason": "not_found", "target": "urn:c1:probe:entity-736c1ceaf9ea463493bce67ca436bccb"}
{"correlation_id": "72788dcd-8fec-4969-87ef-f5b58588dabe", "operation": "probe_read", "outcome": "allowed", "principal": "user:c1-dev.810ccc6a-6084-4c5c-80a3-1cd63e5db6d5", "reason": "", "target": "urn:c1:probe:entity-736c1ceaf9ea463493bce67ca436bccb"}
INFO:     Shutting down
INFO:     Waiting for application shutdown.
INFO:     Application shutdown complete.
INFO:     Finished server process [2697537]
INFO:     Started server process [2698395]
INFO:     Waiting for application startup.
INFO:     Application startup complete.
INFO:     Uvicorn running on http://127.0.0.1:18000 (Press CTRL+C to quit)
INFO:     Started server process [2698494]
INFO:     Waiting for application startup.
{"correlation_id": "7360c2c2-8173-411d-9bf0-8f1e1ffedb0a", "operation": "startup_recovery", "outcome": "unavailable", "principal": "system", "reason": "recovery_pending", "target": ""}
INFO:     Application startup complete.
INFO:     Uvicorn running on http://127.0.0.1:18000 (Press CTRL+C to quit)
{"correlation_id": "8046a077-c9d4-4e2f-b34a-1b0db36002e5", "operation": "probe_read", "outcome": "denied", "principal": "user:c1-dev.5f190ba0-9fcd-4fc3-affd-8d6191c05c1c", "reason": "not_found", "target": "urn:c1:probe:entity-0cea615f235040598b603ca5d3d8e673"}
{"correlation_id": "52ebd87d-85d6-4ab1-a1e6-90344a62f987", "operation": "rescope", "outcome": "applied", "principal": "user:c1-dev.810ccc6a-6084-4c5c-80a3-1cd63e5db6d5", "reason": "confirmed", "target": "urn:c1:probe:entity-0cea615f235040598b603ca5d3d8e673"}
{"correlation_id": "922ffc7a-c1f5-4221-ac32-6936d91893fc", "operation": "security_recover", "outcome": "allowed", "principal": "user:c1-dev.097323d6-bb6e-4ccf-978a-6b466ca215cd", "reason": "", "target": ""}
{"correlation_id": "2671dbce-0854-428f-a209-e0cbcb9afd0a", "operation": "security_operation_read", "outcome": "allowed", "principal": "user:c1-dev.810ccc6a-6084-4c5c-80a3-1cd63e5db6d5", "reason": "", "target": "269a844e-bd21-40e2-94b4-25b89e5fb63c"}
{"correlation_id": "ad264e00-67d8-4159-9702-181f7de9162a", "operation": "probe_read", "outcome": "denied", "principal": "user:c1-dev.5f190ba0-9fcd-4fc3-affd-8d6191c05c1c", "reason": "not_found", "target": "urn:c1:probe:entity-0cea615f235040598b603ca5d3d8e673"}
{"correlation_id": "1b325a03-473d-4db2-9e96-a4c56b4b06e5", "operation": "probe_read", "outcome": "allowed", "principal": "user:c1-dev.810ccc6a-6084-4c5c-80a3-1cd63e5db6d5", "reason": "", "target": "urn:c1:probe:entity-0cea615f235040598b603ca5d3d8e673"}
INFO:     Shutting down
INFO:     Waiting for application shutdown.
INFO:     Application shutdown complete.
INFO:     Finished server process [2698494]
INFO:     Started server process [2699577]
INFO:     Waiting for application startup.
INFO:     Application startup complete.
INFO:     Uvicorn running on http://127.0.0.1:18000 (Press CTRL+C to quit)
INFO:     Started server process [2699667]
INFO:     Waiting for application startup.
{"correlation_id": "a651623e-8b0e-4f7d-96f1-78057662f581", "operation": "startup_recovery", "outcome": "unavailable", "principal": "system", "reason": "recovery_pending", "target": ""}
INFO:     Application startup complete.
INFO:     Uvicorn running on http://127.0.0.1:18000 (Press CTRL+C to quit)
{"correlation_id": "83892e49-1f3f-45f6-ad5e-e7c207afae8b", "operation": "probe_read", "outcome": "denied", "principal": "user:c1-dev.5f190ba0-9fcd-4fc3-affd-8d6191c05c1c", "reason": "not_found", "target": "urn:c1:probe:entity-bd31fa51ad8b469f8d8b95d53e514ecb"}
{"correlation_id": "9e311ba4-6e20-4cd7-87a8-612b34c21c46", "operation": "rescope", "outcome": "applied", "principal": "user:c1-dev.810ccc6a-6084-4c5c-80a3-1cd63e5db6d5", "reason": "confirmed", "target": "urn:c1:probe:entity-bd31fa51ad8b469f8d8b95d53e514ecb"}
{"correlation_id": "1a2f1525-2704-4212-a4f1-85536813ac22", "operation": "security_recover", "outcome": "allowed", "principal": "user:c1-dev.097323d6-bb6e-4ccf-978a-6b466ca215cd", "reason": "", "target": ""}
{"correlation_id": "af1a730a-4d1f-4c88-8594-e72eb3e839e0", "operation": "security_operation_read", "outcome": "allowed", "principal": "user:c1-dev.810ccc6a-6084-4c5c-80a3-1cd63e5db6d5", "reason": "", "target": "b8adb5bd-188a-4435-8f67-1a95d7977598"}
{"correlation_id": "c6005ba2-c6b7-4db1-b8a7-0eedc014123c", "operation": "probe_read", "outcome": "denied", "principal": "user:c1-dev.5f190ba0-9fcd-4fc3-affd-8d6191c05c1c", "reason": "not_found", "target": "urn:c1:probe:entity-bd31fa51ad8b469f8d8b95d53e514ecb"}
{"correlation_id": "24f4e241-ca39-4ca9-963c-fe9a049b9c04", "operation": "probe_read", "outcome": "allowed", "principal": "user:c1-dev.810ccc6a-6084-4c5c-80a3-1cd63e5db6d5", "reason": "", "target": "urn:c1:probe:entity-bd31fa51ad8b469f8d8b95d53e514ecb"}
INFO:     Shutting down
INFO:     Waiting for application shutdown.
INFO:     Application shutdown complete.
INFO:     Finished server process [2699667]
INFO:     Started server process [2711506]
INFO:     Waiting for application startup.
INFO:     Application startup complete.
INFO:     Uvicorn running on http://127.0.0.1:18000 (Press CTRL+C to quit)
INFO:     Started server process [2711643]
INFO:     Waiting for application startup.
{"correlation_id": "78e85fb0-1ec0-49f9-90f2-5828c592bf91", "operation": "startup_recovery", "outcome": "unavailable", "principal": "system", "reason": "recovery_pending", "target": ""}
INFO:     Application startup complete.
INFO:     Uvicorn running on http://127.0.0.1:18000 (Press CTRL+C to quit)
{"correlation_id": "00629a72-488f-4a6f-8fa7-b557b34389e5", "operation": "probe_read", "outcome": "denied", "principal": "user:c1-dev.5f190ba0-9fcd-4fc3-affd-8d6191c05c1c", "reason": "not_found", "target": "urn:c1:probe:entity-6b037403b0a44797bc3132c32c8f436f"}
{"correlation_id": "66a4808d-6fa1-42da-9819-de894a8d3d28", "operation": "rescope", "outcome": "applied", "principal": "user:c1-dev.810ccc6a-6084-4c5c-80a3-1cd63e5db6d5", "reason": "confirmed", "target": "urn:c1:probe:entity-6b037403b0a44797bc3132c32c8f436f"}
{"correlation_id": "7b64f855-7bb2-467f-be35-2fc596cf3dd0", "operation": "security_recover", "outcome": "allowed", "principal": "user:c1-dev.097323d6-bb6e-4ccf-978a-6b466ca215cd", "reason": "", "target": ""}
{"correlation_id": "6453d6b8-fb60-4816-88c3-18310f8d0c64", "operation": "security_operation_read", "outcome": "allowed", "principal": "user:c1-dev.810ccc6a-6084-4c5c-80a3-1cd63e5db6d5", "reason": "", "target": "cc4fd958-e0c5-422c-91cd-a1da4d005425"}
{"correlation_id": "8e62b3d8-fdf3-42b1-87fe-7b17f3c1e0c9", "operation": "probe_read", "outcome": "denied", "principal": "user:c1-dev.5f190ba0-9fcd-4fc3-affd-8d6191c05c1c", "reason": "not_found", "target": "urn:c1:probe:entity-6b037403b0a44797bc3132c32c8f436f"}
{"correlation_id": "8273436b-3526-4cc2-9b5e-dced5a671d3e", "operation": "probe_read", "outcome": "allowed", "principal": "user:c1-dev.810ccc6a-6084-4c5c-80a3-1cd63e5db6d5", "reason": "", "target": "urn:c1:probe:entity-6b037403b0a44797bc3132c32c8f436f"}
INFO:     Shutting down
INFO:     Waiting for application shutdown.
INFO:     Application shutdown complete.
INFO:     Finished server process [2711643]
INFO:     Started server process [2712274]
INFO:     Waiting for application startup.
INFO:     Application startup complete.
INFO:     Uvicorn running on http://127.0.0.1:18000 (Press CTRL+C to quit)
INFO:     Started server process [2712407]
INFO:     Waiting for application startup.
{"correlation_id": "2228e9af-ba94-484d-baad-d8ed5d2172bb", "operation": "startup_recovery", "outcome": "unavailable", "principal": "system", "reason": "recovery_pending", "target": ""}
INFO:     Application startup complete.
INFO:     Uvicorn running on http://127.0.0.1:18000 (Press CTRL+C to quit)
{"correlation_id": "8d5d72d9-755d-426c-907d-aa49203cd62e", "operation": "probe_read", "outcome": "denied", "principal": "user:c1-dev.5f190ba0-9fcd-4fc3-affd-8d6191c05c1c", "reason": "not_found", "target": "urn:c1:probe:entity-19a23f829b41426c86bd4b907911e9c2"}
{"correlation_id": "29c1b9d9-7e25-4ed6-9364-13cd0246b265", "operation": "rescope", "outcome": "applied", "principal": "user:c1-dev.810ccc6a-6084-4c5c-80a3-1cd63e5db6d5", "reason": "confirmed", "target": "urn:c1:probe:entity-19a23f829b41426c86bd4b907911e9c2"}
{"correlation_id": "d19ece63-d0c0-4160-adf4-6fa0a9d5ab2d", "operation": "security_recover", "outcome": "allowed", "principal": "user:c1-dev.097323d6-bb6e-4ccf-978a-6b466ca215cd", "reason": "", "target": ""}
{"correlation_id": "0ad1b1da-d374-42e5-a339-97b3b24a4aa8", "operation": "security_operation_read", "outcome": "allowed", "principal": "user:c1-dev.810ccc6a-6084-4c5c-80a3-1cd63e5db6d5", "reason": "", "target": "3aaa86f3-0e40-401d-8d7c-8cb4aa1cdf0c"}
{"correlation_id": "8cea6ef6-4b98-4ff4-a1af-a020a85a29ef", "operation": "probe_read", "outcome": "denied", "principal": "user:c1-dev.5f190ba0-9fcd-4fc3-affd-8d6191c05c1c", "reason": "not_found", "target": "urn:c1:probe:entity-19a23f829b41426c86bd4b907911e9c2"}
{"correlation_id": "512ece21-6b8f-4585-be68-cda13bc670ca", "operation": "probe_read", "outcome": "allowed", "principal": "user:c1-dev.810ccc6a-6084-4c5c-80a3-1cd63e5db6d5", "reason": "", "target": "urn:c1:probe:entity-19a23f829b41426c86bd4b907911e9c2"}
INFO:     Shutting down
INFO:     Waiting for application shutdown.
INFO:     Application shutdown complete.
INFO:     Finished server process [2712407]
INFO:     Started server process [2713049]
INFO:     Waiting for application startup.
INFO:     Application startup complete.
INFO:     Uvicorn running on http://127.0.0.1:18000 (Press CTRL+C to quit)
INFO:     Started server process [2713155]
INFO:     Waiting for application startup.
{"correlation_id": "07e65f8e-ab4b-4698-9845-5b7253b14b1d", "operation": "startup_recovery", "outcome": "unavailable", "principal": "system", "reason": "recovery_pending", "target": ""}
INFO:     Application startup complete.
INFO:     Uvicorn running on http://127.0.0.1:18000 (Press CTRL+C to quit)
{"correlation_id": "6c5cb9ce-7588-4080-827a-8354e5ce4da1", "operation": "probe_read", "outcome": "denied", "principal": "user:c1-dev.5f190ba0-9fcd-4fc3-affd-8d6191c05c1c", "reason": "not_found", "target": "urn:c1:probe:entity-18ec2cc48b7c4c10bb4a5a69638e9b66"}
{"correlation_id": "96f8ed12-1024-4a6c-b683-7212398a6630", "operation": "rescope", "outcome": "applied", "principal": "user:c1-dev.810ccc6a-6084-4c5c-80a3-1cd63e5db6d5", "reason": "confirmed", "target": "urn:c1:probe:entity-18ec2cc48b7c4c10bb4a5a69638e9b66"}
{"correlation_id": "bf9a1ff9-2c02-4965-a019-b5c7abe3f952", "operation": "security_recover", "outcome": "allowed", "principal": "user:c1-dev.097323d6-bb6e-4ccf-978a-6b466ca215cd", "reason": "", "target": ""}
{"correlation_id": "3d77d56a-919b-4a5b-b30e-9f18fd3350b7", "operation": "security_operation_read", "outcome": "allowed", "principal": "user:c1-dev.810ccc6a-6084-4c5c-80a3-1cd63e5db6d5", "reason": "", "target": "a1b2136c-b5dc-4327-b576-12c88611e596"}
{"correlation_id": "f645ef76-4a4c-4788-b4dc-d3a6ba54821d", "operation": "probe_read", "outcome": "denied", "principal": "user:c1-dev.5f190ba0-9fcd-4fc3-affd-8d6191c05c1c", "reason": "not_found", "target": "urn:c1:probe:entity-18ec2cc48b7c4c10bb4a5a69638e9b66"}
{"correlation_id": "8eaf9461-a76d-4fb5-8135-c5034e1df34f", "operation": "probe_read", "outcome": "allowed", "principal": "user:c1-dev.810ccc6a-6084-4c5c-80a3-1cd63e5db6d5", "reason": "", "target": "urn:c1:probe:entity-18ec2cc48b7c4c10bb4a5a69638e9b66"}
INFO:     Shutting down
INFO:     Waiting for application shutdown.
INFO:     Application shutdown complete.
INFO:     Finished server process [2713155]
INFO:     Started server process [2720083]
INFO:     Waiting for application startup.
INFO:     Application startup complete.
INFO:     Uvicorn running on http://127.0.0.1:18000 (Press CTRL+C to quit)
{"correlation_id": "36666c8e-8da4-4b86-a462-5848837a5f83", "operation": "whoami", "outcome": "allowed", "principal": "user:c1-dev.5f190ba0-9fcd-4fc3-affd-8d6191c05c1c", "reason": "", "target": ""}
INFO:     Shutting down
INFO:     Waiting for application shutdown.
INFO:     Application shutdown complete.
INFO:     Finished server process [2720083]
INFO:     Started server process [2729807]
INFO:     Waiting for application startup.
INFO:     Application startup complete.
INFO:     Uvicorn running on http://127.0.0.1:18000 (Press CTRL+C to quit)
INFO:     Started server process [2730045]
INFO:     Waiting for application startup.
{"correlation_id": "f446ba78-dedf-49f3-acd5-ff14c5df8c76", "operation": "startup_recovery", "outcome": "unavailable", "principal": "system", "reason": "recovery_pending", "target": ""}
INFO:     Application startup complete.
INFO:     Uvicorn running on http://127.0.0.1:18000 (Press CTRL+C to quit)
{"correlation_id": "b78199ca-4aa3-4aab-a103-c9f33c097abd", "operation": "probe_read", "outcome": "denied", "principal": "user:c1-dev.5f190ba0-9fcd-4fc3-affd-8d6191c05c1c", "reason": "not_found", "target": "urn:c1:probe:entity-21f8d4c8ffcc43c7aaf787763bc9c775"}
{"correlation_id": "5e849c06-ea79-4dcd-a890-2a5494941778", "operation": "rescope", "outcome": "applied", "principal": "user:c1-dev.810ccc6a-6084-4c5c-80a3-1cd63e5db6d5", "reason": "confirmed", "target": "urn:c1:probe:entity-21f8d4c8ffcc43c7aaf787763bc9c775"}
{"correlation_id": "e7b68780-c709-4fda-b1fd-7d780a9b7e7a", "operation": "security_recover", "outcome": "allowed", "principal": "user:c1-dev.097323d6-bb6e-4ccf-978a-6b466ca215cd", "reason": "", "target": ""}
{"correlation_id": "f9979163-0a1a-4e59-a9fd-6059f36e6145", "operation": "security_operation_read", "outcome": "allowed", "principal": "user:c1-dev.810ccc6a-6084-4c5c-80a3-1cd63e5db6d5", "reason": "", "target": "107b84b7-07e2-460c-8578-9a5cea482622"}
{"correlation_id": "e4c733d1-97cd-415d-a54b-905ecb492558", "operation": "probe_read", "outcome": "denied", "principal": "user:c1-dev.5f190ba0-9fcd-4fc3-affd-8d6191c05c1c", "reason": "not_found", "target": "urn:c1:probe:entity-21f8d4c8ffcc43c7aaf787763bc9c775"}
{"correlation_id": "19812aff-895b-413e-9c3e-cebd0e56929b", "operation": "probe_read", "outcome": "allowed", "principal": "user:c1-dev.810ccc6a-6084-4c5c-80a3-1cd63e5db6d5", "reason": "", "target": "urn:c1:probe:entity-21f8d4c8ffcc43c7aaf787763bc9c775"}
INFO:     Shutting down
INFO:     Waiting for application shutdown.
INFO:     Application shutdown complete.
INFO:     Finished server process [2730045]
INFO:     Started server process [2730798]
INFO:     Waiting for application startup.
INFO:     Application startup complete.
INFO:     Uvicorn running on http://127.0.0.1:18000 (Press CTRL+C to quit)
INFO:     Started server process [2730888]
INFO:     Waiting for application startup.
{"correlation_id": "cf2d17d2-8d7c-42cc-a90c-e558f56717e6", "operation": "startup_recovery", "outcome": "unavailable", "principal": "system", "reason": "recovery_pending", "target": ""}
INFO:     Application startup complete.
INFO:     Uvicorn running on http://127.0.0.1:18000 (Press CTRL+C to quit)
{"correlation_id": "1f09f405-c9a0-4af9-9fc9-e327e1687b97", "operation": "probe_read", "outcome": "denied", "principal": "user:c1-dev.5f190ba0-9fcd-4fc3-affd-8d6191c05c1c", "reason": "not_found", "target": "urn:c1:probe:entity-4d47860431604f59a999ce8c4d8dcc87"}
{"correlation_id": "f6d1f769-cce1-4247-9e89-1f15a40ea49e", "operation": "rescope", "outcome": "applied", "principal": "user:c1-dev.810ccc6a-6084-4c5c-80a3-1cd63e5db6d5", "reason": "confirmed", "target": "urn:c1:probe:entity-4d47860431604f59a999ce8c4d8dcc87"}
{"correlation_id": "a7d2f537-3206-41fa-a503-8cc283c0f980", "operation": "security_recover", "outcome": "allowed", "principal": "user:c1-dev.097323d6-bb6e-4ccf-978a-6b466ca215cd", "reason": "", "target": ""}
{"correlation_id": "a97c4bef-95a5-49c7-b519-bb33c1a8623a", "operation": "security_operation_read", "outcome": "allowed", "principal": "user:c1-dev.810ccc6a-6084-4c5c-80a3-1cd63e5db6d5", "reason": "", "target": "38449e0a-29f1-4ae5-b725-78cc1668a084"}
{"correlation_id": "e5d588b9-9c9c-44c4-bcc5-571472249e79", "operation": "probe_read", "outcome": "denied", "principal": "user:c1-dev.5f190ba0-9fcd-4fc3-affd-8d6191c05c1c", "reason": "not_found", "target": "urn:c1:probe:entity-4d47860431604f59a999ce8c4d8dcc87"}
{"correlation_id": "58bafa2b-6bdf-4f5c-8c31-243ed728fffa", "operation": "probe_read", "outcome": "allowed", "principal": "user:c1-dev.810ccc6a-6084-4c5c-80a3-1cd63e5db6d5", "reason": "", "target": "urn:c1:probe:entity-4d47860431604f59a999ce8c4d8dcc87"}
INFO:     Shutting down
INFO:     Waiting for application shutdown.
INFO:     Application shutdown complete.
INFO:     Finished server process [2730888]
INFO:     Started server process [2731632]
INFO:     Waiting for application startup.
INFO:     Application startup complete.
INFO:     Uvicorn running on http://127.0.0.1:18000 (Press CTRL+C to quit)
INFO:     Started server process [2731802]
INFO:     Waiting for application startup.
{"correlation_id": "869c094f-1aea-4d3b-9f0f-5273cc2e1009", "operation": "startup_recovery", "outcome": "unavailable", "principal": "system", "reason": "recovery_pending", "target": ""}
INFO:     Application startup complete.
INFO:     Uvicorn running on http://127.0.0.1:18000 (Press CTRL+C to quit)
{"correlation_id": "105b9045-53fb-42ef-a391-1f94dc8b7645", "operation": "probe_read", "outcome": "denied", "principal": "user:c1-dev.5f190ba0-9fcd-4fc3-affd-8d6191c05c1c", "reason": "not_found", "target": "urn:c1:probe:entity-8853be31caca4a9488293aa8b13d3ff9"}
{"correlation_id": "ede2c177-60f0-44c7-9c74-8f9d4e4a8bd3", "operation": "rescope", "outcome": "applied", "principal": "user:c1-dev.810ccc6a-6084-4c5c-80a3-1cd63e5db6d5", "reason": "confirmed", "target": "urn:c1:probe:entity-8853be31caca4a9488293aa8b13d3ff9"}
{"correlation_id": "37fffa3e-0672-402b-8b3d-087a60d9aeba", "operation": "security_recover", "outcome": "allowed", "principal": "user:c1-dev.097323d6-bb6e-4ccf-978a-6b466ca215cd", "reason": "", "target": ""}
{"correlation_id": "9901e0f6-8a60-4cfc-b146-207070aa5e4d", "operation": "security_operation_read", "outcome": "allowed", "principal": "user:c1-dev.810ccc6a-6084-4c5c-80a3-1cd63e5db6d5", "reason": "", "target": "373e6900-5c96-4f78-82d0-a9d5c5c65548"}
{"correlation_id": "b71b319e-5448-481d-afc8-1d3220686890", "operation": "probe_read", "outcome": "denied", "principal": "user:c1-dev.5f190ba0-9fcd-4fc3-affd-8d6191c05c1c", "reason": "not_found", "target": "urn:c1:probe:entity-8853be31caca4a9488293aa8b13d3ff9"}
{"correlation_id": "6774518d-0cc8-491c-b0b0-edb5674b37ef", "operation": "probe_read", "outcome": "allowed", "principal": "user:c1-dev.810ccc6a-6084-4c5c-80a3-1cd63e5db6d5", "reason": "", "target": "urn:c1:probe:entity-8853be31caca4a9488293aa8b13d3ff9"}
INFO:     Shutting down
INFO:     Waiting for application shutdown.
INFO:     Application shutdown complete.
INFO:     Finished server process [2731802]
INFO:     Started server process [2749142]
INFO:     Waiting for application startup.
INFO:     Application startup complete.
INFO:     Uvicorn running on http://127.0.0.1:18000 (Press CTRL+C to quit)
INFO:     Started server process [2749248]
INFO:     Waiting for application startup.
{"correlation_id": "50e44f27-01e5-4df9-889d-ac5a3234cf4b", "operation": "startup_recovery", "outcome": "unavailable", "principal": "system", "reason": "recovery_pending", "target": ""}
INFO:     Application startup complete.
INFO:     Uvicorn running on http://127.0.0.1:18000 (Press CTRL+C to quit)
{"correlation_id": "16255e18-6aee-44bd-a356-48fa825b0ec6", "operation": "probe_read", "outcome": "denied", "principal": "user:c1-dev.5f190ba0-9fcd-4fc3-affd-8d6191c05c1c", "reason": "not_found", "target": "urn:c1:probe:entity-b70cdfde20a440be95ab5b78fd605d51"}
{"correlation_id": "2f14e69a-46e6-45af-9567-0ff9a10cb0bb", "operation": "rescope", "outcome": "applied", "principal": "user:c1-dev.810ccc6a-6084-4c5c-80a3-1cd63e5db6d5", "reason": "confirmed", "target": "urn:c1:probe:entity-b70cdfde20a440be95ab5b78fd605d51"}
{"correlation_id": "5d36ecb6-c9bb-49fe-8dbf-2baab2244a39", "operation": "security_recover", "outcome": "allowed", "principal": "user:c1-dev.097323d6-bb6e-4ccf-978a-6b466ca215cd", "reason": "", "target": ""}
{"correlation_id": "488e9b3f-01b9-4864-a92f-f7a701f2849e", "operation": "security_operation_read", "outcome": "allowed", "principal": "user:c1-dev.810ccc6a-6084-4c5c-80a3-1cd63e5db6d5", "reason": "", "target": "45efdd40-2b40-47c1-915a-90f89428856a"}
{"correlation_id": "5bf4c0ae-b344-454a-addb-95911accb1c0", "operation": "probe_read", "outcome": "denied", "principal": "user:c1-dev.5f190ba0-9fcd-4fc3-affd-8d6191c05c1c", "reason": "not_found", "target": "urn:c1:probe:entity-b70cdfde20a440be95ab5b78fd605d51"}
{"correlation_id": "ebf2692c-d264-4756-bf93-763771fcdcff", "operation": "probe_read", "outcome": "allowed", "principal": "user:c1-dev.810ccc6a-6084-4c5c-80a3-1cd63e5db6d5", "reason": "", "target": "urn:c1:probe:entity-b70cdfde20a440be95ab5b78fd605d51"}
INFO:     Shutting down
INFO:     Waiting for application shutdown.
INFO:     Application shutdown complete.
INFO:     Finished server process [2749248]
INFO:     Started server process [2749928]
INFO:     Waiting for application startup.
INFO:     Application startup complete.
INFO:     Uvicorn running on http://127.0.0.1:18000 (Press CTRL+C to quit)
INFO:     Started server process [2750039]
INFO:     Waiting for application startup.
{"correlation_id": "4d3f82fa-9a8a-4133-a9e3-24593aa62e05", "operation": "startup_recovery", "outcome": "unavailable", "principal": "system", "reason": "recovery_pending", "target": ""}
INFO:     Application startup complete.
INFO:     Uvicorn running on http://127.0.0.1:18000 (Press CTRL+C to quit)
{"correlation_id": "46e8c763-17ca-45ec-9e6f-635fc8812ce4", "operation": "probe_read", "outcome": "denied", "principal": "user:c1-dev.5f190ba0-9fcd-4fc3-affd-8d6191c05c1c", "reason": "not_found", "target": "urn:c1:probe:entity-b466e3512bf04d71b2e644426451f754"}
{"correlation_id": "4a7602e7-6af0-4ee9-84ee-c12dc9909549", "operation": "rescope", "outcome": "applied", "principal": "user:c1-dev.810ccc6a-6084-4c5c-80a3-1cd63e5db6d5", "reason": "confirmed", "target": "urn:c1:probe:entity-b466e3512bf04d71b2e644426451f754"}
{"correlation_id": "81b10e0b-ed46-4498-b8c1-93976eeadb13", "operation": "security_recover", "outcome": "allowed", "principal": "user:c1-dev.097323d6-bb6e-4ccf-978a-6b466ca215cd", "reason": "", "target": ""}
{"correlation_id": "ca69a8d9-db88-4465-aebd-b94b2bdcd540", "operation": "security_operation_read", "outcome": "allowed", "principal": "user:c1-dev.810ccc6a-6084-4c5c-80a3-1cd63e5db6d5", "reason": "", "target": "2b4e1c06-3e4e-43f7-9aac-f06ba6472d99"}
{"correlation_id": "b6a74562-c93a-4ce9-aea4-432df7eaf5eb", "operation": "probe_read", "outcome": "denied", "principal": "user:c1-dev.5f190ba0-9fcd-4fc3-affd-8d6191c05c1c", "reason": "not_found", "target": "urn:c1:probe:entity-b466e3512bf04d71b2e644426451f754"}
{"correlation_id": "ffb62199-010d-42b6-ab04-9722782380be", "operation": "probe_read", "outcome": "allowed", "principal": "user:c1-dev.810ccc6a-6084-4c5c-80a3-1cd63e5db6d5", "reason": "", "target": "urn:c1:probe:entity-b466e3512bf04d71b2e644426451f754"}
INFO:     Shutting down
INFO:     Waiting for application shutdown.
INFO:     Application shutdown complete.
INFO:     Finished server process [2750039]
INFO:     Started server process [2750706]
INFO:     Waiting for application startup.
INFO:     Application startup complete.
INFO:     Uvicorn running on http://127.0.0.1:18000 (Press CTRL+C to quit)
INFO:     Started server process [2750841]
INFO:     Waiting for application startup.
{"correlation_id": "ef99dd3c-13b8-4980-a828-53b00e5977a8", "operation": "startup_recovery", "outcome": "unavailable", "principal": "system", "reason": "recovery_pending", "target": ""}
INFO:     Application startup complete.
INFO:     Uvicorn running on http://127.0.0.1:18000 (Press CTRL+C to quit)
{"correlation_id": "18e7617b-2b7d-4b68-8ee7-fec13bc9a67a", "operation": "probe_read", "outcome": "denied", "principal": "user:c1-dev.5f190ba0-9fcd-4fc3-affd-8d6191c05c1c", "reason": "not_found", "target": "urn:c1:probe:entity-a4bcb968702945e1a5b2a50c57495696"}
{"correlation_id": "33bfc4e5-206a-4237-a516-fe1395c51d81", "operation": "rescope", "outcome": "applied", "principal": "user:c1-dev.810ccc6a-6084-4c5c-80a3-1cd63e5db6d5", "reason": "confirmed", "target": "urn:c1:probe:entity-a4bcb968702945e1a5b2a50c57495696"}
{"correlation_id": "bcbed646-2fdc-4bc3-8d6d-34f739a51eb5", "operation": "security_recover", "outcome": "allowed", "principal": "user:c1-dev.097323d6-bb6e-4ccf-978a-6b466ca215cd", "reason": "", "target": ""}
{"correlation_id": "c65c77a4-0498-498a-9b92-6a00262977e9", "operation": "security_operation_read", "outcome": "allowed", "principal": "user:c1-dev.810ccc6a-6084-4c5c-80a3-1cd63e5db6d5", "reason": "", "target": "d0e5700d-7d96-4928-915a-a5c3cba82423"}
{"correlation_id": "55e5b259-aa32-475d-8f9e-765412742035", "operation": "probe_read", "outcome": "denied", "principal": "user:c1-dev.5f190ba0-9fcd-4fc3-affd-8d6191c05c1c", "reason": "not_found", "target": "urn:c1:probe:entity-a4bcb968702945e1a5b2a50c57495696"}
{"correlation_id": "5e752c28-d1c2-4d2b-aa9e-8145dfa45112", "operation": "probe_read", "outcome": "allowed", "principal": "user:c1-dev.810ccc6a-6084-4c5c-80a3-1cd63e5db6d5", "reason": "", "target": "urn:c1:probe:entity-a4bcb968702945e1a5b2a50c57495696"}
INFO:     Shutting down
INFO:     Waiting for application shutdown.
INFO:     Application shutdown complete.
INFO:     Finished server process [2750841]
INFO:     Started server process [2769182]
INFO:     Waiting for application startup.
INFO:     Application startup complete.
INFO:     Uvicorn running on http://127.0.0.1:18000 (Press CTRL+C to quit)
INFO:     Started server process [2769255]
INFO:     Waiting for application startup.
{"correlation_id": "6794513f-c699-44d5-921f-60113f2efb7a", "operation": "startup_recovery", "outcome": "unavailable", "principal": "system", "reason": "recovery_pending", "target": ""}
INFO:     Application startup complete.
INFO:     Uvicorn running on http://127.0.0.1:18000 (Press CTRL+C to quit)
{"correlation_id": "22cbf9b0-c87c-47b1-bd65-47d0dd51c041", "operation": "probe_read", "outcome": "denied", "principal": "user:c1-dev.5f190ba0-9fcd-4fc3-affd-8d6191c05c1c", "reason": "not_found", "target": "urn:c1:probe:entity-ca17bdbded9d4d169f383cb2640084c5"}
{"correlation_id": "6aa7e6f8-5213-4ddc-af1f-b9d9ec052c90", "operation": "rescope", "outcome": "applied", "principal": "user:c1-dev.810ccc6a-6084-4c5c-80a3-1cd63e5db6d5", "reason": "confirmed", "target": "urn:c1:probe:entity-ca17bdbded9d4d169f383cb2640084c5"}
{"correlation_id": "8a339879-e844-4aa7-ba52-e312cfb25e9d", "operation": "security_recover", "outcome": "allowed", "principal": "user:c1-dev.097323d6-bb6e-4ccf-978a-6b466ca215cd", "reason": "", "target": ""}
{"correlation_id": "e177235d-2d7c-4a4a-ac07-2228743a7fd7", "operation": "security_operation_read", "outcome": "allowed", "principal": "user:c1-dev.810ccc6a-6084-4c5c-80a3-1cd63e5db6d5", "reason": "", "target": "8708a91b-9c25-4125-8f65-c09bc0756b6d"}
{"correlation_id": "955624f5-ac00-446f-8191-002a55ca00ee", "operation": "probe_read", "outcome": "denied", "principal": "user:c1-dev.5f190ba0-9fcd-4fc3-affd-8d6191c05c1c", "reason": "not_found", "target": "urn:c1:probe:entity-ca17bdbded9d4d169f383cb2640084c5"}
{"correlation_id": "6de56ef9-94f6-49fb-8109-7f7412e2826b", "operation": "probe_read", "outcome": "allowed", "principal": "user:c1-dev.810ccc6a-6084-4c5c-80a3-1cd63e5db6d5", "reason": "", "target": "urn:c1:probe:entity-ca17bdbded9d4d169f383cb2640084c5"}
INFO:     Shutting down
INFO:     Waiting for application shutdown.
INFO:     Application shutdown complete.
INFO:     Finished server process [2769255]
INFO:     Started server process [2770334]
INFO:     Waiting for application startup.
INFO:     Application startup complete.
INFO:     Uvicorn running on http://127.0.0.1:18000 (Press CTRL+C to quit)
INFO:     Started server process [2770442]
INFO:     Waiting for application startup.
{"correlation_id": "7168a665-c83d-48d6-82cb-34ba304de37f", "operation": "startup_recovery", "outcome": "unavailable", "principal": "system", "reason": "recovery_pending", "target": ""}
INFO:     Application startup complete.
INFO:     Uvicorn running on http://127.0.0.1:18000 (Press CTRL+C to quit)
{"correlation_id": "a2dc12aa-5368-4375-88a5-e145736202b7", "operation": "probe_read", "outcome": "denied", "principal": "user:c1-dev.5f190ba0-9fcd-4fc3-affd-8d6191c05c1c", "reason": "not_found", "target": "urn:c1:probe:entity-8ebe31fea41d443e860d1134274e051e"}
{"correlation_id": "c3cfbe0c-f230-4952-af07-a409b7554c43", "operation": "rescope", "outcome": "applied", "principal": "user:c1-dev.810ccc6a-6084-4c5c-80a3-1cd63e5db6d5", "reason": "confirmed", "target": "urn:c1:probe:entity-8ebe31fea41d443e860d1134274e051e"}
{"correlation_id": "61bdfa1c-88eb-44f7-93ef-1e4a7d09d2b4", "operation": "security_recover", "outcome": "allowed", "principal": "user:c1-dev.097323d6-bb6e-4ccf-978a-6b466ca215cd", "reason": "", "target": ""}
{"correlation_id": "c72eb3c3-b5b8-45ee-90a5-8febb1827397", "operation": "security_operation_read", "outcome": "allowed", "principal": "user:c1-dev.810ccc6a-6084-4c5c-80a3-1cd63e5db6d5", "reason": "", "target": "3a50a64f-0eec-4026-94dd-7188168314e2"}
{"correlation_id": "553b98e0-e234-4d1e-9841-80a4815f6fe1", "operation": "probe_read", "outcome": "denied", "principal": "user:c1-dev.5f190ba0-9fcd-4fc3-affd-8d6191c05c1c", "reason": "not_found", "target": "urn:c1:probe:entity-8ebe31fea41d443e860d1134274e051e"}
{"correlation_id": "5a07b5e2-887d-4cfb-96e9-387844a8e24b", "operation": "probe_read", "outcome": "allowed", "principal": "user:c1-dev.810ccc6a-6084-4c5c-80a3-1cd63e5db6d5", "reason": "", "target": "urn:c1:probe:entity-8ebe31fea41d443e860d1134274e051e"}
INFO:     Shutting down
INFO:     Waiting for application shutdown.
INFO:     Application shutdown complete.
INFO:     Finished server process [2770442]
INFO:     Started server process [2771308]
INFO:     Waiting for application startup.
INFO:     Application startup complete.
INFO:     Uvicorn running on http://127.0.0.1:18000 (Press CTRL+C to quit)
INFO:     Started server process [2771482]
INFO:     Waiting for application startup.
{"correlation_id": "0ae15291-9479-4da3-955d-6b104172e0bf", "operation": "startup_recovery", "outcome": "unavailable", "principal": "system", "reason": "recovery_pending", "target": ""}
INFO:     Application startup complete.
INFO:     Uvicorn running on http://127.0.0.1:18000 (Press CTRL+C to quit)
{"correlation_id": "6b4f5ff8-fbeb-40d5-96e1-c110030e40aa", "operation": "probe_read", "outcome": "denied", "principal": "user:c1-dev.5f190ba0-9fcd-4fc3-affd-8d6191c05c1c", "reason": "not_found", "target": "urn:c1:probe:entity-8163c9f70ea74c3ea9d3161a7ae612fe"}
{"correlation_id": "b6653c7a-ab2c-4a71-b393-dc6bf0aabd17", "operation": "rescope", "outcome": "applied", "principal": "user:c1-dev.810ccc6a-6084-4c5c-80a3-1cd63e5db6d5", "reason": "confirmed", "target": "urn:c1:probe:entity-8163c9f70ea74c3ea9d3161a7ae612fe"}
{"correlation_id": "4b520650-1fc1-4b4d-9fcf-a6cdcf7cd668", "operation": "security_recover", "outcome": "allowed", "principal": "user:c1-dev.097323d6-bb6e-4ccf-978a-6b466ca215cd", "reason": "", "target": ""}
{"correlation_id": "6e592691-5e40-4ce9-a235-676767ccc6e9", "operation": "security_operation_read", "outcome": "allowed", "principal": "user:c1-dev.810ccc6a-6084-4c5c-80a3-1cd63e5db6d5", "reason": "", "target": "6358814f-b8b9-43cb-8718-42f186ebc6a0"}
{"correlation_id": "8934151a-ea1d-4b91-8fd4-2d762333f7f1", "operation": "probe_read", "outcome": "denied", "principal": "user:c1-dev.5f190ba0-9fcd-4fc3-affd-8d6191c05c1c", "reason": "not_found", "target": "urn:c1:probe:entity-8163c9f70ea74c3ea9d3161a7ae612fe"}
{"correlation_id": "64ca370d-351e-42a2-b108-bb0079c563f7", "operation": "probe_read", "outcome": "allowed", "principal": "user:c1-dev.810ccc6a-6084-4c5c-80a3-1cd63e5db6d5", "reason": "", "target": "urn:c1:probe:entity-8163c9f70ea74c3ea9d3161a7ae612fe"}
INFO:     Shutting down
INFO:     Waiting for application shutdown.
INFO:     Application shutdown complete.
INFO:     Finished server process [2771482]
INFO:     Started server process [2174962]
INFO:     Waiting for application startup.
INFO:     Application startup complete.
INFO:     Uvicorn running on http://127.0.0.1:18000 (Press CTRL+C to quit)
{"backend_ms": {"openfga": 9.2, "terminus": 6807.4}, "method": "GET", "ms": 4570.7, "path": "/v1/readyz", "phases_ms": {"journal.view": 30.1, "schema.authority": 2274.6}, "roundtrips": {"openfga": 1, "terminus": 17}, "status": 200}
INFO:     Started server process [2175247]
INFO:     Waiting for application startup.
{"correlation_id": "da52b404-2403-428c-97f7-de80047a9676", "operation": "startup_recovery", "outcome": "unavailable", "principal": "system", "reason": "recovery_pending", "target": ""}
INFO:     Application startup complete.
INFO:     Uvicorn running on http://127.0.0.1:18000 (Press CTRL+C to quit)
{"backend_ms": {"openfga": 30006.3}, "method": "GET", "ms": 30051.1, "path": "/v1/readyz", "phases_ms": {}, "roundtrips": {"openfga": 1, "terminus": 0}, "status": 503}
{"backend_ms": {"openfga": 30005.5}, "method": "GET", "ms": 30041.6, "path": "/v1/readyz", "phases_ms": {}, "roundtrips": {"openfga": 1, "terminus": 0}, "status": 503}
{"correlation_id": "99f38436-6d3e-4557-81fb-3dbcba9cdde6", "operation": "probe_read", "outcome": "denied", "principal": "user:c1-dev.7d89fb29-3c08-437e-9f68-5bea90fb3373", "reason": "not_found", "target": "urn:c1:probe:entity-0eda2b047a4746648931995138f4e6d4"}
{"backend_ms": {"terminus": 288.5}, "method": "GET", "ms": 381.6, "path": "/v1/probe/resources/urn:c1:probe:entity-0eda2b047a4746648931995138f4e6d4", "phases_ms": {"auth.token": 3.6, "fga.binding_source": 0.0, "journal.view": 92.2, "plane.check_many": 195.8}, "roundtrips": {"openfga": 0, "terminus": 5}, "status": 404}
{"correlation_id": "1fb1f307-68a0-42f1-bab1-a2f6b40d3096", "operation": "rescope", "outcome": "applied", "principal": "user:c1-dev.52ee7bde-2918-4348-97e9-33ed361e2c99", "reason": "confirmed", "target": "urn:c1:probe:entity-0eda2b047a4746648931995138f4e6d4"}
{"correlation_id": "8c6f75cf-6488-4f91-8143-02a1ae1246d3", "operation": "security_recover", "outcome": "allowed", "principal": "user:c1-dev.37324743-8d1d-4e8f-a42a-8d9f0cb5753c", "reason": "", "target": ""}
{"backend_ms": {"openfga": 87.2, "terminus": 7312.3}, "method": "POST", "ms": 5413.6, "path": "/v1/security-operations/recover", "phases_ms": {"auth.token": 3.3, "journal.save": 4288.5, "journal.view": 489.6, "schema.authority": 151.2}, "roundtrips": {"openfga": 7, "terminus": 33}, "status": 200}
{"backend_ms": {"openfga": 10.4, "terminus": 3268.6}, "method": "GET", "ms": 4291.9, "path": "/v1/readyz", "phases_ms": {"journal.view": 30.1, "schema.authority": 2332.8}, "roundtrips": {"openfga": 1, "terminus": 17}, "status": 200}
{"correlation_id": "9d2a6461-6a96-458d-b968-c8a0a58e8b3f", "operation": "security_operation_read", "outcome": "allowed", "principal": "user:c1-dev.52ee7bde-2918-4348-97e9-33ed361e2c99", "reason": "", "target": "c9fe9d74-a4f4-4fef-9dfb-58a6a7201b8e"}
{"backend_ms": {"terminus": 69.0}, "method": "GET", "ms": 73.9, "path": "/v1/security-operations/c9fe9d74-a4f4-4fef-9dfb-58a6a7201b8e", "phases_ms": {"auth.token": 2.4}, "roundtrips": {"openfga": 0, "terminus": 1}, "status": 200}
{"correlation_id": "6da56e44-4c05-4a66-a41c-e7f7852f617c", "operation": "probe_read", "outcome": "denied", "principal": "user:c1-dev.7d89fb29-3c08-437e-9f68-5bea90fb3373", "reason": "not_found", "target": "urn:c1:probe:entity-0eda2b047a4746648931995138f4e6d4"}
{"backend_ms": {"openfga": 16.0, "terminus": 343.7}, "method": "GET", "ms": 365.2, "path": "/v1/probe/resources/urn:c1:probe:entity-0eda2b047a4746648931995138f4e6d4", "phases_ms": {"auth.token": 1.5, "fga.binding_source": 8.2, "journal.view": 135.5, "plane.check_many": 224.7}, "roundtrips": {"openfga": 2, "terminus": 5}, "status": 404}
{"correlation_id": "ea196b70-2d4c-4ddb-8748-83643924795e", "operation": "probe_read", "outcome": "allowed", "principal": "user:c1-dev.52ee7bde-2918-4348-97e9-33ed361e2c99", "reason": "", "target": "urn:c1:probe:entity-0eda2b047a4746648931995138f4e6d4"}
{"backend_ms": {"openfga": 26.2, "terminus": 776.9}, "method": "GET", "ms": 785.3, "path": "/v1/probe/resources/urn:c1:probe:entity-0eda2b047a4746648931995138f4e6d4", "phases_ms": {"auth.token": 1.7, "fga.binding_source": 12.8, "journal.view": 208.1, "plane.check_many": 410.6, "schema.authority": 103.7}, "roundtrips": {"openfga": 4, "terminus": 12}, "status": 200}
INFO:     Shutting down
INFO:     Waiting for application shutdown.
INFO:     Application shutdown complete.
INFO:     Finished server process [2175247]
INFO:     Started server process [2176964]
INFO:     Waiting for application startup.
INFO:     Application startup complete.
INFO:     Uvicorn running on http://127.0.0.1:18000 (Press CTRL+C to quit)
{"backend_ms": {"openfga": 5.6, "terminus": 6810.9}, "method": "GET", "ms": 4676.8, "path": "/v1/readyz", "phases_ms": {"journal.view": 48.5, "schema.authority": 2232.5}, "roundtrips": {"openfga": 1, "terminus": 17}, "status": 200}
INFO:     Started server process [2177186]
INFO:     Waiting for application startup.
{"correlation_id": "86874b88-a9bc-4729-a259-bdb528e6bb96", "operation": "startup_recovery", "outcome": "unavailable", "principal": "system", "reason": "recovery_pending", "target": ""}
INFO:     Application startup complete.
INFO:     Uvicorn running on http://127.0.0.1:18000 (Press CTRL+C to quit)
{"backend_ms": {"openfga": 30006.1}, "method": "GET", "ms": 30052.6, "path": "/v1/readyz", "phases_ms": {}, "roundtrips": {"openfga": 1, "terminus": 0}, "status": 503}
{"backend_ms": {"openfga": 30005.8}, "method": "GET", "ms": 30044.4, "path": "/v1/readyz", "phases_ms": {}, "roundtrips": {"openfga": 1, "terminus": 0}, "status": 503}
{"correlation_id": "f0d1b373-eddd-4118-9930-6667b9128020", "operation": "probe_read", "outcome": "denied", "principal": "user:c1-dev.7d89fb29-3c08-437e-9f68-5bea90fb3373", "reason": "not_found", "target": "urn:c1:probe:entity-06a98b74e2724b11a92d25eedfb5c3f4"}
{"backend_ms": {"terminus": 298.4}, "method": "GET", "ms": 385.8, "path": "/v1/probe/resources/urn:c1:probe:entity-06a98b74e2724b11a92d25eedfb5c3f4", "phases_ms": {"auth.token": 4.0, "fga.binding_source": 0.0, "journal.view": 94.3, "plane.check_many": 203.1}, "roundtrips": {"openfga": 0, "terminus": 5}, "status": 404}
{"correlation_id": "94107756-7e27-4db9-a499-7ad000aa4790", "operation": "rescope", "outcome": "applied", "principal": "user:c1-dev.52ee7bde-2918-4348-97e9-33ed361e2c99", "reason": "confirmed", "target": "urn:c1:probe:entity-06a98b74e2724b11a92d25eedfb5c3f4"}
{"correlation_id": "7dc89ae1-b9a8-4c4f-aeb8-611ed85dd955", "operation": "security_recover", "outcome": "allowed", "principal": "user:c1-dev.37324743-8d1d-4e8f-a42a-8d9f0cb5753c", "reason": "", "target": ""}
{"backend_ms": {"openfga": 39.8, "terminus": 7073.4}, "method": "POST", "ms": 5168.6, "path": "/v1/security-operations/recover", "phases_ms": {"auth.token": 4.0, "journal.save": 4114.3, "journal.view": 469.3, "schema.authority": 146.5}, "roundtrips": {"openfga": 6, "terminus": 33}, "status": 200}
{"backend_ms": {"openfga": 6.5, "terminus": 3002.0}, "method": "GET", "ms": 3992.9, "path": "/v1/readyz", "phases_ms": {"journal.view": 54.8, "schema.authority": 2276.6}, "roundtrips": {"openfga": 1, "terminus": 17}, "status": 200}
{"correlation_id": "80aa79f8-9835-4f62-883f-bfbb5f0a8fff", "operation": "security_operation_read", "outcome": "allowed", "principal": "user:c1-dev.52ee7bde-2918-4348-97e9-33ed361e2c99", "reason": "", "target": "4652c588-55d2-46a4-b83a-63ddf849b68a"}
{"backend_ms": {"terminus": 70.4}, "method": "GET", "ms": 75.1, "path": "/v1/security-operations/4652c588-55d2-46a4-b83a-63ddf849b68a", "phases_ms": {"auth.token": 2.1}, "roundtrips": {"openfga": 0, "terminus": 1}, "status": 200}
{"correlation_id": "931d2157-95f0-47b1-b564-0963b4c82e40", "operation": "probe_read", "outcome": "denied", "principal": "user:c1-dev.7d89fb29-3c08-437e-9f68-5bea90fb3373", "reason": "not_found", "target": "urn:c1:probe:entity-06a98b74e2724b11a92d25eedfb5c3f4"}
{"backend_ms": {"openfga": 14.4, "terminus": 347.9}, "method": "GET", "ms": 367.9, "path": "/v1/probe/resources/urn:c1:probe:entity-06a98b74e2724b11a92d25eedfb5c3f4", "phases_ms": {"auth.token": 1.8, "fga.binding_source": 6.8, "journal.view": 141.8, "plane.check_many": 221.8}, "roundtrips": {"openfga": 2, "terminus": 5}, "status": 404}
{"correlation_id": "7bc3b85f-7bd1-4411-815d-fcc12b92b8ea", "operation": "probe_read", "outcome": "allowed", "principal": "user:c1-dev.52ee7bde-2918-4348-97e9-33ed361e2c99", "reason": "", "target": "urn:c1:probe:entity-06a98b74e2724b11a92d25eedfb5c3f4"}
{"backend_ms": {"openfga": 25.3, "terminus": 713.4}, "method": "GET", "ms": 727.9, "path": "/v1/probe/resources/urn:c1:probe:entity-06a98b74e2724b11a92d25eedfb5c3f4", "phases_ms": {"auth.token": 1.7, "fga.binding_source": 13.6, "journal.view": 200.6, "plane.check_many": 393.2, "schema.authority": 98.3}, "roundtrips": {"openfga": 4, "terminus": 12}, "status": 200}
INFO:     Shutting down
INFO:     Waiting for application shutdown.
INFO:     Application shutdown complete.
INFO:     Finished server process [2177186]
INFO:     Started server process [2179288]
INFO:     Waiting for application startup.
INFO:     Application startup complete.
INFO:     Uvicorn running on http://127.0.0.1:18000 (Press CTRL+C to quit)
{"backend_ms": {"openfga": 5.8, "terminus": 6829.9}, "method": "GET", "ms": 4630.8, "path": "/v1/readyz", "phases_ms": {"journal.view": 33.3, "schema.authority": 2241.9}, "roundtrips": {"openfga": 1, "terminus": 17}, "status": 200}
INFO:     Started server process [2179483]
INFO:     Waiting for application startup.
{"correlation_id": "37d4c502-8015-454c-ae61-02755a6644d8", "operation": "startup_recovery", "outcome": "unavailable", "principal": "system", "reason": "recovery_pending", "target": ""}
INFO:     Application startup complete.
INFO:     Uvicorn running on http://127.0.0.1:18000 (Press CTRL+C to quit)
{"backend_ms": {"openfga": 30005.8}, "method": "GET", "ms": 30048.3, "path": "/v1/readyz", "phases_ms": {}, "roundtrips": {"openfga": 1, "terminus": 0}, "status": 503}
{"backend_ms": {"openfga": 30007.1}, "method": "GET", "ms": 30042.6, "path": "/v1/readyz", "phases_ms": {}, "roundtrips": {"openfga": 1, "terminus": 0}, "status": 503}
{"correlation_id": "7898e02e-3fc4-4d3b-8e56-ad17ed39ad7b", "operation": "probe_read", "outcome": "denied", "principal": "user:c1-dev.7d89fb29-3c08-437e-9f68-5bea90fb3373", "reason": "not_found", "target": "urn:c1:probe:entity-3e1a75da680444c2ae6ee9a3f6984379"}
{"backend_ms": {"terminus": 287.2}, "method": "GET", "ms": 378.0, "path": "/v1/probe/resources/urn:c1:probe:entity-3e1a75da680444c2ae6ee9a3f6984379", "phases_ms": {"auth.token": 4.4, "fga.binding_source": 0.0, "journal.view": 93.3, "plane.check_many": 192.8}, "roundtrips": {"openfga": 0, "terminus": 5}, "status": 404}
{"correlation_id": "3e1c9383-433c-4716-857b-beffbef749b1", "operation": "rescope", "outcome": "applied", "principal": "user:c1-dev.52ee7bde-2918-4348-97e9-33ed361e2c99", "reason": "confirmed", "target": "urn:c1:probe:entity-3e1a75da680444c2ae6ee9a3f6984379"}
{"correlation_id": "c0b5ac2f-af14-4cdc-895c-6c4280aa2738", "operation": "security_recover", "outcome": "allowed", "principal": "user:c1-dev.37324743-8d1d-4e8f-a42a-8d9f0cb5753c", "reason": "", "target": ""}
{"backend_ms": {"openfga": 37.4, "terminus": 6886.9}, "method": "POST", "ms": 5161.5, "path": "/v1/security-operations/recover", "phases_ms": {"auth.token": 3.0, "journal.save": 4146.4, "journal.view": 477.1, "schema.authority": 140.9}, "roundtrips": {"openfga": 6, "terminus": 33}, "status": 200}
{"backend_ms": {"openfga": 5.9, "terminus": 2998.8}, "method": "GET", "ms": 3898.0, "path": "/v1/readyz", "phases_ms": {"journal.view": 45.8, "schema.authority": 2278.9}, "roundtrips": {"openfga": 1, "terminus": 17}, "status": 200}
{"correlation_id": "1d976876-d803-48e4-a76f-c16d4c05ab86", "operation": "security_operation_read", "outcome": "allowed", "principal": "user:c1-dev.52ee7bde-2918-4348-97e9-33ed361e2c99", "reason": "", "target": "b24f6d5d-1f7b-4b35-a4dd-d676b434c72d"}
{"backend_ms": {"terminus": 69.7}, "method": "GET", "ms": 73.6, "path": "/v1/security-operations/b24f6d5d-1f7b-4b35-a4dd-d676b434c72d", "phases_ms": {"auth.token": 1.4}, "roundtrips": {"openfga": 0, "terminus": 1}, "status": 200}
{"correlation_id": "acff7398-8a0f-4d99-85b7-c94f5b30b8a6", "operation": "probe_read", "outcome": "denied", "principal": "user:c1-dev.7d89fb29-3c08-437e-9f68-5bea90fb3373", "reason": "not_found", "target": "urn:c1:probe:entity-3e1a75da680444c2ae6ee9a3f6984379"}
{"backend_ms": {"openfga": 13.0, "terminus": 328.9}, "method": "GET", "ms": 346.9, "path": "/v1/probe/resources/urn:c1:probe:entity-3e1a75da680444c2ae6ee9a3f6984379", "phases_ms": {"auth.token": 1.4, "fga.binding_source": 6.4, "journal.view": 132.7, "plane.check_many": 212.1}, "roundtrips": {"openfga": 2, "terminus": 5}, "status": 404}
{"correlation_id": "433f6722-ec5c-42ad-9456-f69a56ad20e9", "operation": "probe_read", "outcome": "allowed", "principal": "user:c1-dev.52ee7bde-2918-4348-97e9-33ed361e2c99", "reason": "", "target": "urn:c1:probe:entity-3e1a75da680444c2ae6ee9a3f6984379"}
{"backend_ms": {"openfga": 24.9, "terminus": 697.3}, "method": "GET", "ms": 711.8, "path": "/v1/probe/resources/urn:c1:probe:entity-3e1a75da680444c2ae6ee9a3f6984379", "phases_ms": {"auth.token": 1.9, "fga.binding_source": 12.4, "journal.view": 196.5, "plane.check_many": 385.6, "schema.authority": 96.1}, "roundtrips": {"openfga": 4, "terminus": 12}, "status": 200}
INFO:     Shutting down
INFO:     Waiting for application shutdown.
INFO:     Application shutdown complete.
INFO:     Finished server process [2179483]
INFO:     Started server process [2190104]
INFO:     Waiting for application startup.
INFO:     Application startup complete.
INFO:     Uvicorn running on http://127.0.0.1:18000 (Press CTRL+C to quit)
{"backend_ms": {"openfga": 9.1, "terminus": 7003.4}, "method": "GET", "ms": 4767.9, "path": "/v1/readyz", "phases_ms": {"journal.view": 43.6, "schema.authority": 2297.4}, "roundtrips": {"openfga": 1, "terminus": 17}, "status": 200}
INFO:     Started server process [2190356]
INFO:     Waiting for application startup.
INFO:     Application startup complete.
INFO:     Uvicorn running on http://127.0.0.1:18000 (Press CTRL+C to quit)
{"backend_ms": {"openfga": 8.1, "terminus": 6508.9}, "method": "GET", "ms": 3102.6, "path": "/v1/readyz", "phases_ms": {"journal.view": 56.9, "schema.authority": 2292.3}, "roundtrips": {"openfga": 1, "terminus": 17}, "status": 200}
{"correlation_id": "3b50f08a-69ee-42af-a35b-24ac0a86b979", "operation": "security_recover", "outcome": "allowed", "principal": "user:c1-dev.37324743-8d1d-4e8f-a42a-8d9f0cb5753c", "reason": "", "target": ""}
{"backend_ms": {"openfga": 18.6, "terminus": 401.8}, "method": "POST", "ms": 451.7, "path": "/v1/security-operations/recover", "phases_ms": {"auth.token": 3.8, "journal.view": 253.3}, "roundtrips": {"openfga": 1, "terminus": 5}, "status": 200}
{"correlation_id": "c68edf30-64f7-4df5-b8ba-c7eca88cff9d", "operation": "changeset_read", "outcome": "allowed", "principal": "user:c1-dev.2c8d560f-a67a-4801-8621-e597415decd4", "reason": "", "target": "urn:c1:instance:dev:changeset-c388f11675fc4e0ea4013582a8639a42"}
{"backend_ms": {"openfga": 13.8, "terminus": 620.8}, "method": "GET", "ms": 670.8, "path": "/v1/changesets/urn:c1:instance:dev:changeset-c388f11675fc4e0ea4013582a8639a42", "phases_ms": {"apply.visible": 530.7, "auth.token": 1.9, "journal.view": 142.4}, "roundtrips": {"openfga": 2, "terminus": 9}, "status": 200}
{"correlation_id": "f5a30afc-97bd-4623-ab35-9a21f60b2e92", "operation": "resource_read", "outcome": "allowed", "principal": "user:c1-dev.2c8d560f-a67a-4801-8621-e597415decd4", "reason": "", "target": "urn:c1:instance:dev:entity/55af1062-4447-4119-8cf3-24e05d3e53f1"}
{"backend_ms": {"openfga": 29.0, "terminus": 764.1}, "method": "GET", "ms": 785.7, "path": "/v1/resources/urn:c1:instance:dev:entity/55af1062-4447-4119-8cf3-24e05d3e53f1", "phases_ms": {"auth.token": 1.8, "fga.binding_source": 12.9, "journal.view": 205.0, "plane.check_many": 412.9, "schema.authority": 126.3}, "roundtrips": {"openfga": 4, "terminus": 12}, "status": 200}
INFO:     Shutting down
INFO:     Waiting for application shutdown.
INFO:     Application shutdown complete.
INFO:     Finished server process [2190356]
INFO:     Started server process [2191138]
INFO:     Waiting for application startup.
INFO:     Application startup complete.
INFO:     Uvicorn running on http://127.0.0.1:18000 (Press CTRL+C to quit)
{"backend_ms": {"openfga": 7.1, "terminus": 5039.8}, "method": "GET", "ms": 2957.2, "path": "/v1/readyz", "phases_ms": {"journal.view": 46.4, "schema.authority": 2271.7}, "roundtrips": {"openfga": 1, "terminus": 17}, "status": 200}
INFO:     Started server process [2191606]
INFO:     Waiting for application startup.
INFO:     Application startup complete.
INFO:     Uvicorn running on http://127.0.0.1:18000 (Press CTRL+C to quit)
{"backend_ms": {"openfga": 5.9, "terminus": 5041.7}, "method": "GET", "ms": 2920.1, "path": "/v1/readyz", "phases_ms": {"journal.view": 31.4, "schema.authority": 2293.1}, "roundtrips": {"openfga": 1, "terminus": 17}, "status": 200}
{"correlation_id": "de7eaadb-235a-4fbd-aaa0-39fe5e3992d3", "operation": "security_recover", "outcome": "allowed", "principal": "user:c1-dev.37324743-8d1d-4e8f-a42a-8d9f0cb5753c", "reason": "", "target": ""}
{"backend_ms": {"openfga": 7.5, "terminus": 299.3}, "method": "POST", "ms": 341.8, "path": "/v1/security-operations/recover", "phases_ms": {"auth.token": 3.8, "journal.view": 202.9}, "roundtrips": {"openfga": 1, "terminus": 5}, "status": 200}
{"correlation_id": "fe63fe0f-e222-4f4e-9247-41f372a057be", "operation": "changeset_read", "outcome": "allowed", "principal": "user:c1-dev.2c8d560f-a67a-4801-8621-e597415decd4", "reason": "", "target": "urn:c1:instance:dev:changeset-37fb2b2dee294d779ad83a59ce8ffe80"}
{"backend_ms": {"openfga": 12.0, "terminus": 563.3}, "method": "GET", "ms": 605.2, "path": "/v1/changesets/urn:c1:instance:dev:changeset-37fb2b2dee294d779ad83a59ce8ffe80", "phases_ms": {"apply.visible": 480.7, "auth.token": 1.9, "journal.view": 130.4}, "roundtrips": {"openfga": 2, "terminus": 9}, "status": 200}
{"correlation_id": "d0210ab6-5228-48bf-a6ca-b5ab9abc49e8", "operation": "resource_read", "outcome": "allowed", "principal": "user:c1-dev.2c8d560f-a67a-4801-8621-e597415decd4", "reason": "", "target": "urn:c1:instance:dev:entity/265d1b95-3572-483f-968d-50a97f75618e"}
{"backend_ms": {"openfga": 34.4, "terminus": 5565.6}, "method": "GET", "ms": 4772.6, "path": "/v1/resources/urn:c1:instance:dev:entity/265d1b95-3572-483f-968d-50a97f75618e", "phases_ms": {"auth.token": 1.9, "fga.binding_source": 20.3, "journal.view": 4167.5, "plane.check_many": 4347.9, "schema.authority": 139.0}, "roundtrips": {"openfga": 4, "terminus": 22}, "status": 200}
INFO:     Shutting down
INFO:     Waiting for application shutdown.
INFO:     Application shutdown complete.
INFO:     Finished server process [2191606]
INFO:     Started server process [2192305]
INFO:     Waiting for application startup.
INFO:     Application startup complete.
INFO:     Uvicorn running on http://127.0.0.1:18000 (Press CTRL+C to quit)
{"backend_ms": {"openfga": 6.2, "terminus": 6780.0}, "method": "GET", "ms": 4576.0, "path": "/v1/readyz", "phases_ms": {"journal.view": 27.0, "schema.authority": 2239.5}, "roundtrips": {"openfga": 1, "terminus": 17}, "status": 200}
INFO:     Started server process [2192677]
INFO:     Waiting for application startup.
INFO:     Application startup complete.
INFO:     Uvicorn running on http://127.0.0.1:18000 (Press CTRL+C to quit)
{"backend_ms": {"openfga": 7.4, "terminus": 5842.3}, "method": "GET", "ms": 3169.4, "path": "/v1/readyz", "phases_ms": {"journal.view": 29.2, "schema.authority": 2543.0}, "roundtrips": {"openfga": 1, "terminus": 17}, "status": 200}
{"correlation_id": "09cf55c9-c7b1-4713-80b2-a34b5fe526bb", "operation": "security_recover", "outcome": "allowed", "principal": "user:c1-dev.37324743-8d1d-4e8f-a42a-8d9f0cb5753c", "reason": "", "target": ""}
{"backend_ms": {"openfga": 6.9, "terminus": 294.8}, "method": "POST", "ms": 331.1, "path": "/v1/security-operations/recover", "phases_ms": {"auth.token": 4.8, "journal.view": 202.1}, "roundtrips": {"openfga": 1, "terminus": 5}, "status": 200}
{"correlation_id": "39f00b9b-3ae6-4401-a532-9d5ea98a4ce8", "operation": "changeset_read", "outcome": "allowed", "principal": "user:c1-dev.2c8d560f-a67a-4801-8621-e597415decd4", "reason": "", "target": "urn:c1:instance:dev:changeset-59f2ad461ebb4c9fbc53db7af0db6800"}
{"backend_ms": {"openfga": 10.5, "terminus": 553.6}, "method": "GET", "ms": 594.1, "path": "/v1/changesets/urn:c1:instance:dev:changeset-59f2ad461ebb4c9fbc53db7af0db6800", "phases_ms": {"apply.visible": 474.0, "auth.token": 1.6, "journal.view": 132.1}, "roundtrips": {"openfga": 2, "terminus": 9}, "status": 200}
{"correlation_id": "3e5147d5-b92d-4c80-bc9f-4bdfa8b590f0", "operation": "resource_read", "outcome": "allowed", "principal": "user:c1-dev.2c8d560f-a67a-4801-8621-e597415decd4", "reason": "", "target": "urn:c1:instance:dev:entity/3e9207ad-98ce-41a8-b3d3-789cc3744995"}
{"backend_ms": {"openfga": 26.9, "terminus": 753.7}, "method": "GET", "ms": 768.2, "path": "/v1/resources/urn:c1:instance:dev:entity/3e9207ad-98ce-41a8-b3d3-789cc3744995", "phases_ms": {"auth.token": 1.9, "fga.binding_source": 12.1, "journal.view": 196.0, "plane.check_many": 405.7, "schema.authority": 124.6}, "roundtrips": {"openfga": 4, "terminus": 12}, "status": 200}
INFO:     Shutting down
INFO:     Waiting for application shutdown.
INFO:     Application shutdown complete.
INFO:     Finished server process [2192677]
INFO:     Started server process [2193276]
INFO:     Waiting for application startup.
INFO:     Application startup complete.
INFO:     Uvicorn running on http://127.0.0.1:18000 (Press CTRL+C to quit)
{"backend_ms": {"openfga": 8.0, "terminus": 8184.2}, "method": "GET", "ms": 4805.4, "path": "/v1/readyz", "phases_ms": {"journal.view": 42.8, "schema.authority": 2217.2}, "roundtrips": {"openfga": 1, "terminus": 17}, "status": 200}
INFO:     Started server process [2193799]
INFO:     Waiting for application startup.
INFO:     Application startup complete.
INFO:     Uvicorn running on http://127.0.0.1:18000 (Press CTRL+C to quit)
{"backend_ms": {"openfga": 6.6, "terminus": 4894.8}, "method": "GET", "ms": 2821.8, "path": "/v1/readyz", "phases_ms": {"journal.view": 57.8, "schema.authority": 2241.1}, "roundtrips": {"openfga": 1, "terminus": 17}, "status": 200}
{"correlation_id": "a6d04b52-e34c-482e-8f09-364870d0603f", "operation": "security_recover", "outcome": "allowed", "principal": "user:c1-dev.37324743-8d1d-4e8f-a42a-8d9f0cb5753c", "reason": "", "target": ""}
{"backend_ms": {"openfga": 13.7, "terminus": 340.1}, "method": "POST", "ms": 381.7, "path": "/v1/security-operations/recover", "phases_ms": {"auth.token": 3.6, "journal.view": 197.7}, "roundtrips": {"openfga": 1, "terminus": 5}, "status": 200}
{"correlation_id": "23ceb6b4-df9c-46bb-abb5-6e49546a3560", "operation": "changeset_read", "outcome": "allowed", "principal": "user:c1-dev.2c8d560f-a67a-4801-8621-e597415decd4", "reason": "", "target": "urn:c1:instance:dev:changeset-330f769367714f14ae70b61e4c78f44e"}
{"backend_ms": {"openfga": 11.1, "terminus": 553.5}, "method": "GET", "ms": 594.5, "path": "/v1/changesets/urn:c1:instance:dev:changeset-330f769367714f14ae70b61e4c78f44e", "phases_ms": {"apply.visible": 471.0, "auth.token": 2.0, "journal.view": 129.6}, "roundtrips": {"openfga": 2, "terminus": 9}, "status": 200}
{"correlation_id": "92137f25-cb25-4082-aefc-20b232dba6b3", "operation": "resource_read", "outcome": "allowed", "principal": "user:c1-dev.2c8d560f-a67a-4801-8621-e597415decd4", "reason": "", "target": "urn:c1:instance:dev:entity/32c52e4d-c3fd-44b7-bfa1-c3421677890b"}
{"backend_ms": {"openfga": 24.4, "terminus": 729.7}, "method": "GET", "ms": 743.6, "path": "/v1/resources/urn:c1:instance:dev:entity/32c52e4d-c3fd-44b7-bfa1-c3421677890b", "phases_ms": {"auth.token": 1.5, "fga.binding_source": 11.5, "journal.view": 196.1, "plane.check_many": 378.8, "schema.authority": 133.6}, "roundtrips": {"openfga": 4, "terminus": 12}, "status": 200}
INFO:     Shutting down
INFO:     Waiting for application shutdown.
INFO:     Application shutdown complete.
INFO:     Finished server process [2193799]
INFO:     Started server process [2206819]
INFO:     Waiting for application startup.
INFO:     Application startup complete.
INFO:     Uvicorn running on http://127.0.0.1:18000 (Press CTRL+C to quit)
{"backend_ms": {"openfga": 6.5, "terminus": 6906.0}, "method": "GET", "ms": 4759.3, "path": "/v1/readyz", "phases_ms": {"journal.view": 53.4, "schema.authority": 2257.3}, "roundtrips": {"openfga": 1, "terminus": 17}, "status": 200}
INFO:     Started server process [2207064]
INFO:     Waiting for application startup.
INFO:     Application startup complete.
INFO:     Uvicorn running on http://127.0.0.1:18000 (Press CTRL+C to quit)
{"backend_ms": {"openfga": 6.2, "terminus": 6976.0}, "method": "GET", "ms": 2736.2, "path": "/v1/readyz", "phases_ms": {"journal.view": 56.9, "schema.authority": 2257.4}, "roundtrips": {"openfga": 1, "terminus": 19}, "status": 200}
{"correlation_id": "9163677e-b02d-4be7-b5f3-963cf9bf3b4b", "operation": "security_recover", "outcome": "allowed", "principal": "user:c1-dev.37324743-8d1d-4e8f-a42a-8d9f0cb5753c", "reason": "", "target": ""}
{"backend_ms": {"openfga": 6.3, "terminus": 332.8}, "method": "POST", "ms": 367.1, "path": "/v1/security-operations/recover", "phases_ms": {"auth.token": 3.6, "journal.view": 194.8}, "roundtrips": {"openfga": 1, "terminus": 5}, "status": 200}
{"backend_ms": {"openfga": 8.0, "terminus": 6960.0}, "method": "GET", "ms": 2702.8, "path": "/v1/readyz", "phases_ms": {"journal.view": 58.1, "schema.authority": 2256.7}, "roundtrips": {"openfga": 1, "terminus": 19}, "status": 200}
{"correlation_id": "bac944e8-76f2-42d2-b79e-ab1367681119", "operation": "resource_read", "outcome": "allowed", "principal": "user:c1-dev.7d89fb29-3c08-437e-9f68-5bea90fb3373", "reason": "", "target": "urn:c1:probe:entity-d2e447985637403984cc2709fa76c88c"}
{"backend_ms": {"openfga": 23.5, "terminus": 7992.5}, "method": "GET", "ms": 5046.8, "path": "/v1/resources/urn:c1:probe:entity-d2e447985637403984cc2709fa76c88c", "phases_ms": {"auth.token": 1.7, "fga.binding_source": 12.3, "journal.view": 4097.6, "plane.check_many": 4331.0, "schema.authority": 156.4}, "roundtrips": {"openfga": 4, "terminus": 32}, "status": 200}
{"correlation_id": "041f3f42-8bea-4cec-86b6-d08f6ed835b5", "operation": "changeset_read", "outcome": "allowed", "principal": "user:c1-dev.52ee7bde-2918-4348-97e9-33ed361e2c99", "reason": "", "target": "urn:c1:instance:dev:changeset-e838601bef6d4e92a01e25b62168eade"}
{"backend_ms": {"terminus": 69.9}, "method": "GET", "ms": 74.2, "path": "/v1/changesets/urn:c1:instance:dev:changeset-e838601bef6d4e92a01e25b62168eade", "phases_ms": {"auth.token": 1.6}, "roundtrips": {"openfga": 0, "terminus": 1}, "status": 200}
INFO:     Shutting down
INFO:     Waiting for application shutdown.
INFO:     Application shutdown complete.
INFO:     Finished server process [2207064]
