== default c1=2 terminusdb=1.5 openfga=1 postgres=1 2026-10-06T21:53:15Z
{"changesets": 5, "records": 932, "seconds": 257.9, "changeset_seconds_median": 48.341, "storage_bytes_before": 442220, "storage_bytes_after": 11903056}
entity-list-50 cold 200 5360.4 {'openfga': 23, 'terminus': 26} {'auth.token': 2.4, 'fga.binding_source': 95.3, 'journal.view': 33.4, 'plan.authorize': 103.2, 'plan.build': 687.0, 'plan.finalize': 3840.5, 'query.fetch': 641.9, 'schema.authority': 174.4}
entity-list-50 warm 200 2361.1 {'openfga': 13, 'terminus': 10} {'auth.token': 2.2, 'fga.binding_source': 93.2, 'plan.authorize': 103.1, 'plan.build': 188.5, 'plan.finalize': 1864.5, 'query.fetch': 184.5, 'schema.authority': 132.0}
alias-exact cold 200 2351.2 {'openfga': 13, 'terminus': 10} {'auth.token': 2.4, 'fga.binding_source': 101.6, 'plan.authorize': 109.2, 'plan.build': 191.9, 'plan.finalize': 2002.8, 'query.fetch': 134.6, 'schema.authority': 99.8}
alias-exact warm 200 2352.6 {'openfga': 13, 'terminus': 10} {'auth.token': 1.7, 'fga.binding_source': 91.4, 'plan.authorize': 101.1, 'plan.build': 180.0, 'plan.finalize': 1952.3, 'query.fetch': 199.3, 'schema.authority': 160.4}
keyword-any cold 200 2349.5 {'openfga': 13, 'terminus': 10} {'auth.token': 1.7, 'fga.binding_source': 93.9, 'plan.authorize': 102.2, 'plan.build': 183.0, 'plan.finalize': 1933.3, 'query.fetch': 195.3, 'schema.authority': 153.6}
keyword-any warm 200 2370.0 {'openfga': 13, 'terminus': 10} {'auth.token': 2.6, 'fga.binding_source': 96.8, 'plan.authorize': 105.5, 'plan.build': 189.6, 'plan.finalize': 1904.2, 'query.fetch': 191.6, 'schema.authority': 148.5}
valid-at cold 200 2368.5 {'openfga': 13, 'terminus': 10} {'auth.token': 2.2, 'fga.binding_source': 100.9, 'plan.authorize': 109.5, 'plan.build': 179.4, 'plan.finalize': 1931.6, 'query.fetch': 205.5, 'schema.authority': 170.0}
valid-at warm 200 2384.7 {'openfga': 13, 'terminus': 10} {'auth.token': 2.3, 'fga.binding_source': 97.4, 'plan.authorize': 106.7, 'plan.build': 186.1, 'plan.finalize': 1943.4, 'query.fetch': 200.8, 'schema.authority': 164.9}
documents-text cold 200 2366.9 {'openfga': 13, 'terminus': 10} {'auth.token': 2.6, 'fga.binding_source': 100.0, 'plan.authorize': 110.2, 'plan.build': 186.2, 'plan.finalize': 1948.7, 'query.fetch': 196.3, 'schema.authority': 158.5}
documents-text warm 200 2395.3 {'openfga': 13, 'terminus': 10} {'auth.token': 2.1, 'fga.binding_source': 98.8, 'plan.authorize': 107.8, 'plan.build': 192.4, 'plan.finalize': 1994.5, 'query.fetch': 190.4, 'schema.authority': 148.4}
neighborhood cold 200 2384.5 None None
neighborhood warm 200 2383.6 None None
context-64k cold 200 2367.4 {'openfga': 13, 'terminus': 10} {'auth.token': 2.2, 'context.render': 444.3, 'context.select': 23.7, 'context.units': 15.3, 'fga.binding_source': 96.9, 'plan.authorize': 105.9, 'plan.build': 190.5, 'plan.finalize': 1487.0, 'query.fetch': 173.7, 'schema.authority': 133.8}
context-64k warm 200 2404.5 {'openfga': 13, 'terminus': 10} {'auth.token': 2.3, 'context.render': 497.4, 'context.select': 25.9, 'context.units': 14.9, 'fga.binding_source': 96.2, 'plan.authorize': 105.0, 'plan.build': 198.8, 'plan.finalize': 1447.1, 'query.fetch': 186.5, 'schema.authority': 144.8}
context-8k-refused cold 422 794.8 {'openfga': 12, 'terminus': 8} {'auth.token': 2.5, 'context.render': 321.1, 'context.select': 25.9, 'context.units': 17.7, 'fga.binding_source': 104.2, 'plan.authorize': 115.0, 'plan.build': 196.4, 'query.fetch': 205.4, 'schema.authority': 162.5}
context-8k-refused warm 422 728.2 {'openfga': 12, 'terminus': 8} {'auth.token': 2.1, 'context.render': 333.9, 'context.select': 18.8, 'context.units': 14.2, 'fga.binding_source': 97.8, 'plan.authorize': 105.9, 'plan.build': 178.2, 'query.fetch': 155.8, 'schema.authority': 119.0}
history cold 200 7255.2 {'openfga': 4, 'terminus': 44} {'auth.token': 2.6, 'fga.binding_source': 14.0, 'journal.view': 294.4, 'plane.check_many': 5362.6, 'schema.authority': 507.4}
history warm 200 5966.8 {'openfga': 4, 'terminus': 44} {'auth.token': 2.2, 'fga.binding_source': 14.4, 'journal.view': 2082.9, 'plane.check_many': 2430.5, 'schema.authority': 420.4}
instance cold 200 5295.8 {'openfga': 2, 'terminus': 47} {'auth.token': 2.3, 'journal.view': 208.1, 'schema.authority': 827.9}
instance warm 200 4336.1 {'openfga': 2, 'terminus': 47} {'auth.token': 1.2, 'journal.view': 61.6, 'schema.authority': 1003.4}
writes {"write-create-1": {"seconds": 31.996, "validate_seconds": 13.497, "apply_seconds": 17.298, "operations": 1, "gateway_timeout": false}, "write-create-twin": {"seconds": 45.896, "validate_seconds": 16.881, "apply_seconds": 26.985, "operations": 97, "gateway_timeout": false}, "write-replace-36": {"seconds": 44.084, "validate_seconds": 12.848, "apply_seconds": 24.635, "operations": 36, "gateway_timeout": false}}
== raised c1=3 terminusdb=3 openfga=2 postgres=2 2026-10-06T22:06:43Z
{"changesets": 5, "records": 932, "seconds": 236.2, "changeset_seconds_median": 47.399, "storage_bytes_before": 442208, "storage_bytes_after": 11903033}
entity-list-50 cold 200 3002.3 {'openfga': 23, 'terminus': 26} {'auth.token': 2.6, 'fga.binding_source': 104.5, 'journal.view': 40.4, 'plan.authorize': 110.0, 'plan.build': 563.6, 'plan.finalize': 159.0, 'query.fetch': 2107.9, 'schema.authority': 176.7}
entity-list-50 warm 200 2328.6 {'openfga': 13, 'terminus': 10} {'auth.token': 2.1, 'fga.binding_source': 91.2, 'plan.authorize': 98.4, 'plan.build': 170.9, 'plan.finalize': 1886.9, 'query.fetch': 155.2, 'schema.authority': 114.8}
alias-exact cold 200 2349.1 {'openfga': 13, 'terminus': 10} {'auth.token': 3.0, 'fga.binding_source': 94.1, 'plan.authorize': 102.0, 'plan.build': 186.3, 'plan.finalize': 1973.4, 'query.fetch': 161.7, 'schema.authority': 122.1}
alias-exact warm 200 2347.5 {'openfga': 13, 'terminus': 10} {'auth.token': 2.2, 'fga.binding_source': 98.4, 'plan.authorize': 107.8, 'plan.build': 185.1, 'plan.finalize': 1965.8, 'query.fetch': 172.8, 'schema.authority': 134.7}
keyword-any cold 200 2357.4 {'openfga': 13, 'terminus': 10} {'auth.token': 2.5, 'fga.binding_source': 96.9, 'plan.authorize': 103.7, 'plan.build': 177.3, 'plan.finalize': 1963.2, 'query.fetch': 178.6, 'schema.authority': 134.3}
keyword-any warm 200 2362.9 {'openfga': 13, 'terminus': 10} {'auth.token': 2.3, 'fga.binding_source': 96.9, 'plan.authorize': 108.6, 'plan.build': 181.4, 'plan.finalize': 1975.3, 'query.fetch': 168.2, 'schema.authority': 127.8}
valid-at cold 200 2381.8 {'openfga': 13, 'terminus': 10} {'auth.token': 2.2, 'fga.binding_source': 97.3, 'plan.authorize': 106.0, 'plan.build': 180.9, 'plan.finalize': 1944.0, 'query.fetch': 202.8, 'schema.authority': 164.5}
valid-at warm 200 2357.4 {'openfga': 13, 'terminus': 10} {'auth.token': 1.5, 'fga.binding_source': 90.7, 'plan.authorize': 99.0, 'plan.build': 168.3, 'plan.finalize': 1973.0, 'query.fetch': 170.5, 'schema.authority': 141.9}
documents-text cold 200 2427.4 {'openfga': 13, 'terminus': 10} {'auth.token': 1.1, 'fga.binding_source': 101.9, 'plan.authorize': 111.7, 'plan.build': 225.3, 'plan.finalize': 1995.1, 'query.fetch': 177.5, 'schema.authority': 135.0}
documents-text warm 200 2416.5 {'openfga': 13, 'terminus': 10} {'auth.token': 2.2, 'fga.binding_source': 116.1, 'plan.authorize': 128.1, 'plan.build': 212.6, 'plan.finalize': 1988.2, 'query.fetch': 198.3, 'schema.authority': 152.4}
neighborhood cold 200 2400.9 None None
neighborhood warm 200 2389.4 None None
context-64k cold 200 2417.0 {'openfga': 13, 'terminus': 10} {'auth.token': 2.6, 'context.render': 402.0, 'context.select': 17.4, 'context.units': 14.0, 'fga.binding_source': 115.2, 'plan.authorize': 128.4, 'plan.build': 227.8, 'plan.finalize': 1546.4, 'query.fetch': 174.4, 'schema.authority': 135.5}
context-64k warm 200 2460.8 {'openfga': 13, 'terminus': 10} {'auth.token': 2.2, 'context.render': 482.5, 'context.select': 21.9, 'context.units': 14.6, 'fga.binding_source': 137.7, 'plan.authorize': 148.4, 'plan.build': 260.5, 'plan.finalize': 1465.8, 'query.fetch': 178.5, 'schema.authority': 134.9}
context-8k-refused cold 422 707.5 {'openfga': 12, 'terminus': 8} {'auth.token': 2.3, 'context.render': 303.9, 'context.select': 19.2, 'context.units': 12.8, 'fga.binding_source': 93.1, 'plan.authorize': 103.5, 'plan.build': 184.4, 'query.fetch': 161.2, 'schema.authority': 122.9}
context-8k-refused warm 422 747.0 {'openfga': 12, 'terminus': 8} {'auth.token': 2.5, 'context.render': 306.5, 'context.select': 26.7, 'context.units': 14.6, 'fga.binding_source': 110.1, 'plan.authorize': 118.9, 'plan.build': 207.0, 'query.fetch': 165.5, 'schema.authority': 122.0}
history cold 200 4234.7 {'openfga': 4, 'terminus': 44} {'auth.token': 2.2, 'fga.binding_source': 16.2, 'journal.view': 359.6, 'plane.check_many': 2406.1, 'schema.authority': 528.0}
history warm 200 13859.5 {'openfga': 4, 'terminus': 44} {'auth.token': 1.7, 'fga.binding_source': 15.3, 'journal.view': 2125.9, 'plane.check_many': 415.0, 'schema.authority': 471.0}
instance cold 200 5767.7 {'openfga': 2, 'terminus': 47} {'auth.token': 1.8, 'journal.view': 201.6, 'schema.authority': 995.2}
instance warm 200 4163.3 {'openfga': 2, 'terminus': 47} {'auth.token': 2.4, 'journal.view': 126.8, 'schema.authority': 960.5}
writes {"write-create-1": {"seconds": 26.401, "validate_seconds": 7.859, "apply_seconds": 15.58, "operations": 1, "gateway_timeout": false}, "write-create-twin": {"seconds": 48.937, "validate_seconds": 17.037, "apply_seconds": 29.786, "operations": 97, "gateway_timeout": false}, "write-replace-36": {"seconds": 45.057, "validate_seconds": 16.338, "apply_seconds": 24.585, "operations": 36, "gateway_timeout": false}}
sizing_exit=0 finished_utc=2026-10-06T22:19:52Z
