{"correlation_id": "ebacfbb6-fe60-4e42-b62a-287788da15e8", "operation": "whoami", "outcome": "allowed", "principal": "user:c1-dev.810ccc6a-6084-4c5c-80a3-1cd63e5db6d5", "reason": "", "target": ""}
{"correlation_id": "ae4aba77-9178-42ba-b554-585b25e43b80", "operation": "instance_grant", "outcome": "applied", "principal": "user:c1-dev.810ccc6a-6084-4c5c-80a3-1cd63e5db6d5", "reason": "confirmed", "target": "dev"}
{"correlation_id": "34489dc1-b58a-42ee-a3dc-d61388b42dfe", "operation": "instance_grant", "outcome": "allowed", "principal": "user:c1-dev.810ccc6a-6084-4c5c-80a3-1cd63e5db6d5", "reason": "", "target": "user:c1-dev.810ccc6a-6084-4c5c-80a3-1cd63e5db6d5"}
{"correlation_id": "f3bdf1e8-50e1-4f0d-9623-60db739b459a", "operation": "whoami", "outcome": "allowed", "principal": "user:c1-dev.cd03e800-88fc-4033-9aa8-46b366bb80c9", "reason": "", "target": ""}
{"correlation_id": "9e23e3cc-9c06-4813-a909-5422fff5da26", "operation": "instance_grant", "outcome": "applied", "principal": "user:c1-dev.810ccc6a-6084-4c5c-80a3-1cd63e5db6d5", "reason": "confirmed", "target": "dev"}
{"correlation_id": "2ab32f28-e33d-41a5-81b2-4f75834f8e8f", "operation": "instance_grant", "outcome": "allowed", "principal": "user:c1-dev.810ccc6a-6084-4c5c-80a3-1cd63e5db6d5", "reason": "", "target": "user:c1-dev.cd03e800-88fc-4033-9aa8-46b366bb80c9"}
{"correlation_id": "c1d9449b-be8a-4cd0-866d-73dfa6d4ee1f", "operation": "scope_create", "outcome": "applied", "principal": "user:c1-dev.810ccc6a-6084-4c5c-80a3-1cd63e5db6d5", "reason": "confirmed", "target": "scoped_document_doc_public"}
{"correlation_id": "f07f7945-8db9-4210-9432-cf0fac951018", "operation": "scope_create", "outcome": "allowed", "principal": "user:c1-dev.810ccc6a-6084-4c5c-80a3-1cd63e5db6d5", "reason": "", "target": "scoped_document_doc_public"}
{"correlation_id": "1bd820c7-7188-4257-a880-8ec206eb8a04", "operation": "scope_create", "outcome": "applied", "principal": "user:c1-dev.810ccc6a-6084-4c5c-80a3-1cd63e5db6d5", "reason": "confirmed", "target": "scoped_document_doc_team"}
{"correlation_id": "fc44f511-bf56-4d4f-8548-6aeeac337ad8", "operation": "scope_create", "outcome": "allowed", "principal": "user:c1-dev.810ccc6a-6084-4c5c-80a3-1cd63e5db6d5", "reason": "", "target": "scoped_document_doc_team"}
{"correlation_id": "0456bb98-bd1d-40b4-b031-3ab295e524bf", "operation": "scope_create", "outcome": "applied", "principal": "user:c1-dev.810ccc6a-6084-4c5c-80a3-1cd63e5db6d5", "reason": "confirmed", "target": "scoped_document_doc_legal"}
{"correlation_id": "0e4a49fc-6c38-4c76-8fc1-ff101db03f0a", "operation": "scope_create", "outcome": "allowed", "principal": "user:c1-dev.810ccc6a-6084-4c5c-80a3-1cd63e5db6d5", "reason": "", "target": "scoped_document_doc_legal"}
{"correlation_id": "3db50fa0-0341-40b0-ac77-41e91c3c4310", "operation": "whoami", "outcome": "allowed", "principal": "user:c1-dev.5f190ba0-9fcd-4fc3-affd-8d6191c05c1c", "reason": "", "target": ""}
{"correlation_id": "8a881863-581d-4c4e-bc04-52335c44824d", "operation": "whoami", "outcome": "allowed", "principal": "user:c1-dev.f496d5b1-2905-4787-b6b0-d0bd643c4af8", "reason": "", "target": ""}
{"correlation_id": "d86b991c-bb81-4256-89d9-67ff83feb961", "operation": "whoami", "outcome": "allowed", "principal": "user:c1-dev.097323d6-bb6e-4ccf-978a-6b466ca215cd", "reason": "", "target": ""}
{"correlation_id": "817d360b-60b5-42d2-8e8b-9c88ce0e7333", "operation": "whoami", "outcome": "allowed", "principal": "user:c1-dev.cd03e800-88fc-4033-9aa8-46b366bb80c9", "reason": "", "target": ""}
{"correlation_id": "85f0f8c1-4208-4829-801b-8c67cc62e4dc", "operation": "whoami", "outcome": "allowed", "principal": "user:c1-dev.0c02d576-45eb-4460-a71e-c184e51f7541", "reason": "", "target": ""}
{"correlation_id": "3708bddd-fcfd-4fb9-81b6-fcb3902bd416", "operation": "membership", "outcome": "applied", "principal": "user:c1-dev.810ccc6a-6084-4c5c-80a3-1cd63e5db6d5", "reason": "confirmed", "target": "scoped_document_doc_public"}
{"correlation_id": "ae14b937-fdaa-4d19-bff9-ae73f91969e3", "operation": "scope_member_grant", "outcome": "allowed", "principal": "user:c1-dev.810ccc6a-6084-4c5c-80a3-1cd63e5db6d5", "reason": "", "target": "scoped_document_doc_public"}
{"correlation_id": "23d6bbbe-24fc-43b2-871f-8aaa07a043d8", "operation": "membership", "outcome": "applied", "principal": "user:c1-dev.810ccc6a-6084-4c5c-80a3-1cd63e5db6d5", "reason": "confirmed", "target": "scoped_document_doc_public"}
{"correlation_id": "9dff34c4-4b20-434d-99ab-8f56c5d44480", "operation": "scope_member_grant", "outcome": "allowed", "principal": "user:c1-dev.810ccc6a-6084-4c5c-80a3-1cd63e5db6d5", "reason": "", "target": "scoped_document_doc_public"}
{"correlation_id": "861f0da1-c439-4d68-b391-2d5df6fd81ad", "operation": "membership", "outcome": "applied", "principal": "user:c1-dev.810ccc6a-6084-4c5c-80a3-1cd63e5db6d5", "reason": "confirmed", "target": "scoped_document_doc_team"}
{"correlation_id": "8260deb0-5f40-4219-861e-40b01e62c859", "operation": "scope_member_grant", "outcome": "allowed", "principal": "user:c1-dev.810ccc6a-6084-4c5c-80a3-1cd63e5db6d5", "reason": "", "target": "scoped_document_doc_team"}
{"correlation_id": "84899972-ad13-4068-83d7-dfd55733adcd", "operation": "membership", "outcome": "applied", "principal": "user:c1-dev.810ccc6a-6084-4c5c-80a3-1cd63e5db6d5", "reason": "confirmed", "target": "scoped_document_doc_public"}
{"correlation_id": "f8425396-5b3e-42e7-9f47-d60d41c8bcc1", "operation": "scope_member_grant", "outcome": "allowed", "principal": "user:c1-dev.810ccc6a-6084-4c5c-80a3-1cd63e5db6d5", "reason": "", "target": "scoped_document_doc_public"}
{"correlation_id": "d6404149-34ab-4077-957f-2aa4d5041ca7", "operation": "membership", "outcome": "applied", "principal": "user:c1-dev.810ccc6a-6084-4c5c-80a3-1cd63e5db6d5", "reason": "confirmed", "target": "scoped_document_doc_team"}
{"correlation_id": "6c49456a-b509-4d39-b6d5-c22582b07f18", "operation": "scope_member_grant", "outcome": "allowed", "principal": "user:c1-dev.810ccc6a-6084-4c5c-80a3-1cd63e5db6d5", "reason": "", "target": "scoped_document_doc_team"}
{"correlation_id": "45b6c405-9183-49e6-be08-455148c9b91f", "operation": "membership", "outcome": "applied", "principal": "user:c1-dev.810ccc6a-6084-4c5c-80a3-1cd63e5db6d5", "reason": "confirmed", "target": "scoped_document_doc_legal"}
{"correlation_id": "1a771ad9-189e-4316-9b7a-41bb3858bbb2", "operation": "scope_member_grant", "outcome": "allowed", "principal": "user:c1-dev.810ccc6a-6084-4c5c-80a3-1cd63e5db6d5", "reason": "", "target": "scoped_document_doc_legal"}
{"correlation_id": "02970e63-1fb8-468d-ab36-5e68193e7c12", "operation": "membership", "outcome": "applied", "principal": "user:c1-dev.810ccc6a-6084-4c5c-80a3-1cd63e5db6d5", "reason": "confirmed", "target": "scoped_document_doc_public"}
{"correlation_id": "18a684b6-5d7d-4ec9-a5fe-ee5d5399d2e0", "operation": "scope_member_grant", "outcome": "allowed", "principal": "user:c1-dev.810ccc6a-6084-4c5c-80a3-1cd63e5db6d5", "reason": "", "target": "scoped_document_doc_public"}
{"correlation_id": "c3cc2be2-6055-4819-8e44-31dd62dff9f1", "operation": "membership", "outcome": "applied", "principal": "user:c1-dev.810ccc6a-6084-4c5c-80a3-1cd63e5db6d5", "reason": "confirmed", "target": "scoped_document_doc_public"}
{"correlation_id": "2146e994-ae08-423a-b2f8-d5346720b730", "operation": "scope_member_grant", "outcome": "allowed", "principal": "user:c1-dev.810ccc6a-6084-4c5c-80a3-1cd63e5db6d5", "reason": "", "target": "scoped_document_doc_public"}
{"correlation_id": "3eb9d9e2-848b-4d60-8656-e7f4942378e7", "operation": "membership", "outcome": "applied", "principal": "user:c1-dev.810ccc6a-6084-4c5c-80a3-1cd63e5db6d5", "reason": "confirmed", "target": "scoped_document_doc_public"}
{"correlation_id": "a0f7369d-3cff-471e-a5b0-e55634116370", "operation": "scope_member_grant", "outcome": "allowed", "principal": "user:c1-dev.810ccc6a-6084-4c5c-80a3-1cd63e5db6d5", "reason": "", "target": "scoped_document_doc_public"}
{"correlation_id": "b001f90c-0919-453a-9f23-18ee5b3fbc7b", "operation": "membership", "outcome": "applied", "principal": "user:c1-dev.810ccc6a-6084-4c5c-80a3-1cd63e5db6d5", "reason": "confirmed", "target": "scoped_document_doc_public"}
{"correlation_id": "9b4e245c-5e50-46ec-bea2-936e706a269b", "operation": "scope_member_grant", "outcome": "allowed", "principal": "user:c1-dev.810ccc6a-6084-4c5c-80a3-1cd63e5db6d5", "reason": "", "target": "scoped_document_doc_public"}
{"correlation_id": "0d910a1b-7dfd-47a7-8920-febf167b77c1", "operation": "membership", "outcome": "applied", "principal": "user:c1-dev.810ccc6a-6084-4c5c-80a3-1cd63e5db6d5", "reason": "confirmed", "target": "scoped_document_doc_public"}
{"correlation_id": "2623aee0-b425-42d5-a986-f5813d700891", "operation": "scope_member_grant", "outcome": "allowed", "principal": "user:c1-dev.810ccc6a-6084-4c5c-80a3-1cd63e5db6d5", "reason": "", "target": "scoped_document_doc_public"}
{"correlation_id": "571029da-5eae-45ae-977e-cce2fe1b4d70", "operation": "membership", "outcome": "applied", "principal": "user:c1-dev.810ccc6a-6084-4c5c-80a3-1cd63e5db6d5", "reason": "confirmed", "target": "scoped_document_doc_team"}
{"correlation_id": "b5ee0caf-aff5-4b22-b060-ecb62c493de8", "operation": "scope_member_grant", "outcome": "allowed", "principal": "user:c1-dev.810ccc6a-6084-4c5c-80a3-1cd63e5db6d5", "reason": "", "target": "scoped_document_doc_team"}
{"correlation_id": "a677af91-96f5-436e-9d9b-87f2f0bfb32e", "operation": "membership", "outcome": "applied", "principal": "user:c1-dev.810ccc6a-6084-4c5c-80a3-1cd63e5db6d5", "reason": "confirmed", "target": "scoped_document_doc_team"}
{"correlation_id": "bb52b8fc-6726-48a3-9226-81cc0a42a0cf", "operation": "scope_member_grant", "outcome": "allowed", "principal": "user:c1-dev.810ccc6a-6084-4c5c-80a3-1cd63e5db6d5", "reason": "", "target": "scoped_document_doc_team"}
{"correlation_id": "2e638b79-b36e-4252-ad4d-e12c4f793243", "operation": "membership", "outcome": "applied", "principal": "user:c1-dev.810ccc6a-6084-4c5c-80a3-1cd63e5db6d5", "reason": "confirmed", "target": "scoped_document_doc_team"}
{"correlation_id": "6c11fd53-c4a5-4a6d-80cd-2cfe8b440188", "operation": "scope_member_grant", "outcome": "allowed", "principal": "user:c1-dev.810ccc6a-6084-4c5c-80a3-1cd63e5db6d5", "reason": "", "target": "scoped_document_doc_team"}
{"correlation_id": "1fe30e35-4645-46d6-abc7-d581057b2c21", "operation": "membership", "outcome": "applied", "principal": "user:c1-dev.810ccc6a-6084-4c5c-80a3-1cd63e5db6d5", "reason": "confirmed", "target": "scoped_document_doc_team"}
{"correlation_id": "0549452b-8d09-463c-8ec1-f667df894016", "operation": "scope_member_grant", "outcome": "allowed", "principal": "user:c1-dev.810ccc6a-6084-4c5c-80a3-1cd63e5db6d5", "reason": "", "target": "scoped_document_doc_team"}
{"correlation_id": "d34fe3b9-ecd2-4a81-87fc-c72a1078eaab", "operation": "membership", "outcome": "applied", "principal": "user:c1-dev.810ccc6a-6084-4c5c-80a3-1cd63e5db6d5", "reason": "confirmed", "target": "scoped_document_doc_legal"}
{"correlation_id": "038bf42b-f965-4480-93e7-004e895ae94e", "operation": "scope_member_grant", "outcome": "allowed", "principal": "user:c1-dev.810ccc6a-6084-4c5c-80a3-1cd63e5db6d5", "reason": "", "target": "scoped_document_doc_legal"}
{"correlation_id": "47e88536-8784-49e8-8824-0b7ef92f9b2c", "operation": "membership", "outcome": "applied", "principal": "user:c1-dev.810ccc6a-6084-4c5c-80a3-1cd63e5db6d5", "reason": "confirmed", "target": "scoped_document_doc_legal"}
{"correlation_id": "57925e11-d2cf-4632-949e-c96eac562541", "operation": "scope_member_grant", "outcome": "allowed", "principal": "user:c1-dev.810ccc6a-6084-4c5c-80a3-1cd63e5db6d5", "reason": "", "target": "scoped_document_doc_legal"}
{"correlation_id": "c9289b57-2740-41e6-a265-4f945227eb1f", "operation": "membership", "outcome": "applied", "principal": "user:c1-dev.810ccc6a-6084-4c5c-80a3-1cd63e5db6d5", "reason": "confirmed", "target": "scoped_document_doc_legal"}
{"correlation_id": "52385f75-5853-4ef9-b18a-5650599fe790", "operation": "scope_member_grant", "outcome": "allowed", "principal": "user:c1-dev.810ccc6a-6084-4c5c-80a3-1cd63e5db6d5", "reason": "", "target": "scoped_document_doc_legal"}
{"correlation_id": "05d5f287-69a3-4b2a-872b-9760426723c6", "operation": "membership", "outcome": "applied", "principal": "user:c1-dev.810ccc6a-6084-4c5c-80a3-1cd63e5db6d5", "reason": "confirmed", "target": "scoped_document_doc_legal"}
{"correlation_id": "a5682dec-3c26-4e7f-b09a-2b2d189ae3ed", "operation": "scope_member_grant", "outcome": "allowed", "principal": "user:c1-dev.810ccc6a-6084-4c5c-80a3-1cd63e5db6d5", "reason": "", "target": "scoped_document_doc_legal"}
{"correlation_id": "1c544c95-9298-42e6-a018-c8a57cd85d15", "operation": "instance_read", "outcome": "allowed", "principal": "user:c1-dev.0c02d576-45eb-4460-a71e-c184e51f7541", "reason": "", "target": "dev"}
{"correlation_id": "bc257f50-bc4c-43b0-923f-048ffd6c882a", "operation": "changeset_create", "outcome": "allowed", "principal": "user:c1-dev.0c02d576-45eb-4460-a71e-c184e51f7541", "reason": "", "target": "urn:c1:instance:dev:changeset-c8d7c3fb2ef44e0c9c3d575e70a770b9"}
{"correlation_id": "8ed50cf8-b389-4566-a7fb-ba332f9bea7f", "operation": "changeset_submit", "outcome": "allowed", "principal": "user:c1-dev.0c02d576-45eb-4460-a71e-c184e51f7541", "reason": "", "target": "urn:c1:instance:dev:changeset-c8d7c3fb2ef44e0c9c3d575e70a770b9"}
{"correlation_id": "96675502-339a-4f79-a8fe-45a7cf56cbc8", "operation": "changeset_approve", "outcome": "allowed", "principal": "user:c1-dev.cd03e800-88fc-4033-9aa8-46b366bb80c9", "reason": "", "target": "urn:c1:instance:dev:changeset-c8d7c3fb2ef44e0c9c3d575e70a770b9"}
{"correlation_id": "e01da2d4-a384-4b24-b08c-ab72d89a93bc", "operation": "changeset_apply", "outcome": "allowed", "principal": "user:c1-dev.cd03e800-88fc-4033-9aa8-46b366bb80c9", "reason": "", "target": "urn:c1:instance:dev:changeset-c8d7c3fb2ef44e0c9c3d575e70a770b9"}
{"correlation_id": "07bb029b-bbd0-4681-8eb0-1b3738f5eb05", "operation": "instance_read", "outcome": "allowed", "principal": "user:c1-dev.0c02d576-45eb-4460-a71e-c184e51f7541", "reason": "", "target": "dev"}
{"correlation_id": "d1863966-3f01-4957-8ff5-f1d381bb5a98", "operation": "changeset_create", "outcome": "allowed", "principal": "user:c1-dev.0c02d576-45eb-4460-a71e-c184e51f7541", "reason": "", "target": "urn:c1:instance:dev:changeset-f455dd8ca1204c70b09dbf1ec8f41b13"}
{"correlation_id": "4c65cba3-b5d5-4daa-b6a9-896b454131ed", "operation": "changeset_submit", "outcome": "allowed", "principal": "user:c1-dev.0c02d576-45eb-4460-a71e-c184e51f7541", "reason": "", "target": "urn:c1:instance:dev:changeset-f455dd8ca1204c70b09dbf1ec8f41b13"}
{"correlation_id": "b92daf02-30c2-4fbb-9571-36d82ab8f661", "operation": "changeset_approve", "outcome": "allowed", "principal": "user:c1-dev.cd03e800-88fc-4033-9aa8-46b366bb80c9", "reason": "", "target": "urn:c1:instance:dev:changeset-f455dd8ca1204c70b09dbf1ec8f41b13"}
{"correlation_id": "6646a660-0ef6-4b56-a854-a542a1b4ebcf", "operation": "changeset_apply", "outcome": "allowed", "principal": "user:c1-dev.cd03e800-88fc-4033-9aa8-46b366bb80c9", "reason": "", "target": "urn:c1:instance:dev:changeset-f455dd8ca1204c70b09dbf1ec8f41b13"}
{"fixture": "scoped-document", "state": "applied"}
