INFO:     Started server process [2688390]
INFO:     Waiting for application startup.
INFO:     Application startup complete.
INFO:     Uvicorn running on http://127.0.0.1:18000 (Press CTRL+C to quit)
INFO:     Started server process [2688462]
INFO:     Waiting for application startup.
{"correlation_id": "b753cea7-8475-42e9-83b5-7c4ba6c6a6a9", "operation": "startup_recovery", "outcome": "unavailable", "principal": "system", "reason": "recovery_pending", "target": ""}
INFO:     Application startup complete.
INFO:     Uvicorn running on http://127.0.0.1:18000 (Press CTRL+C to quit)
INFO:     Shutting down
INFO:     Waiting for background tasks to complete. (CTRL+C to force quit)
INFO:     Waiting for application shutdown.
INFO:     Application shutdown complete.
INFO:     Finished server process [2688462]
INFO:     Started server process [2689862]
INFO:     Waiting for application startup.
INFO:     Application startup complete.
INFO:     Uvicorn running on http://127.0.0.1:18000 (Press CTRL+C to quit)
INFO:     Started server process [2689915]
INFO:     Waiting for application startup.
{"correlation_id": "64955c72-2926-4671-8cca-d3de492a7978", "operation": "startup_recovery", "outcome": "unavailable", "principal": "system", "reason": "recovery_pending", "target": ""}
INFO:     Application startup complete.
INFO:     Uvicorn running on http://127.0.0.1:18000 (Press CTRL+C to quit)
INFO:     Shutting down
INFO:     Waiting for background tasks to complete. (CTRL+C to force quit)
INFO:     Waiting for application shutdown.
INFO:     Application shutdown complete.
INFO:     Finished server process [2689915]
INFO:     Started server process [2691068]
INFO:     Waiting for application startup.
INFO:     Application startup complete.
INFO:     Uvicorn running on http://127.0.0.1:18000 (Press CTRL+C to quit)
INFO:     Started server process [2691235]
INFO:     Waiting for application startup.
{"correlation_id": "db5c2343-ee4e-4b3c-bdb6-fd157e4fcd53", "operation": "startup_recovery", "outcome": "unavailable", "principal": "system", "reason": "recovery_pending", "target": ""}
INFO:     Application startup complete.
INFO:     Uvicorn running on http://127.0.0.1:18000 (Press CTRL+C to quit)
INFO:     Shutting down
INFO:     Waiting for background tasks to complete. (CTRL+C to force quit)
INFO:     Waiting for application shutdown.
INFO:     Application shutdown complete.
INFO:     Finished server process [2691235]
INFO:     Started server process [2694705]
INFO:     Waiting for application startup.
INFO:     Application startup complete.
INFO:     Uvicorn running on http://127.0.0.1:18000 (Press CTRL+C to quit)
INFO:     Started server process [2694835]
INFO:     Waiting for application startup.
{"correlation_id": "a08dde23-e75e-44cf-8304-72709eea9a84", "operation": "startup_recovery", "outcome": "unavailable", "principal": "system", "reason": "recovery_pending", "target": ""}
INFO:     Application startup complete.
INFO:     Uvicorn running on http://127.0.0.1:18000 (Press CTRL+C to quit)
{"correlation_id": "74749f49-67b6-4678-a239-d82ab530a87f", "operation": "probe_read", "outcome": "denied", "principal": "user:c1-dev.5f190ba0-9fcd-4fc3-affd-8d6191c05c1c", "reason": "not_found", "target": "urn:c1:probe:entity-fc5c7ba3298f40c8a75a1e8c6b6ef349"}
{"correlation_id": "ad282623-f13c-476c-8da9-cdfbcb0d88d7", "operation": "rescope", "outcome": "applied", "principal": "user:c1-dev.810ccc6a-6084-4c5c-80a3-1cd63e5db6d5", "reason": "confirmed", "target": "urn:c1:probe:entity-fc5c7ba3298f40c8a75a1e8c6b6ef349"}
{"correlation_id": "c574902d-4759-49d6-ad49-a0d339d4b03b", "operation": "security_recover", "outcome": "allowed", "principal": "user:c1-dev.097323d6-bb6e-4ccf-978a-6b466ca215cd", "reason": "", "target": ""}
INFO:     Shutting down
INFO:     Waiting for application shutdown.
INFO:     Application shutdown complete.
INFO:     Finished server process [2694835]
INFO:     Started server process [2697400]
INFO:     Waiting for application startup.
INFO:     Application startup complete.
INFO:     Uvicorn running on http://127.0.0.1:18000 (Press CTRL+C to quit)
INFO:     Started server process [2697537]
INFO:     Waiting for application startup.
{"correlation_id": "25a7a04e-77d9-4b4d-9ff2-24d7ac20f7c1", "operation": "startup_recovery", "outcome": "unavailable", "principal": "system", "reason": "recovery_pending", "target": ""}
INFO:     Application startup complete.
INFO:     Uvicorn running on http://127.0.0.1:18000 (Press CTRL+C to quit)
{"correlation_id": "81978446-81bd-47ab-8c32-6987b1ca6070", "operation": "probe_read", "outcome": "denied", "principal": "user:c1-dev.5f190ba0-9fcd-4fc3-affd-8d6191c05c1c", "reason": "not_found", "target": "urn:c1:probe:entity-736c1ceaf9ea463493bce67ca436bccb"}
{"correlation_id": "196755f2-a8ef-453f-b73a-5d65ff2250a5", "operation": "rescope", "outcome": "applied", "principal": "user:c1-dev.810ccc6a-6084-4c5c-80a3-1cd63e5db6d5", "reason": "confirmed", "target": "urn:c1:probe:entity-736c1ceaf9ea463493bce67ca436bccb"}
{"correlation_id": "a67aabc4-607d-4fdb-88f6-0f44eb35ceff", "operation": "security_recover", "outcome": "allowed", "principal": "user:c1-dev.097323d6-bb6e-4ccf-978a-6b466ca215cd", "reason": "", "target": ""}
{"correlation_id": "5ce8885e-ad7a-42f7-abe9-ce80f03a477e", "operation": "security_operation_read", "outcome": "allowed", "principal": "user:c1-dev.810ccc6a-6084-4c5c-80a3-1cd63e5db6d5", "reason": "", "target": "5af2c390-832e-42e3-95e3-9921ad9890f6"}
{"correlation_id": "96bcf8e7-6db6-4265-89e7-171dfef5ad79", "operation": "probe_read", "outcome": "denied", "principal": "user:c1-dev.5f190ba0-9fcd-4fc3-affd-8d6191c05c1c", "reason": "not_found", "target": "urn:c1:probe:entity-736c1ceaf9ea463493bce67ca436bccb"}
{"correlation_id": "72788dcd-8fec-4969-87ef-f5b58588dabe", "operation": "probe_read", "outcome": "allowed", "principal": "user:c1-dev.810ccc6a-6084-4c5c-80a3-1cd63e5db6d5", "reason": "", "target": "urn:c1:probe:entity-736c1ceaf9ea463493bce67ca436bccb"}
INFO:     Shutting down
INFO:     Waiting for application shutdown.
INFO:     Application shutdown complete.
INFO:     Finished server process [2697537]
INFO:     Started server process [2698395]
INFO:     Waiting for application startup.
INFO:     Application startup complete.
INFO:     Uvicorn running on http://127.0.0.1:18000 (Press CTRL+C to quit)
INFO:     Started server process [2698494]
INFO:     Waiting for application startup.
{"correlation_id": "7360c2c2-8173-411d-9bf0-8f1e1ffedb0a", "operation": "startup_recovery", "outcome": "unavailable", "principal": "system", "reason": "recovery_pending", "target": ""}
INFO:     Application startup complete.
INFO:     Uvicorn running on http://127.0.0.1:18000 (Press CTRL+C to quit)
{"correlation_id": "8046a077-c9d4-4e2f-b34a-1b0db36002e5", "operation": "probe_read", "outcome": "denied", "principal": "user:c1-dev.5f190ba0-9fcd-4fc3-affd-8d6191c05c1c", "reason": "not_found", "target": "urn:c1:probe:entity-0cea615f235040598b603ca5d3d8e673"}
{"correlation_id": "52ebd87d-85d6-4ab1-a1e6-90344a62f987", "operation": "rescope", "outcome": "applied", "principal": "user:c1-dev.810ccc6a-6084-4c5c-80a3-1cd63e5db6d5", "reason": "confirmed", "target": "urn:c1:probe:entity-0cea615f235040598b603ca5d3d8e673"}
{"correlation_id": "922ffc7a-c1f5-4221-ac32-6936d91893fc", "operation": "security_recover", "outcome": "allowed", "principal": "user:c1-dev.097323d6-bb6e-4ccf-978a-6b466ca215cd", "reason": "", "target": ""}
{"correlation_id": "2671dbce-0854-428f-a209-e0cbcb9afd0a", "operation": "security_operation_read", "outcome": "allowed", "principal": "user:c1-dev.810ccc6a-6084-4c5c-80a3-1cd63e5db6d5", "reason": "", "target": "269a844e-bd21-40e2-94b4-25b89e5fb63c"}
{"correlation_id": "ad264e00-67d8-4159-9702-181f7de9162a", "operation": "probe_read", "outcome": "denied", "principal": "user:c1-dev.5f190ba0-9fcd-4fc3-affd-8d6191c05c1c", "reason": "not_found", "target": "urn:c1:probe:entity-0cea615f235040598b603ca5d3d8e673"}
{"correlation_id": "1b325a03-473d-4db2-9e96-a4c56b4b06e5", "operation": "probe_read", "outcome": "allowed", "principal": "user:c1-dev.810ccc6a-6084-4c5c-80a3-1cd63e5db6d5", "reason": "", "target": "urn:c1:probe:entity-0cea615f235040598b603ca5d3d8e673"}
INFO:     Shutting down
INFO:     Waiting for application shutdown.
INFO:     Application shutdown complete.
INFO:     Finished server process [2698494]
INFO:     Started server process [2699577]
INFO:     Waiting for application startup.
INFO:     Application startup complete.
INFO:     Uvicorn running on http://127.0.0.1:18000 (Press CTRL+C to quit)
INFO:     Started server process [2699667]
INFO:     Waiting for application startup.
{"correlation_id": "a651623e-8b0e-4f7d-96f1-78057662f581", "operation": "startup_recovery", "outcome": "unavailable", "principal": "system", "reason": "recovery_pending", "target": ""}
INFO:     Application startup complete.
INFO:     Uvicorn running on http://127.0.0.1:18000 (Press CTRL+C to quit)
{"correlation_id": "83892e49-1f3f-45f6-ad5e-e7c207afae8b", "operation": "probe_read", "outcome": "denied", "principal": "user:c1-dev.5f190ba0-9fcd-4fc3-affd-8d6191c05c1c", "reason": "not_found", "target": "urn:c1:probe:entity-bd31fa51ad8b469f8d8b95d53e514ecb"}
{"correlation_id": "9e311ba4-6e20-4cd7-87a8-612b34c21c46", "operation": "rescope", "outcome": "applied", "principal": "user:c1-dev.810ccc6a-6084-4c5c-80a3-1cd63e5db6d5", "reason": "confirmed", "target": "urn:c1:probe:entity-bd31fa51ad8b469f8d8b95d53e514ecb"}
{"correlation_id": "1a2f1525-2704-4212-a4f1-85536813ac22", "operation": "security_recover", "outcome": "allowed", "principal": "user:c1-dev.097323d6-bb6e-4ccf-978a-6b466ca215cd", "reason": "", "target": ""}
{"correlation_id": "af1a730a-4d1f-4c88-8594-e72eb3e839e0", "operation": "security_operation_read", "outcome": "allowed", "principal": "user:c1-dev.810ccc6a-6084-4c5c-80a3-1cd63e5db6d5", "reason": "", "target": "b8adb5bd-188a-4435-8f67-1a95d7977598"}
{"correlation_id": "c6005ba2-c6b7-4db1-b8a7-0eedc014123c", "operation": "probe_read", "outcome": "denied", "principal": "user:c1-dev.5f190ba0-9fcd-4fc3-affd-8d6191c05c1c", "reason": "not_found", "target": "urn:c1:probe:entity-bd31fa51ad8b469f8d8b95d53e514ecb"}
{"correlation_id": "24f4e241-ca39-4ca9-963c-fe9a049b9c04", "operation": "probe_read", "outcome": "allowed", "principal": "user:c1-dev.810ccc6a-6084-4c5c-80a3-1cd63e5db6d5", "reason": "", "target": "urn:c1:probe:entity-bd31fa51ad8b469f8d8b95d53e514ecb"}
INFO:     Shutting down
INFO:     Waiting for application shutdown.
INFO:     Application shutdown complete.
INFO:     Finished server process [2699667]
INFO:     Started server process [2711506]
INFO:     Waiting for application startup.
INFO:     Application startup complete.
INFO:     Uvicorn running on http://127.0.0.1:18000 (Press CTRL+C to quit)
INFO:     Started server process [2711643]
INFO:     Waiting for application startup.
{"correlation_id": "78e85fb0-1ec0-49f9-90f2-5828c592bf91", "operation": "startup_recovery", "outcome": "unavailable", "principal": "system", "reason": "recovery_pending", "target": ""}
INFO:     Application startup complete.
INFO:     Uvicorn running on http://127.0.0.1:18000 (Press CTRL+C to quit)
{"correlation_id": "00629a72-488f-4a6f-8fa7-b557b34389e5", "operation": "probe_read", "outcome": "denied", "principal": "user:c1-dev.5f190ba0-9fcd-4fc3-affd-8d6191c05c1c", "reason": "not_found", "target": "urn:c1:probe:entity-6b037403b0a44797bc3132c32c8f436f"}
{"correlation_id": "66a4808d-6fa1-42da-9819-de894a8d3d28", "operation": "rescope", "outcome": "applied", "principal": "user:c1-dev.810ccc6a-6084-4c5c-80a3-1cd63e5db6d5", "reason": "confirmed", "target": "urn:c1:probe:entity-6b037403b0a44797bc3132c32c8f436f"}
{"correlation_id": "7b64f855-7bb2-467f-be35-2fc596cf3dd0", "operation": "security_recover", "outcome": "allowed", "principal": "user:c1-dev.097323d6-bb6e-4ccf-978a-6b466ca215cd", "reason": "", "target": ""}
{"correlation_id": "6453d6b8-fb60-4816-88c3-18310f8d0c64", "operation": "security_operation_read", "outcome": "allowed", "principal": "user:c1-dev.810ccc6a-6084-4c5c-80a3-1cd63e5db6d5", "reason": "", "target": "cc4fd958-e0c5-422c-91cd-a1da4d005425"}
{"correlation_id": "8e62b3d8-fdf3-42b1-87fe-7b17f3c1e0c9", "operation": "probe_read", "outcome": "denied", "principal": "user:c1-dev.5f190ba0-9fcd-4fc3-affd-8d6191c05c1c", "reason": "not_found", "target": "urn:c1:probe:entity-6b037403b0a44797bc3132c32c8f436f"}
{"correlation_id": "8273436b-3526-4cc2-9b5e-dced5a671d3e", "operation": "probe_read", "outcome": "allowed", "principal": "user:c1-dev.810ccc6a-6084-4c5c-80a3-1cd63e5db6d5", "reason": "", "target": "urn:c1:probe:entity-6b037403b0a44797bc3132c32c8f436f"}
INFO:     Shutting down
INFO:     Waiting for application shutdown.
INFO:     Application shutdown complete.
INFO:     Finished server process [2711643]
INFO:     Started server process [2712274]
INFO:     Waiting for application startup.
INFO:     Application startup complete.
INFO:     Uvicorn running on http://127.0.0.1:18000 (Press CTRL+C to quit)
INFO:     Started server process [2712407]
INFO:     Waiting for application startup.
{"correlation_id": "2228e9af-ba94-484d-baad-d8ed5d2172bb", "operation": "startup_recovery", "outcome": "unavailable", "principal": "system", "reason": "recovery_pending", "target": ""}
INFO:     Application startup complete.
INFO:     Uvicorn running on http://127.0.0.1:18000 (Press CTRL+C to quit)
{"correlation_id": "8d5d72d9-755d-426c-907d-aa49203cd62e", "operation": "probe_read", "outcome": "denied", "principal": "user:c1-dev.5f190ba0-9fcd-4fc3-affd-8d6191c05c1c", "reason": "not_found", "target": "urn:c1:probe:entity-19a23f829b41426c86bd4b907911e9c2"}
{"correlation_id": "29c1b9d9-7e25-4ed6-9364-13cd0246b265", "operation": "rescope", "outcome": "applied", "principal": "user:c1-dev.810ccc6a-6084-4c5c-80a3-1cd63e5db6d5", "reason": "confirmed", "target": "urn:c1:probe:entity-19a23f829b41426c86bd4b907911e9c2"}
{"correlation_id": "d19ece63-d0c0-4160-adf4-6fa0a9d5ab2d", "operation": "security_recover", "outcome": "allowed", "principal": "user:c1-dev.097323d6-bb6e-4ccf-978a-6b466ca215cd", "reason": "", "target": ""}
{"correlation_id": "0ad1b1da-d374-42e5-a339-97b3b24a4aa8", "operation": "security_operation_read", "outcome": "allowed", "principal": "user:c1-dev.810ccc6a-6084-4c5c-80a3-1cd63e5db6d5", "reason": "", "target": "3aaa86f3-0e40-401d-8d7c-8cb4aa1cdf0c"}
{"correlation_id": "8cea6ef6-4b98-4ff4-a1af-a020a85a29ef", "operation": "probe_read", "outcome": "denied", "principal": "user:c1-dev.5f190ba0-9fcd-4fc3-affd-8d6191c05c1c", "reason": "not_found", "target": "urn:c1:probe:entity-19a23f829b41426c86bd4b907911e9c2"}
{"correlation_id": "512ece21-6b8f-4585-be68-cda13bc670ca", "operation": "probe_read", "outcome": "allowed", "principal": "user:c1-dev.810ccc6a-6084-4c5c-80a3-1cd63e5db6d5", "reason": "", "target": "urn:c1:probe:entity-19a23f829b41426c86bd4b907911e9c2"}
INFO:     Shutting down
INFO:     Waiting for application shutdown.
INFO:     Application shutdown complete.
INFO:     Finished server process [2712407]
INFO:     Started server process [2713049]
INFO:     Waiting for application startup.
INFO:     Application startup complete.
INFO:     Uvicorn running on http://127.0.0.1:18000 (Press CTRL+C to quit)
INFO:     Started server process [2713155]
INFO:     Waiting for application startup.
{"correlation_id": "07e65f8e-ab4b-4698-9845-5b7253b14b1d", "operation": "startup_recovery", "outcome": "unavailable", "principal": "system", "reason": "recovery_pending", "target": ""}
INFO:     Application startup complete.
INFO:     Uvicorn running on http://127.0.0.1:18000 (Press CTRL+C to quit)
{"correlation_id": "6c5cb9ce-7588-4080-827a-8354e5ce4da1", "operation": "probe_read", "outcome": "denied", "principal": "user:c1-dev.5f190ba0-9fcd-4fc3-affd-8d6191c05c1c", "reason": "not_found", "target": "urn:c1:probe:entity-18ec2cc48b7c4c10bb4a5a69638e9b66"}
{"correlation_id": "96f8ed12-1024-4a6c-b683-7212398a6630", "operation": "rescope", "outcome": "applied", "principal": "user:c1-dev.810ccc6a-6084-4c5c-80a3-1cd63e5db6d5", "reason": "confirmed", "target": "urn:c1:probe:entity-18ec2cc48b7c4c10bb4a5a69638e9b66"}
{"correlation_id": "bf9a1ff9-2c02-4965-a019-b5c7abe3f952", "operation": "security_recover", "outcome": "allowed", "principal": "user:c1-dev.097323d6-bb6e-4ccf-978a-6b466ca215cd", "reason": "", "target": ""}
{"correlation_id": "3d77d56a-919b-4a5b-b30e-9f18fd3350b7", "operation": "security_operation_read", "outcome": "allowed", "principal": "user:c1-dev.810ccc6a-6084-4c5c-80a3-1cd63e5db6d5", "reason": "", "target": "a1b2136c-b5dc-4327-b576-12c88611e596"}
{"correlation_id": "f645ef76-4a4c-4788-b4dc-d3a6ba54821d", "operation": "probe_read", "outcome": "denied", "principal": "user:c1-dev.5f190ba0-9fcd-4fc3-affd-8d6191c05c1c", "reason": "not_found", "target": "urn:c1:probe:entity-18ec2cc48b7c4c10bb4a5a69638e9b66"}
{"correlation_id": "8eaf9461-a76d-4fb5-8135-c5034e1df34f", "operation": "probe_read", "outcome": "allowed", "principal": "user:c1-dev.810ccc6a-6084-4c5c-80a3-1cd63e5db6d5", "reason": "", "target": "urn:c1:probe:entity-18ec2cc48b7c4c10bb4a5a69638e9b66"}
INFO:     Shutting down
INFO:     Waiting for application shutdown.
INFO:     Application shutdown complete.
INFO:     Finished server process [2713155]
INFO:     Started server process [2720083]
INFO:     Waiting for application startup.
INFO:     Application startup complete.
INFO:     Uvicorn running on http://127.0.0.1:18000 (Press CTRL+C to quit)
{"correlation_id": "36666c8e-8da4-4b86-a462-5848837a5f83", "operation": "whoami", "outcome": "allowed", "principal": "user:c1-dev.5f190ba0-9fcd-4fc3-affd-8d6191c05c1c", "reason": "", "target": ""}
INFO:     Shutting down
INFO:     Waiting for application shutdown.
INFO:     Application shutdown complete.
INFO:     Finished server process [2720083]
INFO:     Started server process [2729807]
INFO:     Waiting for application startup.
INFO:     Application startup complete.
INFO:     Uvicorn running on http://127.0.0.1:18000 (Press CTRL+C to quit)
INFO:     Started server process [2730045]
INFO:     Waiting for application startup.
{"correlation_id": "f446ba78-dedf-49f3-acd5-ff14c5df8c76", "operation": "startup_recovery", "outcome": "unavailable", "principal": "system", "reason": "recovery_pending", "target": ""}
INFO:     Application startup complete.
INFO:     Uvicorn running on http://127.0.0.1:18000 (Press CTRL+C to quit)
{"correlation_id": "b78199ca-4aa3-4aab-a103-c9f33c097abd", "operation": "probe_read", "outcome": "denied", "principal": "user:c1-dev.5f190ba0-9fcd-4fc3-affd-8d6191c05c1c", "reason": "not_found", "target": "urn:c1:probe:entity-21f8d4c8ffcc43c7aaf787763bc9c775"}
{"correlation_id": "5e849c06-ea79-4dcd-a890-2a5494941778", "operation": "rescope", "outcome": "applied", "principal": "user:c1-dev.810ccc6a-6084-4c5c-80a3-1cd63e5db6d5", "reason": "confirmed", "target": "urn:c1:probe:entity-21f8d4c8ffcc43c7aaf787763bc9c775"}
{"correlation_id": "e7b68780-c709-4fda-b1fd-7d780a9b7e7a", "operation": "security_recover", "outcome": "allowed", "principal": "user:c1-dev.097323d6-bb6e-4ccf-978a-6b466ca215cd", "reason": "", "target": ""}
{"correlation_id": "f9979163-0a1a-4e59-a9fd-6059f36e6145", "operation": "security_operation_read", "outcome": "allowed", "principal": "user:c1-dev.810ccc6a-6084-4c5c-80a3-1cd63e5db6d5", "reason": "", "target": "107b84b7-07e2-460c-8578-9a5cea482622"}
{"correlation_id": "e4c733d1-97cd-415d-a54b-905ecb492558", "operation": "probe_read", "outcome": "denied", "principal": "user:c1-dev.5f190ba0-9fcd-4fc3-affd-8d6191c05c1c", "reason": "not_found", "target": "urn:c1:probe:entity-21f8d4c8ffcc43c7aaf787763bc9c775"}
{"correlation_id": "19812aff-895b-413e-9c3e-cebd0e56929b", "operation": "probe_read", "outcome": "allowed", "principal": "user:c1-dev.810ccc6a-6084-4c5c-80a3-1cd63e5db6d5", "reason": "", "target": "urn:c1:probe:entity-21f8d4c8ffcc43c7aaf787763bc9c775"}
INFO:     Shutting down
INFO:     Waiting for application shutdown.
INFO:     Application shutdown complete.
INFO:     Finished server process [2730045]
INFO:     Started server process [2730798]
INFO:     Waiting for application startup.
INFO:     Application startup complete.
INFO:     Uvicorn running on http://127.0.0.1:18000 (Press CTRL+C to quit)
INFO:     Started server process [2730888]
INFO:     Waiting for application startup.
{"correlation_id": "cf2d17d2-8d7c-42cc-a90c-e558f56717e6", "operation": "startup_recovery", "outcome": "unavailable", "principal": "system", "reason": "recovery_pending", "target": ""}
INFO:     Application startup complete.
INFO:     Uvicorn running on http://127.0.0.1:18000 (Press CTRL+C to quit)
{"correlation_id": "1f09f405-c9a0-4af9-9fc9-e327e1687b97", "operation": "probe_read", "outcome": "denied", "principal": "user:c1-dev.5f190ba0-9fcd-4fc3-affd-8d6191c05c1c", "reason": "not_found", "target": "urn:c1:probe:entity-4d47860431604f59a999ce8c4d8dcc87"}
{"correlation_id": "f6d1f769-cce1-4247-9e89-1f15a40ea49e", "operation": "rescope", "outcome": "applied", "principal": "user:c1-dev.810ccc6a-6084-4c5c-80a3-1cd63e5db6d5", "reason": "confirmed", "target": "urn:c1:probe:entity-4d47860431604f59a999ce8c4d8dcc87"}
{"correlation_id": "a7d2f537-3206-41fa-a503-8cc283c0f980", "operation": "security_recover", "outcome": "allowed", "principal": "user:c1-dev.097323d6-bb6e-4ccf-978a-6b466ca215cd", "reason": "", "target": ""}
{"correlation_id": "a97c4bef-95a5-49c7-b519-bb33c1a8623a", "operation": "security_operation_read", "outcome": "allowed", "principal": "user:c1-dev.810ccc6a-6084-4c5c-80a3-1cd63e5db6d5", "reason": "", "target": "38449e0a-29f1-4ae5-b725-78cc1668a084"}
{"correlation_id": "e5d588b9-9c9c-44c4-bcc5-571472249e79", "operation": "probe_read", "outcome": "denied", "principal": "user:c1-dev.5f190ba0-9fcd-4fc3-affd-8d6191c05c1c", "reason": "not_found", "target": "urn:c1:probe:entity-4d47860431604f59a999ce8c4d8dcc87"}
{"correlation_id": "58bafa2b-6bdf-4f5c-8c31-243ed728fffa", "operation": "probe_read", "outcome": "allowed", "principal": "user:c1-dev.810ccc6a-6084-4c5c-80a3-1cd63e5db6d5", "reason": "", "target": "urn:c1:probe:entity-4d47860431604f59a999ce8c4d8dcc87"}
INFO:     Shutting down
INFO:     Waiting for application shutdown.
INFO:     Application shutdown complete.
INFO:     Finished server process [2730888]
INFO:     Started server process [2731632]
INFO:     Waiting for application startup.
INFO:     Application startup complete.
INFO:     Uvicorn running on http://127.0.0.1:18000 (Press CTRL+C to quit)
INFO:     Started server process [2731802]
INFO:     Waiting for application startup.
{"correlation_id": "869c094f-1aea-4d3b-9f0f-5273cc2e1009", "operation": "startup_recovery", "outcome": "unavailable", "principal": "system", "reason": "recovery_pending", "target": ""}
INFO:     Application startup complete.
INFO:     Uvicorn running on http://127.0.0.1:18000 (Press CTRL+C to quit)
{"correlation_id": "105b9045-53fb-42ef-a391-1f94dc8b7645", "operation": "probe_read", "outcome": "denied", "principal": "user:c1-dev.5f190ba0-9fcd-4fc3-affd-8d6191c05c1c", "reason": "not_found", "target": "urn:c1:probe:entity-8853be31caca4a9488293aa8b13d3ff9"}
{"correlation_id": "ede2c177-60f0-44c7-9c74-8f9d4e4a8bd3", "operation": "rescope", "outcome": "applied", "principal": "user:c1-dev.810ccc6a-6084-4c5c-80a3-1cd63e5db6d5", "reason": "confirmed", "target": "urn:c1:probe:entity-8853be31caca4a9488293aa8b13d3ff9"}
{"correlation_id": "37fffa3e-0672-402b-8b3d-087a60d9aeba", "operation": "security_recover", "outcome": "allowed", "principal": "user:c1-dev.097323d6-bb6e-4ccf-978a-6b466ca215cd", "reason": "", "target": ""}
{"correlation_id": "9901e0f6-8a60-4cfc-b146-207070aa5e4d", "operation": "security_operation_read", "outcome": "allowed", "principal": "user:c1-dev.810ccc6a-6084-4c5c-80a3-1cd63e5db6d5", "reason": "", "target": "373e6900-5c96-4f78-82d0-a9d5c5c65548"}
{"correlation_id": "b71b319e-5448-481d-afc8-1d3220686890", "operation": "probe_read", "outcome": "denied", "principal": "user:c1-dev.5f190ba0-9fcd-4fc3-affd-8d6191c05c1c", "reason": "not_found", "target": "urn:c1:probe:entity-8853be31caca4a9488293aa8b13d3ff9"}
{"correlation_id": "6774518d-0cc8-491c-b0b0-edb5674b37ef", "operation": "probe_read", "outcome": "allowed", "principal": "user:c1-dev.810ccc6a-6084-4c5c-80a3-1cd63e5db6d5", "reason": "", "target": "urn:c1:probe:entity-8853be31caca4a9488293aa8b13d3ff9"}
INFO:     Shutting down
INFO:     Waiting for application shutdown.
INFO:     Application shutdown complete.
INFO:     Finished server process [2731802]
INFO:     Started server process [2749142]
INFO:     Waiting for application startup.
INFO:     Application startup complete.
INFO:     Uvicorn running on http://127.0.0.1:18000 (Press CTRL+C to quit)
INFO:     Started server process [2749248]
INFO:     Waiting for application startup.
{"correlation_id": "50e44f27-01e5-4df9-889d-ac5a3234cf4b", "operation": "startup_recovery", "outcome": "unavailable", "principal": "system", "reason": "recovery_pending", "target": ""}
INFO:     Application startup complete.
INFO:     Uvicorn running on http://127.0.0.1:18000 (Press CTRL+C to quit)
{"correlation_id": "16255e18-6aee-44bd-a356-48fa825b0ec6", "operation": "probe_read", "outcome": "denied", "principal": "user:c1-dev.5f190ba0-9fcd-4fc3-affd-8d6191c05c1c", "reason": "not_found", "target": "urn:c1:probe:entity-b70cdfde20a440be95ab5b78fd605d51"}
{"correlation_id": "2f14e69a-46e6-45af-9567-0ff9a10cb0bb", "operation": "rescope", "outcome": "applied", "principal": "user:c1-dev.810ccc6a-6084-4c5c-80a3-1cd63e5db6d5", "reason": "confirmed", "target": "urn:c1:probe:entity-b70cdfde20a440be95ab5b78fd605d51"}
{"correlation_id": "5d36ecb6-c9bb-49fe-8dbf-2baab2244a39", "operation": "security_recover", "outcome": "allowed", "principal": "user:c1-dev.097323d6-bb6e-4ccf-978a-6b466ca215cd", "reason": "", "target": ""}
{"correlation_id": "488e9b3f-01b9-4864-a92f-f7a701f2849e", "operation": "security_operation_read", "outcome": "allowed", "principal": "user:c1-dev.810ccc6a-6084-4c5c-80a3-1cd63e5db6d5", "reason": "", "target": "45efdd40-2b40-47c1-915a-90f89428856a"}
{"correlation_id": "5bf4c0ae-b344-454a-addb-95911accb1c0", "operation": "probe_read", "outcome": "denied", "principal": "user:c1-dev.5f190ba0-9fcd-4fc3-affd-8d6191c05c1c", "reason": "not_found", "target": "urn:c1:probe:entity-b70cdfde20a440be95ab5b78fd605d51"}
{"correlation_id": "ebf2692c-d264-4756-bf93-763771fcdcff", "operation": "probe_read", "outcome": "allowed", "principal": "user:c1-dev.810ccc6a-6084-4c5c-80a3-1cd63e5db6d5", "reason": "", "target": "urn:c1:probe:entity-b70cdfde20a440be95ab5b78fd605d51"}
INFO:     Shutting down
INFO:     Waiting for application shutdown.
INFO:     Application shutdown complete.
INFO:     Finished server process [2749248]
INFO:     Started server process [2749928]
INFO:     Waiting for application startup.
INFO:     Application startup complete.
INFO:     Uvicorn running on http://127.0.0.1:18000 (Press CTRL+C to quit)
INFO:     Started server process [2750039]
INFO:     Waiting for application startup.
{"correlation_id": "4d3f82fa-9a8a-4133-a9e3-24593aa62e05", "operation": "startup_recovery", "outcome": "unavailable", "principal": "system", "reason": "recovery_pending", "target": ""}
INFO:     Application startup complete.
INFO:     Uvicorn running on http://127.0.0.1:18000 (Press CTRL+C to quit)
{"correlation_id": "46e8c763-17ca-45ec-9e6f-635fc8812ce4", "operation": "probe_read", "outcome": "denied", "principal": "user:c1-dev.5f190ba0-9fcd-4fc3-affd-8d6191c05c1c", "reason": "not_found", "target": "urn:c1:probe:entity-b466e3512bf04d71b2e644426451f754"}
{"correlation_id": "4a7602e7-6af0-4ee9-84ee-c12dc9909549", "operation": "rescope", "outcome": "applied", "principal": "user:c1-dev.810ccc6a-6084-4c5c-80a3-1cd63e5db6d5", "reason": "confirmed", "target": "urn:c1:probe:entity-b466e3512bf04d71b2e644426451f754"}
{"correlation_id": "81b10e0b-ed46-4498-b8c1-93976eeadb13", "operation": "security_recover", "outcome": "allowed", "principal": "user:c1-dev.097323d6-bb6e-4ccf-978a-6b466ca215cd", "reason": "", "target": ""}
{"correlation_id": "ca69a8d9-db88-4465-aebd-b94b2bdcd540", "operation": "security_operation_read", "outcome": "allowed", "principal": "user:c1-dev.810ccc6a-6084-4c5c-80a3-1cd63e5db6d5", "reason": "", "target": "2b4e1c06-3e4e-43f7-9aac-f06ba6472d99"}
{"correlation_id": "b6a74562-c93a-4ce9-aea4-432df7eaf5eb", "operation": "probe_read", "outcome": "denied", "principal": "user:c1-dev.5f190ba0-9fcd-4fc3-affd-8d6191c05c1c", "reason": "not_found", "target": "urn:c1:probe:entity-b466e3512bf04d71b2e644426451f754"}
{"correlation_id": "ffb62199-010d-42b6-ab04-9722782380be", "operation": "probe_read", "outcome": "allowed", "principal": "user:c1-dev.810ccc6a-6084-4c5c-80a3-1cd63e5db6d5", "reason": "", "target": "urn:c1:probe:entity-b466e3512bf04d71b2e644426451f754"}
INFO:     Shutting down
INFO:     Waiting for application shutdown.
INFO:     Application shutdown complete.
INFO:     Finished server process [2750039]
INFO:     Started server process [2750706]
INFO:     Waiting for application startup.
INFO:     Application startup complete.
INFO:     Uvicorn running on http://127.0.0.1:18000 (Press CTRL+C to quit)
INFO:     Started server process [2750841]
INFO:     Waiting for application startup.
{"correlation_id": "ef99dd3c-13b8-4980-a828-53b00e5977a8", "operation": "startup_recovery", "outcome": "unavailable", "principal": "system", "reason": "recovery_pending", "target": ""}
INFO:     Application startup complete.
INFO:     Uvicorn running on http://127.0.0.1:18000 (Press CTRL+C to quit)
{"correlation_id": "18e7617b-2b7d-4b68-8ee7-fec13bc9a67a", "operation": "probe_read", "outcome": "denied", "principal": "user:c1-dev.5f190ba0-9fcd-4fc3-affd-8d6191c05c1c", "reason": "not_found", "target": "urn:c1:probe:entity-a4bcb968702945e1a5b2a50c57495696"}
{"correlation_id": "33bfc4e5-206a-4237-a516-fe1395c51d81", "operation": "rescope", "outcome": "applied", "principal": "user:c1-dev.810ccc6a-6084-4c5c-80a3-1cd63e5db6d5", "reason": "confirmed", "target": "urn:c1:probe:entity-a4bcb968702945e1a5b2a50c57495696"}
{"correlation_id": "bcbed646-2fdc-4bc3-8d6d-34f739a51eb5", "operation": "security_recover", "outcome": "allowed", "principal": "user:c1-dev.097323d6-bb6e-4ccf-978a-6b466ca215cd", "reason": "", "target": ""}
{"correlation_id": "c65c77a4-0498-498a-9b92-6a00262977e9", "operation": "security_operation_read", "outcome": "allowed", "principal": "user:c1-dev.810ccc6a-6084-4c5c-80a3-1cd63e5db6d5", "reason": "", "target": "d0e5700d-7d96-4928-915a-a5c3cba82423"}
{"correlation_id": "55e5b259-aa32-475d-8f9e-765412742035", "operation": "probe_read", "outcome": "denied", "principal": "user:c1-dev.5f190ba0-9fcd-4fc3-affd-8d6191c05c1c", "reason": "not_found", "target": "urn:c1:probe:entity-a4bcb968702945e1a5b2a50c57495696"}
{"correlation_id": "5e752c28-d1c2-4d2b-aa9e-8145dfa45112", "operation": "probe_read", "outcome": "allowed", "principal": "user:c1-dev.810ccc6a-6084-4c5c-80a3-1cd63e5db6d5", "reason": "", "target": "urn:c1:probe:entity-a4bcb968702945e1a5b2a50c57495696"}
INFO:     Shutting down
INFO:     Waiting for application shutdown.
INFO:     Application shutdown complete.
INFO:     Finished server process [2750841]
INFO:     Started server process [2769182]
INFO:     Waiting for application startup.
INFO:     Application startup complete.
INFO:     Uvicorn running on http://127.0.0.1:18000 (Press CTRL+C to quit)
INFO:     Started server process [2769255]
INFO:     Waiting for application startup.
{"correlation_id": "6794513f-c699-44d5-921f-60113f2efb7a", "operation": "startup_recovery", "outcome": "unavailable", "principal": "system", "reason": "recovery_pending", "target": ""}
INFO:     Application startup complete.
INFO:     Uvicorn running on http://127.0.0.1:18000 (Press CTRL+C to quit)
{"correlation_id": "22cbf9b0-c87c-47b1-bd65-47d0dd51c041", "operation": "probe_read", "outcome": "denied", "principal": "user:c1-dev.5f190ba0-9fcd-4fc3-affd-8d6191c05c1c", "reason": "not_found", "target": "urn:c1:probe:entity-ca17bdbded9d4d169f383cb2640084c5"}
{"correlation_id": "6aa7e6f8-5213-4ddc-af1f-b9d9ec052c90", "operation": "rescope", "outcome": "applied", "principal": "user:c1-dev.810ccc6a-6084-4c5c-80a3-1cd63e5db6d5", "reason": "confirmed", "target": "urn:c1:probe:entity-ca17bdbded9d4d169f383cb2640084c5"}
{"correlation_id": "8a339879-e844-4aa7-ba52-e312cfb25e9d", "operation": "security_recover", "outcome": "allowed", "principal": "user:c1-dev.097323d6-bb6e-4ccf-978a-6b466ca215cd", "reason": "", "target": ""}
{"correlation_id": "e177235d-2d7c-4a4a-ac07-2228743a7fd7", "operation": "security_operation_read", "outcome": "allowed", "principal": "user:c1-dev.810ccc6a-6084-4c5c-80a3-1cd63e5db6d5", "reason": "", "target": "8708a91b-9c25-4125-8f65-c09bc0756b6d"}
{"correlation_id": "955624f5-ac00-446f-8191-002a55ca00ee", "operation": "probe_read", "outcome": "denied", "principal": "user:c1-dev.5f190ba0-9fcd-4fc3-affd-8d6191c05c1c", "reason": "not_found", "target": "urn:c1:probe:entity-ca17bdbded9d4d169f383cb2640084c5"}
{"correlation_id": "6de56ef9-94f6-49fb-8109-7f7412e2826b", "operation": "probe_read", "outcome": "allowed", "principal": "user:c1-dev.810ccc6a-6084-4c5c-80a3-1cd63e5db6d5", "reason": "", "target": "urn:c1:probe:entity-ca17bdbded9d4d169f383cb2640084c5"}
INFO:     Shutting down
INFO:     Waiting for application shutdown.
INFO:     Application shutdown complete.
INFO:     Finished server process [2769255]
INFO:     Started server process [2770334]
INFO:     Waiting for application startup.
INFO:     Application startup complete.
INFO:     Uvicorn running on http://127.0.0.1:18000 (Press CTRL+C to quit)
INFO:     Started server process [2770442]
INFO:     Waiting for application startup.
{"correlation_id": "7168a665-c83d-48d6-82cb-34ba304de37f", "operation": "startup_recovery", "outcome": "unavailable", "principal": "system", "reason": "recovery_pending", "target": ""}
INFO:     Application startup complete.
INFO:     Uvicorn running on http://127.0.0.1:18000 (Press CTRL+C to quit)
{"correlation_id": "a2dc12aa-5368-4375-88a5-e145736202b7", "operation": "probe_read", "outcome": "denied", "principal": "user:c1-dev.5f190ba0-9fcd-4fc3-affd-8d6191c05c1c", "reason": "not_found", "target": "urn:c1:probe:entity-8ebe31fea41d443e860d1134274e051e"}
{"correlation_id": "c3cfbe0c-f230-4952-af07-a409b7554c43", "operation": "rescope", "outcome": "applied", "principal": "user:c1-dev.810ccc6a-6084-4c5c-80a3-1cd63e5db6d5", "reason": "confirmed", "target": "urn:c1:probe:entity-8ebe31fea41d443e860d1134274e051e"}
{"correlation_id": "61bdfa1c-88eb-44f7-93ef-1e4a7d09d2b4", "operation": "security_recover", "outcome": "allowed", "principal": "user:c1-dev.097323d6-bb6e-4ccf-978a-6b466ca215cd", "reason": "", "target": ""}
{"correlation_id": "c72eb3c3-b5b8-45ee-90a5-8febb1827397", "operation": "security_operation_read", "outcome": "allowed", "principal": "user:c1-dev.810ccc6a-6084-4c5c-80a3-1cd63e5db6d5", "reason": "", "target": "3a50a64f-0eec-4026-94dd-7188168314e2"}
{"correlation_id": "553b98e0-e234-4d1e-9841-80a4815f6fe1", "operation": "probe_read", "outcome": "denied", "principal": "user:c1-dev.5f190ba0-9fcd-4fc3-affd-8d6191c05c1c", "reason": "not_found", "target": "urn:c1:probe:entity-8ebe31fea41d443e860d1134274e051e"}
{"correlation_id": "5a07b5e2-887d-4cfb-96e9-387844a8e24b", "operation": "probe_read", "outcome": "allowed", "principal": "user:c1-dev.810ccc6a-6084-4c5c-80a3-1cd63e5db6d5", "reason": "", "target": "urn:c1:probe:entity-8ebe31fea41d443e860d1134274e051e"}
INFO:     Shutting down
INFO:     Waiting for application shutdown.
INFO:     Application shutdown complete.
INFO:     Finished server process [2770442]
INFO:     Started server process [2771308]
INFO:     Waiting for application startup.
INFO:     Application startup complete.
INFO:     Uvicorn running on http://127.0.0.1:18000 (Press CTRL+C to quit)
INFO:     Started server process [2771482]
INFO:     Waiting for application startup.
{"correlation_id": "0ae15291-9479-4da3-955d-6b104172e0bf", "operation": "startup_recovery", "outcome": "unavailable", "principal": "system", "reason": "recovery_pending", "target": ""}
INFO:     Application startup complete.
INFO:     Uvicorn running on http://127.0.0.1:18000 (Press CTRL+C to quit)
{"correlation_id": "6b4f5ff8-fbeb-40d5-96e1-c110030e40aa", "operation": "probe_read", "outcome": "denied", "principal": "user:c1-dev.5f190ba0-9fcd-4fc3-affd-8d6191c05c1c", "reason": "not_found", "target": "urn:c1:probe:entity-8163c9f70ea74c3ea9d3161a7ae612fe"}
{"correlation_id": "b6653c7a-ab2c-4a71-b393-dc6bf0aabd17", "operation": "rescope", "outcome": "applied", "principal": "user:c1-dev.810ccc6a-6084-4c5c-80a3-1cd63e5db6d5", "reason": "confirmed", "target": "urn:c1:probe:entity-8163c9f70ea74c3ea9d3161a7ae612fe"}
{"correlation_id": "4b520650-1fc1-4b4d-9fcf-a6cdcf7cd668", "operation": "security_recover", "outcome": "allowed", "principal": "user:c1-dev.097323d6-bb6e-4ccf-978a-6b466ca215cd", "reason": "", "target": ""}
{"correlation_id": "6e592691-5e40-4ce9-a235-676767ccc6e9", "operation": "security_operation_read", "outcome": "allowed", "principal": "user:c1-dev.810ccc6a-6084-4c5c-80a3-1cd63e5db6d5", "reason": "", "target": "6358814f-b8b9-43cb-8718-42f186ebc6a0"}
{"correlation_id": "8934151a-ea1d-4b91-8fd4-2d762333f7f1", "operation": "probe_read", "outcome": "denied", "principal": "user:c1-dev.5f190ba0-9fcd-4fc3-affd-8d6191c05c1c", "reason": "not_found", "target": "urn:c1:probe:entity-8163c9f70ea74c3ea9d3161a7ae612fe"}
{"correlation_id": "64ca370d-351e-42a2-b108-bb0079c563f7", "operation": "probe_read", "outcome": "allowed", "principal": "user:c1-dev.810ccc6a-6084-4c5c-80a3-1cd63e5db6d5", "reason": "", "target": "urn:c1:probe:entity-8163c9f70ea74c3ea9d3161a7ae612fe"}
INFO:     Shutting down
INFO:     Waiting for application shutdown.
INFO:     Application shutdown complete.
INFO:     Finished server process [2771482]
INFO:     Started server process [2138957]
INFO:     Waiting for application startup.
INFO:     Application startup complete.
INFO:     Uvicorn running on http://127.0.0.1:18000 (Press CTRL+C to quit)
INFO:     Started server process [2139075]
INFO:     Waiting for application startup.
{"correlation_id": "2e453c97-7992-4ea3-acff-8407f5c1d5e9", "operation": "startup_recovery", "outcome": "unavailable", "principal": "system", "reason": "recovery_pending", "target": ""}
INFO:     Application startup complete.
INFO:     Uvicorn running on http://127.0.0.1:18000 (Press CTRL+C to quit)
{"correlation_id": "20f4d313-1cc7-4332-8f8a-0720ed278e40", "operation": "probe_read", "outcome": "denied", "principal": "user:c1-dev.7d89fb29-3c08-437e-9f68-5bea90fb3373", "reason": "not_found", "target": "urn:c1:probe:entity-2ea8e3852a1343278a92500e80baf411"}
{"correlation_id": "1de9382b-8ea3-44c3-834e-18c16b0ccbd4", "operation": "rescope", "outcome": "applied", "principal": "user:c1-dev.52ee7bde-2918-4348-97e9-33ed361e2c99", "reason": "confirmed", "target": "urn:c1:probe:entity-2ea8e3852a1343278a92500e80baf411"}
{"correlation_id": "34a54ec3-2cb9-4c62-ac61-05f47d74fa86", "operation": "security_recover", "outcome": "allowed", "principal": "user:c1-dev.37324743-8d1d-4e8f-a42a-8d9f0cb5753c", "reason": "", "target": ""}
{"correlation_id": "2b19f3ec-079d-4d4c-b94c-7f85c0dfa04e", "operation": "security_operation_read", "outcome": "allowed", "principal": "user:c1-dev.52ee7bde-2918-4348-97e9-33ed361e2c99", "reason": "", "target": "806ec6a4-90e2-49f9-963d-bce364ac0519"}
{"correlation_id": "75e1deca-3a33-401c-a2c2-b90a9ade81ff", "operation": "probe_read", "outcome": "denied", "principal": "user:c1-dev.7d89fb29-3c08-437e-9f68-5bea90fb3373", "reason": "not_found", "target": "urn:c1:probe:entity-2ea8e3852a1343278a92500e80baf411"}
{"correlation_id": "b9704cce-6501-45e6-bebb-853e541ef432", "operation": "probe_read", "outcome": "allowed", "principal": "user:c1-dev.52ee7bde-2918-4348-97e9-33ed361e2c99", "reason": "", "target": "urn:c1:probe:entity-2ea8e3852a1343278a92500e80baf411"}
INFO:     Shutting down
INFO:     Waiting for application shutdown.
INFO:     Application shutdown complete.
INFO:     Finished server process [2139075]
INFO:     Started server process [2140530]
INFO:     Waiting for application startup.
INFO:     Application startup complete.
INFO:     Uvicorn running on http://127.0.0.1:18000 (Press CTRL+C to quit)
INFO:     Started server process [2140665]
INFO:     Waiting for application startup.
{"correlation_id": "f129ee8f-48aa-4adf-b3dd-a16dfd3ddf68", "operation": "startup_recovery", "outcome": "unavailable", "principal": "system", "reason": "recovery_pending", "target": ""}
INFO:     Application startup complete.
INFO:     Uvicorn running on http://127.0.0.1:18000 (Press CTRL+C to quit)
{"correlation_id": "5d3f7ece-6089-4559-92df-ef1b8d98bf3f", "operation": "probe_read", "outcome": "denied", "principal": "user:c1-dev.7d89fb29-3c08-437e-9f68-5bea90fb3373", "reason": "not_found", "target": "urn:c1:probe:entity-5381f3a1448442629893ff76da39e6b7"}
{"correlation_id": "3e9008cd-2ba8-44af-9604-afa7522020c6", "operation": "rescope", "outcome": "applied", "principal": "user:c1-dev.52ee7bde-2918-4348-97e9-33ed361e2c99", "reason": "confirmed", "target": "urn:c1:probe:entity-5381f3a1448442629893ff76da39e6b7"}
{"correlation_id": "49a1e284-3577-4278-97e0-57797982bcf6", "operation": "security_recover", "outcome": "allowed", "principal": "user:c1-dev.37324743-8d1d-4e8f-a42a-8d9f0cb5753c", "reason": "", "target": ""}
{"correlation_id": "a2055108-9373-499e-ad2f-2f79f619e5be", "operation": "security_operation_read", "outcome": "allowed", "principal": "user:c1-dev.52ee7bde-2918-4348-97e9-33ed361e2c99", "reason": "", "target": "9e277012-aa1b-4d1e-be79-6e46e7fed7c4"}
{"correlation_id": "0fc311f0-7b4c-4ee6-857f-87a4ffcf0eb8", "operation": "probe_read", "outcome": "denied", "principal": "user:c1-dev.7d89fb29-3c08-437e-9f68-5bea90fb3373", "reason": "not_found", "target": "urn:c1:probe:entity-5381f3a1448442629893ff76da39e6b7"}
{"correlation_id": "72ec8baa-f879-4ee6-83c8-87693541ba96", "operation": "probe_read", "outcome": "allowed", "principal": "user:c1-dev.52ee7bde-2918-4348-97e9-33ed361e2c99", "reason": "", "target": "urn:c1:probe:entity-5381f3a1448442629893ff76da39e6b7"}
INFO:     Shutting down
INFO:     Waiting for application shutdown.
INFO:     Application shutdown complete.
INFO:     Finished server process [2140665]
INFO:     Started server process [2142021]
INFO:     Waiting for application startup.
INFO:     Application startup complete.
INFO:     Uvicorn running on http://127.0.0.1:18000 (Press CTRL+C to quit)
INFO:     Started server process [2142169]
INFO:     Waiting for application startup.
{"correlation_id": "4978119b-414c-4fb9-89b5-33cc2a40dff8", "operation": "startup_recovery", "outcome": "unavailable", "principal": "system", "reason": "recovery_pending", "target": ""}
INFO:     Application startup complete.
INFO:     Uvicorn running on http://127.0.0.1:18000 (Press CTRL+C to quit)
{"correlation_id": "43a89052-9f6c-4875-b16e-e12bc54af150", "operation": "probe_read", "outcome": "denied", "principal": "user:c1-dev.7d89fb29-3c08-437e-9f68-5bea90fb3373", "reason": "not_found", "target": "urn:c1:probe:entity-0e5051091efb4f4b917e4fa3969f968a"}
{"correlation_id": "4c651d19-6713-41ac-aaee-81ab260262db", "operation": "rescope", "outcome": "applied", "principal": "user:c1-dev.52ee7bde-2918-4348-97e9-33ed361e2c99", "reason": "confirmed", "target": "urn:c1:probe:entity-0e5051091efb4f4b917e4fa3969f968a"}
{"correlation_id": "43f25f08-69e6-40ee-b8ff-d866de2618db", "operation": "security_recover", "outcome": "allowed", "principal": "user:c1-dev.37324743-8d1d-4e8f-a42a-8d9f0cb5753c", "reason": "", "target": ""}
{"correlation_id": "2deb2afe-e282-4a96-8b5c-40b25a2ae444", "operation": "security_operation_read", "outcome": "allowed", "principal": "user:c1-dev.52ee7bde-2918-4348-97e9-33ed361e2c99", "reason": "", "target": "02f888bb-843e-479d-97ac-a89a60a86f17"}
{"correlation_id": "e5650870-960b-4a16-b959-b384b7d9f089", "operation": "probe_read", "outcome": "denied", "principal": "user:c1-dev.7d89fb29-3c08-437e-9f68-5bea90fb3373", "reason": "not_found", "target": "urn:c1:probe:entity-0e5051091efb4f4b917e4fa3969f968a"}
{"correlation_id": "f0887729-ded1-41cb-9f92-78598d92e070", "operation": "probe_read", "outcome": "allowed", "principal": "user:c1-dev.52ee7bde-2918-4348-97e9-33ed361e2c99", "reason": "", "target": "urn:c1:probe:entity-0e5051091efb4f4b917e4fa3969f968a"}
INFO:     Shutting down
INFO:     Waiting for application shutdown.
INFO:     Application shutdown complete.
INFO:     Finished server process [2142169]
INFO:     Started server process [2148051]
INFO:     Waiting for application startup.
INFO:     Application startup complete.
INFO:     Uvicorn running on http://127.0.0.1:18000 (Press CTRL+C to quit)
INFO:     Started server process [2148233]
INFO:     Waiting for application startup.
INFO:     Application startup complete.
INFO:     Uvicorn running on http://127.0.0.1:18000 (Press CTRL+C to quit)
{"correlation_id": "7c192c52-ba27-4fc0-b7cf-8be1c588addb", "operation": "security_recover", "outcome": "allowed", "principal": "user:c1-dev.37324743-8d1d-4e8f-a42a-8d9f0cb5753c", "reason": "", "target": ""}
{"correlation_id": "492b6c7e-0880-4bf3-abf3-327bac2e9634", "operation": "changeset_read", "outcome": "allowed", "principal": "user:c1-dev.2c8d560f-a67a-4801-8621-e597415decd4", "reason": "", "target": "urn:c1:instance:dev:changeset-299fa6db14c040568cdaead9c24a7e2f"}
{"correlation_id": "485b3339-baf3-4a51-b2a2-a0f5b27c3d12", "operation": "resource_read", "outcome": "allowed", "principal": "user:c1-dev.2c8d560f-a67a-4801-8621-e597415decd4", "reason": "", "target": "urn:c1:instance:dev:entity/2f98b0d2-c070-4b94-bbfd-f4c549b7a6e5"}
INFO:     Shutting down
INFO:     Waiting for application shutdown.
INFO:     Application shutdown complete.
INFO:     Finished server process [2148233]
INFO:     Started server process [2148605]
INFO:     Waiting for application startup.
INFO:     Application startup complete.
INFO:     Uvicorn running on http://127.0.0.1:18000 (Press CTRL+C to quit)
INFO:     Started server process [2148952]
INFO:     Waiting for application startup.
INFO:     Application startup complete.
INFO:     Uvicorn running on http://127.0.0.1:18000 (Press CTRL+C to quit)
{"correlation_id": "8fb12ce4-d70d-41a9-afe3-e3adb808d534", "operation": "security_recover", "outcome": "allowed", "principal": "user:c1-dev.37324743-8d1d-4e8f-a42a-8d9f0cb5753c", "reason": "", "target": ""}
{"correlation_id": "1691b55a-57f2-41df-8f7f-7adc4918c50e", "operation": "changeset_read", "outcome": "allowed", "principal": "user:c1-dev.2c8d560f-a67a-4801-8621-e597415decd4", "reason": "", "target": "urn:c1:instance:dev:changeset-a60363f9e7d94cb3bb137d2ce97b020f"}
{"correlation_id": "bb17d86e-772b-4d87-b9a8-038e9ce4fb48", "operation": "resource_read", "outcome": "allowed", "principal": "user:c1-dev.2c8d560f-a67a-4801-8621-e597415decd4", "reason": "", "target": "urn:c1:instance:dev:entity/349f9698-dbda-4b87-8664-64030fa82e8e"}
INFO:     Shutting down
INFO:     Waiting for application shutdown.
INFO:     Application shutdown complete.
INFO:     Finished server process [2148952]
INFO:     Started server process [2149314]
INFO:     Waiting for application startup.
INFO:     Application startup complete.
INFO:     Uvicorn running on http://127.0.0.1:18000 (Press CTRL+C to quit)
INFO:     Started server process [2149493]
INFO:     Waiting for application startup.
INFO:     Application startup complete.
INFO:     Uvicorn running on http://127.0.0.1:18000 (Press CTRL+C to quit)
{"correlation_id": "fa9fcb17-8a66-4cda-be80-57833c5d5aa5", "operation": "security_recover", "outcome": "allowed", "principal": "user:c1-dev.37324743-8d1d-4e8f-a42a-8d9f0cb5753c", "reason": "", "target": ""}
{"correlation_id": "b44b7458-1919-40d6-bed8-d28a72125f63", "operation": "changeset_read", "outcome": "allowed", "principal": "user:c1-dev.2c8d560f-a67a-4801-8621-e597415decd4", "reason": "", "target": "urn:c1:instance:dev:changeset-f248a11d5e4844bfa016c6972c2fb8db"}
{"correlation_id": "1d33801e-d91b-4f6e-819f-6337f0a2aad1", "operation": "resource_read", "outcome": "allowed", "principal": "user:c1-dev.2c8d560f-a67a-4801-8621-e597415decd4", "reason": "", "target": "urn:c1:instance:dev:entity/757aa2d3-5b82-4289-95cb-3edd6676a75c"}
INFO:     Shutting down
INFO:     Waiting for application shutdown.
INFO:     Application shutdown complete.
INFO:     Finished server process [2149493]
INFO:     Started server process [2149826]
INFO:     Waiting for application startup.
INFO:     Application startup complete.
INFO:     Uvicorn running on http://127.0.0.1:18000 (Press CTRL+C to quit)
INFO:     Started server process [2149980]
INFO:     Waiting for application startup.
INFO:     Application startup complete.
INFO:     Uvicorn running on http://127.0.0.1:18000 (Press CTRL+C to quit)
{"correlation_id": "bb962be3-0159-4dae-8bb4-62216afceacc", "operation": "security_recover", "outcome": "allowed", "principal": "user:c1-dev.37324743-8d1d-4e8f-a42a-8d9f0cb5753c", "reason": "", "target": ""}
{"correlation_id": "623798fe-9f03-4d5e-8750-1ea53cdf2114", "operation": "changeset_read", "outcome": "allowed", "principal": "user:c1-dev.2c8d560f-a67a-4801-8621-e597415decd4", "reason": "", "target": "urn:c1:instance:dev:changeset-3240dfd0ae66416fbc38a3eb2545c121"}
{"correlation_id": "77b01370-c6d5-4798-a2ac-ce856327d2e3", "operation": "resource_read", "outcome": "allowed", "principal": "user:c1-dev.2c8d560f-a67a-4801-8621-e597415decd4", "reason": "", "target": "urn:c1:instance:dev:entity/ac7692af-f886-43f3-96de-70dd7500fe9c"}
INFO:     Shutting down
INFO:     Waiting for application shutdown.
INFO:     Application shutdown complete.
INFO:     Finished server process [2149980]
INFO:     Started server process [2154655]
INFO:     Waiting for application startup.
INFO:     Application startup complete.
INFO:     Uvicorn running on http://127.0.0.1:18000 (Press CTRL+C to quit)
INFO:     Started server process [2154808]
INFO:     Waiting for application startup.
INFO:     Application startup complete.
INFO:     Uvicorn running on http://127.0.0.1:18000 (Press CTRL+C to quit)
{"correlation_id": "e056a27d-243b-4105-94d1-c5c6f2287089", "operation": "security_recover", "outcome": "allowed", "principal": "user:c1-dev.37324743-8d1d-4e8f-a42a-8d9f0cb5753c", "reason": "", "target": ""}
{"correlation_id": "da355534-6c87-4b8e-b976-a78d5972d22b", "operation": "resource_read", "outcome": "allowed", "principal": "user:c1-dev.7d89fb29-3c08-437e-9f68-5bea90fb3373", "reason": "", "target": "urn:c1:probe:entity-7d9fe460ded94706b89224f46096a9b9"}
{"correlation_id": "9ff601e7-4fbf-400e-8ea3-1eec00bee131", "operation": "changeset_read", "outcome": "allowed", "principal": "user:c1-dev.52ee7bde-2918-4348-97e9-33ed361e2c99", "reason": "", "target": "urn:c1:instance:dev:changeset-3c5bd5496b4c4b938281d518fac6b797"}
INFO:     Shutting down
INFO:     Waiting for application shutdown.
INFO:     Application shutdown complete.
INFO:     Finished server process [2154808]
