........................................................................ [ 73%]
.............EFAILED tests/integration/m08/test_t07_protected.py::test_t07_restricted_source_has_no_influence_and_follows_current_bindings [setup]
E   httpcore.ReadError

The above exception was the direct cause of the following exception:
E   httpx.ReadError

==================================== ERRORS ====================================
_ ERROR at setup of test_t07_restricted_source_has_no_influence_and_follows_current_bindings _
E   httpcore.ReadError

The above exception was the direct cause of the following exception:
E   httpx.ReadError
=============================== warnings summary ===============================
tests/integration/m01/test_t07_interchange.py: 3 warnings
tests/integration/m02/test_install_guards.py: 1 warning
tests/integration/m02/test_t01_roundtrip.py: 2 warnings
tests/integration/m02/test_t02_conflicts.py: 1 warning
tests/integration/m02/test_t03_no_partial.py: 1 warning
tests/integration/m02/test_t04_identity.py: 2 warnings
tests/integration/m02/test_t07_extension.py: 2 warnings
tests/integration/m03/test_journal_contract.py: 1 warning
tests/integration/m05/test_backend_fetch.py: 1 warning
  /root/c1/.venv/lib/python3.13/site-packages/rdflib/plugins/parsers/jsonld.py:159: DeprecationWarning: ConjunctiveGraph is deprecated, use Dataset instead.
    conj_sink = ConjunctiveGraph(store=sink.store, identifier=sink.identifier)

-- Docs: https://docs.pytest.org/en/stable/how-to/capture-warnings.html
=========================== short test summary info ============================
ERROR tests/integration/m08/test_t07_protected.py::test_t07_restricted_source_has_no_influence_and_follows_current_bindings
!!!!!!!!!!!!!!!!!!!!!!!!!! stopping after 1 failures !!!!!!!!!!!!!!!!!!!!!!!!!!!
85 passed, 14 warnings, 1 error in 7482.34s (2:04:42)
uv failed with exit status 1.
