.............                                                            [100%]
============================== slowest durations ===============================
753.47s setup    tests/integration/m08/test_t01_identities.py::test_t01_independent_identities_and_shared_capability
732.17s setup    tests/integration/m08/test_t07_protected.py::test_t07_restricted_source_has_no_influence_and_follows_current_bindings
125.33s call     tests/integration/m09/test_t01_required.py::test_t01_required_context_for_create_invoice
114.21s call     tests/integration/m08/test_t03_evidence.py::test_t03_citations_resolve_to_immutable_snapshot_content
85.27s call     tests/integration/m08/test_t01_identities.py::test_t01_independent_identities_and_shared_capability
81.48s call     tests/integration/m09/test_t05_consumer.py::test_t05_consumer_reproducibility
65.49s call     tests/integration/m08/test_t07_protected.py::test_t07_restricted_source_has_no_influence_and_follows_current_bindings
32.67s call     tests/integration/m08/test_t02_targets.py::test_t02_target_pinning_and_explicit_branch_resolution
32.22s call     tests/integration/m08/test_t04_partial.py::test_t04_partial_import_is_explicit_and_never_relabeled
25.40s call     tests/integration/m09/test_t06_restricted.py::test_t06_restricted_dependency_is_an_authorized_gap
23.50s call     tests/integration/m08/test_t05_idempotent.py::test_t05_repeat_import_is_idempotent_and_competing_claims_coexist
14.06s call     tests/integration/m09/test_t03_runs.py::test_t03_definition_versus_execution
9.39s call     tests/integration/m09/test_t02_discrepancy.py::test_t02_discrepancy_is_preserved_not_canonized
9.21s call     tests/integration/m09/test_t04_mock.py::test_t04_mock_versus_integration
8.80s call     tests/integration/m08/test_t06_relationships.py::test_t06_relationship_basis_and_mock_versus_observed
0.26s teardown tests/integration/m09/test_t06_restricted.py::test_t06_restricted_dependency_is_an_authorized_gap
0.02s teardown tests/integration/m08/test_t01_identities.py::test_t01_independent_identities_and_shared_capability
0.02s teardown tests/integration/m08/test_t07_protected.py::test_t07_restricted_source_has_no_influence_and_follows_current_bindings
0.02s teardown tests/integration/m09/test_t05_consumer.py::test_t05_consumer_reproducibility
0.01s teardown tests/integration/m09/test_t02_discrepancy.py::test_t02_discrepancy_is_preserved_not_canonized
0.01s teardown tests/integration/m09/test_t03_runs.py::test_t03_definition_versus_execution
0.01s teardown tests/integration/m09/test_t04_mock.py::test_t04_mock_versus_integration
0.01s teardown tests/integration/m08/test_t05_idempotent.py::test_t05_repeat_import_is_idempotent_and_competing_claims_coexist
0.01s teardown tests/integration/m08/test_t02_targets.py::test_t02_target_pinning_and_explicit_branch_resolution
0.01s teardown tests/integration/m08/test_t04_partial.py::test_t04_partial_import_is_explicit_and_never_relabeled
0.01s teardown tests/integration/m09/test_t01_required.py::test_t01_required_context_for_create_invoice
0.01s teardown tests/integration/m08/test_t06_relationships.py::test_t06_relationship_basis_and_mock_versus_observed
0.01s teardown tests/integration/m08/test_t03_evidence.py::test_t03_citations_resolve_to_immutable_snapshot_content

(11 durations < 0.005s hidden.  Use -vv to show these durations.)
13 passed in 2113.15s (0:35:13)
exit=0
