..........................{"correlation_id": "8706134f-70a1-467d-88e9-c1e0d361982c", "operation": "scope_create", "outcome": "applied", "principal": "user:c1-dev.181e97cc-a37f-43a3-973e-f65638e106ec", "reason": "confirmed", "target": "d262fb25-e3b4-4655-bfb9-96d29c7244a3"}
{"correlation_id": "f184fd0d-da53-4eff-a5d3-015e028c1de8", "operation": "scope_create", "outcome": "allowed", "principal": "user:c1-dev.181e97cc-a37f-43a3-973e-f65638e106ec", "reason": "", "target": "d262fb25-e3b4-4655-bfb9-96d29c7244a3"}
{"backend_ms": {"openfga": 14.4, "terminus": 532.0}, "method": "POST", "ms": 570.6, "path": "/v1/access-scopes", "phases_ms": {"auth.token": 12.9, "journal.save": 220.9, "journal.view": 150.8}, "roundtrips": {"openfga": 4, "terminus": 11}, "status": 201}
{"correlation_id": "202ea0a8-5916-495f-a958-14d9864ae77a", "operation": "membership", "outcome": "applied", "principal": "user:c1-dev.181e97cc-a37f-43a3-973e-f65638e106ec", "reason": "confirmed", "target": "d262fb25-e3b4-4655-bfb9-96d29c7244a3"}
{"correlation_id": "b8aefd51-6d6e-476a-8593-99d04b4360cc", "operation": "scope_member_grant", "outcome": "allowed", "principal": "user:c1-dev.181e97cc-a37f-43a3-973e-f65638e106ec", "reason": "", "target": "d262fb25-e3b4-4655-bfb9-96d29c7244a3"}
{"backend_ms": {"openfga": 18.9, "terminus": 530.2}, "method": "POST", "ms": 551.4, "path": "/v1/access-scopes/d262fb25-e3b4-4655-bfb9-96d29c7244a3/members", "phases_ms": {"auth.token": 0.4, "journal.save": 276.6, "journal.view": 152.6}, "roundtrips": {"openfga": 4, "terminus": 9}, "status": 200}
{"correlation_id": "a8207b64-da4d-4373-b3bb-fe10ad1fa33c", "operation": "membership", "outcome": "applied", "principal": "user:c1-dev.181e97cc-a37f-43a3-973e-f65638e106ec", "reason": "confirmed", "target": "d262fb25-e3b4-4655-bfb9-96d29c7244a3"}
{"correlation_id": "09fff40b-912a-46b3-b3a4-32ee2b65ed2c", "operation": "scope_member_grant", "outcome": "allowed", "principal": "user:c1-dev.181e97cc-a37f-43a3-973e-f65638e106ec", "reason": "", "target": "d262fb25-e3b4-4655-bfb9-96d29c7244a3"}
{"backend_ms": {"openfga": 13.7, "terminus": 547.3}, "method": "POST", "ms": 563.5, "path": "/v1/access-scopes/d262fb25-e3b4-4655-bfb9-96d29c7244a3/members", "phases_ms": {"auth.token": 0.6, "journal.save": 243.8, "journal.view": 202.9}, "roundtrips": {"openfga": 4, "terminus": 10}, "status": 200}
{"correlation_id": "ec43d393-04d7-453d-a445-1a9dcd687778", "operation": "membership", "outcome": "applied", "principal": "user:c1-dev.181e97cc-a37f-43a3-973e-f65638e106ec", "reason": "confirmed", "target": "d262fb25-e3b4-4655-bfb9-96d29c7244a3"}
{"correlation_id": "ef009ae6-7653-44c1-aee3-05f63e9c8128", "operation": "scope_member_grant", "outcome": "allowed", "principal": "user:c1-dev.181e97cc-a37f-43a3-973e-f65638e106ec", "reason": "", "target": "d262fb25-e3b4-4655-bfb9-96d29c7244a3"}
{"backend_ms": {"openfga": 17.5, "terminus": 550.5}, "method": "POST", "ms": 570.6, "path": "/v1/access-scopes/d262fb25-e3b4-4655-bfb9-96d29c7244a3/members", "phases_ms": {"auth.token": 0.5, "journal.save": 249.1, "journal.view": 200.4}, "roundtrips": {"openfga": 4, "terminus": 10}, "status": 200}
{"correlation_id": "7838125e-6ece-4ccb-9430-8178f3edcc20", "operation": "membership", "outcome": "applied", "principal": "user:c1-dev.181e97cc-a37f-43a3-973e-f65638e106ec", "reason": "confirmed", "target": "d262fb25-e3b4-4655-bfb9-96d29c7244a3"}
{"correlation_id": "dcca93f2-e59e-4305-921d-b967c2ebd0d2", "operation": "scope_member_grant", "outcome": "allowed", "principal": "user:c1-dev.181e97cc-a37f-43a3-973e-f65638e106ec", "reason": "", "target": "d262fb25-e3b4-4655-bfb9-96d29c7244a3"}
{"backend_ms": {"openfga": 15.9, "terminus": 494.3}, "method": "POST", "ms": 512.8, "path": "/v1/access-scopes/d262fb25-e3b4-4655-bfb9-96d29c7244a3/members", "phases_ms": {"auth.token": 0.5, "journal.save": 222.5, "journal.view": 209.4}, "roundtrips": {"openfga": 4, "terminus": 10}, "status": 200}
{"correlation_id": "dcb11be0-6d5c-423a-ad20-c1cc9642a8c9", "operation": "provision", "outcome": "applied", "principal": "user:c1-dev.181e97cc-a37f-43a3-973e-f65638e106ec", "reason": "confirmed", "target": "urn:c1:probe:entity-1a716665c2fa4121bd6e7d3f762315af"}
{"correlation_id": "47651445-dcb4-457b-878c-97f15dd99a6d", "operation": "probe_provision", "outcome": "allowed", "principal": "user:c1-dev.181e97cc-a37f-43a3-973e-f65638e106ec", "reason": "", "target": "urn:c1:probe:entity-1a716665c2fa4121bd6e7d3f762315af"}
{"backend_ms": {"openfga": 31.2, "terminus": 2146.2}, "method": "POST", "ms": 1187.2, "path": "/v1/probe/resources", "phases_ms": {"auth.token": 0.7, "journal.save": 309.5, "journal.view": 222.4, "schema.authority": 231.2}, "roundtrips": {"openfga": 6, "terminus": 63}, "status": 201}
{"backend_ms": {"openfga": 3.2, "terminus": 440.7}, "method": "GET", "ms": 325.0, "path": "/v1/readyz", "phases_ms": {"journal.view": 15.3, "schema.authority": 118.7}, "roundtrips": {"openfga": 1, "terminus": 17}, "status": 200}
{"correlation_id": "cade9440-9f29-4fe6-b6db-0ac5b413df4c", "operation": "probe_read", "outcome": "allowed", "principal": "user:c1-dev.d7ad65ed-99e8-49af-93ef-f4663dc67520", "reason": "", "target": "urn:c1:probe:entity-1a716665c2fa4121bd6e7d3f762315af"}
{"backend_ms": {"openfga": 11.6, "terminus": 821.7}, "method": "GET", "ms": 537.6, "path": "/v1/probe/resources/urn:c1:probe:entity-1a716665c2fa4121bd6e7d3f762315af", "phases_ms": {"auth.token": 0.8, "fga.binding_source": 6.1, "journal.view": 153.1, "plane.check_many": 280.8, "schema.authority": 42.1}, "roundtrips": {"openfga": 4, "terminus": 30}, "status": 200}
......
32 passed in 507.89s (0:08:27)
