.F
=================================== FAILURES ===================================
__________ test_t01_api_workflows_documents_and_every_context_profile __________
tests/integration/m13/test_t01_clean.py:203: in test_t01_api_workflows_documents_and_every_context_profile
    reference.run(run())
tests/integration/m13/conftest.py:50: in run
    return self.runner.run(coroutine)
           ^^^^^^^^^^^^^^^^^^^^^^^^^^
.uv-python/cpython-3.13.14-linux-x86_64-gnu/lib/python3.13/asyncio/runners.py:119: in run
    return self._loop.run_until_complete(task)
           ^^^^^^^^^^^^^^^^^^^^^^^^^^^^^^^^^^^
.uv-python/cpython-3.13.14-linux-x86_64-gnu/lib/python3.13/asyncio/base_events.py:725: in run_until_complete
    return future.result()
           ^^^^^^^^^^^^^^^
tests/integration/m13/test_t01_clean.py:165: in run
    assert_golden(
tests/integration/m07/conftest.py:138: in assert_golden
    assert normalized == expected
E   AssertionError: assert '# Context: T...b9466b86522\n' == '# Context: T...b9466b86522\n'
E     
E     Skipping 29326 identical leading characters in diff, use -v to show
E     Skipping 116 identical trailing characters in diff, use -v to show
E     - _bytes: 29739
E     ?           ^^
E     + _bytes: 29519
E     ?           ^^
E       
E       - offs
=========================== short test summary info ============================
FAILED tests/integration/m13/test_t01_clean.py::test_t01_api_workflows_documents_and_every_context_profile
!!!!!!!!!!!!!!!!!!!!!!!!!! stopping after 1 failures !!!!!!!!!!!!!!!!!!!!!!!!!!!
1 failed, 1 passed in 3700.91s (1:01:40)
uv failed with exit status 1.
