uv run --locked ruff check .
All checks passed!
uv run --locked ruff format --check .
145 files already formatted
uv run --locked mypy
Success: no issues found in 105 source files
uv run --locked pytest
============================= test session starts ==============================
platform linux -- Python 3.13.14, pytest-9.0.2, pluggy-1.6.0
rootdir: /home/tux/personalbuild/c1
configfile: pyproject.toml
testpaths: tests
plugins: anyio-4.15.1
collected 224 items

tests/integration/m01/test_t01_inventory.py s                            [  0%]
tests/integration/m01/test_t02_atomic.py s                               [  0%]
tests/integration/m01/test_t03_stale_and_reconcile.py s                  [  1%]
tests/integration/m01/test_t04_revisions.py s                            [  1%]
tests/integration/m01/test_t05_freshness.py ss                           [  2%]
tests/integration/m01/test_t06_publication.py ssss                       [  4%]
tests/integration/m01/test_t07_interchange.py ss                         [  5%]
tests/integration/m02/test_install_guards.py ss                          [  6%]
tests/integration/m02/test_t01_roundtrip.py s                            [  6%]
tests/integration/m02/test_t02_conflicts.py s                            [  7%]
tests/integration/m02/test_t03_no_partial.py ss                          [  8%]
tests/integration/m02/test_t04_identity.py s                             [  8%]
tests/integration/m02/test_t07_extension.py ss                           [  9%]
tests/integration/m03/test_authority_contract.py ss                      [ 10%]
tests/integration/m03/test_cascade.py s                                  [ 10%]
tests/integration/m03/test_journal_contract.py sss                       [ 12%]
tests/integration/m03/test_t01_tokens.py s                               [ 12%]
tests/integration/m03/test_t02_separation.py s                           [ 12%]
tests/integration/m03/test_t03_independent.py s                          [ 13%]
tests/integration/m03/test_t04_historical.py s                           [ 13%]
tests/integration/m03/test_t05_bindings.py ss                            [ 14%]
tests/integration/m03/test_t06_crash.py sss                              [ 16%]
tests/integration/m03/test_t07_boundary.py sss                           [ 17%]
tests/test_baseline.py ........                                          [ 20%]
tests/test_harness.py ...                                                [ 22%]
tests/test_interchange.py .....                                          [ 24%]
tests/test_secret_hygiene.py ........                                    [ 28%]
tests/test_terminus_contract.py ....                                     [ 29%]
tests/unit/m02/test_export.py .....                                      [ 32%]
tests/unit/m02/test_extension.py ..........                              [ 36%]
tests/unit/m02/test_identity_values.py ..........                        [ 41%]
tests/unit/m02/test_keywords.py ..                                       [ 41%]
tests/unit/m02/test_literals.py ........................                 [ 52%]
tests/unit/m02/test_records.py .....                                     [ 54%]
tests/unit/m02/test_storage_guard.py .................                   [ 62%]
tests/unit/m02/test_time.py ........                                     [ 66%]
tests/unit/m02/test_unsupported.py ........                              [ 69%]
tests/unit/m02/test_validation.py ......                                 [ 72%]
tests/unit/m03/test_api_boundary.py ...                                  [ 73%]
tests/unit/m03/test_config.py .........                                  [ 77%]
tests/unit/m03/test_journal.py .........                                 [ 81%]
tests/unit/m03/test_plane.py ....                                        [ 83%]
tests/unit/m03/test_probe_canonical.py .                                 [ 83%]
tests/unit/m03/test_provision_privacy.py .....                           [ 86%]
tests/unit/m03/test_record_confirmation.py .......                       [ 89%]
tests/unit/m03/test_recovery_authority.py ..........                     [ 93%]
tests/unit/m03/test_tokens.py ..............                             [100%]

=============================== warnings summary ===============================
tests/test_interchange.py: 4 warnings
tests/unit/m02/test_export.py: 5 warnings
tests/unit/m02/test_extension.py: 4 warnings
tests/unit/m02/test_validation.py: 1 warning
  /home/tux/personalbuild/c1/.venv/lib/python3.13/site-packages/rdflib/plugins/parsers/jsonld.py:159: DeprecationWarning: ConjunctiveGraph is deprecated, use Dataset instead.
    conj_sink = ConjunctiveGraph(store=sink.store, identifier=sink.identifier)

-- Docs: https://docs.pytest.org/en/stable/how-to/capture-warnings.html
=========================== short test summary info ============================
SKIPPED [1] tests/integration/m01/test_t01_inventory.py: M01 live stack requires C1_STACK=1
SKIPPED [1] tests/integration/m01/test_t02_atomic.py: M01 live stack requires C1_STACK=1
SKIPPED [1] tests/integration/m01/test_t03_stale_and_reconcile.py: M01 live stack requires C1_STACK=1
SKIPPED [1] tests/integration/m01/test_t04_revisions.py: M01 live stack requires C1_STACK=1
SKIPPED [2] tests/integration/m01/test_t05_freshness.py: M01 live stack requires C1_STACK=1
SKIPPED [3] tests/integration/m01/test_t06_publication.py:58: M01 live stack requires C1_STACK=1
SKIPPED [1] tests/integration/m01/test_t06_publication.py: M01 live stack requires C1_STACK=1
SKIPPED [2] tests/integration/m01/test_t07_interchange.py: M01 live stack requires C1_STACK=1
SKIPPED [2] tests/integration/m02/test_install_guards.py: M02 live stack requires C1_STACK=1
SKIPPED [1] tests/integration/m02/test_t01_roundtrip.py: M02 live stack requires C1_STACK=1
SKIPPED [1] tests/integration/m02/test_t02_conflicts.py: M02 live stack requires C1_STACK=1
SKIPPED [2] tests/integration/m02/test_t03_no_partial.py: M02 live stack requires C1_STACK=1
SKIPPED [1] tests/integration/m02/test_t04_identity.py: M02 live stack requires C1_STACK=1
SKIPPED [2] tests/integration/m02/test_t07_extension.py: M02 live stack requires C1_STACK=1
SKIPPED [2] tests/integration/m03/test_authority_contract.py: M03 real services require C1_STACK=1
SKIPPED [1] tests/integration/m03/test_cascade.py: M03 real services require C1_STACK=1
SKIPPED [3] tests/integration/m03/test_journal_contract.py: M03 real services require C1_STACK=1
SKIPPED [1] tests/integration/m03/test_t01_tokens.py: M03 real services require C1_STACK=1
SKIPPED [1] tests/integration/m03/test_t02_separation.py: M03 real services require C1_STACK=1
SKIPPED [1] tests/integration/m03/test_t03_independent.py: M03 real services require C1_STACK=1
SKIPPED [1] tests/integration/m03/test_t04_historical.py: M03 real services require C1_STACK=1
SKIPPED [2] tests/integration/m03/test_t05_bindings.py: M03 real services require C1_STACK=1
SKIPPED [3] tests/integration/m03/test_t06_crash.py:53: M03 real services require C1_STACK=1
SKIPPED [3] tests/integration/m03/test_t07_boundary.py: M03 real services require C1_STACK=1
================ 185 passed, 39 skipped, 14 warnings in 16.87s =================
uv run --locked python scripts/check_secrets.py
Secret check passed for 267 tracked/nonignored files (offline).
uv run --locked python scripts/check_baseline.py
Baseline checks passed (local integrity and claims; not cloud equivalence).
uv run --locked python scripts/build_profile.py --check
