Traceback (most recent call last):
  File "/root/c1/scripts/demo_m12.py", line 284, in <module>
    main()
    ~~~~^^
  File "/root/c1/scripts/demo_m12.py", line 278, in main
    asyncio.run(software_step(summary, template))
    ~~~~~~~~~~~^^^^^^^^^^^^^^^^^^^^^^^^^^^^^^^^^^
  File "/root/c1/.uv-python/cpython-3.13.14-linux-x86_64-gnu/lib/python3.13/asyncio/runners.py", line 196, in run
    return runner.run(main)
           ~~~~~~~~~~^^^^^^
  File "/root/c1/.uv-python/cpython-3.13.14-linux-x86_64-gnu/lib/python3.13/asyncio/runners.py", line 119, in run
    return self._loop.run_until_complete(task)
           ~~~~~~~~~~~~~~~~~~~~~~~~~~~~~^^^^^^
  File "/root/c1/.uv-python/cpython-3.13.14-linux-x86_64-gnu/lib/python3.13/asyncio/base_events.py", line 725, in run_until_complete
    return future.result()
           ~~~~~~~~~~~~~^^
  File "/root/c1/scripts/demo_m12.py", line 229, in software_step
    "lookup_screenshot": await shot(bob, "a21-bob-lookup"),
                         ^^^^^^^^^^^^^^^^^^^^^^^^^^^^^^^^^
  File "/root/c1/scripts/demo_m12.py", line 75, in shot
    await person.page.screenshot(path=str(path), full_page=False)
  File "/root/c1/.venv/lib/python3.13/site-packages/playwright/async_api/_generated.py", line 10883, in screenshot
    await self._impl_obj.screenshot(
    ...<13 lines>...
    )
  File "/root/c1/.venv/lib/python3.13/site-packages/playwright/_impl/_page.py", line 830, in screenshot
    encoded_binary = await self._channel.send(
                     ^^^^^^^^^^^^^^^^^^^^^^^^^
        "screenshot", self._timeout_settings.timeout, params
        ^^^^^^^^^^^^^^^^^^^^^^^^^^^^^^^^^^^^^^^^^^^^^^^^^^^^
    )
    ^
  File "/root/c1/.venv/lib/python3.13/site-packages/playwright/_impl/_connection.py", line 76, in send
    return await self._connection.wrap_api_call(
           ^^^^^^^^^^^^^^^^^^^^^^^^^^^^^^^^^^^^^
    ...<3 lines>...
    )
    ^
  File "/root/c1/.venv/lib/python3.13/site-packages/playwright/_impl/_connection.py", line 632, in wrap_api_call
    raise rewrite_error(error, f"{parsed_st['apiName']}: {error}") from None
playwright._impl._errors.Error: Page.screenshot: Target crashed 
Call log:
  - taking page screenshot
  - waiting for fonts to load...
  - fonts loaded

uv failed with exit status 1.
