FFAILED tests/integration/m06/test_t04_historical_rescope.py::test_t04_rescoped_part_disappears_from_old_document_views [call]
tests/integration/m06/test_t04_historical_rescope.py:261: in test_t04_rescoped_part_disappears_from_old_document_views
    asyncio.run(run())
.uv-python/cpython-3.13.14-linux-x86_64-gnu/lib/python3.13/asyncio/runners.py:196: in run
    return runner.run(main)
           ^^^^^^^^^^^^^^^^
.uv-python/cpython-3.13.14-linux-x86_64-gnu/lib/python3.13/asyncio/runners.py:119: in run
    return self._loop.run_until_complete(task)
           ^^^^^^^^^^^^^^^^^^^^^^^^^^^^^^^^^^^
.uv-python/cpython-3.13.14-linux-x86_64-gnu/lib/python3.13/asyncio/base_events.py:725: in run_until_complete
    return future.result()
           ^^^^^^^^^^^^^^^
tests/integration/m06/test_t04_historical_rescope.py:23: in run
    async with live_case() as case:
               ^^^^^^^^^^^
.uv-python/cpython-3.13.14-linux-x86_64-gnu/lib/python3.13/contextlib.py:214: in __aenter__
    return await anext(self.gen)
           ^^^^^^^^^^^^^^^^^^^^^
tests/integration/m03/conftest.py:389: in live_case
    await fga.create_store("c1-m03-" + suffix)
src/c1/authorization/fga.py:138: in create_store
    store = await self._request("POST", "/stores", json={"name": name})
            ^^^^^^^^^^^^^^^^^^^^^^^^^^^^^^^^^^^^^^^^^^^^^^^^^^^^^^^^^^^
src/c1/authorization/fga.py:129: in _request
    raise FGAError("authorization service unavailable") from None
E   c1.authorization.fga.FGAError: authorization service unavailable
EFAILED tests/integration/m06/test_t04_historical_rescope.py::test_t04_rescoped_part_disappears_from_old_document_views [teardown]
.venv/lib/python3.13/site-packages/httpx/_transports/default.py:101: in map_httpcore_exceptions
    yield
.venv/lib/python3.13/site-packages/httpx/_transports/default.py:250: in handle_request
    resp = self._pool.handle_request(req)
           ^^^^^^^^^^^^^^^^^^^^^^^^^^^^^^
.venv/lib/python3.13/site-packages/httpcore/_sync/connection_pool.py:256: in handle_request
    raise exc from None
.venv/lib/python3.13/site-packages/httpcore/_sync/connection_pool.py:236: in handle_request
    response = connection.handle_request(
.venv/lib/python3.13/site-packages/httpcore/_sync/connection.py:101: in handle_request
    raise exc
.venv/lib/python3.13/site-packages/httpcore/_sync/connection.py:78: in handle_request
    stream = self._connect(request)
             ^^^^^^^^^^^^^^^^^^^^^^
.venv/lib/python3.13/site-packages/httpcore/_sync/connection.py:124: in _connect
    stream = self._network_backend.connect_tcp(**kwargs)
             ^^^^^^^^^^^^^^^^^^^^^^^^^^^^^^^^^^^^^^^^^^^
.venv/lib/python3.13/site-packages/httpcore/_backends/sync.py:207: in connect_tcp
    with map_exceptions(exc_map):
         ^^^^^^^^^^^^^^^^^^^^^^^
.uv-python/cpython-3.13.14-linux-x86_64-gnu/lib/python3.13/contextlib.py:162: in __exit__
    self.gen.throw(value)
.venv/lib/python3.13/site-packages/httpcore/_exceptions.py:14: in map_exceptions
    raise to_exc(exc) from exc
E   httpcore.ConnectError: [Errno 111] Connection refused

The above exception was the direct cause of the following exception:
tests/integration/conftest.py:38: in _compact_terminus_system_graph
    response = client.post(
.venv/lib/python3.13/site-packages/httpx/_client.py:1144: in post
    return self.request(
.venv/lib/python3.13/site-packages/httpx/_client.py:825: in request
    return self.send(request, auth=auth, follow_redirects=follow_redirects)
           ^^^^^^^^^^^^^^^^^^^^^^^^^^^^^^^^^^^^^^^^^^^^^^^^^^^^^^^^^^^^^^^^
.venv/lib/python3.13/site-packages/httpx/_client.py:914: in send
    response = self._send_handling_auth(
.venv/lib/python3.13/site-packages/httpx/_client.py:942: in _send_handling_auth
    response = self._send_handling_redirects(
.venv/lib/python3.13/site-packages/httpx/_client.py:979: in _send_handling_redirects
    response = self._send_single_request(request)
               ^^^^^^^^^^^^^^^^^^^^^^^^^^^^^^^^^^
.venv/lib/python3.13/site-packages/httpx/_client.py:1014: in _send_single_request
    response = transport.handle_request(request)
               ^^^^^^^^^^^^^^^^^^^^^^^^^^^^^^^^^
.venv/lib/python3.13/site-packages/httpx/_transports/default.py:249: in handle_request
    with map_httpcore_exceptions():
         ^^^^^^^^^^^^^^^^^^^^^^^^^
.uv-python/cpython-3.13.14-linux-x86_64-gnu/lib/python3.13/contextlib.py:162: in __exit__
    self.gen.throw(value)
.venv/lib/python3.13/site-packages/httpx/_transports/default.py:118: in map_httpcore_exceptions
    raise mapped_exc(message) from exc
E   httpx.ConnectError: [Errno 111] Connection refused

==================================== ERRORS ====================================
_ ERROR at teardown of test_t04_rescoped_part_disappears_from_old_document_views _
.venv/lib/python3.13/site-packages/httpx/_transports/default.py:101: in map_httpcore_exceptions
    yield
.venv/lib/python3.13/site-packages/httpx/_transports/default.py:250: in handle_request
    resp = self._pool.handle_request(req)
           ^^^^^^^^^^^^^^^^^^^^^^^^^^^^^^
.venv/lib/python3.13/site-packages/httpcore/_sync/connection_pool.py:256: in handle_request
    raise exc from None
.venv/lib/python3.13/site-packages/httpcore/_sync/connection_pool.py:236: in handle_request
    response = connection.handle_request(
.venv/lib/python3.13/site-packages/httpcore/_sync/connection.py:101: in handle_request
    raise exc
.venv/lib/python3.13/site-packages/httpcore/_sync/connection.py:78: in handle_request
    stream = self._connect(request)
             ^^^^^^^^^^^^^^^^^^^^^^
.venv/lib/python3.13/site-packages/httpcore/_sync/connection.py:124: in _connect
    stream = self._network_backend.connect_tcp(**kwargs)
             ^^^^^^^^^^^^^^^^^^^^^^^^^^^^^^^^^^^^^^^^^^^
.venv/lib/python3.13/site-packages/httpcore/_backends/sync.py:207: in connect_tcp
    with map_exceptions(exc_map):
         ^^^^^^^^^^^^^^^^^^^^^^^
.uv-python/cpython-3.13.14-linux-x86_64-gnu/lib/python3.13/contextlib.py:162: in __exit__
    self.gen.throw(value)
.venv/lib/python3.13/site-packages/httpcore/_exceptions.py:14: in map_exceptions
    raise to_exc(exc) from exc
E   httpcore.ConnectError: [Errno 111] Connection refused

The above exception was the direct cause of the following exception:
tests/integration/conftest.py:38: in _compact_terminus_system_graph
    response = client.post(
.venv/lib/python3.13/site-packages/httpx/_client.py:1144: in post
    return self.request(
.venv/lib/python3.13/site-packages/httpx/_client.py:825: in request
    return self.send(request, auth=auth, follow_redirects=follow_redirects)
           ^^^^^^^^^^^^^^^^^^^^^^^^^^^^^^^^^^^^^^^^^^^^^^^^^^^^^^^^^^^^^^^^
.venv/lib/python3.13/site-packages/httpx/_client.py:914: in send
    response = self._send_handling_auth(
.venv/lib/python3.13/site-packages/httpx/_client.py:942: in _send_handling_auth
    response = self._send_handling_redirects(
.venv/lib/python3.13/site-packages/httpx/_client.py:979: in _send_handling_redirects
    response = self._send_single_request(request)
               ^^^^^^^^^^^^^^^^^^^^^^^^^^^^^^^^^^
.venv/lib/python3.13/site-packages/httpx/_client.py:1014: in _send_single_request
    response = transport.handle_request(request)
               ^^^^^^^^^^^^^^^^^^^^^^^^^^^^^^^^^
.venv/lib/python3.13/site-packages/httpx/_transports/default.py:249: in handle_request
    with map_httpcore_exceptions():
         ^^^^^^^^^^^^^^^^^^^^^^^^^
.uv-python/cpython-3.13.14-linux-x86_64-gnu/lib/python3.13/contextlib.py:162: in __exit__
    self.gen.throw(value)
.venv/lib/python3.13/site-packages/httpx/_transports/default.py:118: in map_httpcore_exceptions
    raise mapped_exc(message) from exc
E   httpx.ConnectError: [Errno 111] Connection refused
=================================== FAILURES ===================================
__________ test_t04_rescoped_part_disappears_from_old_document_views ___________
tests/integration/m06/test_t04_historical_rescope.py:261: in test_t04_rescoped_part_disappears_from_old_document_views
    asyncio.run(run())
.uv-python/cpython-3.13.14-linux-x86_64-gnu/lib/python3.13/asyncio/runners.py:196: in run
    return runner.run(main)
           ^^^^^^^^^^^^^^^^
.uv-python/cpython-3.13.14-linux-x86_64-gnu/lib/python3.13/asyncio/runners.py:119: in run
    return self._loop.run_until_complete(task)
           ^^^^^^^^^^^^^^^^^^^^^^^^^^^^^^^^^^^
.uv-python/cpython-3.13.14-linux-x86_64-gnu/lib/python3.13/asyncio/base_events.py:725: in run_until_complete
    return future.result()
           ^^^^^^^^^^^^^^^
tests/integration/m06/test_t04_historical_rescope.py:23: in run
    async with live_case() as case:
               ^^^^^^^^^^^
.uv-python/cpython-3.13.14-linux-x86_64-gnu/lib/python3.13/contextlib.py:214: in __aenter__
    return await anext(self.gen)
           ^^^^^^^^^^^^^^^^^^^^^
tests/integration/m03/conftest.py:389: in live_case
    await fga.create_store("c1-m03-" + suffix)
src/c1/authorization/fga.py:138: in create_store
    store = await self._request("POST", "/stores", json={"name": name})
            ^^^^^^^^^^^^^^^^^^^^^^^^^^^^^^^^^^^^^^^^^^^^^^^^^^^^^^^^^^^
src/c1/authorization/fga.py:129: in _request
    raise FGAError("authorization service unavailable") from None
E   c1.authorization.fga.FGAError: authorization service unavailable
=========================== short test summary info ============================
ERROR tests/integration/m06/test_t04_historical_rescope.py::test_t04_rescoped_part_disappears_from_old_document_views
FAILED tests/integration/m06/test_t04_historical_rescope.py::test_t04_rescoped_part_disappears_from_old_document_views
!!!!!!!!!!!!!!!!!!!!!!!!!! stopping after 2 failures !!!!!!!!!!!!!!!!!!!!!!!!!!!
1 failed, 1 error in 2.49s
uv failed with exit status 1.
