.........................................FFAILED tests/integration/m03/test_t01_tokens.py::test_t01_real_issuer_audience_purpose_expiry_and_delegation [call]
tests/integration/m03/test_t01_tokens.py:76: in test_t01_real_issuer_audience_purpose_expiry_and_delegation
    asyncio.run(run())
.uv-python/cpython-3.13.14-linux-x86_64-gnu/lib/python3.13/asyncio/runners.py:196: in run
    return runner.run(main)
           ^^^^^^^^^^^^^^^^
.uv-python/cpython-3.13.14-linux-x86_64-gnu/lib/python3.13/asyncio/runners.py:119: in run
    return self._loop.run_until_complete(task)
           ^^^^^^^^^^^^^^^^^^^^^^^^^^^^^^^^^^^
.uv-python/cpython-3.13.14-linux-x86_64-gnu/lib/python3.13/asyncio/base_events.py:725: in run_until_complete
    return future.result()
           ^^^^^^^^^^^^^^^
tests/integration/m03/test_t01_tokens.py:20: in run
    async with live_case() as case:
               ^^^^^^^^^^^
.uv-python/cpython-3.13.14-linux-x86_64-gnu/lib/python3.13/contextlib.py:221: in __aexit__
    await anext(self.gen)
tests/integration/m03/conftest.py:490: in live_case
    await fga.delete_store()
src/c1/authorization/fga.py:100: in delete_store
    await self._request("DELETE", self._path)
src/c1/authorization/fga.py:83: in _request
    raise FGAError("authorization service unavailable") from None
E   c1.authorization.fga.FGAError: authorization service unavailable
EFAILED tests/integration/m03/test_t01_tokens.py::test_t01_real_issuer_audience_purpose_expiry_and_delegation [teardown]
tests/integration/m07/conftest.py:71: in batteries
    runner.run(context.__aexit__(None, None, None))
.uv-python/cpython-3.13.14-linux-x86_64-gnu/lib/python3.13/asyncio/runners.py:119: in run
    return self._loop.run_until_complete(task)
           ^^^^^^^^^^^^^^^^^^^^^^^^^^^^^^^^^^^
.uv-python/cpython-3.13.14-linux-x86_64-gnu/lib/python3.13/asyncio/base_events.py:725: in run_until_complete
    return future.result()
           ^^^^^^^^^^^^^^^
.uv-python/cpython-3.13.14-linux-x86_64-gnu/lib/python3.13/contextlib.py:221: in __aexit__
    await anext(self.gen)
tests/integration/m03/conftest.py:490: in live_case
    await fga.delete_store()
src/c1/authorization/fga.py:100: in delete_store
    await self._request("DELETE", self._path)
src/c1/authorization/fga.py:83: in _request
    raise FGAError("authorization service unavailable") from None
E   c1.authorization.fga.FGAError: authorization service unavailable

==================================== ERRORS ====================================
_ ERROR at teardown of test_t01_real_issuer_audience_purpose_expiry_and_delegation _
tests/integration/m07/conftest.py:71: in batteries
    runner.run(context.__aexit__(None, None, None))
.uv-python/cpython-3.13.14-linux-x86_64-gnu/lib/python3.13/asyncio/runners.py:119: in run
    return self._loop.run_until_complete(task)
           ^^^^^^^^^^^^^^^^^^^^^^^^^^^^^^^^^^^
.uv-python/cpython-3.13.14-linux-x86_64-gnu/lib/python3.13/asyncio/base_events.py:725: in run_until_complete
    return future.result()
           ^^^^^^^^^^^^^^^
.uv-python/cpython-3.13.14-linux-x86_64-gnu/lib/python3.13/contextlib.py:221: in __aexit__
    await anext(self.gen)
tests/integration/m03/conftest.py:490: in live_case
    await fga.delete_store()
src/c1/authorization/fga.py:100: in delete_store
    await self._request("DELETE", self._path)
src/c1/authorization/fga.py:83: in _request
    raise FGAError("authorization service unavailable") from None
E   c1.authorization.fga.FGAError: authorization service unavailable
=================================== FAILURES ===================================
_________ test_t01_real_issuer_audience_purpose_expiry_and_delegation __________
tests/integration/m03/test_t01_tokens.py:76: in test_t01_real_issuer_audience_purpose_expiry_and_delegation
    asyncio.run(run())
.uv-python/cpython-3.13.14-linux-x86_64-gnu/lib/python3.13/asyncio/runners.py:196: in run
    return runner.run(main)
           ^^^^^^^^^^^^^^^^
.uv-python/cpython-3.13.14-linux-x86_64-gnu/lib/python3.13/asyncio/runners.py:119: in run
    return self._loop.run_until_complete(task)
           ^^^^^^^^^^^^^^^^^^^^^^^^^^^^^^^^^^^
.uv-python/cpython-3.13.14-linux-x86_64-gnu/lib/python3.13/asyncio/base_events.py:725: in run_until_complete
    return future.result()
           ^^^^^^^^^^^^^^^
tests/integration/m03/test_t01_tokens.py:20: in run
    async with live_case() as case:
               ^^^^^^^^^^^
.uv-python/cpython-3.13.14-linux-x86_64-gnu/lib/python3.13/contextlib.py:221: in __aexit__
    await anext(self.gen)
tests/integration/m03/conftest.py:490: in live_case
    await fga.delete_store()
src/c1/authorization/fga.py:100: in delete_store
    await self._request("DELETE", self._path)
src/c1/authorization/fga.py:83: in _request
    raise FGAError("authorization service unavailable") from None
E   c1.authorization.fga.FGAError: authorization service unavailable
=============================== warnings summary ===============================
tests/integration/m01/test_t07_interchange.py: 3 warnings
tests/integration/m02/test_install_guards.py: 1 warning
tests/integration/m02/test_t01_roundtrip.py: 2 warnings
tests/integration/m02/test_t02_conflicts.py: 1 warning
tests/integration/m02/test_t03_no_partial.py: 1 warning
tests/integration/m02/test_t04_identity.py: 2 warnings
tests/integration/m02/test_t07_extension.py: 2 warnings
tests/integration/m03/test_journal_contract.py: 1 warning
  /root/c1/.venv/lib/python3.13/site-packages/rdflib/plugins/parsers/jsonld.py:159: DeprecationWarning: ConjunctiveGraph is deprecated, use Dataset instead.
    conj_sink = ConjunctiveGraph(store=sink.store, identifier=sink.identifier)

-- Docs: https://docs.pytest.org/en/stable/how-to/capture-warnings.html
=========================== short test summary info ============================
ERROR tests/integration/m03/test_t01_tokens.py::test_t01_real_issuer_audience_purpose_expiry_and_delegation
FAILED tests/integration/m03/test_t01_tokens.py::test_t01_real_issuer_audience_purpose_expiry_and_delegation
!!!!!!!!!!!!!!!!!!!!!!!!!! stopping after 2 failures !!!!!!!!!!!!!!!!!!!!!!!!!!!
1 failed, 41 passed, 13 warnings, 1 error in 4022.37s (1:07:02)
uv failed with exit status 1.
