{"correlation_id": "190edd89-03da-4c16-8bb0-0a48bfd9edca", "operation": "whoami", "outcome": "allowed", "principal": "user:c1-dev.52ee7bde-2918-4348-97e9-33ed361e2c99", "reason": "", "target": ""}
{"correlation_id": "9dea2fc9-2d28-4e86-b525-8303c2dc3f5d", "operation": "instance_grant", "outcome": "applied", "principal": "user:c1-dev.52ee7bde-2918-4348-97e9-33ed361e2c99", "reason": "confirmed", "target": "m03_348604f55bfa47079e14c0adf363b6eb"}
{"correlation_id": "9273eea4-886c-4db6-8264-18caf565541d", "operation": "instance_grant", "outcome": "allowed", "principal": "user:c1-dev.52ee7bde-2918-4348-97e9-33ed361e2c99", "reason": "", "target": "user:c1-dev.52ee7bde-2918-4348-97e9-33ed361e2c99"}
{"correlation_id": "8eb72079-be17-475e-850f-d4c7354a7b0e", "operation": "whoami", "outcome": "allowed", "principal": "user:c1-dev.2c8d560f-a67a-4801-8621-e597415decd4", "reason": "", "target": ""}
{"correlation_id": "d6577f12-a326-49f9-8df0-f6b597307551", "operation": "instance_grant", "outcome": "applied", "principal": "user:c1-dev.52ee7bde-2918-4348-97e9-33ed361e2c99", "reason": "confirmed", "target": "m03_348604f55bfa47079e14c0adf363b6eb"}
{"correlation_id": "4bc3f051-f65d-4e52-bb1f-d135aade895f", "operation": "instance_grant", "outcome": "allowed", "principal": "user:c1-dev.52ee7bde-2918-4348-97e9-33ed361e2c99", "reason": "", "target": "user:c1-dev.2c8d560f-a67a-4801-8621-e597415decd4"}
{"correlation_id": "28aa67a4-9a1a-4b57-84fd-130c655b1654", "operation": "query_catalog", "outcome": "allowed", "principal": "user:c1-dev.52ee7bde-2918-4348-97e9-33ed361e2c99", "reason": "", "target": ""}
{"correlation_id": "f54f7ae0-70dc-4bad-88f6-0fd77e6b1e47", "operation": "instance_read", "outcome": "allowed", "principal": "user:c1-dev.52ee7bde-2918-4348-97e9-33ed361e2c99", "reason": "", "target": "m03_348604f55bfa47079e14c0adf363b6eb"}
{"correlation_id": "899206a6-6306-491a-bf1e-f768890f8da0", "operation": "changeset_create", "outcome": "allowed", "principal": "user:c1-dev.52ee7bde-2918-4348-97e9-33ed361e2c99", "reason": "", "target": "urn:c1:instance:dev:changeset-14563187b49646ec9f3c3f8cb248f47c"}
{"correlation_id": "ab68e8bf-23e1-4115-8930-02ae6c004443", "operation": "changeset_read", "outcome": "allowed", "principal": "user:c1-dev.52ee7bde-2918-4348-97e9-33ed361e2c99", "reason": "", "target": "urn:c1:instance:dev:changeset-14563187b49646ec9f3c3f8cb248f47c"}
{"correlation_id": "d7e1eda7-65d5-4633-b701-ca618c713d01", "operation": "changeset_submit", "outcome": "allowed", "principal": "user:c1-dev.52ee7bde-2918-4348-97e9-33ed361e2c99", "reason": "", "target": "urn:c1:instance:dev:changeset-14563187b49646ec9f3c3f8cb248f47c"}
{"correlation_id": "75ff55dc-cf8e-418b-9747-d6374cbea518", "operation": "changeset_approve", "outcome": "allowed", "principal": "user:c1-dev.2c8d560f-a67a-4801-8621-e597415decd4", "reason": "", "target": "urn:c1:instance:dev:changeset-14563187b49646ec9f3c3f8cb248f47c"}
{"correlation_id": "a38217e2-567a-493c-a9be-347132d4359c", "operation": "changeset_apply", "outcome": "allowed", "principal": "user:c1-dev.2c8d560f-a67a-4801-8621-e597415decd4", "reason": "", "target": "urn:c1:instance:dev:changeset-14563187b49646ec9f3c3f8cb248f47c"}
{"correlation_id": "50339072-d04b-4835-8ec4-aa21d3db0edf", "operation": "scope_list", "outcome": "allowed", "principal": "user:c1-dev.52ee7bde-2918-4348-97e9-33ed361e2c99", "reason": "", "target": ""}
{"correlation_id": "46d4bd7f-2933-4322-aa2f-7d089df8bb65", "operation": "whoami", "outcome": "allowed", "principal": "user:c1-dev.710d299c-4393-4f32-b84c-e6c81c8382ad", "reason": "", "target": ""}
{"correlation_id": "7d06dfba-6772-4799-9a08-1dcd2e7c7dc1", "operation": "whoami", "outcome": "allowed", "principal": "user:c1-dev.f801298f-f193-4438-bc87-81ed549308ed", "reason": "", "target": ""}
{"correlation_id": "6879ae70-eecf-4ebc-9d3b-bf0a2e6bc2a2", "operation": "whoami", "outcome": "allowed", "principal": "user:c1-dev.fbcf5049-980c-4ed4-8c8a-4f7137e8a927", "reason": "", "target": ""}
{"correlation_id": "af8c6f86-f28f-40f8-9208-f0130471d705", "operation": "whoami", "outcome": "allowed", "principal": "user:c1-dev.2c8d560f-a67a-4801-8621-e597415decd4", "reason": "", "target": ""}
{"correlation_id": "8e8568cb-0b4c-4f6c-bc71-28b14a3b61a6", "operation": "whoami", "outcome": "allowed", "principal": "user:c1-dev.37324743-8d1d-4e8f-a42a-8d9f0cb5753c", "reason": "", "target": ""}
{"correlation_id": "b32f3059-e9b6-43ba-95a3-7ba37e32c48b", "operation": "whoami", "outcome": "allowed", "principal": "user:c1-dev.7d89fb29-3c08-437e-9f68-5bea90fb3373", "reason": "", "target": ""}
{"correlation_id": "427aa38d-a271-41af-b591-5fc225e2e9e6", "operation": "scope_create", "outcome": "applied", "principal": "user:c1-dev.52ee7bde-2918-4348-97e9-33ed361e2c99", "reason": "confirmed", "target": "sw-shared"}
{"correlation_id": "7b0754b1-41dc-4775-8512-9b9b10cdeb08", "operation": "scope_create", "outcome": "allowed", "principal": "user:c1-dev.52ee7bde-2918-4348-97e9-33ed361e2c99", "reason": "", "target": "sw-shared"}
{"correlation_id": "f3233203-e099-4783-9fb2-200ffdb0252e", "operation": "membership", "outcome": "applied", "principal": "user:c1-dev.52ee7bde-2918-4348-97e9-33ed361e2c99", "reason": "confirmed", "target": "sw-shared"}
{"correlation_id": "222e6aab-bf48-4095-9fcb-0f0a4d75de02", "operation": "scope_member_grant", "outcome": "allowed", "principal": "user:c1-dev.52ee7bde-2918-4348-97e9-33ed361e2c99", "reason": "", "target": "sw-shared"}
{"correlation_id": "496b5956-9713-4fdb-bfd0-a58cfe7452d8", "operation": "membership", "outcome": "applied", "principal": "user:c1-dev.52ee7bde-2918-4348-97e9-33ed361e2c99", "reason": "confirmed", "target": "sw-shared"}
{"correlation_id": "691f01b8-425f-4641-a44b-0109177da941", "operation": "scope_member_grant", "outcome": "allowed", "principal": "user:c1-dev.52ee7bde-2918-4348-97e9-33ed361e2c99", "reason": "", "target": "sw-shared"}
{"correlation_id": "ea7a9631-374c-4dd0-9f24-e688c5ff12ee", "operation": "membership", "outcome": "applied", "principal": "user:c1-dev.52ee7bde-2918-4348-97e9-33ed361e2c99", "reason": "confirmed", "target": "sw-shared"}
{"correlation_id": "26f9017d-ba49-437f-9261-596a72ddc90e", "operation": "scope_member_grant", "outcome": "allowed", "principal": "user:c1-dev.52ee7bde-2918-4348-97e9-33ed361e2c99", "reason": "", "target": "sw-shared"}
{"correlation_id": "c2f9c48a-6faf-4c46-9f31-833e70354bf3", "operation": "membership", "outcome": "applied", "principal": "user:c1-dev.52ee7bde-2918-4348-97e9-33ed361e2c99", "reason": "confirmed", "target": "sw-shared"}
{"correlation_id": "15282905-2381-475b-91a7-db7475d2b82d", "operation": "scope_member_grant", "outcome": "allowed", "principal": "user:c1-dev.52ee7bde-2918-4348-97e9-33ed361e2c99", "reason": "", "target": "sw-shared"}
{"correlation_id": "68dcf21f-803e-409c-ac7d-c53c000ad529", "operation": "membership", "outcome": "applied", "principal": "user:c1-dev.52ee7bde-2918-4348-97e9-33ed361e2c99", "reason": "confirmed", "target": "sw-shared"}
{"correlation_id": "470df0a8-a2ab-4453-b9e2-90d3323fd25f", "operation": "scope_member_grant", "outcome": "allowed", "principal": "user:c1-dev.52ee7bde-2918-4348-97e9-33ed361e2c99", "reason": "", "target": "sw-shared"}
{"correlation_id": "45a10ff3-879a-4bc5-ab8c-557fc7fbbb5b", "operation": "membership", "outcome": "applied", "principal": "user:c1-dev.52ee7bde-2918-4348-97e9-33ed361e2c99", "reason": "confirmed", "target": "sw-shared"}
{"correlation_id": "9d0d8d24-7f11-4ae9-96ee-371f36e1f37f", "operation": "scope_member_grant", "outcome": "allowed", "principal": "user:c1-dev.52ee7bde-2918-4348-97e9-33ed361e2c99", "reason": "", "target": "sw-shared"}
{"correlation_id": "18e4bbaa-0a75-488f-94a1-baab8b4a43c3", "operation": "membership", "outcome": "applied", "principal": "user:c1-dev.52ee7bde-2918-4348-97e9-33ed361e2c99", "reason": "confirmed", "target": "sw-shared"}
{"correlation_id": "a2361fd4-9899-4163-b0ab-a1d144c44305", "operation": "scope_member_grant", "outcome": "allowed", "principal": "user:c1-dev.52ee7bde-2918-4348-97e9-33ed361e2c99", "reason": "", "target": "sw-shared"}
{"correlation_id": "951a51fd-a9ce-4181-a759-de13ff2154e0", "operation": "membership", "outcome": "applied", "principal": "user:c1-dev.52ee7bde-2918-4348-97e9-33ed361e2c99", "reason": "confirmed", "target": "sw-shared"}
{"correlation_id": "8892f6c8-0f13-4126-b7f9-1069ee70b0db", "operation": "scope_member_grant", "outcome": "allowed", "principal": "user:c1-dev.52ee7bde-2918-4348-97e9-33ed361e2c99", "reason": "", "target": "sw-shared"}
{"correlation_id": "c0ea4c67-e991-4f51-922c-30ab813df7be", "operation": "membership", "outcome": "applied", "principal": "user:c1-dev.52ee7bde-2918-4348-97e9-33ed361e2c99", "reason": "confirmed", "target": "sw-shared"}
{"correlation_id": "a38287f9-a668-469e-b35e-f9aaccc503ba", "operation": "scope_member_grant", "outcome": "allowed", "principal": "user:c1-dev.52ee7bde-2918-4348-97e9-33ed361e2c99", "reason": "", "target": "sw-shared"}
{"correlation_id": "7ad67ad8-13bb-43f2-99ca-a35714f2d932", "operation": "membership", "outcome": "applied", "principal": "user:c1-dev.52ee7bde-2918-4348-97e9-33ed361e2c99", "reason": "confirmed", "target": "sw-shared"}
{"correlation_id": "6f785c99-c821-4546-ae02-024787c96888", "operation": "scope_member_grant", "outcome": "allowed", "principal": "user:c1-dev.52ee7bde-2918-4348-97e9-33ed361e2c99", "reason": "", "target": "sw-shared"}
{"correlation_id": "a11f0778-3af6-4226-b72d-e9d22b223fc4", "operation": "membership", "outcome": "applied", "principal": "user:c1-dev.52ee7bde-2918-4348-97e9-33ed361e2c99", "reason": "confirmed", "target": "sw-shared"}
{"correlation_id": "99cc3009-584b-433c-868e-eb969f872720", "operation": "scope_member_grant", "outcome": "allowed", "principal": "user:c1-dev.52ee7bde-2918-4348-97e9-33ed361e2c99", "reason": "", "target": "sw-shared"}
{"correlation_id": "4a9873d5-d0e9-4b47-bb95-86e2537bdfb7", "operation": "membership", "outcome": "applied", "principal": "user:c1-dev.52ee7bde-2918-4348-97e9-33ed361e2c99", "reason": "confirmed", "target": "sw-shared"}
{"correlation_id": "c325c98c-8ce1-4cd0-8044-254489e7dd84", "operation": "scope_member_grant", "outcome": "allowed", "principal": "user:c1-dev.52ee7bde-2918-4348-97e9-33ed361e2c99", "reason": "", "target": "sw-shared"}
{"correlation_id": "1cfea684-6360-414c-b330-655b0cc1b4ef", "operation": "membership", "outcome": "applied", "principal": "user:c1-dev.52ee7bde-2918-4348-97e9-33ed361e2c99", "reason": "confirmed", "target": "sw-shared"}
{"correlation_id": "e415f244-ddfb-4ea3-8216-bc3203ef2f7e", "operation": "scope_member_grant", "outcome": "allowed", "principal": "user:c1-dev.52ee7bde-2918-4348-97e9-33ed361e2c99", "reason": "", "target": "sw-shared"}
{"correlation_id": "1cdf1449-4dfe-45e1-9ad4-abdcc0969789", "operation": "scope_create", "outcome": "applied", "principal": "user:c1-dev.52ee7bde-2918-4348-97e9-33ed361e2c99", "reason": "confirmed", "target": "sw-ledger"}
{"correlation_id": "6918f0af-3611-47ed-b5a0-c84f0bf9837b", "operation": "scope_create", "outcome": "allowed", "principal": "user:c1-dev.52ee7bde-2918-4348-97e9-33ed361e2c99", "reason": "", "target": "sw-ledger"}
{"correlation_id": "b81e5b76-359a-4f07-a379-89711e504b4d", "operation": "membership", "outcome": "applied", "principal": "user:c1-dev.52ee7bde-2918-4348-97e9-33ed361e2c99", "reason": "confirmed", "target": "sw-ledger"}
{"correlation_id": "ff06c931-7629-4651-a1c6-e8469dd6a529", "operation": "scope_member_grant", "outcome": "allowed", "principal": "user:c1-dev.52ee7bde-2918-4348-97e9-33ed361e2c99", "reason": "", "target": "sw-ledger"}
{"correlation_id": "cae71f4c-3a07-4b81-a1d1-f55985ef5c6e", "operation": "membership", "outcome": "applied", "principal": "user:c1-dev.52ee7bde-2918-4348-97e9-33ed361e2c99", "reason": "confirmed", "target": "sw-ledger"}
{"correlation_id": "429b5ae7-4f54-4b5d-8de2-2341a15e7c89", "operation": "scope_member_grant", "outcome": "allowed", "principal": "user:c1-dev.52ee7bde-2918-4348-97e9-33ed361e2c99", "reason": "", "target": "sw-ledger"}
{"correlation_id": "04af4cf1-bc6a-4e02-bd66-c19e0150336d", "operation": "membership", "outcome": "applied", "principal": "user:c1-dev.52ee7bde-2918-4348-97e9-33ed361e2c99", "reason": "confirmed", "target": "sw-ledger"}
{"correlation_id": "3d0ccc40-8b90-4ec8-8cc8-e5d0550474b4", "operation": "scope_member_grant", "outcome": "allowed", "principal": "user:c1-dev.52ee7bde-2918-4348-97e9-33ed361e2c99", "reason": "", "target": "sw-ledger"}
{"correlation_id": "052e5b23-6086-47ca-88d4-e7d12b4b6c3f", "operation": "membership", "outcome": "applied", "principal": "user:c1-dev.52ee7bde-2918-4348-97e9-33ed361e2c99", "reason": "confirmed", "target": "sw-ledger"}
{"correlation_id": "f5c176ed-d4ce-491f-8bcd-9abaeb7cefae", "operation": "scope_member_grant", "outcome": "allowed", "principal": "user:c1-dev.52ee7bde-2918-4348-97e9-33ed361e2c99", "reason": "", "target": "sw-ledger"}
{"correlation_id": "b50bae70-ec71-4c22-90fa-6855f02f58d5", "operation": "membership", "outcome": "applied", "principal": "user:c1-dev.52ee7bde-2918-4348-97e9-33ed361e2c99", "reason": "confirmed", "target": "sw-ledger"}
{"correlation_id": "e6cd425d-2a51-4587-ad58-36b536a86a0d", "operation": "scope_member_grant", "outcome": "allowed", "principal": "user:c1-dev.52ee7bde-2918-4348-97e9-33ed361e2c99", "reason": "", "target": "sw-ledger"}
{"correlation_id": "867712a9-9172-4d98-8583-0fa91ae8cde6", "operation": "membership", "outcome": "applied", "principal": "user:c1-dev.52ee7bde-2918-4348-97e9-33ed361e2c99", "reason": "confirmed", "target": "sw-ledger"}
{"correlation_id": "c7e4a2a4-b293-4e05-b014-f4d1507fc5f9", "operation": "scope_member_grant", "outcome": "allowed", "principal": "user:c1-dev.52ee7bde-2918-4348-97e9-33ed361e2c99", "reason": "", "target": "sw-ledger"}
{"correlation_id": "6b9f102e-7fec-4c97-bee3-5fd68c6857c6", "operation": "membership", "outcome": "applied", "principal": "user:c1-dev.52ee7bde-2918-4348-97e9-33ed361e2c99", "reason": "confirmed", "target": "sw-ledger"}
{"correlation_id": "1fed5450-34e6-48eb-97ed-217d49702acc", "operation": "scope_member_grant", "outcome": "allowed", "principal": "user:c1-dev.52ee7bde-2918-4348-97e9-33ed361e2c99", "reason": "", "target": "sw-ledger"}
{"correlation_id": "f464a49f-5941-4ada-8dea-8b325089d63f", "operation": "membership", "outcome": "applied", "principal": "user:c1-dev.52ee7bde-2918-4348-97e9-33ed361e2c99", "reason": "confirmed", "target": "sw-ledger"}
{"correlation_id": "563e5214-7e7f-4e93-b784-d5480b6cd564", "operation": "scope_member_grant", "outcome": "allowed", "principal": "user:c1-dev.52ee7bde-2918-4348-97e9-33ed361e2c99", "reason": "", "target": "sw-ledger"}
{"correlation_id": "147dd826-513f-46ca-b27a-95662ad806c3", "operation": "membership", "outcome": "applied", "principal": "user:c1-dev.52ee7bde-2918-4348-97e9-33ed361e2c99", "reason": "confirmed", "target": "sw-ledger"}
{"correlation_id": "acf2d156-8a8a-45b3-93c0-18804f530fde", "operation": "scope_member_grant", "outcome": "allowed", "principal": "user:c1-dev.52ee7bde-2918-4348-97e9-33ed361e2c99", "reason": "", "target": "sw-ledger"}
{"correlation_id": "cf9fa2a5-adf5-47ce-9fa4-e9a42ff2f468", "operation": "membership", "outcome": "applied", "principal": "user:c1-dev.52ee7bde-2918-4348-97e9-33ed361e2c99", "reason": "confirmed", "target": "sw-ledger"}
{"correlation_id": "3065699b-a121-43c6-8459-d2e8d77f476c", "operation": "scope_member_grant", "outcome": "allowed", "principal": "user:c1-dev.52ee7bde-2918-4348-97e9-33ed361e2c99", "reason": "", "target": "sw-ledger"}
{"correlation_id": "31542890-7123-4ac7-be6c-06411edbbfa4", "operation": "membership", "outcome": "applied", "principal": "user:c1-dev.52ee7bde-2918-4348-97e9-33ed361e2c99", "reason": "confirmed", "target": "sw-ledger"}
{"correlation_id": "ef26b86d-eb84-4826-8ad0-15dc4681783c", "operation": "scope_member_grant", "outcome": "allowed", "principal": "user:c1-dev.52ee7bde-2918-4348-97e9-33ed361e2c99", "reason": "", "target": "sw-ledger"}
{"correlation_id": "5e7832e1-7676-469b-b763-26ccf920c55d", "operation": "membership", "outcome": "applied", "principal": "user:c1-dev.52ee7bde-2918-4348-97e9-33ed361e2c99", "reason": "confirmed", "target": "sw-ledger"}
{"correlation_id": "01e56601-12e1-4b19-b66b-6f94f8ffeb42", "operation": "scope_member_grant", "outcome": "allowed", "principal": "user:c1-dev.52ee7bde-2918-4348-97e9-33ed361e2c99", "reason": "", "target": "sw-ledger"}
{"correlation_id": "5b40b45f-948a-4e66-8319-d65c3264a264", "operation": "scope_create", "outcome": "applied", "principal": "user:c1-dev.52ee7bde-2918-4348-97e9-33ed361e2c99", "reason": "confirmed", "target": "sw-shop"}
{"correlation_id": "983640d8-6f03-467b-b167-1be97c2b6e32", "operation": "scope_create", "outcome": "allowed", "principal": "user:c1-dev.52ee7bde-2918-4348-97e9-33ed361e2c99", "reason": "", "target": "sw-shop"}
{"correlation_id": "eb6679de-18f7-49f7-bc89-ef3754faf149", "operation": "membership", "outcome": "applied", "principal": "user:c1-dev.52ee7bde-2918-4348-97e9-33ed361e2c99", "reason": "confirmed", "target": "sw-shop"}
{"correlation_id": "7eed2959-fe7e-42f1-b12b-2a10488dc42a", "operation": "scope_member_grant", "outcome": "allowed", "principal": "user:c1-dev.52ee7bde-2918-4348-97e9-33ed361e2c99", "reason": "", "target": "sw-shop"}
{"correlation_id": "4444e570-71d2-40f8-a252-1e78e16e0983", "operation": "membership", "outcome": "applied", "principal": "user:c1-dev.52ee7bde-2918-4348-97e9-33ed361e2c99", "reason": "confirmed", "target": "sw-shop"}
{"correlation_id": "c1cad41f-81ad-40ce-9a49-a7ae53778fc1", "operation": "scope_member_grant", "outcome": "allowed", "principal": "user:c1-dev.52ee7bde-2918-4348-97e9-33ed361e2c99", "reason": "", "target": "sw-shop"}
{"correlation_id": "352f06ef-7070-44b1-81c6-7f0b6dffe908", "operation": "membership", "outcome": "applied", "principal": "user:c1-dev.52ee7bde-2918-4348-97e9-33ed361e2c99", "reason": "confirmed", "target": "sw-shop"}
{"correlation_id": "52f53098-1c88-43ec-902d-fed808b714b8", "operation": "scope_member_grant", "outcome": "allowed", "principal": "user:c1-dev.52ee7bde-2918-4348-97e9-33ed361e2c99", "reason": "", "target": "sw-shop"}
{"correlation_id": "c31a28ef-f7ed-446a-9440-d01efd2280dc", "operation": "membership", "outcome": "applied", "principal": "user:c1-dev.52ee7bde-2918-4348-97e9-33ed361e2c99", "reason": "confirmed", "target": "sw-shop"}
{"correlation_id": "09260553-8155-432e-9323-64c27dc2676e", "operation": "scope_member_grant", "outcome": "allowed", "principal": "user:c1-dev.52ee7bde-2918-4348-97e9-33ed361e2c99", "reason": "", "target": "sw-shop"}
{"correlation_id": "a7d2af82-b075-4f18-83da-9c91efec009d", "operation": "membership", "outcome": "applied", "principal": "user:c1-dev.52ee7bde-2918-4348-97e9-33ed361e2c99", "reason": "confirmed", "target": "sw-shop"}
{"correlation_id": "5d224114-1c13-41de-bb56-754ef48f5a3d", "operation": "scope_member_grant", "outcome": "allowed", "principal": "user:c1-dev.52ee7bde-2918-4348-97e9-33ed361e2c99", "reason": "", "target": "sw-shop"}
{"correlation_id": "41357f96-5e3b-4ba3-a486-e82e0efe60ad", "operation": "membership", "outcome": "applied", "principal": "user:c1-dev.52ee7bde-2918-4348-97e9-33ed361e2c99", "reason": "confirmed", "target": "sw-shop"}
{"correlation_id": "7780e225-6879-4df0-9571-967bdd63e5e0", "operation": "scope_member_grant", "outcome": "allowed", "principal": "user:c1-dev.52ee7bde-2918-4348-97e9-33ed361e2c99", "reason": "", "target": "sw-shop"}
{"correlation_id": "ab4999e9-e359-4612-8db8-64ee5f72ebbb", "operation": "membership", "outcome": "applied", "principal": "user:c1-dev.52ee7bde-2918-4348-97e9-33ed361e2c99", "reason": "confirmed", "target": "sw-shop"}
{"correlation_id": "9acb3d93-ffcd-4f03-87ac-917f7b69ad78", "operation": "scope_member_grant", "outcome": "allowed", "principal": "user:c1-dev.52ee7bde-2918-4348-97e9-33ed361e2c99", "reason": "", "target": "sw-shop"}
{"correlation_id": "6d940155-efed-4299-baf1-b7286317f5be", "operation": "membership", "outcome": "applied", "principal": "user:c1-dev.52ee7bde-2918-4348-97e9-33ed361e2c99", "reason": "confirmed", "target": "sw-shop"}
{"correlation_id": "cf95a556-0b37-4c15-b32e-22801d7ee46f", "operation": "scope_member_grant", "outcome": "allowed", "principal": "user:c1-dev.52ee7bde-2918-4348-97e9-33ed361e2c99", "reason": "", "target": "sw-shop"}
{"correlation_id": "3d300350-1ca0-4c41-a8d7-ef7043cf77e8", "operation": "membership", "outcome": "applied", "principal": "user:c1-dev.52ee7bde-2918-4348-97e9-33ed361e2c99", "reason": "confirmed", "target": "sw-shop"}
{"correlation_id": "6ca45845-d7aa-47ff-ac42-ae3a6f1db714", "operation": "scope_member_grant", "outcome": "allowed", "principal": "user:c1-dev.52ee7bde-2918-4348-97e9-33ed361e2c99", "reason": "", "target": "sw-shop"}
{"correlation_id": "cffdcbeb-3eeb-4d81-96fb-42a72b6420bb", "operation": "membership", "outcome": "applied", "principal": "user:c1-dev.52ee7bde-2918-4348-97e9-33ed361e2c99", "reason": "confirmed", "target": "sw-shop"}
{"correlation_id": "3669a139-ba4a-4aef-af46-c69f8c6033e6", "operation": "scope_member_grant", "outcome": "allowed", "principal": "user:c1-dev.52ee7bde-2918-4348-97e9-33ed361e2c99", "reason": "", "target": "sw-shop"}
{"correlation_id": "fb04c9f8-c792-4b6f-97a2-cbd4a0d56304", "operation": "membership", "outcome": "applied", "principal": "user:c1-dev.52ee7bde-2918-4348-97e9-33ed361e2c99", "reason": "confirmed", "target": "sw-shop"}
{"correlation_id": "8b848d28-4e33-407b-bc04-ad05f014abe4", "operation": "scope_member_grant", "outcome": "allowed", "principal": "user:c1-dev.52ee7bde-2918-4348-97e9-33ed361e2c99", "reason": "", "target": "sw-shop"}
{"correlation_id": "c1ab62de-77b6-42c2-a0e0-14a3d6914893", "operation": "membership", "outcome": "applied", "principal": "user:c1-dev.52ee7bde-2918-4348-97e9-33ed361e2c99", "reason": "confirmed", "target": "sw-shop"}
{"correlation_id": "5adc11e7-2890-4219-94b8-62d940ee1e05", "operation": "scope_member_grant", "outcome": "allowed", "principal": "user:c1-dev.52ee7bde-2918-4348-97e9-33ed361e2c99", "reason": "", "target": "sw-shop"}
{"correlation_id": "c1af0fff-8411-466d-9e9f-d75307ca4997", "operation": "scope_create", "outcome": "applied", "principal": "user:c1-dev.52ee7bde-2918-4348-97e9-33ed361e2c99", "reason": "confirmed", "target": "sw-restricted"}
{"correlation_id": "b591f261-29be-49ac-a9be-42d4d2f4443e", "operation": "scope_create", "outcome": "allowed", "principal": "user:c1-dev.52ee7bde-2918-4348-97e9-33ed361e2c99", "reason": "", "target": "sw-restricted"}
{"correlation_id": "b6d402fa-1a81-43c5-b7ac-e058922826b6", "operation": "membership", "outcome": "applied", "principal": "user:c1-dev.52ee7bde-2918-4348-97e9-33ed361e2c99", "reason": "confirmed", "target": "sw-restricted"}
{"correlation_id": "36795459-3ffb-47fd-b5cd-2ca4bba3c48a", "operation": "scope_member_grant", "outcome": "allowed", "principal": "user:c1-dev.52ee7bde-2918-4348-97e9-33ed361e2c99", "reason": "", "target": "sw-restricted"}
{"correlation_id": "2b14947f-c21e-41a3-acd4-a792ed2667ca", "operation": "membership", "outcome": "applied", "principal": "user:c1-dev.52ee7bde-2918-4348-97e9-33ed361e2c99", "reason": "confirmed", "target": "sw-restricted"}
{"correlation_id": "e5f5ad1c-5bc2-4ebf-9e1d-563563f75ea2", "operation": "scope_member_grant", "outcome": "allowed", "principal": "user:c1-dev.52ee7bde-2918-4348-97e9-33ed361e2c99", "reason": "", "target": "sw-restricted"}
{"correlation_id": "2c21876b-dd00-4924-b3bf-1698f25c6955", "operation": "membership", "outcome": "applied", "principal": "user:c1-dev.52ee7bde-2918-4348-97e9-33ed361e2c99", "reason": "confirmed", "target": "sw-restricted"}
{"correlation_id": "d47f1b82-2e9f-4e37-b8c7-659c6fc216aa", "operation": "scope_member_grant", "outcome": "allowed", "principal": "user:c1-dev.52ee7bde-2918-4348-97e9-33ed361e2c99", "reason": "", "target": "sw-restricted"}
{"correlation_id": "97064723-aaac-4a81-8b46-23ee29b1b6e1", "operation": "membership", "outcome": "applied", "principal": "user:c1-dev.52ee7bde-2918-4348-97e9-33ed361e2c99", "reason": "confirmed", "target": "sw-restricted"}
{"correlation_id": "ceca4b9c-4f40-49da-9b3f-ae2917772ae4", "operation": "scope_member_grant", "outcome": "allowed", "principal": "user:c1-dev.52ee7bde-2918-4348-97e9-33ed361e2c99", "reason": "", "target": "sw-restricted"}
{"correlation_id": "32a2673e-020d-4653-a3fc-afb4b93c7b3e", "operation": "membership", "outcome": "applied", "principal": "user:c1-dev.52ee7bde-2918-4348-97e9-33ed361e2c99", "reason": "confirmed", "target": "sw-restricted"}
{"correlation_id": "1112b45c-f354-42d6-9c87-7a0db1674853", "operation": "scope_member_grant", "outcome": "allowed", "principal": "user:c1-dev.52ee7bde-2918-4348-97e9-33ed361e2c99", "reason": "", "target": "sw-restricted"}
{"correlation_id": "c1686f2d-a97f-4ae9-82c2-f29ab2f49889", "operation": "membership", "outcome": "applied", "principal": "user:c1-dev.52ee7bde-2918-4348-97e9-33ed361e2c99", "reason": "confirmed", "target": "sw-restricted"}
{"correlation_id": "74fee1f0-93aa-40a4-8ca1-4bfcc2b7ce2b", "operation": "scope_member_grant", "outcome": "allowed", "principal": "user:c1-dev.52ee7bde-2918-4348-97e9-33ed361e2c99", "reason": "", "target": "sw-restricted"}
{"correlation_id": "4779bba9-1756-4cf4-9955-896315b6b981", "operation": "membership", "outcome": "applied", "principal": "user:c1-dev.52ee7bde-2918-4348-97e9-33ed361e2c99", "reason": "confirmed", "target": "sw-restricted"}
{"correlation_id": "e59de774-f18c-4f41-b48c-4741abd05198", "operation": "scope_member_grant", "outcome": "allowed", "principal": "user:c1-dev.52ee7bde-2918-4348-97e9-33ed361e2c99", "reason": "", "target": "sw-restricted"}
{"correlation_id": "88372c5e-8643-465f-9578-3fa4950c25b9", "operation": "membership", "outcome": "applied", "principal": "user:c1-dev.52ee7bde-2918-4348-97e9-33ed361e2c99", "reason": "confirmed", "target": "sw-restricted"}
{"correlation_id": "2f6476f7-a4c1-4e48-a2ca-1fb67db1dd26", "operation": "scope_member_grant", "outcome": "allowed", "principal": "user:c1-dev.52ee7bde-2918-4348-97e9-33ed361e2c99", "reason": "", "target": "sw-restricted"}
{"correlation_id": "67205b30-1cc3-4682-aabc-85fc50f32fa6", "operation": "membership", "outcome": "applied", "principal": "user:c1-dev.52ee7bde-2918-4348-97e9-33ed361e2c99", "reason": "confirmed", "target": "sw-restricted"}
{"correlation_id": "3f0a6f84-5b9b-4c48-844a-980ac4df31cb", "operation": "scope_member_grant", "outcome": "allowed", "principal": "user:c1-dev.52ee7bde-2918-4348-97e9-33ed361e2c99", "reason": "", "target": "sw-restricted"}
{"correlation_id": "e6bf38af-66c8-4e3f-8d5f-78067d139c2a", "operation": "membership", "outcome": "applied", "principal": "user:c1-dev.52ee7bde-2918-4348-97e9-33ed361e2c99", "reason": "confirmed", "target": "sw-restricted"}
{"correlation_id": "a589cba4-dd47-4ef1-9fcf-482292f75d8d", "operation": "scope_member_grant", "outcome": "allowed", "principal": "user:c1-dev.52ee7bde-2918-4348-97e9-33ed361e2c99", "reason": "", "target": "sw-restricted"}
{"correlation_id": "aabaabb2-fe08-4fe1-b37f-b75e46a0ace4", "operation": "membership", "outcome": "applied", "principal": "user:c1-dev.52ee7bde-2918-4348-97e9-33ed361e2c99", "reason": "confirmed", "target": "sw-restricted"}
{"correlation_id": "8a1c3a0d-e55c-4c84-8681-c9e29c21bc15", "operation": "scope_member_grant", "outcome": "allowed", "principal": "user:c1-dev.52ee7bde-2918-4348-97e9-33ed361e2c99", "reason": "", "target": "sw-restricted"}
{"correlation_id": "738a511b-5e95-4d58-b750-aab13abd678b", "operation": "resource_read", "outcome": "denied", "principal": "user:c1-dev.710d299c-4393-4f32-b84c-e6c81c8382ad", "reason": "not_found", "target": ""}
{"correlation_id": "f951c6fe-bc9a-4c4c-a04f-6a2ab88286e7", "operation": "instance_read", "outcome": "allowed", "principal": "user:c1-dev.710d299c-4393-4f32-b84c-e6c81c8382ad", "reason": "", "target": "m03_348604f55bfa47079e14c0adf363b6eb"}
{"correlation_id": "7e4be79b-b397-4abe-b1e5-4250b32c08ea", "operation": "changeset_create", "outcome": "allowed", "principal": "user:c1-dev.710d299c-4393-4f32-b84c-e6c81c8382ad", "reason": "", "target": "urn:c1:instance:dev:changeset-0e5cfdd313744ce5acdb71992198290b"}
{"correlation_id": "9bf9d602-dc09-4ae6-93f7-085fedd28e78", "operation": "changeset_read", "outcome": "allowed", "principal": "user:c1-dev.710d299c-4393-4f32-b84c-e6c81c8382ad", "reason": "", "target": "urn:c1:instance:dev:changeset-0e5cfdd313744ce5acdb71992198290b"}
{"correlation_id": "284814e6-4721-4154-8f43-6ad63fb0f9e0", "operation": "changeset_submit", "outcome": "allowed", "principal": "user:c1-dev.710d299c-4393-4f32-b84c-e6c81c8382ad", "reason": "", "target": "urn:c1:instance:dev:changeset-0e5cfdd313744ce5acdb71992198290b"}
{"correlation_id": "584abd52-a5ca-46e3-b36e-6d0075617813", "operation": "changeset_approve", "outcome": "allowed", "principal": "user:c1-dev.2c8d560f-a67a-4801-8621-e597415decd4", "reason": "", "target": "urn:c1:instance:dev:changeset-0e5cfdd313744ce5acdb71992198290b"}
{"correlation_id": "6269a933-9c78-46cc-873b-090aed32feac", "operation": "changeset_apply", "outcome": "allowed", "principal": "user:c1-dev.2c8d560f-a67a-4801-8621-e597415decd4", "reason": "", "target": "urn:c1:instance:dev:changeset-0e5cfdd313744ce5acdb71992198290b"}
{"correlation_id": "af3cc3d3-42ae-447f-af48-9a8c0fed0cb6", "operation": "instance_read", "outcome": "allowed", "principal": "user:c1-dev.2c8d560f-a67a-4801-8621-e597415decd4", "reason": "", "target": "m03_348604f55bfa47079e14c0adf363b6eb"}
{"correlation_id": "0134516d-0acf-429a-bc93-a532b2040756", "operation": "resource_read", "outcome": "denied", "principal": "user:c1-dev.710d299c-4393-4f32-b84c-e6c81c8382ad", "reason": "not_found", "target": ""}
{"correlation_id": "94387190-b39b-467a-90d1-27840d7c60a2", "operation": "resource_read", "outcome": "denied", "principal": "user:c1-dev.710d299c-4393-4f32-b84c-e6c81c8382ad", "reason": "not_found", "target": ""}
{"correlation_id": "791484aa-b3a3-4487-864f-cd104db84e4c", "operation": "instance_read", "outcome": "allowed", "principal": "user:c1-dev.710d299c-4393-4f32-b84c-e6c81c8382ad", "reason": "", "target": "m03_348604f55bfa47079e14c0adf363b6eb"}
{"correlation_id": "1e13614c-a167-42d2-8ab1-c9163e19974b", "operation": "changeset_create", "outcome": "allowed", "principal": "user:c1-dev.710d299c-4393-4f32-b84c-e6c81c8382ad", "reason": "", "target": "urn:c1:instance:dev:changeset-a0c3a40446294cf0bfd4ac492bc6b765"}
{"correlation_id": "48ceeb88-864f-484a-b8b0-df2b7cc74117", "operation": "changeset_read", "outcome": "allowed", "principal": "user:c1-dev.710d299c-4393-4f32-b84c-e6c81c8382ad", "reason": "", "target": "urn:c1:instance:dev:changeset-a0c3a40446294cf0bfd4ac492bc6b765"}
{"correlation_id": "0f09fca0-22ac-4a34-bebc-47e075781a82", "operation": "changeset_submit", "outcome": "allowed", "principal": "user:c1-dev.710d299c-4393-4f32-b84c-e6c81c8382ad", "reason": "", "target": "urn:c1:instance:dev:changeset-a0c3a40446294cf0bfd4ac492bc6b765"}
{"correlation_id": "baef7994-84dd-44e2-94e7-2da9779cd732", "operation": "changeset_approve", "outcome": "allowed", "principal": "user:c1-dev.2c8d560f-a67a-4801-8621-e597415decd4", "reason": "", "target": "urn:c1:instance:dev:changeset-a0c3a40446294cf0bfd4ac492bc6b765"}
{"correlation_id": "d4acf8ab-62a4-497d-8c41-b582a0928f20", "operation": "changeset_apply", "outcome": "allowed", "principal": "user:c1-dev.2c8d560f-a67a-4801-8621-e597415decd4", "reason": "", "target": "urn:c1:instance:dev:changeset-a0c3a40446294cf0bfd4ac492bc6b765"}
{"correlation_id": "6bc12b99-cac2-4a03-ae68-121735708ab8", "operation": "instance_read", "outcome": "allowed", "principal": "user:c1-dev.2c8d560f-a67a-4801-8621-e597415decd4", "reason": "", "target": "m03_348604f55bfa47079e14c0adf363b6eb"}
{"correlation_id": "248b12fb-80ee-4381-85a7-269295863561", "operation": "resource_read", "outcome": "denied", "principal": "user:c1-dev.710d299c-4393-4f32-b84c-e6c81c8382ad", "reason": "not_found", "target": ""}
{"correlation_id": "d838748f-4cd9-4c62-949b-28997c0c8df8", "operation": "resource_read", "outcome": "denied", "principal": "user:c1-dev.710d299c-4393-4f32-b84c-e6c81c8382ad", "reason": "not_found", "target": ""}
{"correlation_id": "d99c4b0a-ed10-4c54-8276-db9d9ee107ad", "operation": "instance_read", "outcome": "allowed", "principal": "user:c1-dev.710d299c-4393-4f32-b84c-e6c81c8382ad", "reason": "", "target": "m03_348604f55bfa47079e14c0adf363b6eb"}
{"correlation_id": "17b3dbb4-0523-458a-8f31-455b684b617f", "operation": "changeset_create", "outcome": "allowed", "principal": "user:c1-dev.710d299c-4393-4f32-b84c-e6c81c8382ad", "reason": "", "target": "urn:c1:instance:dev:changeset-fde74b6ad9b1445888816346fd5f6166"}
{"correlation_id": "dbba3c4a-7e7f-480f-90b8-c8678cb58877", "operation": "changeset_read", "outcome": "allowed", "principal": "user:c1-dev.710d299c-4393-4f32-b84c-e6c81c8382ad", "reason": "", "target": "urn:c1:instance:dev:changeset-fde74b6ad9b1445888816346fd5f6166"}
{"correlation_id": "5878211a-581c-405b-9056-68c6fa8fe99a", "operation": "changeset_submit", "outcome": "allowed", "principal": "user:c1-dev.710d299c-4393-4f32-b84c-e6c81c8382ad", "reason": "", "target": "urn:c1:instance:dev:changeset-fde74b6ad9b1445888816346fd5f6166"}
{"correlation_id": "5dc1853e-ebcc-4938-88bb-d64c4641ee1b", "operation": "changeset_approve", "outcome": "allowed", "principal": "user:c1-dev.2c8d560f-a67a-4801-8621-e597415decd4", "reason": "", "target": "urn:c1:instance:dev:changeset-fde74b6ad9b1445888816346fd5f6166"}
{"correlation_id": "e274d26e-38d8-4f39-8f9d-74252fed2489", "operation": "changeset_apply", "outcome": "allowed", "principal": "user:c1-dev.2c8d560f-a67a-4801-8621-e597415decd4", "reason": "", "target": "urn:c1:instance:dev:changeset-fde74b6ad9b1445888816346fd5f6166"}
{"correlation_id": "5adfaf2f-44d7-4660-b8e7-d04f0ccea976", "operation": "instance_read", "outcome": "allowed", "principal": "user:c1-dev.2c8d560f-a67a-4801-8621-e597415decd4", "reason": "", "target": "m03_348604f55bfa47079e14c0adf363b6eb"}
{"correlation_id": "e328de03-d819-4b7d-ab72-a814689fac7a", "operation": "resource_read", "outcome": "denied", "principal": "user:c1-dev.710d299c-4393-4f32-b84c-e6c81c8382ad", "reason": "not_found", "target": ""}
{"correlation_id": "838c121b-af5b-476a-93be-bed374a4a928", "operation": "resource_read", "outcome": "denied", "principal": "user:c1-dev.710d299c-4393-4f32-b84c-e6c81c8382ad", "reason": "not_found", "target": ""}
{"correlation_id": "d0f64b2c-0ec6-4f62-b379-bf3dfbaed123", "operation": "instance_read", "outcome": "allowed", "principal": "user:c1-dev.710d299c-4393-4f32-b84c-e6c81c8382ad", "reason": "", "target": "m03_348604f55bfa47079e14c0adf363b6eb"}
{"correlation_id": "6a53d1e2-b30d-41ce-af92-d651085cffcb", "operation": "changeset_create", "outcome": "allowed", "principal": "user:c1-dev.710d299c-4393-4f32-b84c-e6c81c8382ad", "reason": "", "target": "urn:c1:instance:dev:changeset-43a7025445d948a79ad4e0bb65278273"}
{"correlation_id": "9fb32727-3727-4d5a-90a1-62f9927bbc2e", "operation": "changeset_read", "outcome": "allowed", "principal": "user:c1-dev.710d299c-4393-4f32-b84c-e6c81c8382ad", "reason": "", "target": "urn:c1:instance:dev:changeset-43a7025445d948a79ad4e0bb65278273"}
{"correlation_id": "8731596f-d0e0-4e07-ab15-5c1b5657798b", "operation": "changeset_submit", "outcome": "allowed", "principal": "user:c1-dev.710d299c-4393-4f32-b84c-e6c81c8382ad", "reason": "", "target": "urn:c1:instance:dev:changeset-43a7025445d948a79ad4e0bb65278273"}
{"correlation_id": "da6a0546-582d-4684-8801-1ca7886e5579", "operation": "changeset_approve", "outcome": "allowed", "principal": "user:c1-dev.2c8d560f-a67a-4801-8621-e597415decd4", "reason": "", "target": "urn:c1:instance:dev:changeset-43a7025445d948a79ad4e0bb65278273"}
{"correlation_id": "72c590a6-1345-4c21-970b-b9170121ff4a", "operation": "changeset_apply", "outcome": "allowed", "principal": "user:c1-dev.2c8d560f-a67a-4801-8621-e597415decd4", "reason": "", "target": "urn:c1:instance:dev:changeset-43a7025445d948a79ad4e0bb65278273"}
{"correlation_id": "2c70d52d-ee8f-4e64-8759-64d6b3c4d6b5", "operation": "instance_read", "outcome": "allowed", "principal": "user:c1-dev.2c8d560f-a67a-4801-8621-e597415decd4", "reason": "", "target": "m03_348604f55bfa47079e14c0adf363b6eb"}
{"correlation_id": "cc719e71-949c-4551-a435-b830ae7ac48a", "operation": "resource_read", "outcome": "denied", "principal": "user:c1-dev.710d299c-4393-4f32-b84c-e6c81c8382ad", "reason": "not_found", "target": ""}
{"correlation_id": "6ea378a5-8b8d-419d-a6af-1f89d1277225", "operation": "resource_read", "outcome": "denied", "principal": "user:c1-dev.710d299c-4393-4f32-b84c-e6c81c8382ad", "reason": "not_found", "target": ""}
{"correlation_id": "b3a6bb63-7319-4b91-9fed-4e64412d1285", "operation": "instance_read", "outcome": "allowed", "principal": "user:c1-dev.710d299c-4393-4f32-b84c-e6c81c8382ad", "reason": "", "target": "m03_348604f55bfa47079e14c0adf363b6eb"}
{"correlation_id": "46dbbbb9-9c18-4f5d-8d5e-9b7c87e2c9b6", "operation": "changeset_create", "outcome": "allowed", "principal": "user:c1-dev.710d299c-4393-4f32-b84c-e6c81c8382ad", "reason": "", "target": "urn:c1:instance:dev:changeset-b44c7bbfd9cf493d9539c8f64abfab76"}
{"correlation_id": "35c0bccc-bdd6-4643-8743-a0dbf1279dc8", "operation": "changeset_read", "outcome": "allowed", "principal": "user:c1-dev.710d299c-4393-4f32-b84c-e6c81c8382ad", "reason": "", "target": "urn:c1:instance:dev:changeset-b44c7bbfd9cf493d9539c8f64abfab76"}
{"correlation_id": "460274b2-880a-4396-a6f1-7ed48dcccee6", "operation": "changeset_submit", "outcome": "allowed", "principal": "user:c1-dev.710d299c-4393-4f32-b84c-e6c81c8382ad", "reason": "", "target": "urn:c1:instance:dev:changeset-b44c7bbfd9cf493d9539c8f64abfab76"}
{"correlation_id": "d7e6c1f3-0a50-4db4-8a8d-de8d13f9286d", "operation": "changeset_approve", "outcome": "allowed", "principal": "user:c1-dev.2c8d560f-a67a-4801-8621-e597415decd4", "reason": "", "target": "urn:c1:instance:dev:changeset-b44c7bbfd9cf493d9539c8f64abfab76"}
{"correlation_id": "a51f0a8f-0cad-4a81-bf64-58f056832ce9", "operation": "changeset_apply", "outcome": "allowed", "principal": "user:c1-dev.2c8d560f-a67a-4801-8621-e597415decd4", "reason": "", "target": "urn:c1:instance:dev:changeset-b44c7bbfd9cf493d9539c8f64abfab76"}
{"correlation_id": "e6979e21-aac2-4fe2-a252-68bc6a4cfb9e", "operation": "instance_read", "outcome": "allowed", "principal": "user:c1-dev.2c8d560f-a67a-4801-8621-e597415decd4", "reason": "", "target": "m03_348604f55bfa47079e14c0adf363b6eb"}
{"correlation_id": "e917d9f8-f8aa-4ea5-bdc6-40d01ec9bdba", "operation": "resource_read", "outcome": "denied", "principal": "user:c1-dev.710d299c-4393-4f32-b84c-e6c81c8382ad", "reason": "not_found", "target": ""}
{"correlation_id": "30a80295-29c3-4f5c-8ed8-941d4845f8e1", "operation": "resource_read", "outcome": "denied", "principal": "user:c1-dev.710d299c-4393-4f32-b84c-e6c81c8382ad", "reason": "not_found", "target": ""}
{"correlation_id": "b84ad110-803f-463d-864b-c9bb48ed37ba", "operation": "instance_read", "outcome": "allowed", "principal": "user:c1-dev.710d299c-4393-4f32-b84c-e6c81c8382ad", "reason": "", "target": "m03_348604f55bfa47079e14c0adf363b6eb"}
{"correlation_id": "d50f7e28-efa6-4516-ae24-921507ffec6f", "operation": "changeset_create", "outcome": "allowed", "principal": "user:c1-dev.710d299c-4393-4f32-b84c-e6c81c8382ad", "reason": "", "target": "urn:c1:instance:dev:changeset-feb7adf0c8a54d41b845af18e2536449"}
{"correlation_id": "3fbd6f5b-6a03-4b10-a117-3c05cc82d07f", "operation": "changeset_read", "outcome": "allowed", "principal": "user:c1-dev.710d299c-4393-4f32-b84c-e6c81c8382ad", "reason": "", "target": "urn:c1:instance:dev:changeset-feb7adf0c8a54d41b845af18e2536449"}
{"correlation_id": "e21ffe17-a4f5-4e23-beb2-a55b58ca358f", "operation": "changeset_submit", "outcome": "allowed", "principal": "user:c1-dev.710d299c-4393-4f32-b84c-e6c81c8382ad", "reason": "", "target": "urn:c1:instance:dev:changeset-feb7adf0c8a54d41b845af18e2536449"}
{"correlation_id": "223cc81f-5c86-4ce9-9785-52aaafedd869", "operation": "changeset_approve", "outcome": "allowed", "principal": "user:c1-dev.2c8d560f-a67a-4801-8621-e597415decd4", "reason": "", "target": "urn:c1:instance:dev:changeset-feb7adf0c8a54d41b845af18e2536449"}
{"correlation_id": "220caab4-515a-476b-a8e5-e8e80acdf01e", "operation": "changeset_apply", "outcome": "allowed", "principal": "user:c1-dev.2c8d560f-a67a-4801-8621-e597415decd4", "reason": "", "target": "urn:c1:instance:dev:changeset-feb7adf0c8a54d41b845af18e2536449"}
{"correlation_id": "f3f5022f-5fb4-41b5-8d63-476ee1f1abd2", "operation": "instance_read", "outcome": "allowed", "principal": "user:c1-dev.2c8d560f-a67a-4801-8621-e597415decd4", "reason": "", "target": "m03_348604f55bfa47079e14c0adf363b6eb"}
{"correlation_id": "0da5b197-1f14-4e6b-9bb9-3f5c84d9369d", "operation": "resource_read", "outcome": "denied", "principal": "user:c1-dev.710d299c-4393-4f32-b84c-e6c81c8382ad", "reason": "not_found", "target": ""}
{"correlation_id": "6232a1b7-6657-4a52-8486-e066b2bc5240", "operation": "resource_read", "outcome": "denied", "principal": "user:c1-dev.710d299c-4393-4f32-b84c-e6c81c8382ad", "reason": "not_found", "target": ""}
{"correlation_id": "15f7ba7c-1cfb-486b-9a5d-1b8088295f52", "operation": "instance_read", "outcome": "allowed", "principal": "user:c1-dev.710d299c-4393-4f32-b84c-e6c81c8382ad", "reason": "", "target": "m03_348604f55bfa47079e14c0adf363b6eb"}
{"correlation_id": "1d67eb6c-21f7-4b51-b90a-89c179d523d6", "operation": "changeset_create", "outcome": "allowed", "principal": "user:c1-dev.710d299c-4393-4f32-b84c-e6c81c8382ad", "reason": "", "target": "urn:c1:instance:dev:changeset-286da5655bed417cb3f044d423d411c6"}
{"correlation_id": "3bf81567-df35-4455-a4b5-bcaa517e8ff5", "operation": "changeset_read", "outcome": "allowed", "principal": "user:c1-dev.710d299c-4393-4f32-b84c-e6c81c8382ad", "reason": "", "target": "urn:c1:instance:dev:changeset-286da5655bed417cb3f044d423d411c6"}
{"correlation_id": "d7ea8394-1e20-4d77-b048-56c121cfb171", "operation": "changeset_submit", "outcome": "allowed", "principal": "user:c1-dev.710d299c-4393-4f32-b84c-e6c81c8382ad", "reason": "", "target": "urn:c1:instance:dev:changeset-286da5655bed417cb3f044d423d411c6"}
{"correlation_id": "a3aeb17a-ea38-4056-ad02-fcd8103d4788", "operation": "changeset_approve", "outcome": "allowed", "principal": "user:c1-dev.2c8d560f-a67a-4801-8621-e597415decd4", "reason": "", "target": "urn:c1:instance:dev:changeset-286da5655bed417cb3f044d423d411c6"}
{"correlation_id": "6b2e0f2d-dcec-45b7-8326-3e8c76f8d52e", "operation": "changeset_apply", "outcome": "allowed", "principal": "user:c1-dev.2c8d560f-a67a-4801-8621-e597415decd4", "reason": "", "target": "urn:c1:instance:dev:changeset-286da5655bed417cb3f044d423d411c6"}
{"correlation_id": "c92af1ad-2404-4e53-a219-a76f5271c2db", "operation": "instance_read", "outcome": "allowed", "principal": "user:c1-dev.2c8d560f-a67a-4801-8621-e597415decd4", "reason": "", "target": "m03_348604f55bfa47079e14c0adf363b6eb"}
{"correlation_id": "4bc467c4-4a55-4b26-977b-c01652365292", "operation": "resource_read", "outcome": "denied", "principal": "user:c1-dev.710d299c-4393-4f32-b84c-e6c81c8382ad", "reason": "not_found", "target": ""}
{"correlation_id": "90f9db38-0a4e-4405-a35e-641823ef01c5", "operation": "resource_read", "outcome": "denied", "principal": "user:c1-dev.710d299c-4393-4f32-b84c-e6c81c8382ad", "reason": "not_found", "target": ""}
{"correlation_id": "038138d3-b4eb-4900-9c03-ae9ee2b3680e", "operation": "instance_read", "outcome": "allowed", "principal": "user:c1-dev.710d299c-4393-4f32-b84c-e6c81c8382ad", "reason": "", "target": "m03_348604f55bfa47079e14c0adf363b6eb"}
{"correlation_id": "90b55825-553d-4d8a-af61-194ba9fe7de3", "operation": "changeset_create", "outcome": "allowed", "principal": "user:c1-dev.710d299c-4393-4f32-b84c-e6c81c8382ad", "reason": "", "target": "urn:c1:instance:dev:changeset-335c511bdb944f4b9de125404f6eb0ac"}
{"correlation_id": "608035af-7e56-4759-a283-a5f8d8a5d56b", "operation": "changeset_read", "outcome": "allowed", "principal": "user:c1-dev.710d299c-4393-4f32-b84c-e6c81c8382ad", "reason": "", "target": "urn:c1:instance:dev:changeset-335c511bdb944f4b9de125404f6eb0ac"}
{"correlation_id": "bd2f18ab-e1b7-46f4-aae4-cdd44e0760d5", "operation": "changeset_submit", "outcome": "allowed", "principal": "user:c1-dev.710d299c-4393-4f32-b84c-e6c81c8382ad", "reason": "", "target": "urn:c1:instance:dev:changeset-335c511bdb944f4b9de125404f6eb0ac"}
{"correlation_id": "b56e00d1-30e6-4649-8500-5f989f109804", "operation": "changeset_approve", "outcome": "allowed", "principal": "user:c1-dev.2c8d560f-a67a-4801-8621-e597415decd4", "reason": "", "target": "urn:c1:instance:dev:changeset-335c511bdb944f4b9de125404f6eb0ac"}
{"correlation_id": "74196e98-72f7-45c6-a0d4-5114a94d27c6", "operation": "changeset_apply", "outcome": "allowed", "principal": "user:c1-dev.2c8d560f-a67a-4801-8621-e597415decd4", "reason": "", "target": "urn:c1:instance:dev:changeset-335c511bdb944f4b9de125404f6eb0ac"}
{"correlation_id": "fd6eadf3-84ad-4248-b0be-98e82f9561ef", "operation": "instance_read", "outcome": "allowed", "principal": "user:c1-dev.2c8d560f-a67a-4801-8621-e597415decd4", "reason": "", "target": "m03_348604f55bfa47079e14c0adf363b6eb"}
{"correlation_id": "9d4c83ba-c577-4967-bdfe-975bd661db19", "operation": "resource_read", "outcome": "denied", "principal": "user:c1-dev.710d299c-4393-4f32-b84c-e6c81c8382ad", "reason": "not_found", "target": ""}
{"correlation_id": "b1a10870-55e3-4490-853e-35a62ccbb664", "operation": "resource_read", "outcome": "denied", "principal": "user:c1-dev.710d299c-4393-4f32-b84c-e6c81c8382ad", "reason": "not_found", "target": ""}
{"correlation_id": "75310abe-305b-4bec-9ef8-bba034de12a1", "operation": "instance_read", "outcome": "allowed", "principal": "user:c1-dev.710d299c-4393-4f32-b84c-e6c81c8382ad", "reason": "", "target": "m03_348604f55bfa47079e14c0adf363b6eb"}
{"correlation_id": "c12bfcb8-f6a3-4f74-90ea-82f93f223618", "operation": "changeset_create", "outcome": "allowed", "principal": "user:c1-dev.710d299c-4393-4f32-b84c-e6c81c8382ad", "reason": "", "target": "urn:c1:instance:dev:changeset-f781d43c8a444f1bb17366316b46ff26"}
{"correlation_id": "0618bc04-cb10-47fb-9c66-88d57dd6ebe7", "operation": "changeset_read", "outcome": "allowed", "principal": "user:c1-dev.710d299c-4393-4f32-b84c-e6c81c8382ad", "reason": "", "target": "urn:c1:instance:dev:changeset-f781d43c8a444f1bb17366316b46ff26"}
{"correlation_id": "c80813da-62c3-4caa-8dd5-69670c3650d9", "operation": "changeset_submit", "outcome": "allowed", "principal": "user:c1-dev.710d299c-4393-4f32-b84c-e6c81c8382ad", "reason": "", "target": "urn:c1:instance:dev:changeset-f781d43c8a444f1bb17366316b46ff26"}
{"correlation_id": "e1705f95-22e9-49cf-8b2c-9db82c88322e", "operation": "changeset_approve", "outcome": "allowed", "principal": "user:c1-dev.2c8d560f-a67a-4801-8621-e597415decd4", "reason": "", "target": "urn:c1:instance:dev:changeset-f781d43c8a444f1bb17366316b46ff26"}
{"correlation_id": "0d7d1904-1e71-4ac0-a5a4-ed0ba7fe0786", "operation": "changeset_apply", "outcome": "allowed", "principal": "user:c1-dev.2c8d560f-a67a-4801-8621-e597415decd4", "reason": "", "target": "urn:c1:instance:dev:changeset-f781d43c8a444f1bb17366316b46ff26"}
{"correlation_id": "f73a9f5a-1153-4d96-8606-100ef94c5158", "operation": "instance_read", "outcome": "allowed", "principal": "user:c1-dev.2c8d560f-a67a-4801-8621-e597415decd4", "reason": "", "target": "m03_348604f55bfa47079e14c0adf363b6eb"}
{"correlation_id": "5b5aba32-ee83-492c-81fe-ce193e30db7d", "operation": "resource_read", "outcome": "denied", "principal": "user:c1-dev.710d299c-4393-4f32-b84c-e6c81c8382ad", "reason": "not_found", "target": ""}
{"correlation_id": "f14d2145-5222-4120-a73a-2eec6daa5bf2", "operation": "instance_read", "outcome": "allowed", "principal": "user:c1-dev.710d299c-4393-4f32-b84c-e6c81c8382ad", "reason": "", "target": "m03_348604f55bfa47079e14c0adf363b6eb"}
{"correlation_id": "9f09326d-664c-45e5-b72e-924a6bf48133", "operation": "changeset_create", "outcome": "allowed", "principal": "user:c1-dev.710d299c-4393-4f32-b84c-e6c81c8382ad", "reason": "", "target": "urn:c1:instance:dev:changeset-840456c151c14093a2392018da4da04f"}
{"correlation_id": "4b0bae06-22d2-459e-b379-5bf4e6ee41b6", "operation": "changeset_read", "outcome": "allowed", "principal": "user:c1-dev.710d299c-4393-4f32-b84c-e6c81c8382ad", "reason": "", "target": "urn:c1:instance:dev:changeset-840456c151c14093a2392018da4da04f"}
{"correlation_id": "00580350-f74c-4690-b233-2062d26d3760", "operation": "changeset_submit", "outcome": "allowed", "principal": "user:c1-dev.710d299c-4393-4f32-b84c-e6c81c8382ad", "reason": "", "target": "urn:c1:instance:dev:changeset-840456c151c14093a2392018da4da04f"}
{"correlation_id": "77beff77-b775-4c4f-9992-bcb4b80bc4e3", "operation": "changeset_approve", "outcome": "allowed", "principal": "user:c1-dev.2c8d560f-a67a-4801-8621-e597415decd4", "reason": "", "target": "urn:c1:instance:dev:changeset-840456c151c14093a2392018da4da04f"}
{"correlation_id": "e7f48056-b382-4614-bd7f-b9025848e866", "operation": "changeset_apply", "outcome": "allowed", "principal": "user:c1-dev.2c8d560f-a67a-4801-8621-e597415decd4", "reason": "", "target": "urn:c1:instance:dev:changeset-840456c151c14093a2392018da4da04f"}
{"correlation_id": "c512c48f-5b9d-4710-ab2c-81ed280cf348", "operation": "instance_read", "outcome": "allowed", "principal": "user:c1-dev.2c8d560f-a67a-4801-8621-e597415decd4", "reason": "", "target": "m03_348604f55bfa47079e14c0adf363b6eb"}
{"correlation_id": "48b2aac4-774c-4c7f-bd8f-a13e9073a770", "operation": "resource_read", "outcome": "denied", "principal": "user:c1-dev.710d299c-4393-4f32-b84c-e6c81c8382ad", "reason": "not_found", "target": ""}
{"correlation_id": "45f31e6c-0eca-4687-8a76-c57f9df5f1b5", "operation": "resource_read", "outcome": "denied", "principal": "user:c1-dev.710d299c-4393-4f32-b84c-e6c81c8382ad", "reason": "not_found", "target": ""}
{"correlation_id": "b8e5c147-bba7-4de2-9e10-8123b1ab7679", "operation": "instance_read", "outcome": "allowed", "principal": "user:c1-dev.710d299c-4393-4f32-b84c-e6c81c8382ad", "reason": "", "target": "m03_348604f55bfa47079e14c0adf363b6eb"}
{"correlation_id": "955dfa3b-f520-4d66-838a-1775a9fc908b", "operation": "changeset_create", "outcome": "allowed", "principal": "user:c1-dev.710d299c-4393-4f32-b84c-e6c81c8382ad", "reason": "", "target": "urn:c1:instance:dev:changeset-ddfef726685e4967963cf45158d68bc1"}
{"correlation_id": "8b81b899-584f-4c4c-b4a2-20b9daf9144b", "operation": "changeset_read", "outcome": "allowed", "principal": "user:c1-dev.710d299c-4393-4f32-b84c-e6c81c8382ad", "reason": "", "target": "urn:c1:instance:dev:changeset-ddfef726685e4967963cf45158d68bc1"}
{"correlation_id": "38be0c70-f4b4-4611-85f8-b96d45d442f3", "operation": "changeset_submit", "outcome": "allowed", "principal": "user:c1-dev.710d299c-4393-4f32-b84c-e6c81c8382ad", "reason": "", "target": "urn:c1:instance:dev:changeset-ddfef726685e4967963cf45158d68bc1"}
{"correlation_id": "2c74a900-12b7-4019-b443-009597b69955", "operation": "changeset_approve", "outcome": "allowed", "principal": "user:c1-dev.2c8d560f-a67a-4801-8621-e597415decd4", "reason": "", "target": "urn:c1:instance:dev:changeset-ddfef726685e4967963cf45158d68bc1"}
{"correlation_id": "673a0612-bbf0-4196-aec4-0c0ff79c9134", "operation": "changeset_apply", "outcome": "allowed", "principal": "user:c1-dev.2c8d560f-a67a-4801-8621-e597415decd4", "reason": "", "target": "urn:c1:instance:dev:changeset-ddfef726685e4967963cf45158d68bc1"}
{"correlation_id": "0eb91f10-8e74-4bec-b717-ce9ffa1f2c82", "operation": "instance_read", "outcome": "allowed", "principal": "user:c1-dev.2c8d560f-a67a-4801-8621-e597415decd4", "reason": "", "target": "m03_348604f55bfa47079e14c0adf363b6eb"}
{"correlation_id": "56ef58b8-22de-401b-ab3b-83f8f52ffd17", "operation": "resource_read", "outcome": "denied", "principal": "user:c1-dev.710d299c-4393-4f32-b84c-e6c81c8382ad", "reason": "not_found", "target": ""}
{"correlation_id": "3c2f40ef-eaf8-41be-a7d6-d0258ada2733", "operation": "resource_read", "outcome": "denied", "principal": "user:c1-dev.710d299c-4393-4f32-b84c-e6c81c8382ad", "reason": "not_found", "target": ""}
{"correlation_id": "d210b9aa-8513-4296-9059-6b87dc3ec370", "operation": "instance_read", "outcome": "allowed", "principal": "user:c1-dev.710d299c-4393-4f32-b84c-e6c81c8382ad", "reason": "", "target": "m03_348604f55bfa47079e14c0adf363b6eb"}
{"correlation_id": "a6ee0e7e-3c3d-4c3b-ab83-2f77156658b4", "operation": "changeset_create", "outcome": "allowed", "principal": "user:c1-dev.710d299c-4393-4f32-b84c-e6c81c8382ad", "reason": "", "target": "urn:c1:instance:dev:changeset-e2cac62f98aa4fe8b86efedc74de6002"}
{"correlation_id": "1e96267d-beef-436a-a149-1adc9d139341", "operation": "changeset_read", "outcome": "allowed", "principal": "user:c1-dev.710d299c-4393-4f32-b84c-e6c81c8382ad", "reason": "", "target": "urn:c1:instance:dev:changeset-e2cac62f98aa4fe8b86efedc74de6002"}
{"correlation_id": "ee852206-8840-4888-9b42-62ac60e59064", "operation": "changeset_submit", "outcome": "allowed", "principal": "user:c1-dev.710d299c-4393-4f32-b84c-e6c81c8382ad", "reason": "", "target": "urn:c1:instance:dev:changeset-e2cac62f98aa4fe8b86efedc74de6002"}
{"correlation_id": "1c3c2ab3-844e-4568-945b-ccaa433587e4", "operation": "changeset_approve", "outcome": "allowed", "principal": "user:c1-dev.2c8d560f-a67a-4801-8621-e597415decd4", "reason": "", "target": "urn:c1:instance:dev:changeset-e2cac62f98aa4fe8b86efedc74de6002"}
{"correlation_id": "28e4ed00-a230-45f4-a1a5-5e9a10b757a3", "operation": "changeset_apply", "outcome": "allowed", "principal": "user:c1-dev.2c8d560f-a67a-4801-8621-e597415decd4", "reason": "", "target": "urn:c1:instance:dev:changeset-e2cac62f98aa4fe8b86efedc74de6002"}
{"correlation_id": "857a860a-ed3b-4d41-8b15-df768aa19571", "operation": "instance_read", "outcome": "allowed", "principal": "user:c1-dev.2c8d560f-a67a-4801-8621-e597415decd4", "reason": "", "target": "m03_348604f55bfa47079e14c0adf363b6eb"}
{"correlation_id": "795bb8f6-ca09-44ef-85a1-5e4f08d2e81d", "operation": "resource_read", "outcome": "denied", "principal": "user:c1-dev.710d299c-4393-4f32-b84c-e6c81c8382ad", "reason": "not_found", "target": ""}
{"correlation_id": "0b77d960-c545-4889-bd9b-b68ef97ea3a5", "operation": "resource_read", "outcome": "denied", "principal": "user:c1-dev.710d299c-4393-4f32-b84c-e6c81c8382ad", "reason": "not_found", "target": ""}
{"correlation_id": "61721afe-ddad-4033-988b-28ccd660a1b0", "operation": "instance_read", "outcome": "allowed", "principal": "user:c1-dev.710d299c-4393-4f32-b84c-e6c81c8382ad", "reason": "", "target": "m03_348604f55bfa47079e14c0adf363b6eb"}
{"correlation_id": "3be1b862-0907-4000-9248-bae284888679", "operation": "changeset_create", "outcome": "allowed", "principal": "user:c1-dev.710d299c-4393-4f32-b84c-e6c81c8382ad", "reason": "", "target": "urn:c1:instance:dev:changeset-78644e8bbb564b5db09d51e9ca88cc53"}
{"correlation_id": "710213c8-0569-42ef-a987-9d3739d85615", "operation": "changeset_read", "outcome": "allowed", "principal": "user:c1-dev.710d299c-4393-4f32-b84c-e6c81c8382ad", "reason": "", "target": "urn:c1:instance:dev:changeset-78644e8bbb564b5db09d51e9ca88cc53"}
{"correlation_id": "689458e3-d6d5-4161-906a-09426fa02aba", "operation": "changeset_submit", "outcome": "allowed", "principal": "user:c1-dev.710d299c-4393-4f32-b84c-e6c81c8382ad", "reason": "", "target": "urn:c1:instance:dev:changeset-78644e8bbb564b5db09d51e9ca88cc53"}
{"correlation_id": "5ee8b330-1b87-4c7a-92ec-e385ebc919de", "operation": "changeset_approve", "outcome": "allowed", "principal": "user:c1-dev.2c8d560f-a67a-4801-8621-e597415decd4", "reason": "", "target": "urn:c1:instance:dev:changeset-78644e8bbb564b5db09d51e9ca88cc53"}
{"correlation_id": "daba2902-c854-4bc9-afb0-55e6203d640b", "operation": "changeset_apply", "outcome": "allowed", "principal": "user:c1-dev.2c8d560f-a67a-4801-8621-e597415decd4", "reason": "", "target": "urn:c1:instance:dev:changeset-78644e8bbb564b5db09d51e9ca88cc53"}
{"correlation_id": "ff26aa29-e3ff-4ef2-9229-b7e8b069b525", "operation": "instance_read", "outcome": "allowed", "principal": "user:c1-dev.2c8d560f-a67a-4801-8621-e597415decd4", "reason": "", "target": "m03_348604f55bfa47079e14c0adf363b6eb"}
{"correlation_id": "d4346df8-06c4-4e05-9f12-329a13852a22", "operation": "resource_read", "outcome": "denied", "principal": "user:c1-dev.710d299c-4393-4f32-b84c-e6c81c8382ad", "reason": "not_found", "target": ""}
{"correlation_id": "35d8f1be-3d72-4785-9cee-dcf657f4fff5", "operation": "resource_read", "outcome": "denied", "principal": "user:c1-dev.710d299c-4393-4f32-b84c-e6c81c8382ad", "reason": "not_found", "target": ""}
{"correlation_id": "c9e27bd7-c6e3-4c76-a083-3ff7c9852b2a", "operation": "instance_read", "outcome": "allowed", "principal": "user:c1-dev.710d299c-4393-4f32-b84c-e6c81c8382ad", "reason": "", "target": "m03_348604f55bfa47079e14c0adf363b6eb"}
{"correlation_id": "7e0d4c82-0249-47d8-ae8b-072556dae853", "operation": "changeset_create", "outcome": "allowed", "principal": "user:c1-dev.710d299c-4393-4f32-b84c-e6c81c8382ad", "reason": "", "target": "urn:c1:instance:dev:changeset-44dd565531b94c07bb6527dc060cd5ab"}
{"correlation_id": "7ed42e0c-9e98-406b-b540-783ad6f2da44", "operation": "changeset_read", "outcome": "allowed", "principal": "user:c1-dev.710d299c-4393-4f32-b84c-e6c81c8382ad", "reason": "", "target": "urn:c1:instance:dev:changeset-44dd565531b94c07bb6527dc060cd5ab"}
{"correlation_id": "9ef0a764-0bb9-4bd0-b792-e26e87cfc0ba", "operation": "changeset_submit", "outcome": "allowed", "principal": "user:c1-dev.710d299c-4393-4f32-b84c-e6c81c8382ad", "reason": "", "target": "urn:c1:instance:dev:changeset-44dd565531b94c07bb6527dc060cd5ab"}
{"correlation_id": "54ac2bbc-cf7e-44c3-b2a7-a29b89ef5646", "operation": "changeset_approve", "outcome": "allowed", "principal": "user:c1-dev.2c8d560f-a67a-4801-8621-e597415decd4", "reason": "", "target": "urn:c1:instance:dev:changeset-44dd565531b94c07bb6527dc060cd5ab"}
{"correlation_id": "ecd02156-36a7-47c0-b005-7c21d5149900", "operation": "changeset_apply", "outcome": "allowed", "principal": "user:c1-dev.2c8d560f-a67a-4801-8621-e597415decd4", "reason": "", "target": "urn:c1:instance:dev:changeset-44dd565531b94c07bb6527dc060cd5ab"}
{"correlation_id": "95b38d10-0021-462b-aa55-9aa2ec51eb87", "operation": "instance_read", "outcome": "allowed", "principal": "user:c1-dev.2c8d560f-a67a-4801-8621-e597415decd4", "reason": "", "target": "m03_348604f55bfa47079e14c0adf363b6eb"}
{"correlation_id": "ab44233d-1f05-4cf7-a37f-9804d5c11400", "operation": "resource_read", "outcome": "denied", "principal": "user:c1-dev.f801298f-f193-4438-bc87-81ed549308ed", "reason": "not_found", "target": ""}
{"correlation_id": "0900ad6e-a2e5-4512-9584-064ee27ffe20", "operation": "resource_read", "outcome": "denied", "principal": "user:c1-dev.f801298f-f193-4438-bc87-81ed549308ed", "reason": "not_found", "target": ""}
{"correlation_id": "2c8ae945-a7af-473d-8758-a95f9222a49c", "operation": "instance_read", "outcome": "allowed", "principal": "user:c1-dev.f801298f-f193-4438-bc87-81ed549308ed", "reason": "", "target": "m03_348604f55bfa47079e14c0adf363b6eb"}
{"correlation_id": "a131b35d-043c-477d-ab66-d9fd57e68b5d", "operation": "changeset_create", "outcome": "allowed", "principal": "user:c1-dev.f801298f-f193-4438-bc87-81ed549308ed", "reason": "", "target": "urn:c1:instance:dev:changeset-62249bbeb30549e5b850d1534a275cb0"}
{"correlation_id": "1d21b258-ad09-4dba-ac37-32e75b7d0143", "operation": "changeset_read", "outcome": "allowed", "principal": "user:c1-dev.f801298f-f193-4438-bc87-81ed549308ed", "reason": "", "target": "urn:c1:instance:dev:changeset-62249bbeb30549e5b850d1534a275cb0"}
{"correlation_id": "995f25d3-8347-4c80-8393-7f877a90fcf7", "operation": "changeset_submit", "outcome": "allowed", "principal": "user:c1-dev.f801298f-f193-4438-bc87-81ed549308ed", "reason": "", "target": "urn:c1:instance:dev:changeset-62249bbeb30549e5b850d1534a275cb0"}
{"correlation_id": "728559ca-15f8-4b6e-a6d2-905cb36c5cbe", "operation": "changeset_approve", "outcome": "allowed", "principal": "user:c1-dev.2c8d560f-a67a-4801-8621-e597415decd4", "reason": "", "target": "urn:c1:instance:dev:changeset-62249bbeb30549e5b850d1534a275cb0"}
{"correlation_id": "489198ce-5b3f-4a8b-aa02-f9e03a144ba2", "operation": "changeset_apply", "outcome": "allowed", "principal": "user:c1-dev.2c8d560f-a67a-4801-8621-e597415decd4", "reason": "", "target": "urn:c1:instance:dev:changeset-62249bbeb30549e5b850d1534a275cb0"}
{"correlation_id": "a7f0b0fa-3d35-4174-bdc0-dc4a6b835024", "operation": "instance_read", "outcome": "allowed", "principal": "user:c1-dev.2c8d560f-a67a-4801-8621-e597415decd4", "reason": "", "target": "m03_348604f55bfa47079e14c0adf363b6eb"}
{"correlation_id": "d321ad20-16ca-4e27-8df6-b494504a5ed3", "operation": "resource_read", "outcome": "denied", "principal": "user:c1-dev.f801298f-f193-4438-bc87-81ed549308ed", "reason": "not_found", "target": ""}
{"correlation_id": "69d360aa-cf7e-497a-88df-adbbf7a5bb9c", "operation": "resource_read", "outcome": "denied", "principal": "user:c1-dev.f801298f-f193-4438-bc87-81ed549308ed", "reason": "not_found", "target": ""}
{"correlation_id": "d9fb639e-63be-4e1d-97ad-93ecf6f2d0b8", "operation": "instance_read", "outcome": "allowed", "principal": "user:c1-dev.f801298f-f193-4438-bc87-81ed549308ed", "reason": "", "target": "m03_348604f55bfa47079e14c0adf363b6eb"}
{"correlation_id": "de1e8f78-9620-4032-84c2-25d9bdd15395", "operation": "changeset_create", "outcome": "allowed", "principal": "user:c1-dev.f801298f-f193-4438-bc87-81ed549308ed", "reason": "", "target": "urn:c1:instance:dev:changeset-bca048fffc2b4d4f8a440c48337145c0"}
{"correlation_id": "fd04eea3-40b8-48bd-9b80-3af953f4476c", "operation": "changeset_read", "outcome": "allowed", "principal": "user:c1-dev.f801298f-f193-4438-bc87-81ed549308ed", "reason": "", "target": "urn:c1:instance:dev:changeset-bca048fffc2b4d4f8a440c48337145c0"}
{"correlation_id": "78d18db4-8605-4178-a94f-1b431d3158e5", "operation": "changeset_submit", "outcome": "allowed", "principal": "user:c1-dev.f801298f-f193-4438-bc87-81ed549308ed", "reason": "", "target": "urn:c1:instance:dev:changeset-bca048fffc2b4d4f8a440c48337145c0"}
{"correlation_id": "911895c7-cce8-4c9f-b397-341b70339603", "operation": "changeset_approve", "outcome": "allowed", "principal": "user:c1-dev.2c8d560f-a67a-4801-8621-e597415decd4", "reason": "", "target": "urn:c1:instance:dev:changeset-bca048fffc2b4d4f8a440c48337145c0"}
{"correlation_id": "d5d6e9e8-c266-49a4-ae39-65f7bac91f0b", "operation": "changeset_apply", "outcome": "allowed", "principal": "user:c1-dev.2c8d560f-a67a-4801-8621-e597415decd4", "reason": "", "target": "urn:c1:instance:dev:changeset-bca048fffc2b4d4f8a440c48337145c0"}
{"correlation_id": "a4d68a09-e379-463c-a7da-e8cfe5c7ce4a", "operation": "instance_read", "outcome": "allowed", "principal": "user:c1-dev.2c8d560f-a67a-4801-8621-e597415decd4", "reason": "", "target": "m03_348604f55bfa47079e14c0adf363b6eb"}
{"correlation_id": "228a6d35-a09a-4287-9f18-30d398f44504", "operation": "resource_read", "outcome": "denied", "principal": "user:c1-dev.f801298f-f193-4438-bc87-81ed549308ed", "reason": "not_found", "target": ""}
{"correlation_id": "d8322a03-e451-49f9-8d3d-9443715b0288", "operation": "instance_read", "outcome": "allowed", "principal": "user:c1-dev.f801298f-f193-4438-bc87-81ed549308ed", "reason": "", "target": "m03_348604f55bfa47079e14c0adf363b6eb"}
{"correlation_id": "46446ae9-9562-4e8b-b6fe-f4d00306e64d", "operation": "changeset_create", "outcome": "allowed", "principal": "user:c1-dev.f801298f-f193-4438-bc87-81ed549308ed", "reason": "", "target": "urn:c1:instance:dev:changeset-28cf2586f7264f9189f58e92704bbbf2"}
{"correlation_id": "24754c4c-3a27-4687-9df1-1813782eca13", "operation": "changeset_read", "outcome": "allowed", "principal": "user:c1-dev.f801298f-f193-4438-bc87-81ed549308ed", "reason": "", "target": "urn:c1:instance:dev:changeset-28cf2586f7264f9189f58e92704bbbf2"}
{"correlation_id": "21bbfefe-fc54-46ea-989c-021f01fc2f59", "operation": "changeset_submit", "outcome": "allowed", "principal": "user:c1-dev.f801298f-f193-4438-bc87-81ed549308ed", "reason": "", "target": "urn:c1:instance:dev:changeset-28cf2586f7264f9189f58e92704bbbf2"}
{"correlation_id": "9f224c68-60a9-46ed-b923-d832fef33d84", "operation": "changeset_approve", "outcome": "allowed", "principal": "user:c1-dev.2c8d560f-a67a-4801-8621-e597415decd4", "reason": "", "target": "urn:c1:instance:dev:changeset-28cf2586f7264f9189f58e92704bbbf2"}
{"correlation_id": "44a13248-f47c-4581-82e6-5af501419f0a", "operation": "changeset_apply", "outcome": "allowed", "principal": "user:c1-dev.2c8d560f-a67a-4801-8621-e597415decd4", "reason": "", "target": "urn:c1:instance:dev:changeset-28cf2586f7264f9189f58e92704bbbf2"}
{"correlation_id": "07642676-dfc0-4b6f-8510-4c3c030c90c5", "operation": "instance_read", "outcome": "allowed", "principal": "user:c1-dev.2c8d560f-a67a-4801-8621-e597415decd4", "reason": "", "target": "m03_348604f55bfa47079e14c0adf363b6eb"}
{"correlation_id": "4a2bab1e-5566-4f9d-baa3-c7b332f54918", "operation": "resource_read", "outcome": "denied", "principal": "user:c1-dev.710d299c-4393-4f32-b84c-e6c81c8382ad", "reason": "not_found", "target": ""}
{"correlation_id": "58a2af66-7371-4ea1-a321-123f9f14d233", "operation": "resource_read", "outcome": "denied", "principal": "user:c1-dev.710d299c-4393-4f32-b84c-e6c81c8382ad", "reason": "not_found", "target": ""}
{"correlation_id": "e008549a-8a4c-4486-8a11-de7ef00f5a38", "operation": "instance_read", "outcome": "allowed", "principal": "user:c1-dev.710d299c-4393-4f32-b84c-e6c81c8382ad", "reason": "", "target": "m03_348604f55bfa47079e14c0adf363b6eb"}
{"correlation_id": "cca487a6-0c53-4398-bcc0-c9e2c78621aa", "operation": "changeset_create", "outcome": "allowed", "principal": "user:c1-dev.710d299c-4393-4f32-b84c-e6c81c8382ad", "reason": "", "target": "urn:c1:instance:dev:changeset-80424b6a18184b57b441553ca486daf7"}
{"correlation_id": "930766ae-b40a-40cb-a8d9-d1bfd298d1f4", "operation": "changeset_read", "outcome": "allowed", "principal": "user:c1-dev.710d299c-4393-4f32-b84c-e6c81c8382ad", "reason": "", "target": "urn:c1:instance:dev:changeset-80424b6a18184b57b441553ca486daf7"}
{"correlation_id": "10937edb-3aa6-4faf-bdbf-076b4a705363", "operation": "changeset_submit", "outcome": "allowed", "principal": "user:c1-dev.710d299c-4393-4f32-b84c-e6c81c8382ad", "reason": "", "target": "urn:c1:instance:dev:changeset-80424b6a18184b57b441553ca486daf7"}
{"correlation_id": "617f6c45-9c69-4d1a-aec2-c4356564557a", "operation": "changeset_approve", "outcome": "allowed", "principal": "user:c1-dev.2c8d560f-a67a-4801-8621-e597415decd4", "reason": "", "target": "urn:c1:instance:dev:changeset-80424b6a18184b57b441553ca486daf7"}
{"correlation_id": "207abf8c-ec45-4034-99a6-9617c0c506b8", "operation": "changeset_apply", "outcome": "allowed", "principal": "user:c1-dev.2c8d560f-a67a-4801-8621-e597415decd4", "reason": "", "target": "urn:c1:instance:dev:changeset-80424b6a18184b57b441553ca486daf7"}
{"correlation_id": "65a75018-5cce-4d08-86a0-bf379db997c9", "operation": "instance_read", "outcome": "allowed", "principal": "user:c1-dev.2c8d560f-a67a-4801-8621-e597415decd4", "reason": "", "target": "m03_348604f55bfa47079e14c0adf363b6eb"}
{"correlation_id": "d6c30a78-f036-4949-a674-e12212ed4d25", "operation": "resource_read", "outcome": "denied", "principal": "user:c1-dev.f801298f-f193-4438-bc87-81ed549308ed", "reason": "not_found", "target": ""}
{"correlation_id": "5e3bb5c1-c49d-4b92-b570-3a378b4593e5", "operation": "resource_read", "outcome": "denied", "principal": "user:c1-dev.f801298f-f193-4438-bc87-81ed549308ed", "reason": "not_found", "target": ""}
{"correlation_id": "528442b2-f711-4fc7-80c8-a47d80089510", "operation": "instance_read", "outcome": "allowed", "principal": "user:c1-dev.f801298f-f193-4438-bc87-81ed549308ed", "reason": "", "target": "m03_348604f55bfa47079e14c0adf363b6eb"}
{"correlation_id": "e02f7a4b-f36c-4bca-bc61-650b7f8c4dcd", "operation": "changeset_create", "outcome": "allowed", "principal": "user:c1-dev.f801298f-f193-4438-bc87-81ed549308ed", "reason": "", "target": "urn:c1:instance:dev:changeset-82d86a609526457ca0d035ba39e2ac8b"}
{"correlation_id": "b84c1e88-771b-44b7-872c-4a902e9708e1", "operation": "changeset_read", "outcome": "allowed", "principal": "user:c1-dev.f801298f-f193-4438-bc87-81ed549308ed", "reason": "", "target": "urn:c1:instance:dev:changeset-82d86a609526457ca0d035ba39e2ac8b"}
{"correlation_id": "598b2a7c-5049-4203-b272-cab07ff6b443", "operation": "changeset_submit", "outcome": "allowed", "principal": "user:c1-dev.f801298f-f193-4438-bc87-81ed549308ed", "reason": "", "target": "urn:c1:instance:dev:changeset-82d86a609526457ca0d035ba39e2ac8b"}
{"correlation_id": "31b1ab2c-e455-4578-97de-272dca503c2d", "operation": "changeset_approve", "outcome": "allowed", "principal": "user:c1-dev.2c8d560f-a67a-4801-8621-e597415decd4", "reason": "", "target": "urn:c1:instance:dev:changeset-82d86a609526457ca0d035ba39e2ac8b"}
{"correlation_id": "4ff0e401-3980-46e1-b9ae-a07c3ad2abda", "operation": "changeset_apply", "outcome": "allowed", "principal": "user:c1-dev.2c8d560f-a67a-4801-8621-e597415decd4", "reason": "", "target": "urn:c1:instance:dev:changeset-82d86a609526457ca0d035ba39e2ac8b"}
{"correlation_id": "8006ceee-ca30-44cc-a790-92ba093807d0", "operation": "instance_read", "outcome": "allowed", "principal": "user:c1-dev.2c8d560f-a67a-4801-8621-e597415decd4", "reason": "", "target": "m03_348604f55bfa47079e14c0adf363b6eb"}
{"correlation_id": "34cc6fe4-dfa9-4dd5-8a57-0d444798e483", "operation": "resource_read", "outcome": "denied", "principal": "user:c1-dev.fbcf5049-980c-4ed4-8c8a-4f7137e8a927", "reason": "not_found", "target": ""}
{"correlation_id": "202269e5-4168-40bc-acb1-9dbf866abea1", "operation": "instance_read", "outcome": "allowed", "principal": "user:c1-dev.fbcf5049-980c-4ed4-8c8a-4f7137e8a927", "reason": "", "target": "m03_348604f55bfa47079e14c0adf363b6eb"}
{"correlation_id": "d6e047a0-cccf-4b39-a0d1-b6654a31cec3", "operation": "changeset_create", "outcome": "allowed", "principal": "user:c1-dev.fbcf5049-980c-4ed4-8c8a-4f7137e8a927", "reason": "", "target": "urn:c1:instance:dev:changeset-3ac6cd83daf74b82bdc7856053c60ae4"}
{"correlation_id": "1864531e-6307-46c8-88f6-c55816cac32f", "operation": "changeset_read", "outcome": "allowed", "principal": "user:c1-dev.fbcf5049-980c-4ed4-8c8a-4f7137e8a927", "reason": "", "target": "urn:c1:instance:dev:changeset-3ac6cd83daf74b82bdc7856053c60ae4"}
{"correlation_id": "b6079ab9-702b-4b13-a036-b58a218970bd", "operation": "changeset_submit", "outcome": "allowed", "principal": "user:c1-dev.fbcf5049-980c-4ed4-8c8a-4f7137e8a927", "reason": "", "target": "urn:c1:instance:dev:changeset-3ac6cd83daf74b82bdc7856053c60ae4"}
{"correlation_id": "29e6ac1d-db21-41a0-9996-70a40756d66d", "operation": "changeset_approve", "outcome": "allowed", "principal": "user:c1-dev.2c8d560f-a67a-4801-8621-e597415decd4", "reason": "", "target": "urn:c1:instance:dev:changeset-3ac6cd83daf74b82bdc7856053c60ae4"}
{"correlation_id": "4fe7be60-779e-4f99-ab02-f170b26a1788", "operation": "changeset_apply", "outcome": "allowed", "principal": "user:c1-dev.2c8d560f-a67a-4801-8621-e597415decd4", "reason": "", "target": "urn:c1:instance:dev:changeset-3ac6cd83daf74b82bdc7856053c60ae4"}
{"correlation_id": "39bbb4c2-d94f-48b2-95b2-b37c3ac5b73b", "operation": "instance_read", "outcome": "allowed", "principal": "user:c1-dev.2c8d560f-a67a-4801-8621-e597415decd4", "reason": "", "target": "m03_348604f55bfa47079e14c0adf363b6eb"}
{"correlation_id": "1c568db4-313d-4cb9-9426-9e02a4caa0b1", "operation": "resource_read", "outcome": "denied", "principal": "user:c1-dev.fbcf5049-980c-4ed4-8c8a-4f7137e8a927", "reason": "not_found", "target": ""}
{"correlation_id": "10bb26f9-2465-4720-a501-a89ab3e03eae", "operation": "resource_read", "outcome": "denied", "principal": "user:c1-dev.fbcf5049-980c-4ed4-8c8a-4f7137e8a927", "reason": "not_found", "target": ""}
{"correlation_id": "1fe7ec61-ecb9-4752-af94-aeb84fd595aa", "operation": "instance_read", "outcome": "allowed", "principal": "user:c1-dev.fbcf5049-980c-4ed4-8c8a-4f7137e8a927", "reason": "", "target": "m03_348604f55bfa47079e14c0adf363b6eb"}
{"correlation_id": "732d3ae0-a483-457d-af13-b1baf2adbfce", "operation": "changeset_create", "outcome": "allowed", "principal": "user:c1-dev.fbcf5049-980c-4ed4-8c8a-4f7137e8a927", "reason": "", "target": "urn:c1:instance:dev:changeset-b21695802b034b43bafa91449c64541a"}
{"correlation_id": "22cdf239-c956-4e4a-918d-3e6aed9e54b0", "operation": "changeset_read", "outcome": "allowed", "principal": "user:c1-dev.fbcf5049-980c-4ed4-8c8a-4f7137e8a927", "reason": "", "target": "urn:c1:instance:dev:changeset-b21695802b034b43bafa91449c64541a"}
{"correlation_id": "c3238703-1810-4219-82d0-48cd289676df", "operation": "changeset_submit", "outcome": "allowed", "principal": "user:c1-dev.fbcf5049-980c-4ed4-8c8a-4f7137e8a927", "reason": "", "target": "urn:c1:instance:dev:changeset-b21695802b034b43bafa91449c64541a"}
{"correlation_id": "a630ea04-0e8c-4154-a8ee-9d050ddfe7fc", "operation": "changeset_approve", "outcome": "allowed", "principal": "user:c1-dev.2c8d560f-a67a-4801-8621-e597415decd4", "reason": "", "target": "urn:c1:instance:dev:changeset-b21695802b034b43bafa91449c64541a"}
{"correlation_id": "696534e1-011d-4a9d-a9d7-6fae2ef90fcc", "operation": "changeset_apply", "outcome": "allowed", "principal": "user:c1-dev.2c8d560f-a67a-4801-8621-e597415decd4", "reason": "", "target": "urn:c1:instance:dev:changeset-b21695802b034b43bafa91449c64541a"}
{"correlation_id": "d18e905d-5ed7-4ffc-b6d3-09babf546a8d", "operation": "instance_read", "outcome": "allowed", "principal": "user:c1-dev.2c8d560f-a67a-4801-8621-e597415decd4", "reason": "", "target": "m03_348604f55bfa47079e14c0adf363b6eb"}
{"correlation_id": "1c0d818d-cb6f-4460-8017-438745f79341", "operation": "resource_read", "outcome": "denied", "principal": "user:c1-dev.fbcf5049-980c-4ed4-8c8a-4f7137e8a927", "reason": "not_found", "target": ""}
{"correlation_id": "d26e2700-5b01-4edf-8541-4dd2a3fe70d4", "operation": "resource_read", "outcome": "denied", "principal": "user:c1-dev.fbcf5049-980c-4ed4-8c8a-4f7137e8a927", "reason": "not_found", "target": ""}
{"correlation_id": "2f5577a9-6615-47fc-bd42-3a7d07a06b14", "operation": "instance_read", "outcome": "allowed", "principal": "user:c1-dev.fbcf5049-980c-4ed4-8c8a-4f7137e8a927", "reason": "", "target": "m03_348604f55bfa47079e14c0adf363b6eb"}
{"correlation_id": "9001239a-ec4a-4994-ac0b-9143ea6bc139", "operation": "changeset_create", "outcome": "allowed", "principal": "user:c1-dev.fbcf5049-980c-4ed4-8c8a-4f7137e8a927", "reason": "", "target": "urn:c1:instance:dev:changeset-3ec2c571852041ed90a5031be120229e"}
{"correlation_id": "098da9ea-6dc5-46ae-a4cb-2dda23cb45cf", "operation": "changeset_read", "outcome": "allowed", "principal": "user:c1-dev.fbcf5049-980c-4ed4-8c8a-4f7137e8a927", "reason": "", "target": "urn:c1:instance:dev:changeset-3ec2c571852041ed90a5031be120229e"}
{"correlation_id": "81450d83-b7f7-4239-9e89-ddf465953327", "operation": "changeset_submit", "outcome": "allowed", "principal": "user:c1-dev.fbcf5049-980c-4ed4-8c8a-4f7137e8a927", "reason": "", "target": "urn:c1:instance:dev:changeset-3ec2c571852041ed90a5031be120229e"}
{"correlation_id": "7a132018-c869-410b-9eec-0fe99a45ff76", "operation": "changeset_approve", "outcome": "allowed", "principal": "user:c1-dev.2c8d560f-a67a-4801-8621-e597415decd4", "reason": "", "target": "urn:c1:instance:dev:changeset-3ec2c571852041ed90a5031be120229e"}
{"correlation_id": "69e72703-31b8-4ac7-b19f-0a5e420d8c28", "operation": "changeset_apply", "outcome": "allowed", "principal": "user:c1-dev.2c8d560f-a67a-4801-8621-e597415decd4", "reason": "", "target": "urn:c1:instance:dev:changeset-3ec2c571852041ed90a5031be120229e"}
{"correlation_id": "98d15527-e9a5-4859-8042-f83a3ebeb8a6", "operation": "instance_read", "outcome": "allowed", "principal": "user:c1-dev.2c8d560f-a67a-4801-8621-e597415decd4", "reason": "", "target": "m03_348604f55bfa47079e14c0adf363b6eb"}
{"correlation_id": "701ea812-fff1-47b5-89c1-d0d14aae967a", "operation": "resource_read", "outcome": "denied", "principal": "user:c1-dev.fbcf5049-980c-4ed4-8c8a-4f7137e8a927", "reason": "not_found", "target": ""}
{"correlation_id": "6480abcd-391c-425c-b2ba-19ace96513fd", "operation": "resource_read", "outcome": "denied", "principal": "user:c1-dev.fbcf5049-980c-4ed4-8c8a-4f7137e8a927", "reason": "not_found", "target": ""}
{"correlation_id": "6894c7ee-6630-44a5-8c99-2f83804f04a2", "operation": "instance_read", "outcome": "allowed", "principal": "user:c1-dev.fbcf5049-980c-4ed4-8c8a-4f7137e8a927", "reason": "", "target": "m03_348604f55bfa47079e14c0adf363b6eb"}
{"correlation_id": "2711ec81-2418-4741-a86c-10ddc777a7d6", "operation": "changeset_create", "outcome": "allowed", "principal": "user:c1-dev.fbcf5049-980c-4ed4-8c8a-4f7137e8a927", "reason": "", "target": "urn:c1:instance:dev:changeset-5cef6e3f711a463ebbbfb8905e8d8b53"}
{"correlation_id": "88c5870d-a306-469b-9fad-20f640e65005", "operation": "changeset_read", "outcome": "allowed", "principal": "user:c1-dev.fbcf5049-980c-4ed4-8c8a-4f7137e8a927", "reason": "", "target": "urn:c1:instance:dev:changeset-5cef6e3f711a463ebbbfb8905e8d8b53"}
{"correlation_id": "e2ef6f90-1963-407d-8056-3dd9c32dda41", "operation": "changeset_submit", "outcome": "allowed", "principal": "user:c1-dev.fbcf5049-980c-4ed4-8c8a-4f7137e8a927", "reason": "", "target": "urn:c1:instance:dev:changeset-5cef6e3f711a463ebbbfb8905e8d8b53"}
{"correlation_id": "00e60f66-2fac-4055-9ea1-8b253611052a", "operation": "changeset_approve", "outcome": "allowed", "principal": "user:c1-dev.2c8d560f-a67a-4801-8621-e597415decd4", "reason": "", "target": "urn:c1:instance:dev:changeset-5cef6e3f711a463ebbbfb8905e8d8b53"}
{"correlation_id": "7797973e-3f4f-4f3b-b599-1c11a797e81a", "operation": "changeset_apply", "outcome": "allowed", "principal": "user:c1-dev.2c8d560f-a67a-4801-8621-e597415decd4", "reason": "", "target": "urn:c1:instance:dev:changeset-5cef6e3f711a463ebbbfb8905e8d8b53"}
{"correlation_id": "fb05189a-8060-4a05-a15c-1bbf1cdf937b", "operation": "instance_read", "outcome": "allowed", "principal": "user:c1-dev.2c8d560f-a67a-4801-8621-e597415decd4", "reason": "", "target": "m03_348604f55bfa47079e14c0adf363b6eb"}
{"correlation_id": "e9669eb3-af91-4b28-aa3c-98eadffe7ce2", "operation": "resource_read", "outcome": "denied", "principal": "user:c1-dev.fbcf5049-980c-4ed4-8c8a-4f7137e8a927", "reason": "not_found", "target": ""}
{"correlation_id": "39e848c8-c588-4a87-b66c-9b04be402222", "operation": "resource_read", "outcome": "denied", "principal": "user:c1-dev.fbcf5049-980c-4ed4-8c8a-4f7137e8a927", "reason": "not_found", "target": ""}
{"correlation_id": "8dbdcc60-3748-471b-979d-a4d7711f4b65", "operation": "instance_read", "outcome": "allowed", "principal": "user:c1-dev.fbcf5049-980c-4ed4-8c8a-4f7137e8a927", "reason": "", "target": "m03_348604f55bfa47079e14c0adf363b6eb"}
{"correlation_id": "105f813a-797c-4f22-a3d6-f42c8bbd46cd", "operation": "changeset_create", "outcome": "allowed", "principal": "user:c1-dev.fbcf5049-980c-4ed4-8c8a-4f7137e8a927", "reason": "", "target": "urn:c1:instance:dev:changeset-bc7e628b8e2347cd97403bad9c932b76"}
{"correlation_id": "0dda7252-1efb-4312-bc04-92ab87783dfa", "operation": "changeset_read", "outcome": "allowed", "principal": "user:c1-dev.fbcf5049-980c-4ed4-8c8a-4f7137e8a927", "reason": "", "target": "urn:c1:instance:dev:changeset-bc7e628b8e2347cd97403bad9c932b76"}
{"correlation_id": "6efe0f45-cdea-4a16-9110-ae7c1a5b7959", "operation": "changeset_submit", "outcome": "allowed", "principal": "user:c1-dev.fbcf5049-980c-4ed4-8c8a-4f7137e8a927", "reason": "", "target": "urn:c1:instance:dev:changeset-bc7e628b8e2347cd97403bad9c932b76"}
{"correlation_id": "89a23f8c-3dab-4d96-920c-72f83d5e93e8", "operation": "changeset_approve", "outcome": "allowed", "principal": "user:c1-dev.2c8d560f-a67a-4801-8621-e597415decd4", "reason": "", "target": "urn:c1:instance:dev:changeset-bc7e628b8e2347cd97403bad9c932b76"}
{"correlation_id": "e6591446-538d-431e-8fe9-7da6f4ffb594", "operation": "changeset_apply", "outcome": "allowed", "principal": "user:c1-dev.2c8d560f-a67a-4801-8621-e597415decd4", "reason": "", "target": "urn:c1:instance:dev:changeset-bc7e628b8e2347cd97403bad9c932b76"}
{"correlation_id": "5b9c8e10-808a-455d-bbe2-cbc90b5ccbfc", "operation": "instance_read", "outcome": "allowed", "principal": "user:c1-dev.2c8d560f-a67a-4801-8621-e597415decd4", "reason": "", "target": "m03_348604f55bfa47079e14c0adf363b6eb"}
{"correlation_id": "1295cdff-8eaf-464f-a3e5-f0c62fdad0b6", "operation": "resource_read", "outcome": "denied", "principal": "user:c1-dev.fbcf5049-980c-4ed4-8c8a-4f7137e8a927", "reason": "not_found", "target": ""}
{"correlation_id": "13ce9097-aaf4-4905-b752-81bee1ea05af", "operation": "resource_read", "outcome": "denied", "principal": "user:c1-dev.fbcf5049-980c-4ed4-8c8a-4f7137e8a927", "reason": "not_found", "target": ""}
{"correlation_id": "826e31d3-d991-4363-81f3-4ff38f35e672", "operation": "instance_read", "outcome": "allowed", "principal": "user:c1-dev.fbcf5049-980c-4ed4-8c8a-4f7137e8a927", "reason": "", "target": "m03_348604f55bfa47079e14c0adf363b6eb"}
{"correlation_id": "f3b3f7b2-48df-4c23-8291-a3a075f89f15", "operation": "changeset_create", "outcome": "allowed", "principal": "user:c1-dev.fbcf5049-980c-4ed4-8c8a-4f7137e8a927", "reason": "", "target": "urn:c1:instance:dev:changeset-faaf8729dd964d019374b4145fb97e65"}
{"correlation_id": "d2de6cab-f42c-49d8-bfeb-73f8712defeb", "operation": "changeset_read", "outcome": "allowed", "principal": "user:c1-dev.fbcf5049-980c-4ed4-8c8a-4f7137e8a927", "reason": "", "target": "urn:c1:instance:dev:changeset-faaf8729dd964d019374b4145fb97e65"}
{"correlation_id": "1ab47756-5372-4005-92f6-98984f7e3309", "operation": "changeset_submit", "outcome": "allowed", "principal": "user:c1-dev.fbcf5049-980c-4ed4-8c8a-4f7137e8a927", "reason": "", "target": "urn:c1:instance:dev:changeset-faaf8729dd964d019374b4145fb97e65"}
{"correlation_id": "878532be-d8a4-4f66-abc9-3052283d574e", "operation": "changeset_approve", "outcome": "allowed", "principal": "user:c1-dev.2c8d560f-a67a-4801-8621-e597415decd4", "reason": "", "target": "urn:c1:instance:dev:changeset-faaf8729dd964d019374b4145fb97e65"}
{"correlation_id": "70e48854-e432-45be-9c6a-eb1acec1c641", "operation": "changeset_apply", "outcome": "allowed", "principal": "user:c1-dev.2c8d560f-a67a-4801-8621-e597415decd4", "reason": "", "target": "urn:c1:instance:dev:changeset-faaf8729dd964d019374b4145fb97e65"}
{"correlation_id": "f9495aaf-555a-454a-933f-62a7bb7b932d", "operation": "instance_read", "outcome": "allowed", "principal": "user:c1-dev.2c8d560f-a67a-4801-8621-e597415decd4", "reason": "", "target": "m03_348604f55bfa47079e14c0adf363b6eb"}
{"correlation_id": "bec73f8b-6cc0-4ce0-a389-9c5facc8997f", "operation": "instance_read", "outcome": "allowed", "principal": "user:c1-dev.2c8d560f-a67a-4801-8621-e597415decd4", "reason": "", "target": "m03_348604f55bfa47079e14c0adf363b6eb"}
{"correlation_id": "febddf6b-8cd8-4037-967f-be52b209b9af", "operation": "context_build", "outcome": "allowed", "principal": "user:c1-dev.37324743-8d1d-4e8f-a42a-8d9f0cb5753c", "reason": "", "target": ""}
{"correlation_id": "b2a56818-4018-4a19-8f72-4f76a19584ad", "operation": "context_build", "outcome": "allowed", "principal": "user:c1-dev.37324743-8d1d-4e8f-a42a-8d9f0cb5753c", "reason": "", "target": ""}
{"correlation_id": "4a179fd1-089f-4829-81d2-1c9445f52b0f", "operation": "context_build", "outcome": "denied", "principal": "user:c1-dev.7d89fb29-3c08-437e-9f68-5bea90fb3373", "reason": "not_found", "target": ""}
{
  "documentation_stage_dave": {
    "revision": "branch:rutu5kxzlt1sbptdfnwudj2mm3iflsj",
    "sections": {
      "guidance": [
        "Ledger operations guide 1.1",
        "Ledger operations guide 1.1",
        "Ledger operations guide 1.1",
        "Ledger operations guide 1.1",
        "Ledger operations guide 1.1",
        "Ledger operations guide 1.1"
      ],
      "warnings": [
        "Shop integration troubleshooting"
      ],
      "other-target-documentation": [
        "docs/invoicing.md",
        "Ledger operations guide 1.0"
      ]
    },
    "missing_aspects": [
      "Retry",
      "Timeout"
    ],
    "publication": "Prepared for the requesting principal; read access is not publication permission."
  },
  "implementation_stage_dave": {
    "revision": "branch:rutu5kxzlt1sbptdfnwudj2mm3iflsj",
    "sections": {
      "implementation": [
        "ledger.api.create_invoice",
        "ledger.models.Invoice",
        "ledger.api.validate",
        "ledger.api.InvalidAmount",
        "ledger.store.save",
        "shop.ledger_client.post_invoice"
      ],
      "configuration": [],
      "interfaces": [
        "operation"
      ],
      "observed-tests": [
        "test-run",
        "test-run",
        "test-run"
      ],
      "interpretations": [
        "shop.ledger_client.post_invoice",
        "ledger.api.create_invoice"
      ]
    },
    "missing_aspects": [
      "Timeout"
    ],
    "publication": "Prepared for the requesting principal; read access is not publication permission."
  },
  "documentation_stage_alice": {
    "status": 404,
    "code": "C1-SW-404"
  },
  "markdown_excerpt": "# Support documentation: createInvoice\n\n## Interpretation\n\n- profile: support\\-documentation\n\n- profile\\_version: 1\n\n- profile\\_digest: b876f37422c3a571608f99d1b7b9f9e6f559ac653ba3788b3cab6b821741f472\n\n- revision: branch:rutu5kxzlt1sbptdfnwudj2mm3iflsj\n\n- anchor: \\{\"id\":\"urn:c1:instance:dev:entity/2efa1dc7\\-08e9\\-404a\\-9e07\\-31cfa1b991e4\",\"label\":\"createInvoice\",\"types\":\\[\"urn:c1:ns:software\\#InterfaceOperation\"\\]\\}\n\n- coverage: \\[\\{\"id\":\"urn:c1:instance:dev:coverage/5fabd6ab\\-f0be\\-4639\\-9bd2\\-ccf16efa4394\",\"method\":\"ast\\-calls\",\"state\":\"complete\",\"target\\_member\":\"urn:c1:instance:dev:entity/86f46a16\\-59ec\\-49b1\\-9a0c\\-120c41a2403d\"\\},\\{\"id\":\"urn:c1:instance:dev:coverage/ac7f4b43\\-c208\\-40d6\\-8e21\\-8e68157fe1c6\",\"method\":\"docs\",\"state\":\"complete\",\"target\\_member\":\"urn:c1:instance:dev:entity/86f46a16\\-59ec\\-49b1\\-9a0c\\-120c41a2403d\"\\},\\{\"id\":\"urn:c1:instance:dev:coverage/1984acb8\\-4ba3\\-4c23\\-8c70\\-f9264f0821f2\",\"method\":\"junit\\-runs\",\"state\":\"complete\",\"target\\_member\":\"urn:c1:instance:dev:entity/86f46a16\\-59ec\\-49b1\\-9a0c\\-120c41a2403d\"\\},\\{\"id\":\"urn:c1:instance:dev:coverage/e3ef9dd5\\-09b9\\-4fe2\\-957a\\-fd503eca630a\",\"method\":\"openapi\\-operations\",\"state\":\"complete\",\"target\\_membe"
}
