INFO:     Started server process [2688390]
INFO:     Waiting for application startup.
INFO:     Application startup complete.
INFO:     Uvicorn running on http://127.0.0.1:18000 (Press CTRL+C to quit)
INFO:     Started server process [2688462]
INFO:     Waiting for application startup.
{"correlation_id": "b753cea7-8475-42e9-83b5-7c4ba6c6a6a9", "operation": "startup_recovery", "outcome": "unavailable", "principal": "system", "reason": "recovery_pending", "target": ""}
INFO:     Application startup complete.
INFO:     Uvicorn running on http://127.0.0.1:18000 (Press CTRL+C to quit)
INFO:     Shutting down
INFO:     Waiting for background tasks to complete. (CTRL+C to force quit)
INFO:     Waiting for application shutdown.
INFO:     Application shutdown complete.
INFO:     Finished server process [2688462]
INFO:     Started server process [2689862]
INFO:     Waiting for application startup.
INFO:     Application startup complete.
INFO:     Uvicorn running on http://127.0.0.1:18000 (Press CTRL+C to quit)
INFO:     Started server process [2689915]
INFO:     Waiting for application startup.
{"correlation_id": "64955c72-2926-4671-8cca-d3de492a7978", "operation": "startup_recovery", "outcome": "unavailable", "principal": "system", "reason": "recovery_pending", "target": ""}
INFO:     Application startup complete.
INFO:     Uvicorn running on http://127.0.0.1:18000 (Press CTRL+C to quit)
INFO:     Shutting down
INFO:     Waiting for background tasks to complete. (CTRL+C to force quit)
INFO:     Waiting for application shutdown.
INFO:     Application shutdown complete.
INFO:     Finished server process [2689915]
INFO:     Started server process [2691068]
INFO:     Waiting for application startup.
INFO:     Application startup complete.
INFO:     Uvicorn running on http://127.0.0.1:18000 (Press CTRL+C to quit)
INFO:     Started server process [2691235]
INFO:     Waiting for application startup.
{"correlation_id": "db5c2343-ee4e-4b3c-bdb6-fd157e4fcd53", "operation": "startup_recovery", "outcome": "unavailable", "principal": "system", "reason": "recovery_pending", "target": ""}
INFO:     Application startup complete.
INFO:     Uvicorn running on http://127.0.0.1:18000 (Press CTRL+C to quit)
INFO:     Shutting down
INFO:     Waiting for background tasks to complete. (CTRL+C to force quit)
INFO:     Waiting for application shutdown.
INFO:     Application shutdown complete.
INFO:     Finished server process [2691235]
INFO:     Started server process [2694705]
INFO:     Waiting for application startup.
INFO:     Application startup complete.
INFO:     Uvicorn running on http://127.0.0.1:18000 (Press CTRL+C to quit)
INFO:     Started server process [2694835]
INFO:     Waiting for application startup.
{"correlation_id": "a08dde23-e75e-44cf-8304-72709eea9a84", "operation": "startup_recovery", "outcome": "unavailable", "principal": "system", "reason": "recovery_pending", "target": ""}
INFO:     Application startup complete.
INFO:     Uvicorn running on http://127.0.0.1:18000 (Press CTRL+C to quit)
{"correlation_id": "74749f49-67b6-4678-a239-d82ab530a87f", "operation": "probe_read", "outcome": "denied", "principal": "user:c1-dev.5f190ba0-9fcd-4fc3-affd-8d6191c05c1c", "reason": "not_found", "target": "urn:c1:probe:entity-fc5c7ba3298f40c8a75a1e8c6b6ef349"}
{"correlation_id": "ad282623-f13c-476c-8da9-cdfbcb0d88d7", "operation": "rescope", "outcome": "applied", "principal": "user:c1-dev.810ccc6a-6084-4c5c-80a3-1cd63e5db6d5", "reason": "confirmed", "target": "urn:c1:probe:entity-fc5c7ba3298f40c8a75a1e8c6b6ef349"}
{"correlation_id": "c574902d-4759-49d6-ad49-a0d339d4b03b", "operation": "security_recover", "outcome": "allowed", "principal": "user:c1-dev.097323d6-bb6e-4ccf-978a-6b466ca215cd", "reason": "", "target": ""}
INFO:     Shutting down
INFO:     Waiting for application shutdown.
INFO:     Application shutdown complete.
INFO:     Finished server process [2694835]
INFO:     Started server process [2697400]
INFO:     Waiting for application startup.
INFO:     Application startup complete.
INFO:     Uvicorn running on http://127.0.0.1:18000 (Press CTRL+C to quit)
INFO:     Started server process [2697537]
INFO:     Waiting for application startup.
{"correlation_id": "25a7a04e-77d9-4b4d-9ff2-24d7ac20f7c1", "operation": "startup_recovery", "outcome": "unavailable", "principal": "system", "reason": "recovery_pending", "target": ""}
INFO:     Application startup complete.
INFO:     Uvicorn running on http://127.0.0.1:18000 (Press CTRL+C to quit)
{"correlation_id": "81978446-81bd-47ab-8c32-6987b1ca6070", "operation": "probe_read", "outcome": "denied", "principal": "user:c1-dev.5f190ba0-9fcd-4fc3-affd-8d6191c05c1c", "reason": "not_found", "target": "urn:c1:probe:entity-736c1ceaf9ea463493bce67ca436bccb"}
{"correlation_id": "196755f2-a8ef-453f-b73a-5d65ff2250a5", "operation": "rescope", "outcome": "applied", "principal": "user:c1-dev.810ccc6a-6084-4c5c-80a3-1cd63e5db6d5", "reason": "confirmed", "target": "urn:c1:probe:entity-736c1ceaf9ea463493bce67ca436bccb"}
{"correlation_id": "a67aabc4-607d-4fdb-88f6-0f44eb35ceff", "operation": "security_recover", "outcome": "allowed", "principal": "user:c1-dev.097323d6-bb6e-4ccf-978a-6b466ca215cd", "reason": "", "target": ""}
{"correlation_id": "5ce8885e-ad7a-42f7-abe9-ce80f03a477e", "operation": "security_operation_read", "outcome": "allowed", "principal": "user:c1-dev.810ccc6a-6084-4c5c-80a3-1cd63e5db6d5", "reason": "", "target": "5af2c390-832e-42e3-95e3-9921ad9890f6"}
{"correlation_id": "96bcf8e7-6db6-4265-89e7-171dfef5ad79", "operation": "probe_read", "outcome": "denied", "principal": "user:c1-dev.5f190ba0-9fcd-4fc3-affd-8d6191c05c1c", "reason": "not_found", "target": "urn:c1:probe:entity-736c1ceaf9ea463493bce67ca436bccb"}
{"correlation_id": "72788dcd-8fec-4969-87ef-f5b58588dabe", "operation": "probe_read", "outcome": "allowed", "principal": "user:c1-dev.810ccc6a-6084-4c5c-80a3-1cd63e5db6d5", "reason": "", "target": "urn:c1:probe:entity-736c1ceaf9ea463493bce67ca436bccb"}
INFO:     Shutting down
INFO:     Waiting for application shutdown.
INFO:     Application shutdown complete.
INFO:     Finished server process [2697537]
INFO:     Started server process [2698395]
INFO:     Waiting for application startup.
INFO:     Application startup complete.
INFO:     Uvicorn running on http://127.0.0.1:18000 (Press CTRL+C to quit)
INFO:     Started server process [2698494]
INFO:     Waiting for application startup.
{"correlation_id": "7360c2c2-8173-411d-9bf0-8f1e1ffedb0a", "operation": "startup_recovery", "outcome": "unavailable", "principal": "system", "reason": "recovery_pending", "target": ""}
INFO:     Application startup complete.
INFO:     Uvicorn running on http://127.0.0.1:18000 (Press CTRL+C to quit)
{"correlation_id": "8046a077-c9d4-4e2f-b34a-1b0db36002e5", "operation": "probe_read", "outcome": "denied", "principal": "user:c1-dev.5f190ba0-9fcd-4fc3-affd-8d6191c05c1c", "reason": "not_found", "target": "urn:c1:probe:entity-0cea615f235040598b603ca5d3d8e673"}
{"correlation_id": "52ebd87d-85d6-4ab1-a1e6-90344a62f987", "operation": "rescope", "outcome": "applied", "principal": "user:c1-dev.810ccc6a-6084-4c5c-80a3-1cd63e5db6d5", "reason": "confirmed", "target": "urn:c1:probe:entity-0cea615f235040598b603ca5d3d8e673"}
{"correlation_id": "922ffc7a-c1f5-4221-ac32-6936d91893fc", "operation": "security_recover", "outcome": "allowed", "principal": "user:c1-dev.097323d6-bb6e-4ccf-978a-6b466ca215cd", "reason": "", "target": ""}
{"correlation_id": "2671dbce-0854-428f-a209-e0cbcb9afd0a", "operation": "security_operation_read", "outcome": "allowed", "principal": "user:c1-dev.810ccc6a-6084-4c5c-80a3-1cd63e5db6d5", "reason": "", "target": "269a844e-bd21-40e2-94b4-25b89e5fb63c"}
{"correlation_id": "ad264e00-67d8-4159-9702-181f7de9162a", "operation": "probe_read", "outcome": "denied", "principal": "user:c1-dev.5f190ba0-9fcd-4fc3-affd-8d6191c05c1c", "reason": "not_found", "target": "urn:c1:probe:entity-0cea615f235040598b603ca5d3d8e673"}
{"correlation_id": "1b325a03-473d-4db2-9e96-a4c56b4b06e5", "operation": "probe_read", "outcome": "allowed", "principal": "user:c1-dev.810ccc6a-6084-4c5c-80a3-1cd63e5db6d5", "reason": "", "target": "urn:c1:probe:entity-0cea615f235040598b603ca5d3d8e673"}
INFO:     Shutting down
INFO:     Waiting for application shutdown.
INFO:     Application shutdown complete.
INFO:     Finished server process [2698494]
INFO:     Started server process [2699577]
INFO:     Waiting for application startup.
INFO:     Application startup complete.
INFO:     Uvicorn running on http://127.0.0.1:18000 (Press CTRL+C to quit)
INFO:     Started server process [2699667]
INFO:     Waiting for application startup.
{"correlation_id": "a651623e-8b0e-4f7d-96f1-78057662f581", "operation": "startup_recovery", "outcome": "unavailable", "principal": "system", "reason": "recovery_pending", "target": ""}
INFO:     Application startup complete.
INFO:     Uvicorn running on http://127.0.0.1:18000 (Press CTRL+C to quit)
{"correlation_id": "83892e49-1f3f-45f6-ad5e-e7c207afae8b", "operation": "probe_read", "outcome": "denied", "principal": "user:c1-dev.5f190ba0-9fcd-4fc3-affd-8d6191c05c1c", "reason": "not_found", "target": "urn:c1:probe:entity-bd31fa51ad8b469f8d8b95d53e514ecb"}
{"correlation_id": "9e311ba4-6e20-4cd7-87a8-612b34c21c46", "operation": "rescope", "outcome": "applied", "principal": "user:c1-dev.810ccc6a-6084-4c5c-80a3-1cd63e5db6d5", "reason": "confirmed", "target": "urn:c1:probe:entity-bd31fa51ad8b469f8d8b95d53e514ecb"}
{"correlation_id": "1a2f1525-2704-4212-a4f1-85536813ac22", "operation": "security_recover", "outcome": "allowed", "principal": "user:c1-dev.097323d6-bb6e-4ccf-978a-6b466ca215cd", "reason": "", "target": ""}
{"correlation_id": "af1a730a-4d1f-4c88-8594-e72eb3e839e0", "operation": "security_operation_read", "outcome": "allowed", "principal": "user:c1-dev.810ccc6a-6084-4c5c-80a3-1cd63e5db6d5", "reason": "", "target": "b8adb5bd-188a-4435-8f67-1a95d7977598"}
{"correlation_id": "c6005ba2-c6b7-4db1-b8a7-0eedc014123c", "operation": "probe_read", "outcome": "denied", "principal": "user:c1-dev.5f190ba0-9fcd-4fc3-affd-8d6191c05c1c", "reason": "not_found", "target": "urn:c1:probe:entity-bd31fa51ad8b469f8d8b95d53e514ecb"}
{"correlation_id": "24f4e241-ca39-4ca9-963c-fe9a049b9c04", "operation": "probe_read", "outcome": "allowed", "principal": "user:c1-dev.810ccc6a-6084-4c5c-80a3-1cd63e5db6d5", "reason": "", "target": "urn:c1:probe:entity-bd31fa51ad8b469f8d8b95d53e514ecb"}
INFO:     Shutting down
INFO:     Waiting for application shutdown.
INFO:     Application shutdown complete.
INFO:     Finished server process [2699667]
INFO:     Started server process [2711506]
INFO:     Waiting for application startup.
INFO:     Application startup complete.
INFO:     Uvicorn running on http://127.0.0.1:18000 (Press CTRL+C to quit)
INFO:     Started server process [2711643]
INFO:     Waiting for application startup.
{"correlation_id": "78e85fb0-1ec0-49f9-90f2-5828c592bf91", "operation": "startup_recovery", "outcome": "unavailable", "principal": "system", "reason": "recovery_pending", "target": ""}
INFO:     Application startup complete.
INFO:     Uvicorn running on http://127.0.0.1:18000 (Press CTRL+C to quit)
{"correlation_id": "00629a72-488f-4a6f-8fa7-b557b34389e5", "operation": "probe_read", "outcome": "denied", "principal": "user:c1-dev.5f190ba0-9fcd-4fc3-affd-8d6191c05c1c", "reason": "not_found", "target": "urn:c1:probe:entity-6b037403b0a44797bc3132c32c8f436f"}
{"correlation_id": "66a4808d-6fa1-42da-9819-de894a8d3d28", "operation": "rescope", "outcome": "applied", "principal": "user:c1-dev.810ccc6a-6084-4c5c-80a3-1cd63e5db6d5", "reason": "confirmed", "target": "urn:c1:probe:entity-6b037403b0a44797bc3132c32c8f436f"}
{"correlation_id": "7b64f855-7bb2-467f-be35-2fc596cf3dd0", "operation": "security_recover", "outcome": "allowed", "principal": "user:c1-dev.097323d6-bb6e-4ccf-978a-6b466ca215cd", "reason": "", "target": ""}
{"correlation_id": "6453d6b8-fb60-4816-88c3-18310f8d0c64", "operation": "security_operation_read", "outcome": "allowed", "principal": "user:c1-dev.810ccc6a-6084-4c5c-80a3-1cd63e5db6d5", "reason": "", "target": "cc4fd958-e0c5-422c-91cd-a1da4d005425"}
{"correlation_id": "8e62b3d8-fdf3-42b1-87fe-7b17f3c1e0c9", "operation": "probe_read", "outcome": "denied", "principal": "user:c1-dev.5f190ba0-9fcd-4fc3-affd-8d6191c05c1c", "reason": "not_found", "target": "urn:c1:probe:entity-6b037403b0a44797bc3132c32c8f436f"}
{"correlation_id": "8273436b-3526-4cc2-9b5e-dced5a671d3e", "operation": "probe_read", "outcome": "allowed", "principal": "user:c1-dev.810ccc6a-6084-4c5c-80a3-1cd63e5db6d5", "reason": "", "target": "urn:c1:probe:entity-6b037403b0a44797bc3132c32c8f436f"}
INFO:     Shutting down
INFO:     Waiting for application shutdown.
INFO:     Application shutdown complete.
INFO:     Finished server process [2711643]
INFO:     Started server process [2712274]
INFO:     Waiting for application startup.
INFO:     Application startup complete.
INFO:     Uvicorn running on http://127.0.0.1:18000 (Press CTRL+C to quit)
INFO:     Started server process [2712407]
INFO:     Waiting for application startup.
{"correlation_id": "2228e9af-ba94-484d-baad-d8ed5d2172bb", "operation": "startup_recovery", "outcome": "unavailable", "principal": "system", "reason": "recovery_pending", "target": ""}
INFO:     Application startup complete.
INFO:     Uvicorn running on http://127.0.0.1:18000 (Press CTRL+C to quit)
{"correlation_id": "8d5d72d9-755d-426c-907d-aa49203cd62e", "operation": "probe_read", "outcome": "denied", "principal": "user:c1-dev.5f190ba0-9fcd-4fc3-affd-8d6191c05c1c", "reason": "not_found", "target": "urn:c1:probe:entity-19a23f829b41426c86bd4b907911e9c2"}
{"correlation_id": "29c1b9d9-7e25-4ed6-9364-13cd0246b265", "operation": "rescope", "outcome": "applied", "principal": "user:c1-dev.810ccc6a-6084-4c5c-80a3-1cd63e5db6d5", "reason": "confirmed", "target": "urn:c1:probe:entity-19a23f829b41426c86bd4b907911e9c2"}
{"correlation_id": "d19ece63-d0c0-4160-adf4-6fa0a9d5ab2d", "operation": "security_recover", "outcome": "allowed", "principal": "user:c1-dev.097323d6-bb6e-4ccf-978a-6b466ca215cd", "reason": "", "target": ""}
{"correlation_id": "0ad1b1da-d374-42e5-a339-97b3b24a4aa8", "operation": "security_operation_read", "outcome": "allowed", "principal": "user:c1-dev.810ccc6a-6084-4c5c-80a3-1cd63e5db6d5", "reason": "", "target": "3aaa86f3-0e40-401d-8d7c-8cb4aa1cdf0c"}
{"correlation_id": "8cea6ef6-4b98-4ff4-a1af-a020a85a29ef", "operation": "probe_read", "outcome": "denied", "principal": "user:c1-dev.5f190ba0-9fcd-4fc3-affd-8d6191c05c1c", "reason": "not_found", "target": "urn:c1:probe:entity-19a23f829b41426c86bd4b907911e9c2"}
{"correlation_id": "512ece21-6b8f-4585-be68-cda13bc670ca", "operation": "probe_read", "outcome": "allowed", "principal": "user:c1-dev.810ccc6a-6084-4c5c-80a3-1cd63e5db6d5", "reason": "", "target": "urn:c1:probe:entity-19a23f829b41426c86bd4b907911e9c2"}
INFO:     Shutting down
INFO:     Waiting for application shutdown.
INFO:     Application shutdown complete.
INFO:     Finished server process [2712407]
INFO:     Started server process [2713049]
INFO:     Waiting for application startup.
INFO:     Application startup complete.
INFO:     Uvicorn running on http://127.0.0.1:18000 (Press CTRL+C to quit)
INFO:     Started server process [2713155]
INFO:     Waiting for application startup.
{"correlation_id": "07e65f8e-ab4b-4698-9845-5b7253b14b1d", "operation": "startup_recovery", "outcome": "unavailable", "principal": "system", "reason": "recovery_pending", "target": ""}
INFO:     Application startup complete.
INFO:     Uvicorn running on http://127.0.0.1:18000 (Press CTRL+C to quit)
{"correlation_id": "6c5cb9ce-7588-4080-827a-8354e5ce4da1", "operation": "probe_read", "outcome": "denied", "principal": "user:c1-dev.5f190ba0-9fcd-4fc3-affd-8d6191c05c1c", "reason": "not_found", "target": "urn:c1:probe:entity-18ec2cc48b7c4c10bb4a5a69638e9b66"}
{"correlation_id": "96f8ed12-1024-4a6c-b683-7212398a6630", "operation": "rescope", "outcome": "applied", "principal": "user:c1-dev.810ccc6a-6084-4c5c-80a3-1cd63e5db6d5", "reason": "confirmed", "target": "urn:c1:probe:entity-18ec2cc48b7c4c10bb4a5a69638e9b66"}
{"correlation_id": "bf9a1ff9-2c02-4965-a019-b5c7abe3f952", "operation": "security_recover", "outcome": "allowed", "principal": "user:c1-dev.097323d6-bb6e-4ccf-978a-6b466ca215cd", "reason": "", "target": ""}
{"correlation_id": "3d77d56a-919b-4a5b-b30e-9f18fd3350b7", "operation": "security_operation_read", "outcome": "allowed", "principal": "user:c1-dev.810ccc6a-6084-4c5c-80a3-1cd63e5db6d5", "reason": "", "target": "a1b2136c-b5dc-4327-b576-12c88611e596"}
{"correlation_id": "f645ef76-4a4c-4788-b4dc-d3a6ba54821d", "operation": "probe_read", "outcome": "denied", "principal": "user:c1-dev.5f190ba0-9fcd-4fc3-affd-8d6191c05c1c", "reason": "not_found", "target": "urn:c1:probe:entity-18ec2cc48b7c4c10bb4a5a69638e9b66"}
{"correlation_id": "8eaf9461-a76d-4fb5-8135-c5034e1df34f", "operation": "probe_read", "outcome": "allowed", "principal": "user:c1-dev.810ccc6a-6084-4c5c-80a3-1cd63e5db6d5", "reason": "", "target": "urn:c1:probe:entity-18ec2cc48b7c4c10bb4a5a69638e9b66"}
INFO:     Shutting down
INFO:     Waiting for application shutdown.
INFO:     Application shutdown complete.
INFO:     Finished server process [2713155]
INFO:     Started server process [2720083]
INFO:     Waiting for application startup.
INFO:     Application startup complete.
INFO:     Uvicorn running on http://127.0.0.1:18000 (Press CTRL+C to quit)
{"correlation_id": "36666c8e-8da4-4b86-a462-5848837a5f83", "operation": "whoami", "outcome": "allowed", "principal": "user:c1-dev.5f190ba0-9fcd-4fc3-affd-8d6191c05c1c", "reason": "", "target": ""}
INFO:     Shutting down
INFO:     Waiting for application shutdown.
INFO:     Application shutdown complete.
INFO:     Finished server process [2720083]
INFO:     Started server process [2729807]
INFO:     Waiting for application startup.
INFO:     Application startup complete.
INFO:     Uvicorn running on http://127.0.0.1:18000 (Press CTRL+C to quit)
INFO:     Started server process [2730045]
INFO:     Waiting for application startup.
{"correlation_id": "f446ba78-dedf-49f3-acd5-ff14c5df8c76", "operation": "startup_recovery", "outcome": "unavailable", "principal": "system", "reason": "recovery_pending", "target": ""}
INFO:     Application startup complete.
INFO:     Uvicorn running on http://127.0.0.1:18000 (Press CTRL+C to quit)
{"correlation_id": "b78199ca-4aa3-4aab-a103-c9f33c097abd", "operation": "probe_read", "outcome": "denied", "principal": "user:c1-dev.5f190ba0-9fcd-4fc3-affd-8d6191c05c1c", "reason": "not_found", "target": "urn:c1:probe:entity-21f8d4c8ffcc43c7aaf787763bc9c775"}
{"correlation_id": "5e849c06-ea79-4dcd-a890-2a5494941778", "operation": "rescope", "outcome": "applied", "principal": "user:c1-dev.810ccc6a-6084-4c5c-80a3-1cd63e5db6d5", "reason": "confirmed", "target": "urn:c1:probe:entity-21f8d4c8ffcc43c7aaf787763bc9c775"}
{"correlation_id": "e7b68780-c709-4fda-b1fd-7d780a9b7e7a", "operation": "security_recover", "outcome": "allowed", "principal": "user:c1-dev.097323d6-bb6e-4ccf-978a-6b466ca215cd", "reason": "", "target": ""}
{"correlation_id": "f9979163-0a1a-4e59-a9fd-6059f36e6145", "operation": "security_operation_read", "outcome": "allowed", "principal": "user:c1-dev.810ccc6a-6084-4c5c-80a3-1cd63e5db6d5", "reason": "", "target": "107b84b7-07e2-460c-8578-9a5cea482622"}
{"correlation_id": "e4c733d1-97cd-415d-a54b-905ecb492558", "operation": "probe_read", "outcome": "denied", "principal": "user:c1-dev.5f190ba0-9fcd-4fc3-affd-8d6191c05c1c", "reason": "not_found", "target": "urn:c1:probe:entity-21f8d4c8ffcc43c7aaf787763bc9c775"}
{"correlation_id": "19812aff-895b-413e-9c3e-cebd0e56929b", "operation": "probe_read", "outcome": "allowed", "principal": "user:c1-dev.810ccc6a-6084-4c5c-80a3-1cd63e5db6d5", "reason": "", "target": "urn:c1:probe:entity-21f8d4c8ffcc43c7aaf787763bc9c775"}
INFO:     Shutting down
INFO:     Waiting for application shutdown.
INFO:     Application shutdown complete.
INFO:     Finished server process [2730045]
INFO:     Started server process [2730798]
INFO:     Waiting for application startup.
INFO:     Application startup complete.
INFO:     Uvicorn running on http://127.0.0.1:18000 (Press CTRL+C to quit)
INFO:     Started server process [2730888]
INFO:     Waiting for application startup.
{"correlation_id": "cf2d17d2-8d7c-42cc-a90c-e558f56717e6", "operation": "startup_recovery", "outcome": "unavailable", "principal": "system", "reason": "recovery_pending", "target": ""}
INFO:     Application startup complete.
INFO:     Uvicorn running on http://127.0.0.1:18000 (Press CTRL+C to quit)
{"correlation_id": "1f09f405-c9a0-4af9-9fc9-e327e1687b97", "operation": "probe_read", "outcome": "denied", "principal": "user:c1-dev.5f190ba0-9fcd-4fc3-affd-8d6191c05c1c", "reason": "not_found", "target": "urn:c1:probe:entity-4d47860431604f59a999ce8c4d8dcc87"}
{"correlation_id": "f6d1f769-cce1-4247-9e89-1f15a40ea49e", "operation": "rescope", "outcome": "applied", "principal": "user:c1-dev.810ccc6a-6084-4c5c-80a3-1cd63e5db6d5", "reason": "confirmed", "target": "urn:c1:probe:entity-4d47860431604f59a999ce8c4d8dcc87"}
{"correlation_id": "a7d2f537-3206-41fa-a503-8cc283c0f980", "operation": "security_recover", "outcome": "allowed", "principal": "user:c1-dev.097323d6-bb6e-4ccf-978a-6b466ca215cd", "reason": "", "target": ""}
{"correlation_id": "a97c4bef-95a5-49c7-b519-bb33c1a8623a", "operation": "security_operation_read", "outcome": "allowed", "principal": "user:c1-dev.810ccc6a-6084-4c5c-80a3-1cd63e5db6d5", "reason": "", "target": "38449e0a-29f1-4ae5-b725-78cc1668a084"}
{"correlation_id": "e5d588b9-9c9c-44c4-bcc5-571472249e79", "operation": "probe_read", "outcome": "denied", "principal": "user:c1-dev.5f190ba0-9fcd-4fc3-affd-8d6191c05c1c", "reason": "not_found", "target": "urn:c1:probe:entity-4d47860431604f59a999ce8c4d8dcc87"}
{"correlation_id": "58bafa2b-6bdf-4f5c-8c31-243ed728fffa", "operation": "probe_read", "outcome": "allowed", "principal": "user:c1-dev.810ccc6a-6084-4c5c-80a3-1cd63e5db6d5", "reason": "", "target": "urn:c1:probe:entity-4d47860431604f59a999ce8c4d8dcc87"}
INFO:     Shutting down
INFO:     Waiting for application shutdown.
INFO:     Application shutdown complete.
INFO:     Finished server process [2730888]
INFO:     Started server process [2731632]
INFO:     Waiting for application startup.
INFO:     Application startup complete.
INFO:     Uvicorn running on http://127.0.0.1:18000 (Press CTRL+C to quit)
INFO:     Started server process [2731802]
INFO:     Waiting for application startup.
{"correlation_id": "869c094f-1aea-4d3b-9f0f-5273cc2e1009", "operation": "startup_recovery", "outcome": "unavailable", "principal": "system", "reason": "recovery_pending", "target": ""}
INFO:     Application startup complete.
INFO:     Uvicorn running on http://127.0.0.1:18000 (Press CTRL+C to quit)
{"correlation_id": "105b9045-53fb-42ef-a391-1f94dc8b7645", "operation": "probe_read", "outcome": "denied", "principal": "user:c1-dev.5f190ba0-9fcd-4fc3-affd-8d6191c05c1c", "reason": "not_found", "target": "urn:c1:probe:entity-8853be31caca4a9488293aa8b13d3ff9"}
{"correlation_id": "ede2c177-60f0-44c7-9c74-8f9d4e4a8bd3", "operation": "rescope", "outcome": "applied", "principal": "user:c1-dev.810ccc6a-6084-4c5c-80a3-1cd63e5db6d5", "reason": "confirmed", "target": "urn:c1:probe:entity-8853be31caca4a9488293aa8b13d3ff9"}
{"correlation_id": "37fffa3e-0672-402b-8b3d-087a60d9aeba", "operation": "security_recover", "outcome": "allowed", "principal": "user:c1-dev.097323d6-bb6e-4ccf-978a-6b466ca215cd", "reason": "", "target": ""}
{"correlation_id": "9901e0f6-8a60-4cfc-b146-207070aa5e4d", "operation": "security_operation_read", "outcome": "allowed", "principal": "user:c1-dev.810ccc6a-6084-4c5c-80a3-1cd63e5db6d5", "reason": "", "target": "373e6900-5c96-4f78-82d0-a9d5c5c65548"}
{"correlation_id": "b71b319e-5448-481d-afc8-1d3220686890", "operation": "probe_read", "outcome": "denied", "principal": "user:c1-dev.5f190ba0-9fcd-4fc3-affd-8d6191c05c1c", "reason": "not_found", "target": "urn:c1:probe:entity-8853be31caca4a9488293aa8b13d3ff9"}
{"correlation_id": "6774518d-0cc8-491c-b0b0-edb5674b37ef", "operation": "probe_read", "outcome": "allowed", "principal": "user:c1-dev.810ccc6a-6084-4c5c-80a3-1cd63e5db6d5", "reason": "", "target": "urn:c1:probe:entity-8853be31caca4a9488293aa8b13d3ff9"}
INFO:     Shutting down
INFO:     Waiting for application shutdown.
INFO:     Application shutdown complete.
INFO:     Finished server process [2731802]
INFO:     Started server process [2749142]
INFO:     Waiting for application startup.
INFO:     Application startup complete.
INFO:     Uvicorn running on http://127.0.0.1:18000 (Press CTRL+C to quit)
INFO:     Started server process [2749248]
INFO:     Waiting for application startup.
{"correlation_id": "50e44f27-01e5-4df9-889d-ac5a3234cf4b", "operation": "startup_recovery", "outcome": "unavailable", "principal": "system", "reason": "recovery_pending", "target": ""}
INFO:     Application startup complete.
INFO:     Uvicorn running on http://127.0.0.1:18000 (Press CTRL+C to quit)
{"correlation_id": "16255e18-6aee-44bd-a356-48fa825b0ec6", "operation": "probe_read", "outcome": "denied", "principal": "user:c1-dev.5f190ba0-9fcd-4fc3-affd-8d6191c05c1c", "reason": "not_found", "target": "urn:c1:probe:entity-b70cdfde20a440be95ab5b78fd605d51"}
{"correlation_id": "2f14e69a-46e6-45af-9567-0ff9a10cb0bb", "operation": "rescope", "outcome": "applied", "principal": "user:c1-dev.810ccc6a-6084-4c5c-80a3-1cd63e5db6d5", "reason": "confirmed", "target": "urn:c1:probe:entity-b70cdfde20a440be95ab5b78fd605d51"}
{"correlation_id": "5d36ecb6-c9bb-49fe-8dbf-2baab2244a39", "operation": "security_recover", "outcome": "allowed", "principal": "user:c1-dev.097323d6-bb6e-4ccf-978a-6b466ca215cd", "reason": "", "target": ""}
{"correlation_id": "488e9b3f-01b9-4864-a92f-f7a701f2849e", "operation": "security_operation_read", "outcome": "allowed", "principal": "user:c1-dev.810ccc6a-6084-4c5c-80a3-1cd63e5db6d5", "reason": "", "target": "45efdd40-2b40-47c1-915a-90f89428856a"}
{"correlation_id": "5bf4c0ae-b344-454a-addb-95911accb1c0", "operation": "probe_read", "outcome": "denied", "principal": "user:c1-dev.5f190ba0-9fcd-4fc3-affd-8d6191c05c1c", "reason": "not_found", "target": "urn:c1:probe:entity-b70cdfde20a440be95ab5b78fd605d51"}
{"correlation_id": "ebf2692c-d264-4756-bf93-763771fcdcff", "operation": "probe_read", "outcome": "allowed", "principal": "user:c1-dev.810ccc6a-6084-4c5c-80a3-1cd63e5db6d5", "reason": "", "target": "urn:c1:probe:entity-b70cdfde20a440be95ab5b78fd605d51"}
INFO:     Shutting down
INFO:     Waiting for application shutdown.
INFO:     Application shutdown complete.
INFO:     Finished server process [2749248]
INFO:     Started server process [2749928]
INFO:     Waiting for application startup.
INFO:     Application startup complete.
INFO:     Uvicorn running on http://127.0.0.1:18000 (Press CTRL+C to quit)
INFO:     Started server process [2750039]
INFO:     Waiting for application startup.
{"correlation_id": "4d3f82fa-9a8a-4133-a9e3-24593aa62e05", "operation": "startup_recovery", "outcome": "unavailable", "principal": "system", "reason": "recovery_pending", "target": ""}
INFO:     Application startup complete.
INFO:     Uvicorn running on http://127.0.0.1:18000 (Press CTRL+C to quit)
{"correlation_id": "46e8c763-17ca-45ec-9e6f-635fc8812ce4", "operation": "probe_read", "outcome": "denied", "principal": "user:c1-dev.5f190ba0-9fcd-4fc3-affd-8d6191c05c1c", "reason": "not_found", "target": "urn:c1:probe:entity-b466e3512bf04d71b2e644426451f754"}
{"correlation_id": "4a7602e7-6af0-4ee9-84ee-c12dc9909549", "operation": "rescope", "outcome": "applied", "principal": "user:c1-dev.810ccc6a-6084-4c5c-80a3-1cd63e5db6d5", "reason": "confirmed", "target": "urn:c1:probe:entity-b466e3512bf04d71b2e644426451f754"}
{"correlation_id": "81b10e0b-ed46-4498-b8c1-93976eeadb13", "operation": "security_recover", "outcome": "allowed", "principal": "user:c1-dev.097323d6-bb6e-4ccf-978a-6b466ca215cd", "reason": "", "target": ""}
{"correlation_id": "ca69a8d9-db88-4465-aebd-b94b2bdcd540", "operation": "security_operation_read", "outcome": "allowed", "principal": "user:c1-dev.810ccc6a-6084-4c5c-80a3-1cd63e5db6d5", "reason": "", "target": "2b4e1c06-3e4e-43f7-9aac-f06ba6472d99"}
{"correlation_id": "b6a74562-c93a-4ce9-aea4-432df7eaf5eb", "operation": "probe_read", "outcome": "denied", "principal": "user:c1-dev.5f190ba0-9fcd-4fc3-affd-8d6191c05c1c", "reason": "not_found", "target": "urn:c1:probe:entity-b466e3512bf04d71b2e644426451f754"}
{"correlation_id": "ffb62199-010d-42b6-ab04-9722782380be", "operation": "probe_read", "outcome": "allowed", "principal": "user:c1-dev.810ccc6a-6084-4c5c-80a3-1cd63e5db6d5", "reason": "", "target": "urn:c1:probe:entity-b466e3512bf04d71b2e644426451f754"}
INFO:     Shutting down
INFO:     Waiting for application shutdown.
INFO:     Application shutdown complete.
INFO:     Finished server process [2750039]
INFO:     Started server process [2750706]
INFO:     Waiting for application startup.
INFO:     Application startup complete.
INFO:     Uvicorn running on http://127.0.0.1:18000 (Press CTRL+C to quit)
INFO:     Started server process [2750841]
INFO:     Waiting for application startup.
{"correlation_id": "ef99dd3c-13b8-4980-a828-53b00e5977a8", "operation": "startup_recovery", "outcome": "unavailable", "principal": "system", "reason": "recovery_pending", "target": ""}
INFO:     Application startup complete.
INFO:     Uvicorn running on http://127.0.0.1:18000 (Press CTRL+C to quit)
{"correlation_id": "18e7617b-2b7d-4b68-8ee7-fec13bc9a67a", "operation": "probe_read", "outcome": "denied", "principal": "user:c1-dev.5f190ba0-9fcd-4fc3-affd-8d6191c05c1c", "reason": "not_found", "target": "urn:c1:probe:entity-a4bcb968702945e1a5b2a50c57495696"}
{"correlation_id": "33bfc4e5-206a-4237-a516-fe1395c51d81", "operation": "rescope", "outcome": "applied", "principal": "user:c1-dev.810ccc6a-6084-4c5c-80a3-1cd63e5db6d5", "reason": "confirmed", "target": "urn:c1:probe:entity-a4bcb968702945e1a5b2a50c57495696"}
{"correlation_id": "bcbed646-2fdc-4bc3-8d6d-34f739a51eb5", "operation": "security_recover", "outcome": "allowed", "principal": "user:c1-dev.097323d6-bb6e-4ccf-978a-6b466ca215cd", "reason": "", "target": ""}
{"correlation_id": "c65c77a4-0498-498a-9b92-6a00262977e9", "operation": "security_operation_read", "outcome": "allowed", "principal": "user:c1-dev.810ccc6a-6084-4c5c-80a3-1cd63e5db6d5", "reason": "", "target": "d0e5700d-7d96-4928-915a-a5c3cba82423"}
{"correlation_id": "55e5b259-aa32-475d-8f9e-765412742035", "operation": "probe_read", "outcome": "denied", "principal": "user:c1-dev.5f190ba0-9fcd-4fc3-affd-8d6191c05c1c", "reason": "not_found", "target": "urn:c1:probe:entity-a4bcb968702945e1a5b2a50c57495696"}
{"correlation_id": "5e752c28-d1c2-4d2b-aa9e-8145dfa45112", "operation": "probe_read", "outcome": "allowed", "principal": "user:c1-dev.810ccc6a-6084-4c5c-80a3-1cd63e5db6d5", "reason": "", "target": "urn:c1:probe:entity-a4bcb968702945e1a5b2a50c57495696"}
INFO:     Shutting down
INFO:     Waiting for application shutdown.
INFO:     Application shutdown complete.
INFO:     Finished server process [2750841]
INFO:     Started server process [2769182]
INFO:     Waiting for application startup.
INFO:     Application startup complete.
INFO:     Uvicorn running on http://127.0.0.1:18000 (Press CTRL+C to quit)
INFO:     Started server process [2769255]
INFO:     Waiting for application startup.
{"correlation_id": "6794513f-c699-44d5-921f-60113f2efb7a", "operation": "startup_recovery", "outcome": "unavailable", "principal": "system", "reason": "recovery_pending", "target": ""}
INFO:     Application startup complete.
INFO:     Uvicorn running on http://127.0.0.1:18000 (Press CTRL+C to quit)
{"correlation_id": "22cbf9b0-c87c-47b1-bd65-47d0dd51c041", "operation": "probe_read", "outcome": "denied", "principal": "user:c1-dev.5f190ba0-9fcd-4fc3-affd-8d6191c05c1c", "reason": "not_found", "target": "urn:c1:probe:entity-ca17bdbded9d4d169f383cb2640084c5"}
{"correlation_id": "6aa7e6f8-5213-4ddc-af1f-b9d9ec052c90", "operation": "rescope", "outcome": "applied", "principal": "user:c1-dev.810ccc6a-6084-4c5c-80a3-1cd63e5db6d5", "reason": "confirmed", "target": "urn:c1:probe:entity-ca17bdbded9d4d169f383cb2640084c5"}
{"correlation_id": "8a339879-e844-4aa7-ba52-e312cfb25e9d", "operation": "security_recover", "outcome": "allowed", "principal": "user:c1-dev.097323d6-bb6e-4ccf-978a-6b466ca215cd", "reason": "", "target": ""}
{"correlation_id": "e177235d-2d7c-4a4a-ac07-2228743a7fd7", "operation": "security_operation_read", "outcome": "allowed", "principal": "user:c1-dev.810ccc6a-6084-4c5c-80a3-1cd63e5db6d5", "reason": "", "target": "8708a91b-9c25-4125-8f65-c09bc0756b6d"}
{"correlation_id": "955624f5-ac00-446f-8191-002a55ca00ee", "operation": "probe_read", "outcome": "denied", "principal": "user:c1-dev.5f190ba0-9fcd-4fc3-affd-8d6191c05c1c", "reason": "not_found", "target": "urn:c1:probe:entity-ca17bdbded9d4d169f383cb2640084c5"}
{"correlation_id": "6de56ef9-94f6-49fb-8109-7f7412e2826b", "operation": "probe_read", "outcome": "allowed", "principal": "user:c1-dev.810ccc6a-6084-4c5c-80a3-1cd63e5db6d5", "reason": "", "target": "urn:c1:probe:entity-ca17bdbded9d4d169f383cb2640084c5"}
INFO:     Shutting down
INFO:     Waiting for application shutdown.
INFO:     Application shutdown complete.
INFO:     Finished server process [2769255]
INFO:     Started server process [2770334]
INFO:     Waiting for application startup.
INFO:     Application startup complete.
INFO:     Uvicorn running on http://127.0.0.1:18000 (Press CTRL+C to quit)
INFO:     Started server process [2770442]
INFO:     Waiting for application startup.
{"correlation_id": "7168a665-c83d-48d6-82cb-34ba304de37f", "operation": "startup_recovery", "outcome": "unavailable", "principal": "system", "reason": "recovery_pending", "target": ""}
INFO:     Application startup complete.
INFO:     Uvicorn running on http://127.0.0.1:18000 (Press CTRL+C to quit)
{"correlation_id": "a2dc12aa-5368-4375-88a5-e145736202b7", "operation": "probe_read", "outcome": "denied", "principal": "user:c1-dev.5f190ba0-9fcd-4fc3-affd-8d6191c05c1c", "reason": "not_found", "target": "urn:c1:probe:entity-8ebe31fea41d443e860d1134274e051e"}
{"correlation_id": "c3cfbe0c-f230-4952-af07-a409b7554c43", "operation": "rescope", "outcome": "applied", "principal": "user:c1-dev.810ccc6a-6084-4c5c-80a3-1cd63e5db6d5", "reason": "confirmed", "target": "urn:c1:probe:entity-8ebe31fea41d443e860d1134274e051e"}
{"correlation_id": "61bdfa1c-88eb-44f7-93ef-1e4a7d09d2b4", "operation": "security_recover", "outcome": "allowed", "principal": "user:c1-dev.097323d6-bb6e-4ccf-978a-6b466ca215cd", "reason": "", "target": ""}
{"correlation_id": "c72eb3c3-b5b8-45ee-90a5-8febb1827397", "operation": "security_operation_read", "outcome": "allowed", "principal": "user:c1-dev.810ccc6a-6084-4c5c-80a3-1cd63e5db6d5", "reason": "", "target": "3a50a64f-0eec-4026-94dd-7188168314e2"}
{"correlation_id": "553b98e0-e234-4d1e-9841-80a4815f6fe1", "operation": "probe_read", "outcome": "denied", "principal": "user:c1-dev.5f190ba0-9fcd-4fc3-affd-8d6191c05c1c", "reason": "not_found", "target": "urn:c1:probe:entity-8ebe31fea41d443e860d1134274e051e"}
{"correlation_id": "5a07b5e2-887d-4cfb-96e9-387844a8e24b", "operation": "probe_read", "outcome": "allowed", "principal": "user:c1-dev.810ccc6a-6084-4c5c-80a3-1cd63e5db6d5", "reason": "", "target": "urn:c1:probe:entity-8ebe31fea41d443e860d1134274e051e"}
INFO:     Shutting down
INFO:     Waiting for application shutdown.
INFO:     Application shutdown complete.
INFO:     Finished server process [2770442]
INFO:     Started server process [2771308]
INFO:     Waiting for application startup.
INFO:     Application startup complete.
INFO:     Uvicorn running on http://127.0.0.1:18000 (Press CTRL+C to quit)
INFO:     Started server process [2771482]
INFO:     Waiting for application startup.
{"correlation_id": "0ae15291-9479-4da3-955d-6b104172e0bf", "operation": "startup_recovery", "outcome": "unavailable", "principal": "system", "reason": "recovery_pending", "target": ""}
INFO:     Application startup complete.
INFO:     Uvicorn running on http://127.0.0.1:18000 (Press CTRL+C to quit)
{"correlation_id": "6b4f5ff8-fbeb-40d5-96e1-c110030e40aa", "operation": "probe_read", "outcome": "denied", "principal": "user:c1-dev.5f190ba0-9fcd-4fc3-affd-8d6191c05c1c", "reason": "not_found", "target": "urn:c1:probe:entity-8163c9f70ea74c3ea9d3161a7ae612fe"}
{"correlation_id": "b6653c7a-ab2c-4a71-b393-dc6bf0aabd17", "operation": "rescope", "outcome": "applied", "principal": "user:c1-dev.810ccc6a-6084-4c5c-80a3-1cd63e5db6d5", "reason": "confirmed", "target": "urn:c1:probe:entity-8163c9f70ea74c3ea9d3161a7ae612fe"}
{"correlation_id": "4b520650-1fc1-4b4d-9fcf-a6cdcf7cd668", "operation": "security_recover", "outcome": "allowed", "principal": "user:c1-dev.097323d6-bb6e-4ccf-978a-6b466ca215cd", "reason": "", "target": ""}
{"correlation_id": "6e592691-5e40-4ce9-a235-676767ccc6e9", "operation": "security_operation_read", "outcome": "allowed", "principal": "user:c1-dev.810ccc6a-6084-4c5c-80a3-1cd63e5db6d5", "reason": "", "target": "6358814f-b8b9-43cb-8718-42f186ebc6a0"}
{"correlation_id": "8934151a-ea1d-4b91-8fd4-2d762333f7f1", "operation": "probe_read", "outcome": "denied", "principal": "user:c1-dev.5f190ba0-9fcd-4fc3-affd-8d6191c05c1c", "reason": "not_found", "target": "urn:c1:probe:entity-8163c9f70ea74c3ea9d3161a7ae612fe"}
{"correlation_id": "64ca370d-351e-42a2-b108-bb0079c563f7", "operation": "probe_read", "outcome": "allowed", "principal": "user:c1-dev.810ccc6a-6084-4c5c-80a3-1cd63e5db6d5", "reason": "", "target": "urn:c1:probe:entity-8163c9f70ea74c3ea9d3161a7ae612fe"}
INFO:     Shutting down
INFO:     Waiting for application shutdown.
INFO:     Application shutdown complete.
INFO:     Finished server process [2771482]
INFO:     Started server process [3126487]
INFO:     Waiting for application startup.
INFO:     Application startup complete.
INFO:     Uvicorn running on http://127.0.0.1:18000 (Press CTRL+C to quit)
INFO:     Started server process [3126689]
INFO:     Waiting for application startup.
{"correlation_id": "cc27a6f1-28f8-45a0-8595-a8e5f04fdb93", "operation": "startup_recovery", "outcome": "unavailable", "principal": "system", "reason": "recovery_pending", "target": ""}
INFO:     Application startup complete.
INFO:     Uvicorn running on http://127.0.0.1:18000 (Press CTRL+C to quit)
{"correlation_id": "ea423760-5b16-4255-b658-8d215d40c1eb", "operation": "probe_read", "outcome": "denied", "principal": "user:c1-dev.7d89fb29-3c08-437e-9f68-5bea90fb3373", "reason": "not_found", "target": "urn:c1:probe:entity-a6a002da729d44d8b59ce6f568a03dc4"}
{"correlation_id": "60e2939e-cea0-4d46-beed-46854ed6b419", "operation": "rescope", "outcome": "applied", "principal": "user:c1-dev.52ee7bde-2918-4348-97e9-33ed361e2c99", "reason": "confirmed", "target": "urn:c1:probe:entity-a6a002da729d44d8b59ce6f568a03dc4"}
{"correlation_id": "b12e88f7-0c56-4229-9dfa-a39ade1b29aa", "operation": "security_recover", "outcome": "allowed", "principal": "user:c1-dev.37324743-8d1d-4e8f-a42a-8d9f0cb5753c", "reason": "", "target": ""}
{"correlation_id": "e377f041-1acb-4f4e-b81b-35dc09dd0440", "operation": "security_operation_read", "outcome": "allowed", "principal": "user:c1-dev.52ee7bde-2918-4348-97e9-33ed361e2c99", "reason": "", "target": "c28f76bc-0e9a-43a1-9742-dee73fac9573"}
{"correlation_id": "81e90cef-3818-4633-bd3d-7bd6b04a3b3d", "operation": "probe_read", "outcome": "denied", "principal": "user:c1-dev.7d89fb29-3c08-437e-9f68-5bea90fb3373", "reason": "not_found", "target": "urn:c1:probe:entity-a6a002da729d44d8b59ce6f568a03dc4"}
{"correlation_id": "ebc8c113-50d5-49a6-9e92-628eee319b7a", "operation": "probe_read", "outcome": "allowed", "principal": "user:c1-dev.52ee7bde-2918-4348-97e9-33ed361e2c99", "reason": "", "target": "urn:c1:probe:entity-a6a002da729d44d8b59ce6f568a03dc4"}
INFO:     Shutting down
INFO:     Waiting for application shutdown.
INFO:     Application shutdown complete.
INFO:     Finished server process [3126689]
INFO:     Started server process [3128336]
INFO:     Waiting for application startup.
INFO:     Application startup complete.
INFO:     Uvicorn running on http://127.0.0.1:18000 (Press CTRL+C to quit)
INFO:     Started server process [3128512]
INFO:     Waiting for application startup.
{"correlation_id": "0b800d43-849b-4ccb-a58f-040730e01841", "operation": "startup_recovery", "outcome": "unavailable", "principal": "system", "reason": "recovery_pending", "target": ""}
INFO:     Application startup complete.
INFO:     Uvicorn running on http://127.0.0.1:18000 (Press CTRL+C to quit)
{"correlation_id": "8f0b993b-dd04-4b41-bb30-19fe88e4e120", "operation": "probe_read", "outcome": "denied", "principal": "user:c1-dev.7d89fb29-3c08-437e-9f68-5bea90fb3373", "reason": "not_found", "target": "urn:c1:probe:entity-9a124e9812614cf9965b6deda8fa27e6"}
{"correlation_id": "f4eba1a9-253b-4dca-b293-f6376af3b470", "operation": "rescope", "outcome": "applied", "principal": "user:c1-dev.52ee7bde-2918-4348-97e9-33ed361e2c99", "reason": "confirmed", "target": "urn:c1:probe:entity-9a124e9812614cf9965b6deda8fa27e6"}
{"correlation_id": "5718c5ca-b7ca-4629-8acd-1c89973550bd", "operation": "security_recover", "outcome": "allowed", "principal": "user:c1-dev.37324743-8d1d-4e8f-a42a-8d9f0cb5753c", "reason": "", "target": ""}
{"correlation_id": "21adb878-430b-4d37-bbc7-c3a23032d849", "operation": "security_operation_read", "outcome": "allowed", "principal": "user:c1-dev.52ee7bde-2918-4348-97e9-33ed361e2c99", "reason": "", "target": "f098c720-05cd-41bf-9494-55ddc5bee1ef"}
{"correlation_id": "9ae9e71d-db96-4abd-982e-4d17a456e064", "operation": "probe_read", "outcome": "denied", "principal": "user:c1-dev.7d89fb29-3c08-437e-9f68-5bea90fb3373", "reason": "not_found", "target": "urn:c1:probe:entity-9a124e9812614cf9965b6deda8fa27e6"}
{"correlation_id": "90a6ac5f-f083-4961-9f85-925c3ffb2fe5", "operation": "probe_read", "outcome": "allowed", "principal": "user:c1-dev.52ee7bde-2918-4348-97e9-33ed361e2c99", "reason": "", "target": "urn:c1:probe:entity-9a124e9812614cf9965b6deda8fa27e6"}
INFO:     Shutting down
INFO:     Waiting for application shutdown.
INFO:     Application shutdown complete.
INFO:     Finished server process [3128512]
INFO:     Started server process [3130169]
INFO:     Waiting for application startup.
INFO:     Application startup complete.
INFO:     Uvicorn running on http://127.0.0.1:18000 (Press CTRL+C to quit)
INFO:     Started server process [3130357]
INFO:     Waiting for application startup.
{"correlation_id": "b56fdd48-0551-4594-9433-76332d9650bf", "operation": "startup_recovery", "outcome": "unavailable", "principal": "system", "reason": "recovery_pending", "target": ""}
INFO:     Application startup complete.
INFO:     Uvicorn running on http://127.0.0.1:18000 (Press CTRL+C to quit)
{"correlation_id": "cad431c7-7870-42a8-8ac2-6aa0b79287dc", "operation": "probe_read", "outcome": "denied", "principal": "user:c1-dev.7d89fb29-3c08-437e-9f68-5bea90fb3373", "reason": "not_found", "target": "urn:c1:probe:entity-a84fa2123d894ec98619425b7a040643"}
{"correlation_id": "4ea6f7b6-8ddb-41c3-8053-e732839e8ccc", "operation": "rescope", "outcome": "applied", "principal": "user:c1-dev.52ee7bde-2918-4348-97e9-33ed361e2c99", "reason": "confirmed", "target": "urn:c1:probe:entity-a84fa2123d894ec98619425b7a040643"}
{"correlation_id": "4046d895-d7ae-4628-9b12-a79b6a0140e7", "operation": "security_recover", "outcome": "allowed", "principal": "user:c1-dev.37324743-8d1d-4e8f-a42a-8d9f0cb5753c", "reason": "", "target": ""}
{"correlation_id": "b88bc0cd-be55-492e-b0d4-8a5043ac2b05", "operation": "security_operation_read", "outcome": "allowed", "principal": "user:c1-dev.52ee7bde-2918-4348-97e9-33ed361e2c99", "reason": "", "target": "3e1c379b-3ba2-488c-abd8-8678cb9bf775"}
{"correlation_id": "4b75e64c-41b0-4ba5-84a7-b0425fa1d243", "operation": "probe_read", "outcome": "denied", "principal": "user:c1-dev.7d89fb29-3c08-437e-9f68-5bea90fb3373", "reason": "not_found", "target": "urn:c1:probe:entity-a84fa2123d894ec98619425b7a040643"}
{"correlation_id": "f1628064-f719-438c-8215-e11d4cb2ce4c", "operation": "probe_read", "outcome": "allowed", "principal": "user:c1-dev.52ee7bde-2918-4348-97e9-33ed361e2c99", "reason": "", "target": "urn:c1:probe:entity-a84fa2123d894ec98619425b7a040643"}
INFO:     Shutting down
INFO:     Waiting for application shutdown.
INFO:     Application shutdown complete.
INFO:     Finished server process [3130357]
INFO:     Started server process [3138318]
INFO:     Waiting for application startup.
INFO:     Application startup complete.
INFO:     Uvicorn running on http://127.0.0.1:18000 (Press CTRL+C to quit)
INFO:     Started server process [3138528]
INFO:     Waiting for application startup.
INFO:     Application startup complete.
INFO:     Uvicorn running on http://127.0.0.1:18000 (Press CTRL+C to quit)
{"correlation_id": "6573bb11-fd71-4f4c-989d-83ff7cd03c4d", "operation": "security_recover", "outcome": "allowed", "principal": "user:c1-dev.37324743-8d1d-4e8f-a42a-8d9f0cb5753c", "reason": "", "target": ""}
{"correlation_id": "99c1ae57-feb4-4023-b2b5-bb932508514d", "operation": "changeset_read", "outcome": "allowed", "principal": "user:c1-dev.2c8d560f-a67a-4801-8621-e597415decd4", "reason": "", "target": "urn:c1:instance:dev:changeset-53cd50f8b3424c09b1762185ce256d52"}
{"correlation_id": "0e4e7f14-86f2-49e8-a061-38fb5b570000", "operation": "resource_read", "outcome": "allowed", "principal": "user:c1-dev.2c8d560f-a67a-4801-8621-e597415decd4", "reason": "", "target": "urn:c1:instance:dev:entity/e779b486-4e1b-44cf-90d2-d2f4e4b49baf"}
INFO:     Shutting down
INFO:     Waiting for application shutdown.
INFO:     Application shutdown complete.
INFO:     Finished server process [3138528]
INFO:     Started server process [3139153]
INFO:     Waiting for application startup.
INFO:     Application startup complete.
INFO:     Uvicorn running on http://127.0.0.1:18000 (Press CTRL+C to quit)
INFO:     Started server process [3139555]
INFO:     Waiting for application startup.
INFO:     Application startup complete.
INFO:     Uvicorn running on http://127.0.0.1:18000 (Press CTRL+C to quit)
{"correlation_id": "7caf9da9-510e-48f3-a2bf-bf9bc04e6aaf", "operation": "security_recover", "outcome": "allowed", "principal": "user:c1-dev.37324743-8d1d-4e8f-a42a-8d9f0cb5753c", "reason": "", "target": ""}
{"correlation_id": "2645fa2b-cdd4-40ba-993a-f4e3cb579d16", "operation": "changeset_read", "outcome": "allowed", "principal": "user:c1-dev.2c8d560f-a67a-4801-8621-e597415decd4", "reason": "", "target": "urn:c1:instance:dev:changeset-1dbb03c7c4404144a928988baa03fdc5"}
{"correlation_id": "5aa23753-8ae1-4dce-a8ea-f8c118c09ccd", "operation": "resource_read", "outcome": "allowed", "principal": "user:c1-dev.2c8d560f-a67a-4801-8621-e597415decd4", "reason": "", "target": "urn:c1:instance:dev:entity/13190cb8-ecb5-4989-a0b1-a4aa396bc616"}
INFO:     Shutting down
INFO:     Waiting for application shutdown.
INFO:     Application shutdown complete.
INFO:     Finished server process [3139555]
INFO:     Started server process [3140079]
INFO:     Waiting for application startup.
INFO:     Application startup complete.
INFO:     Uvicorn running on http://127.0.0.1:18000 (Press CTRL+C to quit)
INFO:     Started server process [3140264]
INFO:     Waiting for application startup.
INFO:     Application startup complete.
INFO:     Uvicorn running on http://127.0.0.1:18000 (Press CTRL+C to quit)
{"correlation_id": "69b5cd53-f35a-4eaa-b85e-aa85bb4d673e", "operation": "security_recover", "outcome": "allowed", "principal": "user:c1-dev.37324743-8d1d-4e8f-a42a-8d9f0cb5753c", "reason": "", "target": ""}
{"correlation_id": "31e9fe9d-e41f-4933-af7d-b1553727be40", "operation": "changeset_read", "outcome": "allowed", "principal": "user:c1-dev.2c8d560f-a67a-4801-8621-e597415decd4", "reason": "", "target": "urn:c1:instance:dev:changeset-b3b79d104bc64316a77a0d518aebb01f"}
{"correlation_id": "87080345-4521-4518-b4fa-d5ad91367daf", "operation": "resource_read", "outcome": "allowed", "principal": "user:c1-dev.2c8d560f-a67a-4801-8621-e597415decd4", "reason": "", "target": "urn:c1:instance:dev:entity/8aaa4874-d1bd-4dba-8e9b-2bc5a7e2adc3"}
INFO:     Shutting down
INFO:     Waiting for application shutdown.
INFO:     Application shutdown complete.
INFO:     Finished server process [3140264]
INFO:     Started server process [3140792]
INFO:     Waiting for application startup.
INFO:     Application startup complete.
INFO:     Uvicorn running on http://127.0.0.1:18000 (Press CTRL+C to quit)
INFO:     Started server process [3141050]
INFO:     Waiting for application startup.
INFO:     Application startup complete.
INFO:     Uvicorn running on http://127.0.0.1:18000 (Press CTRL+C to quit)
{"correlation_id": "1ba85d81-785c-4b6a-82af-93ea03a353c5", "operation": "security_recover", "outcome": "allowed", "principal": "user:c1-dev.37324743-8d1d-4e8f-a42a-8d9f0cb5753c", "reason": "", "target": ""}
{"correlation_id": "89947e27-a4bb-406a-bd51-e4daeee3eb67", "operation": "changeset_read", "outcome": "allowed", "principal": "user:c1-dev.2c8d560f-a67a-4801-8621-e597415decd4", "reason": "", "target": "urn:c1:instance:dev:changeset-d8e429fc63c74ea6af3c29e7c487a6de"}
{"correlation_id": "15348ef9-299c-417c-b56d-78dd94ffeb9c", "operation": "resource_read", "outcome": "allowed", "principal": "user:c1-dev.2c8d560f-a67a-4801-8621-e597415decd4", "reason": "", "target": "urn:c1:instance:dev:entity/778b4734-5213-41ed-a845-aac9c81bf530"}
INFO:     Shutting down
INFO:     Waiting for application shutdown.
INFO:     Application shutdown complete.
INFO:     Finished server process [3141050]
INFO:     Started server process [3146763]
INFO:     Waiting for application startup.
INFO:     Application startup complete.
INFO:     Uvicorn running on http://127.0.0.1:18000 (Press CTRL+C to quit)
INFO:     Started server process [3146973]
INFO:     Waiting for application startup.
INFO:     Application startup complete.
INFO:     Uvicorn running on http://127.0.0.1:18000 (Press CTRL+C to quit)
{"correlation_id": "d81cfe30-1c7a-43ac-a7a3-1ef1014db9be", "operation": "security_recover", "outcome": "allowed", "principal": "user:c1-dev.37324743-8d1d-4e8f-a42a-8d9f0cb5753c", "reason": "", "target": ""}
{"correlation_id": "4001fb78-b563-439d-bcd7-c557164f1e0a", "operation": "resource_read", "outcome": "allowed", "principal": "user:c1-dev.7d89fb29-3c08-437e-9f68-5bea90fb3373", "reason": "", "target": "urn:c1:probe:entity-6877e8d775c34ae49ec29de23b1e9e56"}
{"correlation_id": "468cf678-1e05-4c23-9004-353b3861e101", "operation": "changeset_read", "outcome": "allowed", "principal": "user:c1-dev.52ee7bde-2918-4348-97e9-33ed361e2c99", "reason": "", "target": "urn:c1:instance:dev:changeset-37aba42622b44bbfa9a5162f81009ba6"}
INFO:     Shutting down
INFO:     Waiting for application shutdown.
INFO:     Application shutdown complete.
INFO:     Finished server process [3146973]
