{"correlation_id": "317f19e0-fd25-43be-81b1-05187ac258e9", "operation": "whoami", "outcome": "allowed", "principal": "user:c1-dev.52ee7bde-2918-4348-97e9-33ed361e2c99", "reason": "", "target": ""}
{"correlation_id": "72f64195-c57a-4742-af76-7c82e780cba8", "operation": "instance_grant", "outcome": "applied", "principal": "user:c1-dev.52ee7bde-2918-4348-97e9-33ed361e2c99", "reason": "confirmed", "target": "m03_33dfe397028a439990225733f491752a"}
{"correlation_id": "b5dd8990-d15d-43a4-8747-324c3ff01ab0", "operation": "instance_grant", "outcome": "allowed", "principal": "user:c1-dev.52ee7bde-2918-4348-97e9-33ed361e2c99", "reason": "", "target": "user:c1-dev.52ee7bde-2918-4348-97e9-33ed361e2c99"}
{"correlation_id": "0a81c441-6ba4-4778-84e3-f4682be815e2", "operation": "whoami", "outcome": "allowed", "principal": "user:c1-dev.2c8d560f-a67a-4801-8621-e597415decd4", "reason": "", "target": ""}
{"correlation_id": "f56d3fb5-de84-4899-a9fe-720cd6ba0ff4", "operation": "instance_grant", "outcome": "applied", "principal": "user:c1-dev.52ee7bde-2918-4348-97e9-33ed361e2c99", "reason": "confirmed", "target": "m03_33dfe397028a439990225733f491752a"}
{"correlation_id": "a74c4ab1-9ac0-45c8-a1d0-b6aa9da33e43", "operation": "instance_grant", "outcome": "allowed", "principal": "user:c1-dev.52ee7bde-2918-4348-97e9-33ed361e2c99", "reason": "", "target": "user:c1-dev.2c8d560f-a67a-4801-8621-e597415decd4"}
{"correlation_id": "bf16ff9e-5433-4e11-83e7-50dead89c4c5", "operation": "query_catalog", "outcome": "allowed", "principal": "user:c1-dev.52ee7bde-2918-4348-97e9-33ed361e2c99", "reason": "", "target": ""}
{"correlation_id": "4705b2c5-ed7b-4c6c-bc23-4a345826f1a7", "operation": "instance_read", "outcome": "allowed", "principal": "user:c1-dev.52ee7bde-2918-4348-97e9-33ed361e2c99", "reason": "", "target": "m03_33dfe397028a439990225733f491752a"}
{"correlation_id": "394ea6af-50b9-4a15-824a-7be180bbddeb", "operation": "changeset_create", "outcome": "allowed", "principal": "user:c1-dev.52ee7bde-2918-4348-97e9-33ed361e2c99", "reason": "", "target": "urn:c1:instance:dev:changeset-68ff0be0fae54cc4b760f5320fe23fcd"}
{"correlation_id": "7c374dd0-eb12-4787-8968-c91a8d854c75", "operation": "changeset_read", "outcome": "allowed", "principal": "user:c1-dev.52ee7bde-2918-4348-97e9-33ed361e2c99", "reason": "", "target": "urn:c1:instance:dev:changeset-68ff0be0fae54cc4b760f5320fe23fcd"}
{"correlation_id": "fd7f31c0-e6a3-45ee-8d9e-c7c60cbd62a1", "operation": "changeset_submit", "outcome": "allowed", "principal": "user:c1-dev.52ee7bde-2918-4348-97e9-33ed361e2c99", "reason": "", "target": "urn:c1:instance:dev:changeset-68ff0be0fae54cc4b760f5320fe23fcd"}
{"correlation_id": "dd970bea-6c64-4180-ab85-a3f7da844c2f", "operation": "changeset_approve", "outcome": "allowed", "principal": "user:c1-dev.2c8d560f-a67a-4801-8621-e597415decd4", "reason": "", "target": "urn:c1:instance:dev:changeset-68ff0be0fae54cc4b760f5320fe23fcd"}
{"correlation_id": "3a48af39-a472-4932-8d6d-9017ffa6d957", "operation": "changeset_apply", "outcome": "allowed", "principal": "user:c1-dev.2c8d560f-a67a-4801-8621-e597415decd4", "reason": "", "target": "urn:c1:instance:dev:changeset-68ff0be0fae54cc4b760f5320fe23fcd"}
{"correlation_id": "6698fbaf-5c5e-4692-958f-f956ea2372f7", "operation": "scope_list", "outcome": "allowed", "principal": "user:c1-dev.52ee7bde-2918-4348-97e9-33ed361e2c99", "reason": "", "target": ""}
{"correlation_id": "cf41d4ca-c16d-484b-a4b5-c79ba3f57ef4", "operation": "whoami", "outcome": "allowed", "principal": "user:c1-dev.710d299c-4393-4f32-b84c-e6c81c8382ad", "reason": "", "target": ""}
{"correlation_id": "38ccea86-f5eb-4ef2-8a9a-7ffd72614a14", "operation": "whoami", "outcome": "allowed", "principal": "user:c1-dev.f801298f-f193-4438-bc87-81ed549308ed", "reason": "", "target": ""}
{"correlation_id": "62d5a128-fe7d-4685-b6d5-01c860d25bad", "operation": "whoami", "outcome": "allowed", "principal": "user:c1-dev.fbcf5049-980c-4ed4-8c8a-4f7137e8a927", "reason": "", "target": ""}
{"correlation_id": "6d52bf77-9354-4ed7-8e59-9fc8a4445f2a", "operation": "whoami", "outcome": "allowed", "principal": "user:c1-dev.2c8d560f-a67a-4801-8621-e597415decd4", "reason": "", "target": ""}
{"correlation_id": "7b0af478-1353-4a21-9268-1a9403cab06d", "operation": "whoami", "outcome": "allowed", "principal": "user:c1-dev.37324743-8d1d-4e8f-a42a-8d9f0cb5753c", "reason": "", "target": ""}
{"correlation_id": "abd7af21-b225-4368-975d-858be579d93c", "operation": "whoami", "outcome": "allowed", "principal": "user:c1-dev.7d89fb29-3c08-437e-9f68-5bea90fb3373", "reason": "", "target": ""}
{"correlation_id": "17e390e1-fd9c-463b-be69-a0f6b8417a08", "operation": "scope_create", "outcome": "applied", "principal": "user:c1-dev.52ee7bde-2918-4348-97e9-33ed361e2c99", "reason": "confirmed", "target": "sw-shared"}
{"correlation_id": "1f2e4e17-04b4-4bbe-9dec-3b46c2049923", "operation": "scope_create", "outcome": "allowed", "principal": "user:c1-dev.52ee7bde-2918-4348-97e9-33ed361e2c99", "reason": "", "target": "sw-shared"}
{"correlation_id": "3ec9de2c-3524-4282-a3a9-dccb15f34d4a", "operation": "membership", "outcome": "applied", "principal": "user:c1-dev.52ee7bde-2918-4348-97e9-33ed361e2c99", "reason": "confirmed", "target": "sw-shared"}
{"correlation_id": "b39fb865-7daf-4bbe-8cd0-0c3e2078007b", "operation": "scope_member_grant", "outcome": "allowed", "principal": "user:c1-dev.52ee7bde-2918-4348-97e9-33ed361e2c99", "reason": "", "target": "sw-shared"}
{"correlation_id": "632e5a66-7da2-4755-8878-573c0be10fa7", "operation": "membership", "outcome": "applied", "principal": "user:c1-dev.52ee7bde-2918-4348-97e9-33ed361e2c99", "reason": "confirmed", "target": "sw-shared"}
{"correlation_id": "a98151b7-033d-4814-ae58-fcebca54596a", "operation": "scope_member_grant", "outcome": "allowed", "principal": "user:c1-dev.52ee7bde-2918-4348-97e9-33ed361e2c99", "reason": "", "target": "sw-shared"}
{"correlation_id": "558c5182-3712-410f-a615-d318ed24744e", "operation": "membership", "outcome": "applied", "principal": "user:c1-dev.52ee7bde-2918-4348-97e9-33ed361e2c99", "reason": "confirmed", "target": "sw-shared"}
{"correlation_id": "07b0ebe3-7749-489a-a85f-9014be5b99a6", "operation": "scope_member_grant", "outcome": "allowed", "principal": "user:c1-dev.52ee7bde-2918-4348-97e9-33ed361e2c99", "reason": "", "target": "sw-shared"}
{"correlation_id": "b671620a-7722-4579-95ab-826bf6c694a7", "operation": "membership", "outcome": "applied", "principal": "user:c1-dev.52ee7bde-2918-4348-97e9-33ed361e2c99", "reason": "confirmed", "target": "sw-shared"}
{"correlation_id": "2c08e299-6d06-41a3-9e80-41d81dc982bf", "operation": "scope_member_grant", "outcome": "allowed", "principal": "user:c1-dev.52ee7bde-2918-4348-97e9-33ed361e2c99", "reason": "", "target": "sw-shared"}
{"correlation_id": "5b40d590-4672-4807-bff1-ef08e00a2929", "operation": "membership", "outcome": "applied", "principal": "user:c1-dev.52ee7bde-2918-4348-97e9-33ed361e2c99", "reason": "confirmed", "target": "sw-shared"}
{"correlation_id": "1476e138-bfc8-4871-aefe-d4a6b31b5949", "operation": "scope_member_grant", "outcome": "allowed", "principal": "user:c1-dev.52ee7bde-2918-4348-97e9-33ed361e2c99", "reason": "", "target": "sw-shared"}
{"correlation_id": "864a883b-27e4-4995-a3f3-18520670f55b", "operation": "membership", "outcome": "applied", "principal": "user:c1-dev.52ee7bde-2918-4348-97e9-33ed361e2c99", "reason": "confirmed", "target": "sw-shared"}
{"correlation_id": "b5ff7316-fc55-4647-9120-73ea7013098e", "operation": "scope_member_grant", "outcome": "allowed", "principal": "user:c1-dev.52ee7bde-2918-4348-97e9-33ed361e2c99", "reason": "", "target": "sw-shared"}
{"correlation_id": "b99817ee-51a1-4769-a7da-6288a90c7734", "operation": "membership", "outcome": "applied", "principal": "user:c1-dev.52ee7bde-2918-4348-97e9-33ed361e2c99", "reason": "confirmed", "target": "sw-shared"}
{"correlation_id": "3af929ec-3e53-446f-a887-bdc80245df90", "operation": "scope_member_grant", "outcome": "allowed", "principal": "user:c1-dev.52ee7bde-2918-4348-97e9-33ed361e2c99", "reason": "", "target": "sw-shared"}
{"correlation_id": "f8e56f45-1c6b-471a-9ee5-40308e5c9fb4", "operation": "membership", "outcome": "applied", "principal": "user:c1-dev.52ee7bde-2918-4348-97e9-33ed361e2c99", "reason": "confirmed", "target": "sw-shared"}
{"correlation_id": "b83e7890-a52d-41b3-9a02-56882e9ee2ab", "operation": "scope_member_grant", "outcome": "allowed", "principal": "user:c1-dev.52ee7bde-2918-4348-97e9-33ed361e2c99", "reason": "", "target": "sw-shared"}
{"correlation_id": "d81bd774-5967-48af-a457-61d86e3cb8f2", "operation": "membership", "outcome": "applied", "principal": "user:c1-dev.52ee7bde-2918-4348-97e9-33ed361e2c99", "reason": "confirmed", "target": "sw-shared"}
{"correlation_id": "e0fb2ded-046a-41f1-ab09-00f61a402882", "operation": "scope_member_grant", "outcome": "allowed", "principal": "user:c1-dev.52ee7bde-2918-4348-97e9-33ed361e2c99", "reason": "", "target": "sw-shared"}
{"correlation_id": "4003a06f-cf06-47c9-9b66-4fcbc57a99c8", "operation": "membership", "outcome": "applied", "principal": "user:c1-dev.52ee7bde-2918-4348-97e9-33ed361e2c99", "reason": "confirmed", "target": "sw-shared"}
{"correlation_id": "8b030f4c-653d-461f-aa52-5274843ce0d2", "operation": "scope_member_grant", "outcome": "allowed", "principal": "user:c1-dev.52ee7bde-2918-4348-97e9-33ed361e2c99", "reason": "", "target": "sw-shared"}
{"correlation_id": "c79da65c-648f-4a08-bfc9-d007aa875026", "operation": "membership", "outcome": "applied", "principal": "user:c1-dev.52ee7bde-2918-4348-97e9-33ed361e2c99", "reason": "confirmed", "target": "sw-shared"}
{"correlation_id": "46bb76db-224b-4150-b72a-4309edd973d6", "operation": "scope_member_grant", "outcome": "allowed", "principal": "user:c1-dev.52ee7bde-2918-4348-97e9-33ed361e2c99", "reason": "", "target": "sw-shared"}
{"correlation_id": "5e84fc40-cb18-4878-ab51-47de91337d36", "operation": "membership", "outcome": "applied", "principal": "user:c1-dev.52ee7bde-2918-4348-97e9-33ed361e2c99", "reason": "confirmed", "target": "sw-shared"}
{"correlation_id": "c87d654b-012a-40e1-8a62-4a8d30ef19f5", "operation": "scope_member_grant", "outcome": "allowed", "principal": "user:c1-dev.52ee7bde-2918-4348-97e9-33ed361e2c99", "reason": "", "target": "sw-shared"}
{"correlation_id": "bc3b97d2-5d5f-4608-88a2-3ccacd29c449", "operation": "membership", "outcome": "applied", "principal": "user:c1-dev.52ee7bde-2918-4348-97e9-33ed361e2c99", "reason": "confirmed", "target": "sw-shared"}
{"correlation_id": "2bd044af-d400-4572-a958-905162d1e034", "operation": "scope_member_grant", "outcome": "allowed", "principal": "user:c1-dev.52ee7bde-2918-4348-97e9-33ed361e2c99", "reason": "", "target": "sw-shared"}
{"correlation_id": "972fa7da-5d0a-49c6-841e-b4db17a62e52", "operation": "scope_create", "outcome": "applied", "principal": "user:c1-dev.52ee7bde-2918-4348-97e9-33ed361e2c99", "reason": "confirmed", "target": "sw-ledger"}
{"correlation_id": "e58ca759-1dab-4bee-933e-9a55abf63c48", "operation": "scope_create", "outcome": "allowed", "principal": "user:c1-dev.52ee7bde-2918-4348-97e9-33ed361e2c99", "reason": "", "target": "sw-ledger"}
{"correlation_id": "2436f8cc-4c64-4aa5-a1b2-9302c59d5bf7", "operation": "membership", "outcome": "applied", "principal": "user:c1-dev.52ee7bde-2918-4348-97e9-33ed361e2c99", "reason": "confirmed", "target": "sw-ledger"}
{"correlation_id": "01c57fe0-1ad0-4fbf-966d-ca6062cb0449", "operation": "scope_member_grant", "outcome": "allowed", "principal": "user:c1-dev.52ee7bde-2918-4348-97e9-33ed361e2c99", "reason": "", "target": "sw-ledger"}
{"correlation_id": "f1527725-3b76-4ac0-b98b-9fb0b11922ae", "operation": "membership", "outcome": "applied", "principal": "user:c1-dev.52ee7bde-2918-4348-97e9-33ed361e2c99", "reason": "confirmed", "target": "sw-ledger"}
{"correlation_id": "62ab40cf-8907-4246-bfc9-45c20aef6bc5", "operation": "scope_member_grant", "outcome": "allowed", "principal": "user:c1-dev.52ee7bde-2918-4348-97e9-33ed361e2c99", "reason": "", "target": "sw-ledger"}
{"correlation_id": "41827ff0-22aa-476a-814e-70a2236dfe82", "operation": "membership", "outcome": "applied", "principal": "user:c1-dev.52ee7bde-2918-4348-97e9-33ed361e2c99", "reason": "confirmed", "target": "sw-ledger"}
{"correlation_id": "fb7405a2-b98b-4ecd-84b4-8e99c0062333", "operation": "scope_member_grant", "outcome": "allowed", "principal": "user:c1-dev.52ee7bde-2918-4348-97e9-33ed361e2c99", "reason": "", "target": "sw-ledger"}
{"correlation_id": "01cebaec-bab2-4ed2-aa4e-be47debe5686", "operation": "membership", "outcome": "applied", "principal": "user:c1-dev.52ee7bde-2918-4348-97e9-33ed361e2c99", "reason": "confirmed", "target": "sw-ledger"}
{"correlation_id": "3008584f-ed63-4787-974a-1abe729bbae8", "operation": "scope_member_grant", "outcome": "allowed", "principal": "user:c1-dev.52ee7bde-2918-4348-97e9-33ed361e2c99", "reason": "", "target": "sw-ledger"}
{"correlation_id": "3ce55338-de31-46df-b68f-8b91699ae6c9", "operation": "membership", "outcome": "applied", "principal": "user:c1-dev.52ee7bde-2918-4348-97e9-33ed361e2c99", "reason": "confirmed", "target": "sw-ledger"}
{"correlation_id": "40108a6a-e18b-4042-a17d-9d5a5b2162b6", "operation": "scope_member_grant", "outcome": "allowed", "principal": "user:c1-dev.52ee7bde-2918-4348-97e9-33ed361e2c99", "reason": "", "target": "sw-ledger"}
{"correlation_id": "85261fec-a997-43c2-9c43-d51256b03a42", "operation": "membership", "outcome": "applied", "principal": "user:c1-dev.52ee7bde-2918-4348-97e9-33ed361e2c99", "reason": "confirmed", "target": "sw-ledger"}
{"correlation_id": "8ffc2460-cb53-4680-ba78-9233807aa7e5", "operation": "scope_member_grant", "outcome": "allowed", "principal": "user:c1-dev.52ee7bde-2918-4348-97e9-33ed361e2c99", "reason": "", "target": "sw-ledger"}
{"correlation_id": "fdb87801-ddf5-4ba2-bdd1-bd0920d3953f", "operation": "membership", "outcome": "applied", "principal": "user:c1-dev.52ee7bde-2918-4348-97e9-33ed361e2c99", "reason": "confirmed", "target": "sw-ledger"}
{"correlation_id": "7334fd54-1194-470d-850c-75c2b271788f", "operation": "scope_member_grant", "outcome": "allowed", "principal": "user:c1-dev.52ee7bde-2918-4348-97e9-33ed361e2c99", "reason": "", "target": "sw-ledger"}
{"correlation_id": "693544bd-7c4e-4478-9712-39a13eb08d8d", "operation": "membership", "outcome": "applied", "principal": "user:c1-dev.52ee7bde-2918-4348-97e9-33ed361e2c99", "reason": "confirmed", "target": "sw-ledger"}
{"correlation_id": "b99b7d60-6aa5-4576-bf8d-0e2355c3e32f", "operation": "scope_member_grant", "outcome": "allowed", "principal": "user:c1-dev.52ee7bde-2918-4348-97e9-33ed361e2c99", "reason": "", "target": "sw-ledger"}
{"correlation_id": "6e55c573-eb4c-4cf7-a0d5-eb84abcf1cb3", "operation": "membership", "outcome": "applied", "principal": "user:c1-dev.52ee7bde-2918-4348-97e9-33ed361e2c99", "reason": "confirmed", "target": "sw-ledger"}
{"correlation_id": "00bb2a4d-3db6-475b-be3d-830be9febdd0", "operation": "scope_member_grant", "outcome": "allowed", "principal": "user:c1-dev.52ee7bde-2918-4348-97e9-33ed361e2c99", "reason": "", "target": "sw-ledger"}
{"correlation_id": "08a329bf-0908-4bb7-9c7f-f41db68dc8ac", "operation": "membership", "outcome": "applied", "principal": "user:c1-dev.52ee7bde-2918-4348-97e9-33ed361e2c99", "reason": "confirmed", "target": "sw-ledger"}
{"correlation_id": "504c0734-f644-4ddb-bd79-a3e284d2cccb", "operation": "scope_member_grant", "outcome": "allowed", "principal": "user:c1-dev.52ee7bde-2918-4348-97e9-33ed361e2c99", "reason": "", "target": "sw-ledger"}
{"correlation_id": "cb48a098-abf4-4cb9-afec-230fff1381cf", "operation": "membership", "outcome": "applied", "principal": "user:c1-dev.52ee7bde-2918-4348-97e9-33ed361e2c99", "reason": "confirmed", "target": "sw-ledger"}
{"correlation_id": "b366708b-307c-418a-8b9e-9fcd7d3cd1fb", "operation": "scope_member_grant", "outcome": "allowed", "principal": "user:c1-dev.52ee7bde-2918-4348-97e9-33ed361e2c99", "reason": "", "target": "sw-ledger"}
{"correlation_id": "d536c675-77fe-4d4e-bdb9-96f9e9986644", "operation": "membership", "outcome": "applied", "principal": "user:c1-dev.52ee7bde-2918-4348-97e9-33ed361e2c99", "reason": "confirmed", "target": "sw-ledger"}
{"correlation_id": "009a8e96-b8ab-4716-b310-4b4d85efcd80", "operation": "scope_member_grant", "outcome": "allowed", "principal": "user:c1-dev.52ee7bde-2918-4348-97e9-33ed361e2c99", "reason": "", "target": "sw-ledger"}
{"correlation_id": "2edab846-7db3-4e56-b715-eb566aad9ae8", "operation": "scope_create", "outcome": "applied", "principal": "user:c1-dev.52ee7bde-2918-4348-97e9-33ed361e2c99", "reason": "confirmed", "target": "sw-shop"}
{"correlation_id": "c48c5743-745f-40f3-bbe5-c82dc8900e59", "operation": "scope_create", "outcome": "allowed", "principal": "user:c1-dev.52ee7bde-2918-4348-97e9-33ed361e2c99", "reason": "", "target": "sw-shop"}
{"correlation_id": "1b43183d-5cc1-4448-b6ca-01d269663254", "operation": "membership", "outcome": "applied", "principal": "user:c1-dev.52ee7bde-2918-4348-97e9-33ed361e2c99", "reason": "confirmed", "target": "sw-shop"}
{"correlation_id": "55706066-838f-4afe-b14d-9d9005568196", "operation": "scope_member_grant", "outcome": "allowed", "principal": "user:c1-dev.52ee7bde-2918-4348-97e9-33ed361e2c99", "reason": "", "target": "sw-shop"}
{"correlation_id": "ae13308f-6056-49ec-b837-5bb54618ac37", "operation": "membership", "outcome": "applied", "principal": "user:c1-dev.52ee7bde-2918-4348-97e9-33ed361e2c99", "reason": "confirmed", "target": "sw-shop"}
{"correlation_id": "e48e6f36-3a58-4cf1-90f0-69478f6c8ecf", "operation": "scope_member_grant", "outcome": "allowed", "principal": "user:c1-dev.52ee7bde-2918-4348-97e9-33ed361e2c99", "reason": "", "target": "sw-shop"}
{"correlation_id": "35b6eeb1-cad3-43d7-81c9-e1680dce0e1d", "operation": "membership", "outcome": "applied", "principal": "user:c1-dev.52ee7bde-2918-4348-97e9-33ed361e2c99", "reason": "confirmed", "target": "sw-shop"}
{"correlation_id": "6018ddc8-6916-4f92-9a68-35e11adcb56a", "operation": "scope_member_grant", "outcome": "allowed", "principal": "user:c1-dev.52ee7bde-2918-4348-97e9-33ed361e2c99", "reason": "", "target": "sw-shop"}
{"correlation_id": "45c5f7fa-5adc-44a5-a5a7-4cf1e1808557", "operation": "membership", "outcome": "applied", "principal": "user:c1-dev.52ee7bde-2918-4348-97e9-33ed361e2c99", "reason": "confirmed", "target": "sw-shop"}
{"correlation_id": "3332ae45-3fb7-46d6-8d9b-e0cdc69dead6", "operation": "scope_member_grant", "outcome": "allowed", "principal": "user:c1-dev.52ee7bde-2918-4348-97e9-33ed361e2c99", "reason": "", "target": "sw-shop"}
{"correlation_id": "4e8644f7-128b-49c8-bdf8-01b84564b322", "operation": "membership", "outcome": "applied", "principal": "user:c1-dev.52ee7bde-2918-4348-97e9-33ed361e2c99", "reason": "confirmed", "target": "sw-shop"}
{"correlation_id": "0390a058-78ec-4f82-a6b7-29f0dd0be27c", "operation": "scope_member_grant", "outcome": "allowed", "principal": "user:c1-dev.52ee7bde-2918-4348-97e9-33ed361e2c99", "reason": "", "target": "sw-shop"}
{"correlation_id": "fa6e3800-3714-4ae6-831d-1021c94e987b", "operation": "membership", "outcome": "applied", "principal": "user:c1-dev.52ee7bde-2918-4348-97e9-33ed361e2c99", "reason": "confirmed", "target": "sw-shop"}
{"correlation_id": "2518c939-05f8-4f43-80ba-5f309ca87142", "operation": "scope_member_grant", "outcome": "allowed", "principal": "user:c1-dev.52ee7bde-2918-4348-97e9-33ed361e2c99", "reason": "", "target": "sw-shop"}
{"correlation_id": "4a96776b-e96c-4594-a1a9-9c4cc49a4b12", "operation": "membership", "outcome": "applied", "principal": "user:c1-dev.52ee7bde-2918-4348-97e9-33ed361e2c99", "reason": "confirmed", "target": "sw-shop"}
{"correlation_id": "b8370692-c0da-417b-b45d-bb7837e3f7a6", "operation": "scope_member_grant", "outcome": "allowed", "principal": "user:c1-dev.52ee7bde-2918-4348-97e9-33ed361e2c99", "reason": "", "target": "sw-shop"}
{"correlation_id": "65c8c4bc-dbc3-4338-b557-9e297d81ed7d", "operation": "membership", "outcome": "applied", "principal": "user:c1-dev.52ee7bde-2918-4348-97e9-33ed361e2c99", "reason": "confirmed", "target": "sw-shop"}
{"correlation_id": "34ff6672-3795-4d05-8016-682c6d63eff5", "operation": "scope_member_grant", "outcome": "allowed", "principal": "user:c1-dev.52ee7bde-2918-4348-97e9-33ed361e2c99", "reason": "", "target": "sw-shop"}
{"correlation_id": "d9c44429-0034-4fad-8e8a-4848e2c2a5f5", "operation": "membership", "outcome": "applied", "principal": "user:c1-dev.52ee7bde-2918-4348-97e9-33ed361e2c99", "reason": "confirmed", "target": "sw-shop"}
{"correlation_id": "2bce045c-2a20-4f61-b161-fbf2d72b8dd0", "operation": "scope_member_grant", "outcome": "allowed", "principal": "user:c1-dev.52ee7bde-2918-4348-97e9-33ed361e2c99", "reason": "", "target": "sw-shop"}
{"correlation_id": "7cf1be7d-3b33-4d41-9ef0-f761605816d7", "operation": "membership", "outcome": "applied", "principal": "user:c1-dev.52ee7bde-2918-4348-97e9-33ed361e2c99", "reason": "confirmed", "target": "sw-shop"}
{"correlation_id": "bf8e4c24-5874-437b-8fba-e3a7c74e97d0", "operation": "scope_member_grant", "outcome": "allowed", "principal": "user:c1-dev.52ee7bde-2918-4348-97e9-33ed361e2c99", "reason": "", "target": "sw-shop"}
{"correlation_id": "6a6498af-0159-4845-83f1-1bcb515fd528", "operation": "membership", "outcome": "applied", "principal": "user:c1-dev.52ee7bde-2918-4348-97e9-33ed361e2c99", "reason": "confirmed", "target": "sw-shop"}
{"correlation_id": "af44a13f-ca15-4b40-9d25-057dbd2b777b", "operation": "scope_member_grant", "outcome": "allowed", "principal": "user:c1-dev.52ee7bde-2918-4348-97e9-33ed361e2c99", "reason": "", "target": "sw-shop"}
{"correlation_id": "b4702470-3711-47aa-a140-4dc0a52fc934", "operation": "membership", "outcome": "applied", "principal": "user:c1-dev.52ee7bde-2918-4348-97e9-33ed361e2c99", "reason": "confirmed", "target": "sw-shop"}
{"correlation_id": "febfec21-a7ef-4e49-ace2-1f99a02a2a51", "operation": "scope_member_grant", "outcome": "allowed", "principal": "user:c1-dev.52ee7bde-2918-4348-97e9-33ed361e2c99", "reason": "", "target": "sw-shop"}
{"correlation_id": "a9adc2ff-6535-4078-8310-08220c0e293f", "operation": "scope_create", "outcome": "applied", "principal": "user:c1-dev.52ee7bde-2918-4348-97e9-33ed361e2c99", "reason": "confirmed", "target": "sw-restricted"}
{"correlation_id": "50b230a7-561a-4898-8d12-52620f68f0fd", "operation": "scope_create", "outcome": "allowed", "principal": "user:c1-dev.52ee7bde-2918-4348-97e9-33ed361e2c99", "reason": "", "target": "sw-restricted"}
{"correlation_id": "9454d159-1089-4ba9-a51d-0b78173b9b16", "operation": "membership", "outcome": "applied", "principal": "user:c1-dev.52ee7bde-2918-4348-97e9-33ed361e2c99", "reason": "confirmed", "target": "sw-restricted"}
{"correlation_id": "dad6d3bd-afc2-43d9-84bb-d9396275be00", "operation": "scope_member_grant", "outcome": "allowed", "principal": "user:c1-dev.52ee7bde-2918-4348-97e9-33ed361e2c99", "reason": "", "target": "sw-restricted"}
{"correlation_id": "3aa87c41-62d5-4a1d-a53e-9bf7518151fe", "operation": "membership", "outcome": "applied", "principal": "user:c1-dev.52ee7bde-2918-4348-97e9-33ed361e2c99", "reason": "confirmed", "target": "sw-restricted"}
{"correlation_id": "751a6e02-b74d-4ea1-9ada-5ddb80e81d6c", "operation": "scope_member_grant", "outcome": "allowed", "principal": "user:c1-dev.52ee7bde-2918-4348-97e9-33ed361e2c99", "reason": "", "target": "sw-restricted"}
{"correlation_id": "143b2077-29d0-4cc1-a0b9-3a732365e0d8", "operation": "membership", "outcome": "applied", "principal": "user:c1-dev.52ee7bde-2918-4348-97e9-33ed361e2c99", "reason": "confirmed", "target": "sw-restricted"}
{"correlation_id": "fe0e4b2c-6ad3-482c-820a-f5b148aee3fd", "operation": "scope_member_grant", "outcome": "allowed", "principal": "user:c1-dev.52ee7bde-2918-4348-97e9-33ed361e2c99", "reason": "", "target": "sw-restricted"}
{"correlation_id": "721f289a-2e85-458e-804d-005e043f0536", "operation": "membership", "outcome": "applied", "principal": "user:c1-dev.52ee7bde-2918-4348-97e9-33ed361e2c99", "reason": "confirmed", "target": "sw-restricted"}
{"correlation_id": "4031404d-0c6a-4677-8342-5af24c4140a0", "operation": "scope_member_grant", "outcome": "allowed", "principal": "user:c1-dev.52ee7bde-2918-4348-97e9-33ed361e2c99", "reason": "", "target": "sw-restricted"}
{"correlation_id": "689817d2-8cb5-4766-b5ef-23581a4641d4", "operation": "membership", "outcome": "applied", "principal": "user:c1-dev.52ee7bde-2918-4348-97e9-33ed361e2c99", "reason": "confirmed", "target": "sw-restricted"}
{"correlation_id": "14f25d30-1285-4451-9a5a-e6e789fe8c3d", "operation": "scope_member_grant", "outcome": "allowed", "principal": "user:c1-dev.52ee7bde-2918-4348-97e9-33ed361e2c99", "reason": "", "target": "sw-restricted"}
{"correlation_id": "a76b1806-3fbc-490e-8f34-a4342de6ed7e", "operation": "membership", "outcome": "applied", "principal": "user:c1-dev.52ee7bde-2918-4348-97e9-33ed361e2c99", "reason": "confirmed", "target": "sw-restricted"}
{"correlation_id": "6b99d6f1-1e24-4f38-b359-fb755f8398f7", "operation": "scope_member_grant", "outcome": "allowed", "principal": "user:c1-dev.52ee7bde-2918-4348-97e9-33ed361e2c99", "reason": "", "target": "sw-restricted"}
{"correlation_id": "c2e349ec-2928-48e7-a551-97df146fdfae", "operation": "membership", "outcome": "applied", "principal": "user:c1-dev.52ee7bde-2918-4348-97e9-33ed361e2c99", "reason": "confirmed", "target": "sw-restricted"}
{"correlation_id": "e7fbf38b-acb1-42a7-b9d0-df598f147f80", "operation": "scope_member_grant", "outcome": "allowed", "principal": "user:c1-dev.52ee7bde-2918-4348-97e9-33ed361e2c99", "reason": "", "target": "sw-restricted"}
{"correlation_id": "5b5afe12-b244-4db5-81f7-a108fcaa19cb", "operation": "membership", "outcome": "applied", "principal": "user:c1-dev.52ee7bde-2918-4348-97e9-33ed361e2c99", "reason": "confirmed", "target": "sw-restricted"}
{"correlation_id": "654dc435-75a5-4f69-bb8e-e3ff1f9f6ea6", "operation": "scope_member_grant", "outcome": "allowed", "principal": "user:c1-dev.52ee7bde-2918-4348-97e9-33ed361e2c99", "reason": "", "target": "sw-restricted"}
{"correlation_id": "79642122-0344-4c66-bb1a-ebd53c6a4219", "operation": "membership", "outcome": "applied", "principal": "user:c1-dev.52ee7bde-2918-4348-97e9-33ed361e2c99", "reason": "confirmed", "target": "sw-restricted"}
{"correlation_id": "bd750c55-ca4b-4462-9d8a-6dd78b57efb0", "operation": "scope_member_grant", "outcome": "allowed", "principal": "user:c1-dev.52ee7bde-2918-4348-97e9-33ed361e2c99", "reason": "", "target": "sw-restricted"}
{"correlation_id": "20f27c7d-aa12-4f61-9269-c581a2c7bbbe", "operation": "membership", "outcome": "applied", "principal": "user:c1-dev.52ee7bde-2918-4348-97e9-33ed361e2c99", "reason": "confirmed", "target": "sw-restricted"}
{"correlation_id": "4d530fb8-270b-40b6-8c12-b933f7a49842", "operation": "scope_member_grant", "outcome": "allowed", "principal": "user:c1-dev.52ee7bde-2918-4348-97e9-33ed361e2c99", "reason": "", "target": "sw-restricted"}
{"correlation_id": "7c020e31-2a59-4f29-b6a6-d827db09d561", "operation": "membership", "outcome": "applied", "principal": "user:c1-dev.52ee7bde-2918-4348-97e9-33ed361e2c99", "reason": "confirmed", "target": "sw-restricted"}
{"correlation_id": "63973f88-a29e-4c53-bb49-f26be23cc7c4", "operation": "scope_member_grant", "outcome": "allowed", "principal": "user:c1-dev.52ee7bde-2918-4348-97e9-33ed361e2c99", "reason": "", "target": "sw-restricted"}
{"correlation_id": "74c71b64-5ca7-4948-8693-94ee314106c9", "operation": "resource_read", "outcome": "denied", "principal": "user:c1-dev.710d299c-4393-4f32-b84c-e6c81c8382ad", "reason": "not_found", "target": ""}
{"correlation_id": "7165aac2-fc8b-4d98-8e72-8b3787e38d6d", "operation": "instance_read", "outcome": "allowed", "principal": "user:c1-dev.710d299c-4393-4f32-b84c-e6c81c8382ad", "reason": "", "target": "m03_33dfe397028a439990225733f491752a"}
{"correlation_id": "f84fa6cc-7076-4793-860e-4b5a0681e180", "operation": "changeset_create", "outcome": "allowed", "principal": "user:c1-dev.710d299c-4393-4f32-b84c-e6c81c8382ad", "reason": "", "target": "urn:c1:instance:dev:changeset-0827e15d498d4c0e875302c9a0347932"}
{"correlation_id": "0fec3fbd-1673-4b41-8eba-76d5f1b2bf47", "operation": "changeset_read", "outcome": "allowed", "principal": "user:c1-dev.710d299c-4393-4f32-b84c-e6c81c8382ad", "reason": "", "target": "urn:c1:instance:dev:changeset-0827e15d498d4c0e875302c9a0347932"}
{"correlation_id": "a043b09f-2974-457e-9805-b865fe6588d8", "operation": "changeset_submit", "outcome": "allowed", "principal": "user:c1-dev.710d299c-4393-4f32-b84c-e6c81c8382ad", "reason": "", "target": "urn:c1:instance:dev:changeset-0827e15d498d4c0e875302c9a0347932"}
{"correlation_id": "9d2986da-0ca3-467f-9814-f5ac80d992f8", "operation": "changeset_approve", "outcome": "allowed", "principal": "user:c1-dev.2c8d560f-a67a-4801-8621-e597415decd4", "reason": "", "target": "urn:c1:instance:dev:changeset-0827e15d498d4c0e875302c9a0347932"}
{"correlation_id": "fa7630f2-e497-45a8-8875-d0f67c182ede", "operation": "changeset_apply", "outcome": "allowed", "principal": "user:c1-dev.2c8d560f-a67a-4801-8621-e597415decd4", "reason": "", "target": "urn:c1:instance:dev:changeset-0827e15d498d4c0e875302c9a0347932"}
{"correlation_id": "71f03668-bdc6-427b-9cc5-43e19216f366", "operation": "instance_read", "outcome": "allowed", "principal": "user:c1-dev.2c8d560f-a67a-4801-8621-e597415decd4", "reason": "", "target": "m03_33dfe397028a439990225733f491752a"}
{"correlation_id": "a315340a-528e-4a6d-a404-8afc8fadc525", "operation": "resource_read", "outcome": "denied", "principal": "user:c1-dev.710d299c-4393-4f32-b84c-e6c81c8382ad", "reason": "not_found", "target": ""}
{"correlation_id": "49036748-df81-4b88-b89f-14139317e355", "operation": "resource_read", "outcome": "denied", "principal": "user:c1-dev.710d299c-4393-4f32-b84c-e6c81c8382ad", "reason": "not_found", "target": ""}
{"correlation_id": "2a1f398c-0457-4084-a34a-0d9dcbbc0c9b", "operation": "instance_read", "outcome": "allowed", "principal": "user:c1-dev.710d299c-4393-4f32-b84c-e6c81c8382ad", "reason": "", "target": "m03_33dfe397028a439990225733f491752a"}
{"correlation_id": "72562381-f552-4e03-b51d-febdd3c1673b", "operation": "changeset_create", "outcome": "allowed", "principal": "user:c1-dev.710d299c-4393-4f32-b84c-e6c81c8382ad", "reason": "", "target": "urn:c1:instance:dev:changeset-1e92e837861c4563ad27b9aea0388fb3"}
{"correlation_id": "4890a450-752e-4031-b64b-a95616d8a761", "operation": "changeset_read", "outcome": "allowed", "principal": "user:c1-dev.710d299c-4393-4f32-b84c-e6c81c8382ad", "reason": "", "target": "urn:c1:instance:dev:changeset-1e92e837861c4563ad27b9aea0388fb3"}
{"correlation_id": "59a44508-c456-45c5-a39c-7020c9cbba51", "operation": "changeset_submit", "outcome": "allowed", "principal": "user:c1-dev.710d299c-4393-4f32-b84c-e6c81c8382ad", "reason": "", "target": "urn:c1:instance:dev:changeset-1e92e837861c4563ad27b9aea0388fb3"}
{"correlation_id": "42f2111e-a0af-40cd-aac1-fcc2101f9e5a", "operation": "changeset_approve", "outcome": "allowed", "principal": "user:c1-dev.2c8d560f-a67a-4801-8621-e597415decd4", "reason": "", "target": "urn:c1:instance:dev:changeset-1e92e837861c4563ad27b9aea0388fb3"}
{"correlation_id": "4a0fd8d5-1c8f-4ca1-8e44-eff1d29ac00b", "operation": "changeset_apply", "outcome": "allowed", "principal": "user:c1-dev.2c8d560f-a67a-4801-8621-e597415decd4", "reason": "", "target": "urn:c1:instance:dev:changeset-1e92e837861c4563ad27b9aea0388fb3"}
{"correlation_id": "befd2015-672a-48fb-bd2a-e39b7a2ae686", "operation": "instance_read", "outcome": "allowed", "principal": "user:c1-dev.2c8d560f-a67a-4801-8621-e597415decd4", "reason": "", "target": "m03_33dfe397028a439990225733f491752a"}
{"correlation_id": "8b7353bd-2118-4169-bb66-8e5f07f63e47", "operation": "resource_read", "outcome": "denied", "principal": "user:c1-dev.710d299c-4393-4f32-b84c-e6c81c8382ad", "reason": "not_found", "target": ""}
{"correlation_id": "907efdc5-86d9-4c01-a07f-98c819508e57", "operation": "resource_read", "outcome": "denied", "principal": "user:c1-dev.710d299c-4393-4f32-b84c-e6c81c8382ad", "reason": "not_found", "target": ""}
{"correlation_id": "e1b8b3c5-e25a-4272-ab86-669561e13d7a", "operation": "instance_read", "outcome": "allowed", "principal": "user:c1-dev.710d299c-4393-4f32-b84c-e6c81c8382ad", "reason": "", "target": "m03_33dfe397028a439990225733f491752a"}
{"correlation_id": "6b0d9335-3406-4a93-91ca-9d81d66dd6f0", "operation": "changeset_create", "outcome": "allowed", "principal": "user:c1-dev.710d299c-4393-4f32-b84c-e6c81c8382ad", "reason": "", "target": "urn:c1:instance:dev:changeset-4f908dc069fe40aab381848d29e6d9ee"}
{"correlation_id": "fd64a72c-1367-4ee7-b5ee-95cd5dfa6cf9", "operation": "changeset_read", "outcome": "allowed", "principal": "user:c1-dev.710d299c-4393-4f32-b84c-e6c81c8382ad", "reason": "", "target": "urn:c1:instance:dev:changeset-4f908dc069fe40aab381848d29e6d9ee"}
{"correlation_id": "a40f63b2-8af4-4270-a038-b3ab9f6b5206", "operation": "changeset_submit", "outcome": "allowed", "principal": "user:c1-dev.710d299c-4393-4f32-b84c-e6c81c8382ad", "reason": "", "target": "urn:c1:instance:dev:changeset-4f908dc069fe40aab381848d29e6d9ee"}
{"correlation_id": "cd656fc2-d394-46f7-80e9-16d54630d1de", "operation": "changeset_approve", "outcome": "allowed", "principal": "user:c1-dev.2c8d560f-a67a-4801-8621-e597415decd4", "reason": "", "target": "urn:c1:instance:dev:changeset-4f908dc069fe40aab381848d29e6d9ee"}
{"correlation_id": "262568e4-c1a3-43f5-a6fa-f0e8fb905993", "operation": "changeset_apply", "outcome": "allowed", "principal": "user:c1-dev.2c8d560f-a67a-4801-8621-e597415decd4", "reason": "", "target": "urn:c1:instance:dev:changeset-4f908dc069fe40aab381848d29e6d9ee"}
{"correlation_id": "06cc0a4a-d05d-44cc-8e1a-85f14ec27bd5", "operation": "instance_read", "outcome": "allowed", "principal": "user:c1-dev.2c8d560f-a67a-4801-8621-e597415decd4", "reason": "", "target": "m03_33dfe397028a439990225733f491752a"}
{"correlation_id": "fe67e144-6eeb-4b1c-bed2-50ba9e4a810c", "operation": "resource_read", "outcome": "denied", "principal": "user:c1-dev.710d299c-4393-4f32-b84c-e6c81c8382ad", "reason": "not_found", "target": ""}
{"correlation_id": "9e9be8da-2c1c-4b4b-b5c6-3733a6ab164e", "operation": "resource_read", "outcome": "denied", "principal": "user:c1-dev.710d299c-4393-4f32-b84c-e6c81c8382ad", "reason": "not_found", "target": ""}
{"correlation_id": "3f460995-5fca-4605-bdce-6637f4135c98", "operation": "instance_read", "outcome": "allowed", "principal": "user:c1-dev.710d299c-4393-4f32-b84c-e6c81c8382ad", "reason": "", "target": "m03_33dfe397028a439990225733f491752a"}
{"correlation_id": "ab1fe420-af90-4596-afd0-e84919233759", "operation": "changeset_create", "outcome": "allowed", "principal": "user:c1-dev.710d299c-4393-4f32-b84c-e6c81c8382ad", "reason": "", "target": "urn:c1:instance:dev:changeset-8c3c93ffefac4aa6b957f029b874c9a9"}
{"correlation_id": "53d82442-89c0-4680-9a46-a96722d7389f", "operation": "changeset_read", "outcome": "allowed", "principal": "user:c1-dev.710d299c-4393-4f32-b84c-e6c81c8382ad", "reason": "", "target": "urn:c1:instance:dev:changeset-8c3c93ffefac4aa6b957f029b874c9a9"}
{"correlation_id": "6443c7f5-c145-4ae5-bb9b-e5aed101bf81", "operation": "changeset_submit", "outcome": "allowed", "principal": "user:c1-dev.710d299c-4393-4f32-b84c-e6c81c8382ad", "reason": "", "target": "urn:c1:instance:dev:changeset-8c3c93ffefac4aa6b957f029b874c9a9"}
{"correlation_id": "b8763d04-6dfa-4899-ac20-96d32f3ea7fb", "operation": "changeset_approve", "outcome": "allowed", "principal": "user:c1-dev.2c8d560f-a67a-4801-8621-e597415decd4", "reason": "", "target": "urn:c1:instance:dev:changeset-8c3c93ffefac4aa6b957f029b874c9a9"}
{"correlation_id": "3292e449-512d-4adb-8666-fefe5fb12cb9", "operation": "changeset_apply", "outcome": "allowed", "principal": "user:c1-dev.2c8d560f-a67a-4801-8621-e597415decd4", "reason": "", "target": "urn:c1:instance:dev:changeset-8c3c93ffefac4aa6b957f029b874c9a9"}
{"correlation_id": "add7e145-4a2d-4f66-b32b-b2e8e8a694c2", "operation": "instance_read", "outcome": "allowed", "principal": "user:c1-dev.2c8d560f-a67a-4801-8621-e597415decd4", "reason": "", "target": "m03_33dfe397028a439990225733f491752a"}
{"correlation_id": "1a5106be-0b4b-4626-9588-b95fd8272e22", "operation": "resource_read", "outcome": "denied", "principal": "user:c1-dev.710d299c-4393-4f32-b84c-e6c81c8382ad", "reason": "not_found", "target": ""}
{"correlation_id": "2c4e692f-724e-41a2-a3dd-b72ef7912845", "operation": "resource_read", "outcome": "denied", "principal": "user:c1-dev.710d299c-4393-4f32-b84c-e6c81c8382ad", "reason": "not_found", "target": ""}
{"correlation_id": "bb5acc88-5ffd-4d5c-9d13-c2dde14fb5c5", "operation": "instance_read", "outcome": "allowed", "principal": "user:c1-dev.710d299c-4393-4f32-b84c-e6c81c8382ad", "reason": "", "target": "m03_33dfe397028a439990225733f491752a"}
{"correlation_id": "a73e6c44-a6b1-455f-b851-a9a2d4d17052", "operation": "changeset_create", "outcome": "allowed", "principal": "user:c1-dev.710d299c-4393-4f32-b84c-e6c81c8382ad", "reason": "", "target": "urn:c1:instance:dev:changeset-11b7fdf350914797ab0150e6c53e34b5"}
{"correlation_id": "95770d95-b29c-46ee-8908-dafc54969340", "operation": "changeset_read", "outcome": "allowed", "principal": "user:c1-dev.710d299c-4393-4f32-b84c-e6c81c8382ad", "reason": "", "target": "urn:c1:instance:dev:changeset-11b7fdf350914797ab0150e6c53e34b5"}
{"correlation_id": "5e24ff5f-2ac7-468f-a812-1ff3e05c848d", "operation": "changeset_submit", "outcome": "allowed", "principal": "user:c1-dev.710d299c-4393-4f32-b84c-e6c81c8382ad", "reason": "", "target": "urn:c1:instance:dev:changeset-11b7fdf350914797ab0150e6c53e34b5"}
{"correlation_id": "a3e5906f-419c-46d7-95e3-46d87c0028d4", "operation": "changeset_approve", "outcome": "allowed", "principal": "user:c1-dev.2c8d560f-a67a-4801-8621-e597415decd4", "reason": "", "target": "urn:c1:instance:dev:changeset-11b7fdf350914797ab0150e6c53e34b5"}
{"correlation_id": "ca4c9e89-94db-4a10-9dab-cb3991b8d742", "operation": "changeset_apply", "outcome": "allowed", "principal": "user:c1-dev.2c8d560f-a67a-4801-8621-e597415decd4", "reason": "", "target": "urn:c1:instance:dev:changeset-11b7fdf350914797ab0150e6c53e34b5"}
{"correlation_id": "f9849d36-12c3-4132-92ce-fd72f1b90f0e", "operation": "instance_read", "outcome": "allowed", "principal": "user:c1-dev.2c8d560f-a67a-4801-8621-e597415decd4", "reason": "", "target": "m03_33dfe397028a439990225733f491752a"}
{"correlation_id": "cbad301e-bd34-4d1a-bb00-2644fb90db27", "operation": "resource_read", "outcome": "denied", "principal": "user:c1-dev.710d299c-4393-4f32-b84c-e6c81c8382ad", "reason": "not_found", "target": ""}
{"correlation_id": "c5f2b6b9-6dfa-4c25-9e89-3fd5d1ee7352", "operation": "resource_read", "outcome": "denied", "principal": "user:c1-dev.710d299c-4393-4f32-b84c-e6c81c8382ad", "reason": "not_found", "target": ""}
{"correlation_id": "dec786c9-b21e-423d-8756-7e12835eec07", "operation": "instance_read", "outcome": "allowed", "principal": "user:c1-dev.710d299c-4393-4f32-b84c-e6c81c8382ad", "reason": "", "target": "m03_33dfe397028a439990225733f491752a"}
{"correlation_id": "958cc435-017f-487c-90ec-c5399982df05", "operation": "changeset_create", "outcome": "allowed", "principal": "user:c1-dev.710d299c-4393-4f32-b84c-e6c81c8382ad", "reason": "", "target": "urn:c1:instance:dev:changeset-0096ab04a89d427e93b8b4041f01c159"}
{"correlation_id": "a57adb3e-c16d-4866-9773-9f067cb58270", "operation": "changeset_read", "outcome": "allowed", "principal": "user:c1-dev.710d299c-4393-4f32-b84c-e6c81c8382ad", "reason": "", "target": "urn:c1:instance:dev:changeset-0096ab04a89d427e93b8b4041f01c159"}
{"correlation_id": "1643da86-3156-4b2b-b454-4440ef493803", "operation": "changeset_submit", "outcome": "allowed", "principal": "user:c1-dev.710d299c-4393-4f32-b84c-e6c81c8382ad", "reason": "", "target": "urn:c1:instance:dev:changeset-0096ab04a89d427e93b8b4041f01c159"}
{"correlation_id": "e714f9a2-54a4-47a1-b7a7-558aefcb4e3a", "operation": "changeset_approve", "outcome": "allowed", "principal": "user:c1-dev.2c8d560f-a67a-4801-8621-e597415decd4", "reason": "", "target": "urn:c1:instance:dev:changeset-0096ab04a89d427e93b8b4041f01c159"}
{"correlation_id": "019b56d5-7ea8-4a80-81a3-81f250df60a1", "operation": "changeset_apply", "outcome": "allowed", "principal": "user:c1-dev.2c8d560f-a67a-4801-8621-e597415decd4", "reason": "", "target": "urn:c1:instance:dev:changeset-0096ab04a89d427e93b8b4041f01c159"}
{"correlation_id": "09014ab7-20c0-4846-9776-d367ef287a01", "operation": "instance_read", "outcome": "allowed", "principal": "user:c1-dev.2c8d560f-a67a-4801-8621-e597415decd4", "reason": "", "target": "m03_33dfe397028a439990225733f491752a"}
{"correlation_id": "e8979252-4c9a-4d03-8af7-9ba5471485b2", "operation": "resource_read", "outcome": "denied", "principal": "user:c1-dev.710d299c-4393-4f32-b84c-e6c81c8382ad", "reason": "not_found", "target": ""}
{"correlation_id": "d328edf2-2e7a-4e76-8fa5-0621b82c4fde", "operation": "resource_read", "outcome": "denied", "principal": "user:c1-dev.710d299c-4393-4f32-b84c-e6c81c8382ad", "reason": "not_found", "target": ""}
{"correlation_id": "5eee572f-9799-4dc5-a566-4caad0666f8c", "operation": "instance_read", "outcome": "allowed", "principal": "user:c1-dev.710d299c-4393-4f32-b84c-e6c81c8382ad", "reason": "", "target": "m03_33dfe397028a439990225733f491752a"}
{"correlation_id": "f65802c6-ce39-4da8-bb46-83c7940284bb", "operation": "changeset_create", "outcome": "allowed", "principal": "user:c1-dev.710d299c-4393-4f32-b84c-e6c81c8382ad", "reason": "", "target": "urn:c1:instance:dev:changeset-1b4b59a06c4d40bba15046131e70a1da"}
{"correlation_id": "ab9b6419-c07e-443f-b4f1-188076bb896c", "operation": "changeset_read", "outcome": "allowed", "principal": "user:c1-dev.710d299c-4393-4f32-b84c-e6c81c8382ad", "reason": "", "target": "urn:c1:instance:dev:changeset-1b4b59a06c4d40bba15046131e70a1da"}
{"correlation_id": "e739ed3e-bc92-48cf-982b-eed7efda778d", "operation": "changeset_submit", "outcome": "allowed", "principal": "user:c1-dev.710d299c-4393-4f32-b84c-e6c81c8382ad", "reason": "", "target": "urn:c1:instance:dev:changeset-1b4b59a06c4d40bba15046131e70a1da"}
{"correlation_id": "8f92ca9f-2d73-45c1-9ab1-bec5ac144f2c", "operation": "changeset_approve", "outcome": "allowed", "principal": "user:c1-dev.2c8d560f-a67a-4801-8621-e597415decd4", "reason": "", "target": "urn:c1:instance:dev:changeset-1b4b59a06c4d40bba15046131e70a1da"}
{"correlation_id": "6b18b4cf-130f-4faf-aa1b-3ac7d9467192", "operation": "changeset_apply", "outcome": "allowed", "principal": "user:c1-dev.2c8d560f-a67a-4801-8621-e597415decd4", "reason": "", "target": "urn:c1:instance:dev:changeset-1b4b59a06c4d40bba15046131e70a1da"}
{"correlation_id": "ff31059a-99ca-4f95-911e-1e492d402656", "operation": "instance_read", "outcome": "allowed", "principal": "user:c1-dev.2c8d560f-a67a-4801-8621-e597415decd4", "reason": "", "target": "m03_33dfe397028a439990225733f491752a"}
{"correlation_id": "6f4db69d-2cc0-475b-83b3-60648b75bc0b", "operation": "resource_read", "outcome": "denied", "principal": "user:c1-dev.710d299c-4393-4f32-b84c-e6c81c8382ad", "reason": "not_found", "target": ""}
{"correlation_id": "c4403532-931c-49a1-a49f-e1648c9ea3e7", "operation": "resource_read", "outcome": "denied", "principal": "user:c1-dev.710d299c-4393-4f32-b84c-e6c81c8382ad", "reason": "not_found", "target": ""}
{"correlation_id": "81d97a0f-5a92-45c9-a9b6-ad3df8606eb3", "operation": "instance_read", "outcome": "allowed", "principal": "user:c1-dev.710d299c-4393-4f32-b84c-e6c81c8382ad", "reason": "", "target": "m03_33dfe397028a439990225733f491752a"}
{"correlation_id": "ece3b204-ee8f-4774-aa86-d8de8e7a4067", "operation": "changeset_create", "outcome": "allowed", "principal": "user:c1-dev.710d299c-4393-4f32-b84c-e6c81c8382ad", "reason": "", "target": "urn:c1:instance:dev:changeset-59e2e864a4ba421c9d7a13f820a51f18"}
{"correlation_id": "d94e272f-be1d-4be9-9e56-25c69eef0c17", "operation": "changeset_read", "outcome": "allowed", "principal": "user:c1-dev.710d299c-4393-4f32-b84c-e6c81c8382ad", "reason": "", "target": "urn:c1:instance:dev:changeset-59e2e864a4ba421c9d7a13f820a51f18"}
{"correlation_id": "d3522c8a-59e7-4fb4-89a9-7e8fb31dbe30", "operation": "changeset_submit", "outcome": "allowed", "principal": "user:c1-dev.710d299c-4393-4f32-b84c-e6c81c8382ad", "reason": "", "target": "urn:c1:instance:dev:changeset-59e2e864a4ba421c9d7a13f820a51f18"}
{"correlation_id": "b39a090b-1558-4ebb-9f8b-e5df5b67c9e4", "operation": "changeset_approve", "outcome": "allowed", "principal": "user:c1-dev.2c8d560f-a67a-4801-8621-e597415decd4", "reason": "", "target": "urn:c1:instance:dev:changeset-59e2e864a4ba421c9d7a13f820a51f18"}
{"correlation_id": "f62c7caa-c2d8-492b-a978-4769cb1417fc", "operation": "changeset_apply", "outcome": "allowed", "principal": "user:c1-dev.2c8d560f-a67a-4801-8621-e597415decd4", "reason": "", "target": "urn:c1:instance:dev:changeset-59e2e864a4ba421c9d7a13f820a51f18"}
{"correlation_id": "452dfe6d-c0a2-4e1c-881c-deddd5d97bea", "operation": "instance_read", "outcome": "allowed", "principal": "user:c1-dev.2c8d560f-a67a-4801-8621-e597415decd4", "reason": "", "target": "m03_33dfe397028a439990225733f491752a"}
{"correlation_id": "29831dbd-17b4-4668-89cb-d8ef6460c3c5", "operation": "resource_read", "outcome": "denied", "principal": "user:c1-dev.710d299c-4393-4f32-b84c-e6c81c8382ad", "reason": "not_found", "target": ""}
{"correlation_id": "3336355d-a20f-41ad-8ea9-d36a913d4f0f", "operation": "resource_read", "outcome": "denied", "principal": "user:c1-dev.710d299c-4393-4f32-b84c-e6c81c8382ad", "reason": "not_found", "target": ""}
{"correlation_id": "b52dbcf5-8322-4509-af8e-20879e7ce5c3", "operation": "instance_read", "outcome": "allowed", "principal": "user:c1-dev.710d299c-4393-4f32-b84c-e6c81c8382ad", "reason": "", "target": "m03_33dfe397028a439990225733f491752a"}
{"correlation_id": "a4080025-41a5-405e-a86a-5d648911c41a", "operation": "changeset_create", "outcome": "allowed", "principal": "user:c1-dev.710d299c-4393-4f32-b84c-e6c81c8382ad", "reason": "", "target": "urn:c1:instance:dev:changeset-21cf95f9dda8483fb709f0e14d0e86cc"}
{"correlation_id": "d73e8215-e352-422f-8dbe-013b06bc0f8f", "operation": "changeset_read", "outcome": "allowed", "principal": "user:c1-dev.710d299c-4393-4f32-b84c-e6c81c8382ad", "reason": "", "target": "urn:c1:instance:dev:changeset-21cf95f9dda8483fb709f0e14d0e86cc"}
{"correlation_id": "8c361224-817d-4c93-b522-421c71b47e34", "operation": "changeset_submit", "outcome": "allowed", "principal": "user:c1-dev.710d299c-4393-4f32-b84c-e6c81c8382ad", "reason": "", "target": "urn:c1:instance:dev:changeset-21cf95f9dda8483fb709f0e14d0e86cc"}
{"correlation_id": "5c7a4efe-92ed-48a7-b745-65efdebcf220", "operation": "changeset_approve", "outcome": "allowed", "principal": "user:c1-dev.2c8d560f-a67a-4801-8621-e597415decd4", "reason": "", "target": "urn:c1:instance:dev:changeset-21cf95f9dda8483fb709f0e14d0e86cc"}
{"correlation_id": "55b4460a-059b-4f9e-a21e-6b1a715ca85b", "operation": "changeset_apply", "outcome": "allowed", "principal": "user:c1-dev.2c8d560f-a67a-4801-8621-e597415decd4", "reason": "", "target": "urn:c1:instance:dev:changeset-21cf95f9dda8483fb709f0e14d0e86cc"}
{"correlation_id": "adc6f94f-ebe8-4ece-9e1b-821812649f61", "operation": "instance_read", "outcome": "allowed", "principal": "user:c1-dev.2c8d560f-a67a-4801-8621-e597415decd4", "reason": "", "target": "m03_33dfe397028a439990225733f491752a"}
{"correlation_id": "5938dfe7-9f98-4818-83e1-7357460a4538", "operation": "resource_read", "outcome": "denied", "principal": "user:c1-dev.710d299c-4393-4f32-b84c-e6c81c8382ad", "reason": "not_found", "target": ""}
{"correlation_id": "17c5aae1-7f22-4ee7-9208-49f8b58805f7", "operation": "resource_read", "outcome": "denied", "principal": "user:c1-dev.710d299c-4393-4f32-b84c-e6c81c8382ad", "reason": "not_found", "target": ""}
{"correlation_id": "2e8643de-8ca5-4052-9913-55e2c55b9ab9", "operation": "instance_read", "outcome": "allowed", "principal": "user:c1-dev.710d299c-4393-4f32-b84c-e6c81c8382ad", "reason": "", "target": "m03_33dfe397028a439990225733f491752a"}
{"correlation_id": "eebbc30e-28b2-42fb-92d1-7bc5d05b9ff9", "operation": "changeset_create", "outcome": "allowed", "principal": "user:c1-dev.710d299c-4393-4f32-b84c-e6c81c8382ad", "reason": "", "target": "urn:c1:instance:dev:changeset-6d042133952b4bd599b5f7c8c4857d58"}
{"correlation_id": "4c2f82f3-186d-4c98-9ed7-dd1917d3efa2", "operation": "changeset_read", "outcome": "allowed", "principal": "user:c1-dev.710d299c-4393-4f32-b84c-e6c81c8382ad", "reason": "", "target": "urn:c1:instance:dev:changeset-6d042133952b4bd599b5f7c8c4857d58"}
{"correlation_id": "1ce55481-e03c-4cdb-a409-313582ee948c", "operation": "changeset_submit", "outcome": "allowed", "principal": "user:c1-dev.710d299c-4393-4f32-b84c-e6c81c8382ad", "reason": "", "target": "urn:c1:instance:dev:changeset-6d042133952b4bd599b5f7c8c4857d58"}
{"correlation_id": "a4358237-8343-4778-95c3-7fbedd7db453", "operation": "changeset_approve", "outcome": "allowed", "principal": "user:c1-dev.2c8d560f-a67a-4801-8621-e597415decd4", "reason": "", "target": "urn:c1:instance:dev:changeset-6d042133952b4bd599b5f7c8c4857d58"}
{"correlation_id": "09fea0fd-183e-47db-9805-15aebf813beb", "operation": "changeset_apply", "outcome": "allowed", "principal": "user:c1-dev.2c8d560f-a67a-4801-8621-e597415decd4", "reason": "", "target": "urn:c1:instance:dev:changeset-6d042133952b4bd599b5f7c8c4857d58"}
{"correlation_id": "e3dff405-5705-49db-a26e-c48aec9bc613", "operation": "instance_read", "outcome": "allowed", "principal": "user:c1-dev.2c8d560f-a67a-4801-8621-e597415decd4", "reason": "", "target": "m03_33dfe397028a439990225733f491752a"}
{"correlation_id": "3357f825-8182-4a39-9939-4370c9be1d29", "operation": "resource_read", "outcome": "denied", "principal": "user:c1-dev.710d299c-4393-4f32-b84c-e6c81c8382ad", "reason": "not_found", "target": ""}
{"correlation_id": "85d349ad-6693-48fd-9784-1b30464d8f82", "operation": "resource_read", "outcome": "denied", "principal": "user:c1-dev.710d299c-4393-4f32-b84c-e6c81c8382ad", "reason": "not_found", "target": ""}
{"correlation_id": "fb9d76d2-5fda-4d49-a8c6-c9022f4a9650", "operation": "instance_read", "outcome": "allowed", "principal": "user:c1-dev.710d299c-4393-4f32-b84c-e6c81c8382ad", "reason": "", "target": "m03_33dfe397028a439990225733f491752a"}
{"correlation_id": "c641cb8d-789c-4a67-bf5f-55655170157c", "operation": "changeset_create", "outcome": "allowed", "principal": "user:c1-dev.710d299c-4393-4f32-b84c-e6c81c8382ad", "reason": "", "target": "urn:c1:instance:dev:changeset-ccbcd96f2a2d43c88eafd59d51a2ece3"}
{"correlation_id": "840545c9-f58c-4004-ac95-b766b5411df3", "operation": "changeset_read", "outcome": "allowed", "principal": "user:c1-dev.710d299c-4393-4f32-b84c-e6c81c8382ad", "reason": "", "target": "urn:c1:instance:dev:changeset-ccbcd96f2a2d43c88eafd59d51a2ece3"}
{"correlation_id": "21eeac9a-19fb-4b82-928b-bcb8ca402d29", "operation": "changeset_submit", "outcome": "allowed", "principal": "user:c1-dev.710d299c-4393-4f32-b84c-e6c81c8382ad", "reason": "", "target": "urn:c1:instance:dev:changeset-ccbcd96f2a2d43c88eafd59d51a2ece3"}
{"correlation_id": "d87cb373-2350-439b-b5cc-d29187bfbc64", "operation": "changeset_approve", "outcome": "allowed", "principal": "user:c1-dev.2c8d560f-a67a-4801-8621-e597415decd4", "reason": "", "target": "urn:c1:instance:dev:changeset-ccbcd96f2a2d43c88eafd59d51a2ece3"}
{"correlation_id": "54d7a643-98c7-4f03-95b1-27aa08228472", "operation": "changeset_apply", "outcome": "allowed", "principal": "user:c1-dev.2c8d560f-a67a-4801-8621-e597415decd4", "reason": "", "target": "urn:c1:instance:dev:changeset-ccbcd96f2a2d43c88eafd59d51a2ece3"}
{"correlation_id": "4c033e7c-1f99-4cc1-b452-7a0d3e832453", "operation": "instance_read", "outcome": "allowed", "principal": "user:c1-dev.2c8d560f-a67a-4801-8621-e597415decd4", "reason": "", "target": "m03_33dfe397028a439990225733f491752a"}
{"correlation_id": "4e56a423-05f8-4774-87ca-41492d2061ae", "operation": "resource_read", "outcome": "denied", "principal": "user:c1-dev.710d299c-4393-4f32-b84c-e6c81c8382ad", "reason": "not_found", "target": ""}
{"correlation_id": "ea7ef90b-ac57-4ad7-b4f1-eacd46b60d0c", "operation": "resource_read", "outcome": "denied", "principal": "user:c1-dev.710d299c-4393-4f32-b84c-e6c81c8382ad", "reason": "not_found", "target": ""}
{"correlation_id": "6835609a-d414-488a-b094-adb82ba2d488", "operation": "instance_read", "outcome": "allowed", "principal": "user:c1-dev.710d299c-4393-4f32-b84c-e6c81c8382ad", "reason": "", "target": "m03_33dfe397028a439990225733f491752a"}
{"correlation_id": "f455f784-4311-4481-b61d-935a07d5ff1d", "operation": "changeset_create", "outcome": "allowed", "principal": "user:c1-dev.710d299c-4393-4f32-b84c-e6c81c8382ad", "reason": "", "target": "urn:c1:instance:dev:changeset-31923864e7de4bdc9b9ae6da61aedd0a"}
{"correlation_id": "f17da31f-2046-4eb0-85af-346a394e47a7", "operation": "changeset_read", "outcome": "allowed", "principal": "user:c1-dev.710d299c-4393-4f32-b84c-e6c81c8382ad", "reason": "", "target": "urn:c1:instance:dev:changeset-31923864e7de4bdc9b9ae6da61aedd0a"}
{"correlation_id": "9fda395f-17f8-4d32-b5df-bc6f08c374a3", "operation": "changeset_submit", "outcome": "allowed", "principal": "user:c1-dev.710d299c-4393-4f32-b84c-e6c81c8382ad", "reason": "", "target": "urn:c1:instance:dev:changeset-31923864e7de4bdc9b9ae6da61aedd0a"}
{"correlation_id": "34cbac6b-c796-4ef6-99c3-0e8975fbc812", "operation": "changeset_approve", "outcome": "allowed", "principal": "user:c1-dev.2c8d560f-a67a-4801-8621-e597415decd4", "reason": "", "target": "urn:c1:instance:dev:changeset-31923864e7de4bdc9b9ae6da61aedd0a"}
{"correlation_id": "abd68d67-3a0c-45bc-af99-c89b2e3af488", "operation": "changeset_apply", "outcome": "allowed", "principal": "user:c1-dev.2c8d560f-a67a-4801-8621-e597415decd4", "reason": "", "target": "urn:c1:instance:dev:changeset-31923864e7de4bdc9b9ae6da61aedd0a"}
{"correlation_id": "8832bf8a-424c-4d0f-a3a1-0c6a894848c9", "operation": "instance_read", "outcome": "allowed", "principal": "user:c1-dev.2c8d560f-a67a-4801-8621-e597415decd4", "reason": "", "target": "m03_33dfe397028a439990225733f491752a"}
{"correlation_id": "d440201e-a525-44e9-96a4-9996cfe2ca5c", "operation": "resource_read", "outcome": "denied", "principal": "user:c1-dev.710d299c-4393-4f32-b84c-e6c81c8382ad", "reason": "not_found", "target": ""}
{"correlation_id": "c4a02400-1553-480c-8be9-fdeb32a1c60d", "operation": "resource_read", "outcome": "denied", "principal": "user:c1-dev.710d299c-4393-4f32-b84c-e6c81c8382ad", "reason": "not_found", "target": ""}
{"correlation_id": "8acd05da-aee7-48f7-8807-832cc5788a87", "operation": "instance_read", "outcome": "allowed", "principal": "user:c1-dev.710d299c-4393-4f32-b84c-e6c81c8382ad", "reason": "", "target": "m03_33dfe397028a439990225733f491752a"}
{"correlation_id": "b9a439d0-d1c8-4a7c-87c3-7cc56793a55b", "operation": "changeset_create", "outcome": "allowed", "principal": "user:c1-dev.710d299c-4393-4f32-b84c-e6c81c8382ad", "reason": "", "target": "urn:c1:instance:dev:changeset-a3e6a118d185486991e633a3e670f11f"}
{"correlation_id": "6c167b53-b11d-40ef-950c-4c8e8fb03af9", "operation": "changeset_read", "outcome": "allowed", "principal": "user:c1-dev.710d299c-4393-4f32-b84c-e6c81c8382ad", "reason": "", "target": "urn:c1:instance:dev:changeset-a3e6a118d185486991e633a3e670f11f"}
{"correlation_id": "e98bedfa-4b8a-408b-a9ad-6bd490f9d050", "operation": "changeset_submit", "outcome": "allowed", "principal": "user:c1-dev.710d299c-4393-4f32-b84c-e6c81c8382ad", "reason": "", "target": "urn:c1:instance:dev:changeset-a3e6a118d185486991e633a3e670f11f"}
{"correlation_id": "cfaa1826-e14e-47f5-8790-f4330e98ac06", "operation": "changeset_approve", "outcome": "allowed", "principal": "user:c1-dev.2c8d560f-a67a-4801-8621-e597415decd4", "reason": "", "target": "urn:c1:instance:dev:changeset-a3e6a118d185486991e633a3e670f11f"}
{"correlation_id": "d6659f6d-0d96-42ae-a088-636193b30fb3", "operation": "changeset_apply", "outcome": "allowed", "principal": "user:c1-dev.2c8d560f-a67a-4801-8621-e597415decd4", "reason": "", "target": "urn:c1:instance:dev:changeset-a3e6a118d185486991e633a3e670f11f"}
{"correlation_id": "73bcf95f-efaf-43e3-b1fd-8829e805385b", "operation": "instance_read", "outcome": "allowed", "principal": "user:c1-dev.2c8d560f-a67a-4801-8621-e597415decd4", "reason": "", "target": "m03_33dfe397028a439990225733f491752a"}
{"correlation_id": "dcfb60d6-af36-4a30-a1ac-6a37afe9e9eb", "operation": "resource_read", "outcome": "denied", "principal": "user:c1-dev.f801298f-f193-4438-bc87-81ed549308ed", "reason": "not_found", "target": ""}
{"correlation_id": "ae3dcf6c-fa75-4c24-a68a-f12ad4fe8346", "operation": "resource_read", "outcome": "denied", "principal": "user:c1-dev.f801298f-f193-4438-bc87-81ed549308ed", "reason": "not_found", "target": ""}
{"correlation_id": "74e8cad7-5355-49a9-93ab-83cc96d1a3d5", "operation": "instance_read", "outcome": "allowed", "principal": "user:c1-dev.f801298f-f193-4438-bc87-81ed549308ed", "reason": "", "target": "m03_33dfe397028a439990225733f491752a"}
{"correlation_id": "790bb847-e07a-4b56-bdb7-a7a903700277", "operation": "changeset_create", "outcome": "allowed", "principal": "user:c1-dev.f801298f-f193-4438-bc87-81ed549308ed", "reason": "", "target": "urn:c1:instance:dev:changeset-c135f47c36f148eeb4a1ae74bd90c125"}
{"correlation_id": "abe332d8-767e-46d8-b189-3c8e0b829baa", "operation": "changeset_read", "outcome": "allowed", "principal": "user:c1-dev.f801298f-f193-4438-bc87-81ed549308ed", "reason": "", "target": "urn:c1:instance:dev:changeset-c135f47c36f148eeb4a1ae74bd90c125"}
{"correlation_id": "aa98fe48-2f7f-4a1a-a256-b8f086970122", "operation": "changeset_submit", "outcome": "allowed", "principal": "user:c1-dev.f801298f-f193-4438-bc87-81ed549308ed", "reason": "", "target": "urn:c1:instance:dev:changeset-c135f47c36f148eeb4a1ae74bd90c125"}
{"correlation_id": "88c07260-7a74-4dce-8dad-684e0ab58539", "operation": "changeset_approve", "outcome": "allowed", "principal": "user:c1-dev.2c8d560f-a67a-4801-8621-e597415decd4", "reason": "", "target": "urn:c1:instance:dev:changeset-c135f47c36f148eeb4a1ae74bd90c125"}
{"correlation_id": "e2cae8f7-1ca2-4294-a277-8a6f93f955c3", "operation": "changeset_apply", "outcome": "allowed", "principal": "user:c1-dev.2c8d560f-a67a-4801-8621-e597415decd4", "reason": "", "target": "urn:c1:instance:dev:changeset-c135f47c36f148eeb4a1ae74bd90c125"}
{"correlation_id": "92518a02-ef01-4e43-98fa-58fa4d21fa7a", "operation": "instance_read", "outcome": "allowed", "principal": "user:c1-dev.2c8d560f-a67a-4801-8621-e597415decd4", "reason": "", "target": "m03_33dfe397028a439990225733f491752a"}
{"correlation_id": "813c600e-ee71-46e1-b88a-c214f1a5115e", "operation": "resource_read", "outcome": "denied", "principal": "user:c1-dev.f801298f-f193-4438-bc87-81ed549308ed", "reason": "not_found", "target": ""}
{"correlation_id": "0378d9f0-0c3f-4c3e-8a33-eb8fbf7440c8", "operation": "resource_read", "outcome": "denied", "principal": "user:c1-dev.f801298f-f193-4438-bc87-81ed549308ed", "reason": "not_found", "target": ""}
{"correlation_id": "cb999a6f-781d-4ec8-94ae-5884a793e78f", "operation": "instance_read", "outcome": "allowed", "principal": "user:c1-dev.f801298f-f193-4438-bc87-81ed549308ed", "reason": "", "target": "m03_33dfe397028a439990225733f491752a"}
{"correlation_id": "35a017b1-9789-496c-b070-2d73ac330139", "operation": "changeset_create", "outcome": "allowed", "principal": "user:c1-dev.f801298f-f193-4438-bc87-81ed549308ed", "reason": "", "target": "urn:c1:instance:dev:changeset-cd82c74bad7c4c5cbe030862f96591b2"}
{"correlation_id": "8a96c076-17c1-487a-be51-5bfbd6c28a67", "operation": "changeset_read", "outcome": "allowed", "principal": "user:c1-dev.f801298f-f193-4438-bc87-81ed549308ed", "reason": "", "target": "urn:c1:instance:dev:changeset-cd82c74bad7c4c5cbe030862f96591b2"}
{"correlation_id": "461cf553-a6c8-4ba2-bcbe-ffddd0c41ff8", "operation": "changeset_submit", "outcome": "allowed", "principal": "user:c1-dev.f801298f-f193-4438-bc87-81ed549308ed", "reason": "", "target": "urn:c1:instance:dev:changeset-cd82c74bad7c4c5cbe030862f96591b2"}
{"correlation_id": "0e040e97-3315-4b36-882b-1d07ba240fb7", "operation": "changeset_approve", "outcome": "allowed", "principal": "user:c1-dev.2c8d560f-a67a-4801-8621-e597415decd4", "reason": "", "target": "urn:c1:instance:dev:changeset-cd82c74bad7c4c5cbe030862f96591b2"}
{"correlation_id": "6c0aa548-fef0-4e60-a17b-859f891f6a3e", "operation": "changeset_apply", "outcome": "allowed", "principal": "user:c1-dev.2c8d560f-a67a-4801-8621-e597415decd4", "reason": "", "target": "urn:c1:instance:dev:changeset-cd82c74bad7c4c5cbe030862f96591b2"}
{"correlation_id": "22596b51-cef8-4de6-b352-1580ed7a38bc", "operation": "instance_read", "outcome": "allowed", "principal": "user:c1-dev.2c8d560f-a67a-4801-8621-e597415decd4", "reason": "", "target": "m03_33dfe397028a439990225733f491752a"}
{"correlation_id": "d911cbaf-5f2c-4a21-b0ca-264c123fce74", "operation": "resource_read", "outcome": "denied", "principal": "user:c1-dev.f801298f-f193-4438-bc87-81ed549308ed", "reason": "not_found", "target": ""}
{"correlation_id": "1a1985dc-8659-4ee3-91ca-74036e91987c", "operation": "resource_read", "outcome": "denied", "principal": "user:c1-dev.f801298f-f193-4438-bc87-81ed549308ed", "reason": "not_found", "target": ""}
{"correlation_id": "79f9fbc2-4be2-4da1-aa26-fa284a750a9d", "operation": "instance_read", "outcome": "allowed", "principal": "user:c1-dev.f801298f-f193-4438-bc87-81ed549308ed", "reason": "", "target": "m03_33dfe397028a439990225733f491752a"}
{"correlation_id": "136cbb3a-9163-486b-beb3-6b7302095a61", "operation": "changeset_create", "outcome": "allowed", "principal": "user:c1-dev.f801298f-f193-4438-bc87-81ed549308ed", "reason": "", "target": "urn:c1:instance:dev:changeset-56055df31e65459db3946c866f8a3d34"}
{"correlation_id": "943e02fe-50f1-409a-b19e-71aa85ad3485", "operation": "changeset_read", "outcome": "allowed", "principal": "user:c1-dev.f801298f-f193-4438-bc87-81ed549308ed", "reason": "", "target": "urn:c1:instance:dev:changeset-56055df31e65459db3946c866f8a3d34"}
{"correlation_id": "04456789-af10-4304-8f1d-443e289740b2", "operation": "changeset_submit", "outcome": "allowed", "principal": "user:c1-dev.f801298f-f193-4438-bc87-81ed549308ed", "reason": "", "target": "urn:c1:instance:dev:changeset-56055df31e65459db3946c866f8a3d34"}
{"correlation_id": "ccc09618-fc36-4093-a2f4-3f7080229bfb", "operation": "changeset_approve", "outcome": "allowed", "principal": "user:c1-dev.2c8d560f-a67a-4801-8621-e597415decd4", "reason": "", "target": "urn:c1:instance:dev:changeset-56055df31e65459db3946c866f8a3d34"}
{"correlation_id": "2dad8472-c371-44cc-bcb5-dfaf115eed39", "operation": "changeset_apply", "outcome": "allowed", "principal": "user:c1-dev.2c8d560f-a67a-4801-8621-e597415decd4", "reason": "", "target": "urn:c1:instance:dev:changeset-56055df31e65459db3946c866f8a3d34"}
{"correlation_id": "d9851d18-80cf-4df3-887c-601d65af656c", "operation": "instance_read", "outcome": "allowed", "principal": "user:c1-dev.2c8d560f-a67a-4801-8621-e597415decd4", "reason": "", "target": "m03_33dfe397028a439990225733f491752a"}
{"correlation_id": "a8de7371-01bc-4747-bf4e-0ecd7822780f", "operation": "resource_read", "outcome": "denied", "principal": "user:c1-dev.f801298f-f193-4438-bc87-81ed549308ed", "reason": "not_found", "target": ""}
{"correlation_id": "deb2a597-f04d-4689-8c12-0af035b46be3", "operation": "resource_read", "outcome": "denied", "principal": "user:c1-dev.f801298f-f193-4438-bc87-81ed549308ed", "reason": "not_found", "target": ""}
{"correlation_id": "719e129d-ddaf-47d8-9214-a583fbda4dfa", "operation": "instance_read", "outcome": "allowed", "principal": "user:c1-dev.f801298f-f193-4438-bc87-81ed549308ed", "reason": "", "target": "m03_33dfe397028a439990225733f491752a"}
{"correlation_id": "ccf52035-a8e4-476e-874c-86ba598aa4e5", "operation": "changeset_create", "outcome": "allowed", "principal": "user:c1-dev.f801298f-f193-4438-bc87-81ed549308ed", "reason": "", "target": "urn:c1:instance:dev:changeset-300ba0fdfb5c41e99f3b16904daca2a7"}
{"correlation_id": "3f5040b5-2d51-46d5-9245-b11929dd2770", "operation": "changeset_read", "outcome": "allowed", "principal": "user:c1-dev.f801298f-f193-4438-bc87-81ed549308ed", "reason": "", "target": "urn:c1:instance:dev:changeset-300ba0fdfb5c41e99f3b16904daca2a7"}
{"correlation_id": "541b0133-ecb2-457b-8b36-c232654e3d14", "operation": "changeset_submit", "outcome": "allowed", "principal": "user:c1-dev.f801298f-f193-4438-bc87-81ed549308ed", "reason": "", "target": "urn:c1:instance:dev:changeset-300ba0fdfb5c41e99f3b16904daca2a7"}
{"correlation_id": "9b4440fc-dc0d-4e2f-8250-ad406d10dcc1", "operation": "changeset_approve", "outcome": "allowed", "principal": "user:c1-dev.2c8d560f-a67a-4801-8621-e597415decd4", "reason": "", "target": "urn:c1:instance:dev:changeset-300ba0fdfb5c41e99f3b16904daca2a7"}
{"correlation_id": "9d8d517b-2d39-4adb-a2b1-3eb433858770", "operation": "changeset_apply", "outcome": "allowed", "principal": "user:c1-dev.2c8d560f-a67a-4801-8621-e597415decd4", "reason": "", "target": "urn:c1:instance:dev:changeset-300ba0fdfb5c41e99f3b16904daca2a7"}
{"correlation_id": "be9d7781-d206-4299-9030-355c692e3eca", "operation": "instance_read", "outcome": "allowed", "principal": "user:c1-dev.2c8d560f-a67a-4801-8621-e597415decd4", "reason": "", "target": "m03_33dfe397028a439990225733f491752a"}
{"correlation_id": "065dbc2a-ad2b-4f3c-91c5-1e4205423f0b", "operation": "resource_read", "outcome": "denied", "principal": "user:c1-dev.710d299c-4393-4f32-b84c-e6c81c8382ad", "reason": "not_found", "target": ""}
{"correlation_id": "973b8d11-caaa-408c-844c-571adb4b968a", "operation": "resource_read", "outcome": "denied", "principal": "user:c1-dev.710d299c-4393-4f32-b84c-e6c81c8382ad", "reason": "not_found", "target": ""}
{"correlation_id": "b88eca6e-9978-418b-9746-606a5fcd3ac5", "operation": "instance_read", "outcome": "allowed", "principal": "user:c1-dev.710d299c-4393-4f32-b84c-e6c81c8382ad", "reason": "", "target": "m03_33dfe397028a439990225733f491752a"}
{"correlation_id": "4b80c553-2bf1-4c55-b39d-38243dc23553", "operation": "changeset_create", "outcome": "allowed", "principal": "user:c1-dev.710d299c-4393-4f32-b84c-e6c81c8382ad", "reason": "", "target": "urn:c1:instance:dev:changeset-40619f2d7dc7453596768d9c4904826d"}
{"correlation_id": "863de900-8113-465c-94e5-3a2d2e5e6339", "operation": "changeset_read", "outcome": "allowed", "principal": "user:c1-dev.710d299c-4393-4f32-b84c-e6c81c8382ad", "reason": "", "target": "urn:c1:instance:dev:changeset-40619f2d7dc7453596768d9c4904826d"}
{"correlation_id": "33008521-5504-41f4-8a85-2e7ab73d5ecc", "operation": "changeset_submit", "outcome": "allowed", "principal": "user:c1-dev.710d299c-4393-4f32-b84c-e6c81c8382ad", "reason": "", "target": "urn:c1:instance:dev:changeset-40619f2d7dc7453596768d9c4904826d"}
{"correlation_id": "2ced09f7-2019-444b-bbe3-61a3485bdc03", "operation": "changeset_approve", "outcome": "allowed", "principal": "user:c1-dev.2c8d560f-a67a-4801-8621-e597415decd4", "reason": "", "target": "urn:c1:instance:dev:changeset-40619f2d7dc7453596768d9c4904826d"}
{"correlation_id": "120aff14-7481-41cb-85a5-5b6bf4e4078d", "operation": "changeset_apply", "outcome": "allowed", "principal": "user:c1-dev.2c8d560f-a67a-4801-8621-e597415decd4", "reason": "", "target": "urn:c1:instance:dev:changeset-40619f2d7dc7453596768d9c4904826d"}
{"correlation_id": "69e61f28-b074-4e5b-90d2-74822493709b", "operation": "instance_read", "outcome": "allowed", "principal": "user:c1-dev.2c8d560f-a67a-4801-8621-e597415decd4", "reason": "", "target": "m03_33dfe397028a439990225733f491752a"}
{"correlation_id": "117f1f81-65cd-45c4-9ae2-ce3f7deec6fb", "operation": "resource_read", "outcome": "denied", "principal": "user:c1-dev.710d299c-4393-4f32-b84c-e6c81c8382ad", "reason": "not_found", "target": ""}
{"correlation_id": "9c601925-db4a-44b4-9caa-504bc4274ec1", "operation": "resource_read", "outcome": "denied", "principal": "user:c1-dev.710d299c-4393-4f32-b84c-e6c81c8382ad", "reason": "not_found", "target": ""}
{"correlation_id": "56b058af-8ccc-434e-8a5b-d2d3c292cb6b", "operation": "instance_read", "outcome": "allowed", "principal": "user:c1-dev.710d299c-4393-4f32-b84c-e6c81c8382ad", "reason": "", "target": "m03_33dfe397028a439990225733f491752a"}
{"correlation_id": "c150f6bf-2851-49aa-8227-3b5ddb61c032", "operation": "changeset_create", "outcome": "allowed", "principal": "user:c1-dev.710d299c-4393-4f32-b84c-e6c81c8382ad", "reason": "", "target": "urn:c1:instance:dev:changeset-beac5761bfc84464988eea7b403c28f7"}
{"correlation_id": "ce389aa2-42c3-4a3f-a39d-da79062f15e4", "operation": "changeset_read", "outcome": "allowed", "principal": "user:c1-dev.710d299c-4393-4f32-b84c-e6c81c8382ad", "reason": "", "target": "urn:c1:instance:dev:changeset-beac5761bfc84464988eea7b403c28f7"}
{"correlation_id": "8684d42a-93b7-4439-aa87-a110713b4780", "operation": "changeset_submit", "outcome": "allowed", "principal": "user:c1-dev.710d299c-4393-4f32-b84c-e6c81c8382ad", "reason": "", "target": "urn:c1:instance:dev:changeset-beac5761bfc84464988eea7b403c28f7"}
{"correlation_id": "7ebc188f-6568-418f-823b-4d9a7d036a36", "operation": "changeset_approve", "outcome": "allowed", "principal": "user:c1-dev.2c8d560f-a67a-4801-8621-e597415decd4", "reason": "", "target": "urn:c1:instance:dev:changeset-beac5761bfc84464988eea7b403c28f7"}
{"correlation_id": "a65764cf-7d97-4a5e-98bc-9abc4ddcb053", "operation": "changeset_apply", "outcome": "allowed", "principal": "user:c1-dev.2c8d560f-a67a-4801-8621-e597415decd4", "reason": "", "target": "urn:c1:instance:dev:changeset-beac5761bfc84464988eea7b403c28f7"}
{"correlation_id": "3c86f94b-3e2d-4593-b037-851dc98a3896", "operation": "instance_read", "outcome": "allowed", "principal": "user:c1-dev.2c8d560f-a67a-4801-8621-e597415decd4", "reason": "", "target": "m03_33dfe397028a439990225733f491752a"}
{"correlation_id": "444cd666-600d-4b58-92e7-1b34d4581902", "operation": "resource_read", "outcome": "denied", "principal": "user:c1-dev.f801298f-f193-4438-bc87-81ed549308ed", "reason": "not_found", "target": ""}
{"correlation_id": "db1a1d33-aa7b-4636-bc43-03369f8fd60b", "operation": "resource_read", "outcome": "denied", "principal": "user:c1-dev.f801298f-f193-4438-bc87-81ed549308ed", "reason": "not_found", "target": ""}
{"correlation_id": "0ea1b1f0-3339-4b37-9eb3-e3001158392f", "operation": "instance_read", "outcome": "allowed", "principal": "user:c1-dev.f801298f-f193-4438-bc87-81ed549308ed", "reason": "", "target": "m03_33dfe397028a439990225733f491752a"}
{"correlation_id": "c815d445-fc0b-4585-a78d-fcb2d81474a0", "operation": "changeset_create", "outcome": "allowed", "principal": "user:c1-dev.f801298f-f193-4438-bc87-81ed549308ed", "reason": "", "target": "urn:c1:instance:dev:changeset-fedb549de1af470e877e2a1bf8c1702d"}
{"correlation_id": "b9bd1614-a39d-45e1-a2c7-cf530800fc68", "operation": "changeset_read", "outcome": "allowed", "principal": "user:c1-dev.f801298f-f193-4438-bc87-81ed549308ed", "reason": "", "target": "urn:c1:instance:dev:changeset-fedb549de1af470e877e2a1bf8c1702d"}
{"correlation_id": "e0aa1aac-0616-433b-b7df-bd96a0d3df79", "operation": "changeset_submit", "outcome": "allowed", "principal": "user:c1-dev.f801298f-f193-4438-bc87-81ed549308ed", "reason": "", "target": "urn:c1:instance:dev:changeset-fedb549de1af470e877e2a1bf8c1702d"}
{"correlation_id": "24036f6a-03b3-4582-8955-0a586c7f8dc6", "operation": "changeset_approve", "outcome": "allowed", "principal": "user:c1-dev.2c8d560f-a67a-4801-8621-e597415decd4", "reason": "", "target": "urn:c1:instance:dev:changeset-fedb549de1af470e877e2a1bf8c1702d"}
{"correlation_id": "6018497a-567b-42b8-85e6-dc2a5ac00a5f", "operation": "changeset_apply", "outcome": "allowed", "principal": "user:c1-dev.2c8d560f-a67a-4801-8621-e597415decd4", "reason": "", "target": "urn:c1:instance:dev:changeset-fedb549de1af470e877e2a1bf8c1702d"}
{"correlation_id": "eee17617-3ded-45b7-8d35-e688a4f3423b", "operation": "instance_read", "outcome": "allowed", "principal": "user:c1-dev.2c8d560f-a67a-4801-8621-e597415decd4", "reason": "", "target": "m03_33dfe397028a439990225733f491752a"}
{"correlation_id": "14fe8fcd-0541-4882-9724-ef909b8bf7a6", "operation": "resource_read", "outcome": "denied", "principal": "user:c1-dev.fbcf5049-980c-4ed4-8c8a-4f7137e8a927", "reason": "not_found", "target": ""}
{"correlation_id": "bf5ff62f-b4fe-4fc4-ae13-26e4d889a47a", "operation": "instance_read", "outcome": "allowed", "principal": "user:c1-dev.fbcf5049-980c-4ed4-8c8a-4f7137e8a927", "reason": "", "target": "m03_33dfe397028a439990225733f491752a"}
{"correlation_id": "1187a609-ab6e-4856-bd1b-6b8e24288610", "operation": "changeset_create", "outcome": "allowed", "principal": "user:c1-dev.fbcf5049-980c-4ed4-8c8a-4f7137e8a927", "reason": "", "target": "urn:c1:instance:dev:changeset-296058b40a0149e483102d2a1769e47b"}
{"correlation_id": "1bc33f88-e18a-41ac-a084-f097a15f506b", "operation": "changeset_read", "outcome": "allowed", "principal": "user:c1-dev.fbcf5049-980c-4ed4-8c8a-4f7137e8a927", "reason": "", "target": "urn:c1:instance:dev:changeset-296058b40a0149e483102d2a1769e47b"}
{"correlation_id": "b6d8d5bb-44a4-4783-85c7-061c56bddc7b", "operation": "changeset_submit", "outcome": "allowed", "principal": "user:c1-dev.fbcf5049-980c-4ed4-8c8a-4f7137e8a927", "reason": "", "target": "urn:c1:instance:dev:changeset-296058b40a0149e483102d2a1769e47b"}
{"correlation_id": "4efacb8f-27a6-4a90-a900-d341047eace6", "operation": "changeset_approve", "outcome": "allowed", "principal": "user:c1-dev.2c8d560f-a67a-4801-8621-e597415decd4", "reason": "", "target": "urn:c1:instance:dev:changeset-296058b40a0149e483102d2a1769e47b"}
{"correlation_id": "973c4256-3c97-486d-b5c5-0aa0a4bcc592", "operation": "changeset_apply", "outcome": "allowed", "principal": "user:c1-dev.2c8d560f-a67a-4801-8621-e597415decd4", "reason": "", "target": "urn:c1:instance:dev:changeset-296058b40a0149e483102d2a1769e47b"}
{"correlation_id": "72aae89e-6ff8-4175-bbe1-a55fa55a63d6", "operation": "instance_read", "outcome": "allowed", "principal": "user:c1-dev.2c8d560f-a67a-4801-8621-e597415decd4", "reason": "", "target": "m03_33dfe397028a439990225733f491752a"}
{"correlation_id": "f74581b5-86d2-4535-accb-857e6e31e82a", "operation": "resource_read", "outcome": "denied", "principal": "user:c1-dev.fbcf5049-980c-4ed4-8c8a-4f7137e8a927", "reason": "not_found", "target": ""}
{"correlation_id": "c5dcacac-1324-4c7e-b252-7e6a5d0a8ce8", "operation": "resource_read", "outcome": "denied", "principal": "user:c1-dev.fbcf5049-980c-4ed4-8c8a-4f7137e8a927", "reason": "not_found", "target": ""}
{"correlation_id": "62733f4f-bfbe-4a88-8ddb-8d7d21fcae34", "operation": "instance_read", "outcome": "allowed", "principal": "user:c1-dev.fbcf5049-980c-4ed4-8c8a-4f7137e8a927", "reason": "", "target": "m03_33dfe397028a439990225733f491752a"}
{"correlation_id": "bb2b9129-deaa-414d-a92b-2b0bb3d305e6", "operation": "changeset_create", "outcome": "allowed", "principal": "user:c1-dev.fbcf5049-980c-4ed4-8c8a-4f7137e8a927", "reason": "", "target": "urn:c1:instance:dev:changeset-64d1a5f881974393b552d1154f914407"}
{"correlation_id": "4791cdf3-4999-4dbe-ac85-b58e836d70cb", "operation": "changeset_read", "outcome": "allowed", "principal": "user:c1-dev.fbcf5049-980c-4ed4-8c8a-4f7137e8a927", "reason": "", "target": "urn:c1:instance:dev:changeset-64d1a5f881974393b552d1154f914407"}
{"correlation_id": "04fafc2f-3449-45b3-a68a-ceb70a0245fd", "operation": "changeset_submit", "outcome": "allowed", "principal": "user:c1-dev.fbcf5049-980c-4ed4-8c8a-4f7137e8a927", "reason": "", "target": "urn:c1:instance:dev:changeset-64d1a5f881974393b552d1154f914407"}
{"correlation_id": "1403cf16-30b9-4417-b152-134bd7985d6b", "operation": "changeset_approve", "outcome": "allowed", "principal": "user:c1-dev.2c8d560f-a67a-4801-8621-e597415decd4", "reason": "", "target": "urn:c1:instance:dev:changeset-64d1a5f881974393b552d1154f914407"}
{"correlation_id": "50dde69a-d35e-4e1f-8d2c-b77e22aabfe5", "operation": "changeset_apply", "outcome": "allowed", "principal": "user:c1-dev.2c8d560f-a67a-4801-8621-e597415decd4", "reason": "", "target": "urn:c1:instance:dev:changeset-64d1a5f881974393b552d1154f914407"}
{"correlation_id": "d4f7c2b2-db1c-4ba3-9b05-14c4df124bed", "operation": "instance_read", "outcome": "allowed", "principal": "user:c1-dev.2c8d560f-a67a-4801-8621-e597415decd4", "reason": "", "target": "m03_33dfe397028a439990225733f491752a"}
{"correlation_id": "6d19c816-63bc-4060-b3bf-c395ffd3d80a", "operation": "resource_read", "outcome": "denied", "principal": "user:c1-dev.fbcf5049-980c-4ed4-8c8a-4f7137e8a927", "reason": "not_found", "target": ""}
{"correlation_id": "bced7648-68c6-4e1e-a207-b30cf178aa30", "operation": "resource_read", "outcome": "denied", "principal": "user:c1-dev.fbcf5049-980c-4ed4-8c8a-4f7137e8a927", "reason": "not_found", "target": ""}
{"correlation_id": "757551a6-5f3e-4779-a176-c0d2b3d790b8", "operation": "instance_read", "outcome": "allowed", "principal": "user:c1-dev.fbcf5049-980c-4ed4-8c8a-4f7137e8a927", "reason": "", "target": "m03_33dfe397028a439990225733f491752a"}
{"correlation_id": "2aa72b4d-4ec1-4140-a09c-90357831428e", "operation": "changeset_create", "outcome": "allowed", "principal": "user:c1-dev.fbcf5049-980c-4ed4-8c8a-4f7137e8a927", "reason": "", "target": "urn:c1:instance:dev:changeset-22b481c2419645bbada0572f15a606fe"}
{"correlation_id": "1a21fec4-dd94-473b-9a20-0d17e2716cdf", "operation": "changeset_read", "outcome": "allowed", "principal": "user:c1-dev.fbcf5049-980c-4ed4-8c8a-4f7137e8a927", "reason": "", "target": "urn:c1:instance:dev:changeset-22b481c2419645bbada0572f15a606fe"}
{"correlation_id": "fc86e4d0-cb62-4ef3-a0cc-d9fb89525c0b", "operation": "changeset_submit", "outcome": "allowed", "principal": "user:c1-dev.fbcf5049-980c-4ed4-8c8a-4f7137e8a927", "reason": "", "target": "urn:c1:instance:dev:changeset-22b481c2419645bbada0572f15a606fe"}
{"correlation_id": "e9dccddd-76e9-4e82-8a46-13b6451240df", "operation": "changeset_approve", "outcome": "allowed", "principal": "user:c1-dev.2c8d560f-a67a-4801-8621-e597415decd4", "reason": "", "target": "urn:c1:instance:dev:changeset-22b481c2419645bbada0572f15a606fe"}
{"correlation_id": "9d08a14f-f65a-49ac-a88f-4ddb02e87461", "operation": "changeset_apply", "outcome": "allowed", "principal": "user:c1-dev.2c8d560f-a67a-4801-8621-e597415decd4", "reason": "", "target": "urn:c1:instance:dev:changeset-22b481c2419645bbada0572f15a606fe"}
{"correlation_id": "73643533-f48c-4e08-b314-85af2e11562d", "operation": "instance_read", "outcome": "allowed", "principal": "user:c1-dev.2c8d560f-a67a-4801-8621-e597415decd4", "reason": "", "target": "m03_33dfe397028a439990225733f491752a"}
{"correlation_id": "f69b4318-7c39-41dd-9823-8bcc4e20f6a3", "operation": "resource_read", "outcome": "denied", "principal": "user:c1-dev.fbcf5049-980c-4ed4-8c8a-4f7137e8a927", "reason": "not_found", "target": ""}
{"correlation_id": "b255cebc-887c-4db0-8641-c1a4b4fabf08", "operation": "resource_read", "outcome": "denied", "principal": "user:c1-dev.fbcf5049-980c-4ed4-8c8a-4f7137e8a927", "reason": "not_found", "target": ""}
{"correlation_id": "cf5104c2-2802-445f-960a-95894b924546", "operation": "instance_read", "outcome": "allowed", "principal": "user:c1-dev.fbcf5049-980c-4ed4-8c8a-4f7137e8a927", "reason": "", "target": "m03_33dfe397028a439990225733f491752a"}
{"correlation_id": "abdcfeb1-9076-4b06-987e-0e3e0fee737d", "operation": "changeset_create", "outcome": "allowed", "principal": "user:c1-dev.fbcf5049-980c-4ed4-8c8a-4f7137e8a927", "reason": "", "target": "urn:c1:instance:dev:changeset-f64abc3b4b314693a980af2562cd9087"}
{"correlation_id": "c9960b84-431e-486a-a7d0-4927cffda825", "operation": "changeset_read", "outcome": "allowed", "principal": "user:c1-dev.fbcf5049-980c-4ed4-8c8a-4f7137e8a927", "reason": "", "target": "urn:c1:instance:dev:changeset-f64abc3b4b314693a980af2562cd9087"}
{"correlation_id": "333c6ff2-192e-4082-a73e-39dd5926fa0a", "operation": "changeset_submit", "outcome": "allowed", "principal": "user:c1-dev.fbcf5049-980c-4ed4-8c8a-4f7137e8a927", "reason": "", "target": "urn:c1:instance:dev:changeset-f64abc3b4b314693a980af2562cd9087"}
{"correlation_id": "773021b7-a0ff-4860-9445-0c45d388357d", "operation": "changeset_approve", "outcome": "allowed", "principal": "user:c1-dev.2c8d560f-a67a-4801-8621-e597415decd4", "reason": "", "target": "urn:c1:instance:dev:changeset-f64abc3b4b314693a980af2562cd9087"}
{"correlation_id": "aeefdf77-a867-4758-92a8-7756023568a3", "operation": "changeset_apply", "outcome": "allowed", "principal": "user:c1-dev.2c8d560f-a67a-4801-8621-e597415decd4", "reason": "", "target": "urn:c1:instance:dev:changeset-f64abc3b4b314693a980af2562cd9087"}
{"correlation_id": "f6f3c743-ee27-414a-9b51-b058385e7a35", "operation": "instance_read", "outcome": "allowed", "principal": "user:c1-dev.2c8d560f-a67a-4801-8621-e597415decd4", "reason": "", "target": "m03_33dfe397028a439990225733f491752a"}
{"correlation_id": "58afc09c-b0c3-4b6f-a359-56e5c4d1d70a", "operation": "resource_read", "outcome": "denied", "principal": "user:c1-dev.fbcf5049-980c-4ed4-8c8a-4f7137e8a927", "reason": "not_found", "target": ""}
{"correlation_id": "65f13b74-431d-4ae0-9c7e-0f5023d58d45", "operation": "resource_read", "outcome": "denied", "principal": "user:c1-dev.fbcf5049-980c-4ed4-8c8a-4f7137e8a927", "reason": "not_found", "target": ""}
{"correlation_id": "665dc33c-76b4-4498-8444-02190d41bb38", "operation": "instance_read", "outcome": "allowed", "principal": "user:c1-dev.fbcf5049-980c-4ed4-8c8a-4f7137e8a927", "reason": "", "target": "m03_33dfe397028a439990225733f491752a"}
{"correlation_id": "04dd47e4-3a21-4830-9003-00dd69964c94", "operation": "changeset_create", "outcome": "allowed", "principal": "user:c1-dev.fbcf5049-980c-4ed4-8c8a-4f7137e8a927", "reason": "", "target": "urn:c1:instance:dev:changeset-3668ddf213c44318956170aeacebea4e"}
{"correlation_id": "59cb5d08-2386-4d3e-a215-80989a17e713", "operation": "changeset_read", "outcome": "allowed", "principal": "user:c1-dev.fbcf5049-980c-4ed4-8c8a-4f7137e8a927", "reason": "", "target": "urn:c1:instance:dev:changeset-3668ddf213c44318956170aeacebea4e"}
{"correlation_id": "51d2a05d-3127-4eef-a65f-9a59702c540d", "operation": "changeset_submit", "outcome": "allowed", "principal": "user:c1-dev.fbcf5049-980c-4ed4-8c8a-4f7137e8a927", "reason": "", "target": "urn:c1:instance:dev:changeset-3668ddf213c44318956170aeacebea4e"}
{"correlation_id": "effe435a-751a-425b-97bf-fdb113b4ac5b", "operation": "changeset_approve", "outcome": "allowed", "principal": "user:c1-dev.2c8d560f-a67a-4801-8621-e597415decd4", "reason": "", "target": "urn:c1:instance:dev:changeset-3668ddf213c44318956170aeacebea4e"}
{"correlation_id": "6630b974-4c3e-47df-9e87-d1e6d503c25c", "operation": "changeset_apply", "outcome": "allowed", "principal": "user:c1-dev.2c8d560f-a67a-4801-8621-e597415decd4", "reason": "", "target": "urn:c1:instance:dev:changeset-3668ddf213c44318956170aeacebea4e"}
{"correlation_id": "56c0684b-3133-4e5f-b662-12eeeeed696c", "operation": "instance_read", "outcome": "allowed", "principal": "user:c1-dev.2c8d560f-a67a-4801-8621-e597415decd4", "reason": "", "target": "m03_33dfe397028a439990225733f491752a"}
{"correlation_id": "7a8d150c-e592-4e8e-9309-cdf972b333b5", "operation": "resource_read", "outcome": "denied", "principal": "user:c1-dev.fbcf5049-980c-4ed4-8c8a-4f7137e8a927", "reason": "not_found", "target": ""}
{"correlation_id": "30370158-1b36-4673-beb0-30f493c7810c", "operation": "resource_read", "outcome": "denied", "principal": "user:c1-dev.fbcf5049-980c-4ed4-8c8a-4f7137e8a927", "reason": "not_found", "target": ""}
{"correlation_id": "6b1cdad8-151a-4020-b717-7d0fde2f2161", "operation": "instance_read", "outcome": "allowed", "principal": "user:c1-dev.fbcf5049-980c-4ed4-8c8a-4f7137e8a927", "reason": "", "target": "m03_33dfe397028a439990225733f491752a"}
{"correlation_id": "9b140297-1af2-4463-9e43-a924f347916b", "operation": "changeset_create", "outcome": "allowed", "principal": "user:c1-dev.fbcf5049-980c-4ed4-8c8a-4f7137e8a927", "reason": "", "target": "urn:c1:instance:dev:changeset-f0e6db0d8e074c158f125493f53c0128"}
{"correlation_id": "c2fd8efb-f797-4b4d-a7d5-c211372055cf", "operation": "changeset_read", "outcome": "allowed", "principal": "user:c1-dev.fbcf5049-980c-4ed4-8c8a-4f7137e8a927", "reason": "", "target": "urn:c1:instance:dev:changeset-f0e6db0d8e074c158f125493f53c0128"}
{"correlation_id": "61402e75-4267-49d4-9f3a-0da46dbe2c16", "operation": "changeset_submit", "outcome": "allowed", "principal": "user:c1-dev.fbcf5049-980c-4ed4-8c8a-4f7137e8a927", "reason": "", "target": "urn:c1:instance:dev:changeset-f0e6db0d8e074c158f125493f53c0128"}
{"correlation_id": "a2d1ff1e-c4a1-4206-b056-97149cea877a", "operation": "changeset_approve", "outcome": "allowed", "principal": "user:c1-dev.2c8d560f-a67a-4801-8621-e597415decd4", "reason": "", "target": "urn:c1:instance:dev:changeset-f0e6db0d8e074c158f125493f53c0128"}
{"correlation_id": "8d7253f3-a0c5-4314-89fc-68d2ce850c08", "operation": "changeset_apply", "outcome": "allowed", "principal": "user:c1-dev.2c8d560f-a67a-4801-8621-e597415decd4", "reason": "", "target": "urn:c1:instance:dev:changeset-f0e6db0d8e074c158f125493f53c0128"}
{"correlation_id": "d53e316d-f59a-4476-b3c4-8f2c7040f38d", "operation": "instance_read", "outcome": "allowed", "principal": "user:c1-dev.2c8d560f-a67a-4801-8621-e597415decd4", "reason": "", "target": "m03_33dfe397028a439990225733f491752a"}
{"correlation_id": "afd00c84-4bc8-41a9-80e5-9bb005cc6fc4", "operation": "instance_read", "outcome": "allowed", "principal": "user:c1-dev.2c8d560f-a67a-4801-8621-e597415decd4", "reason": "", "target": "m03_33dfe397028a439990225733f491752a"}
{"correlation_id": "26b9e276-72c5-4fb6-a95b-a476445b051e", "operation": "context_build", "outcome": "allowed", "principal": "user:c1-dev.2c8d560f-a67a-4801-8621-e597415decd4", "reason": "", "target": ""}
{"correlation_id": "b49f77a9-a5d7-4d94-9bd1-57766f5e2206", "operation": "context_build", "outcome": "allowed", "principal": "user:c1-dev.2c8d560f-a67a-4801-8621-e597415decd4", "reason": "", "target": ""}
{"correlation_id": "7b1358c8-3093-4ac2-bdcb-8c0789036834", "operation": "whoami", "outcome": "allowed", "principal": "user:c1-dev.fbcf5049-980c-4ed4-8c8a-4f7137e8a927", "reason": "", "target": ""}
{"correlation_id": "006e760c-9bdd-4037-a532-96d28f3321bf", "operation": "resource_read", "outcome": "denied", "principal": "user:c1-dev.fbcf5049-980c-4ed4-8c8a-4f7137e8a927", "reason": "not_found", "target": ""}
{"correlation_id": "b282698f-6bf6-412e-a9fb-e522070ec099", "operation": "resource_read", "outcome": "denied", "principal": "user:c1-dev.fbcf5049-980c-4ed4-8c8a-4f7137e8a927", "reason": "not_found", "target": ""}
{"correlation_id": "1072a4f4-7cdb-43c9-9071-d2b6a50265ba", "operation": "instance_read", "outcome": "allowed", "principal": "user:c1-dev.fbcf5049-980c-4ed4-8c8a-4f7137e8a927", "reason": "", "target": "m03_33dfe397028a439990225733f491752a"}
{"correlation_id": "6f71f258-0148-40c9-a609-a4f07151969c", "operation": "changeset_create", "outcome": "allowed", "principal": "user:c1-dev.fbcf5049-980c-4ed4-8c8a-4f7137e8a927", "reason": "", "target": "urn:c1:instance:dev:changeset-6f8f5b1e636e4879b803a49d42eb38b2"}
{"correlation_id": "b1a7ee24-18f8-41f9-ac56-b25354af3469", "operation": "changeset_read", "outcome": "allowed", "principal": "user:c1-dev.fbcf5049-980c-4ed4-8c8a-4f7137e8a927", "reason": "", "target": "urn:c1:instance:dev:changeset-6f8f5b1e636e4879b803a49d42eb38b2"}
{"correlation_id": "a33f4011-191f-49d5-a6c3-5eed54c57188", "operation": "changeset_submit", "outcome": "allowed", "principal": "user:c1-dev.fbcf5049-980c-4ed4-8c8a-4f7137e8a927", "reason": "", "target": "urn:c1:instance:dev:changeset-6f8f5b1e636e4879b803a49d42eb38b2"}
{"correlation_id": "306fab73-3337-4fe3-b85f-5c77bb94e728", "operation": "changeset_approve", "outcome": "allowed", "principal": "user:c1-dev.2c8d560f-a67a-4801-8621-e597415decd4", "reason": "", "target": "urn:c1:instance:dev:changeset-6f8f5b1e636e4879b803a49d42eb38b2"}
{"correlation_id": "3d9795ae-b681-43ff-adc9-a024fe9fdfe8", "operation": "changeset_apply", "outcome": "allowed", "principal": "user:c1-dev.2c8d560f-a67a-4801-8621-e597415decd4", "reason": "", "target": "urn:c1:instance:dev:changeset-6f8f5b1e636e4879b803a49d42eb38b2"}
{"correlation_id": "8c7cee41-3ab4-4828-ac1e-e2ceab25abb3", "operation": "resource_read", "outcome": "denied", "principal": "user:c1-dev.fbcf5049-980c-4ed4-8c8a-4f7137e8a927", "reason": "not_found", "target": ""}
{"correlation_id": "e038a73a-9ac0-41bd-9ba2-100099ec5532", "operation": "resource_read", "outcome": "denied", "principal": "user:c1-dev.fbcf5049-980c-4ed4-8c8a-4f7137e8a927", "reason": "not_found", "target": ""}
{"correlation_id": "681816e8-cba5-458f-a133-3d1fa9ad15dd", "operation": "instance_read", "outcome": "allowed", "principal": "user:c1-dev.fbcf5049-980c-4ed4-8c8a-4f7137e8a927", "reason": "", "target": "m03_33dfe397028a439990225733f491752a"}
{"correlation_id": "488bd837-2d03-4a1d-b30c-039079e3b3c5", "operation": "changeset_create", "outcome": "allowed", "principal": "user:c1-dev.fbcf5049-980c-4ed4-8c8a-4f7137e8a927", "reason": "", "target": "urn:c1:instance:dev:changeset-a335605fd3ed45cfa57bd05bd3bd9748"}
{"correlation_id": "167c8645-7d54-4d73-830c-434dd2ed57d6", "operation": "changeset_read", "outcome": "allowed", "principal": "user:c1-dev.fbcf5049-980c-4ed4-8c8a-4f7137e8a927", "reason": "", "target": "urn:c1:instance:dev:changeset-a335605fd3ed45cfa57bd05bd3bd9748"}
{"correlation_id": "9be1362b-abe4-4012-a767-1be202715354", "operation": "changeset_submit", "outcome": "allowed", "principal": "user:c1-dev.fbcf5049-980c-4ed4-8c8a-4f7137e8a927", "reason": "", "target": "urn:c1:instance:dev:changeset-a335605fd3ed45cfa57bd05bd3bd9748"}
{"correlation_id": "6ebf1384-0bc6-4d8c-af5b-debe9b412036", "operation": "changeset_approve", "outcome": "allowed", "principal": "user:c1-dev.2c8d560f-a67a-4801-8621-e597415decd4", "reason": "", "target": "urn:c1:instance:dev:changeset-a335605fd3ed45cfa57bd05bd3bd9748"}
{"correlation_id": "11a97c19-0888-4ee2-a691-04bbd355365d", "operation": "changeset_apply", "outcome": "allowed", "principal": "user:c1-dev.2c8d560f-a67a-4801-8621-e597415decd4", "reason": "", "target": "urn:c1:instance:dev:changeset-a335605fd3ed45cfa57bd05bd3bd9748"}
{"correlation_id": "60bbb739-2549-4b5e-b31e-994f2d10c011", "operation": "resource_read", "outcome": "denied", "principal": "user:c1-dev.fbcf5049-980c-4ed4-8c8a-4f7137e8a927", "reason": "not_found", "target": ""}
{"correlation_id": "64a72242-145e-4fb7-bf48-2b6a822821f7", "operation": "resource_read", "outcome": "denied", "principal": "user:c1-dev.fbcf5049-980c-4ed4-8c8a-4f7137e8a927", "reason": "not_found", "target": ""}
{"correlation_id": "45cf1973-291d-4340-a30c-3b2d3c41e74d", "operation": "instance_read", "outcome": "allowed", "principal": "user:c1-dev.fbcf5049-980c-4ed4-8c8a-4f7137e8a927", "reason": "", "target": "m03_33dfe397028a439990225733f491752a"}
{"correlation_id": "0a662ff1-3a2c-4d98-b4c0-5e2a9952eb83", "operation": "changeset_create", "outcome": "allowed", "principal": "user:c1-dev.fbcf5049-980c-4ed4-8c8a-4f7137e8a927", "reason": "", "target": "urn:c1:instance:dev:changeset-e12856015b994891afa29fb4a67ced6d"}
{"correlation_id": "b74966c8-2e75-4b3d-ba99-37ca0faf1948", "operation": "changeset_read", "outcome": "allowed", "principal": "user:c1-dev.fbcf5049-980c-4ed4-8c8a-4f7137e8a927", "reason": "", "target": "urn:c1:instance:dev:changeset-e12856015b994891afa29fb4a67ced6d"}
{"correlation_id": "15bb60d6-436b-4821-8a83-671898f0b0e8", "operation": "changeset_submit", "outcome": "allowed", "principal": "user:c1-dev.fbcf5049-980c-4ed4-8c8a-4f7137e8a927", "reason": "", "target": "urn:c1:instance:dev:changeset-e12856015b994891afa29fb4a67ced6d"}
{"correlation_id": "14bcb9f9-6611-4c87-98ad-ef9669a131a6", "operation": "changeset_approve", "outcome": "allowed", "principal": "user:c1-dev.2c8d560f-a67a-4801-8621-e597415decd4", "reason": "", "target": "urn:c1:instance:dev:changeset-e12856015b994891afa29fb4a67ced6d"}
{"correlation_id": "5ddf8978-eab9-4b44-bcd1-17d9f25e41cd", "operation": "changeset_apply", "outcome": "allowed", "principal": "user:c1-dev.2c8d560f-a67a-4801-8621-e597415decd4", "reason": "", "target": "urn:c1:instance:dev:changeset-e12856015b994891afa29fb4a67ced6d"}
{"correlation_id": "6b33c0d9-4070-49fa-a9b3-399e191aa1ef", "operation": "context_build", "outcome": "allowed", "principal": "user:c1-dev.2c8d560f-a67a-4801-8621-e597415decd4", "reason": "", "target": ""}
{
  "before_consumer": {
    "goal_statement": "Goal: conformance. The normative expectations are the only oracle source; the implementation shows current behavior and may be defective.",
    "normative": [
      [
        "docs/invoicing.md",
        "4c4c16d1fd9a",
        "# Invoicing"
      ],
      [
        "docs/invoicing.md",
        "4c4c16d1fd9a",
        "## Creating an invoice"
      ],
      [
        "docs/invoicing.md",
        "4c4c16d1fd9a",
        "Call `POST /invoices` with a customer and an amount.\n\nThe amount must be greater than zero"
      ],
      [
        "docs/invoicing.md",
        "4c4c16d1fd9a",
        "## Reading an invoice"
      ],
      [
        "docs/invoicing.md",
        "4c4c16d1fd9a",
        "Call `GET /invoices/{invoiceId}` to read a stored invoice."
      ],
      [
        "openapi.json",
        "4c4c16d1fd9a",
        "{\n  \"openapi\": \"3.1.1\",\n  \"info\": {\"title\": \"Ledger API\", \"version\": \"1.0.0\"},\n  \"paths\": "
      ]
    ],
    "implementation": [
      [
        "code-unit",
        "ledger/api.py",
        "complete-unit",
        "def create_invoice(customer: str, amount: int) -> Invoice:"
      ],
      [
        "dependency-unit",
        "ledger/models.py",
        "complete-unit",
        "@dataclass(frozen=True)"
      ],
      [
        "dependency-unit",
        "ledger/api.py",
        "complete-unit",
        "def validate(amount: int) -> bool:"
      ],
      [
        "dependency-unit",
        "ledger/api.py",
        "complete-unit",
        "class InvalidAmount(ValueError):"
      ],
      [
        "dependency-unit",
        "ledger/store.py",
        "complete-unit",
        "def save(invoice: Invoice) -> None:"
      ]
    ],
    "tests": [
      [
        "ledger-create",
        "definition-only",
        []
      ],
      [
        "shop-live",
        "matching-run",
        [
          "pass"
        ]
      ],
      [
        "shop-mocked",
        "matching-run",
        [
          "pass"
        ]
      ]
    ],
    "runs": [
      [
        "pass",
        "other-target",
        "live",
        false,
        [
          "ledger a1"
        ],
        "py312"
      ],
      [
        "pass",
        "other-target",
        "live",
        false,
        [
          "ledger a2"
        ],
        "default"
      ],
      [
        "pass",
        "matching",
        "live",
        true,
        [
          "ledger a1",
          "shop b1"
        ],
        "default"
      ],
      [
        "pass",
        "matching",
        "mocked",
        false,
        [
          "shop b1"
        ],
        "default"
      ],
      [
        "pass",
        "other-target",
        "mocked",
        false,
        [
          "shop b2"
        ],
        "default"
      ]
    ],
    "instructions": [
      [
        "CONTRIBUTING.md",
        true
      ]
    ],
    "discrepancies": [
      [
        "The amount must be greater than zero; zero is rejected with 422.",
        "return amount >= 0"
      ]
    ],
    "gaps": [
      "dependencies"
    ],
    "rendered_bytes": 39665
  },
  "consumer": {
    "cited": [
      "urn:c1:instance:dev:part/745b6703-5f4f-4979-8a11-7b92f4a1d078",
      "urn:c1:instance:dev:part/83af3ebf-c29a-411b-a745-cd2bb2cc44df"
    ],
    "results": {
      "a1": "fail",
      "a2": "pass"
    },
    "imported": [
      {
        "run": "consumer/case",
        "state": "applied",
        "records": 8
      },
      {
        "run": "consumer/a1",
        "state": "applied",
        "records": 5
      },
      {
        "run": "consumer/a2",
        "state": "applied",
        "records": 5
      }
    ]
  },
  "after_consumer_tests": [
    [
      "consumer-zero-amount",
      "matching-run",
      [
        "fail"
      ]
    ],
    [
      "ledger-create",
      "definition-only",
      []
    ],
    [
      "shop-live",
      "matching-run",
      [
        "pass"
      ]
    ],
    [
      "shop-mocked",
      "matching-run",
      [
        "pass"
      ]
    ]
  ],
  "after_consumer_runs": [
    [
      "fail",
      "matching",
      "live",
      false,
      [
        "ledger a1"
      ],
      "default"
    ],
    [
      "pass",
      "other-target",
      "live",
      false,
      [
        "ledger a2"
      ],
      "default"
    ],
    [
      "pass",
      "other-target",
      "live",
      false,
      [
        "ledger a1"
      ],
      "py312"
    ],
    [
      "pass",
      "other-target",
      "live",
      false,
      [
        "ledger a2"
      ],
      "default"
    ],
    [
      "pass",
      "matching",
      "live",
      true,
      [
        "ledger a1",
        "shop b1"
      ],
      "default"
    ],
    [
      "pass",
      "matching",
      "mocked",
      false,
      [
        "shop b1"
      ],
      "default"
    ],
    [
      "pass",
      "other-target",
      "mocked",
      false,
      [
        "shop b2"
      ],
      "default"
    ]
  ],
  "markdown_excerpt": "# Test\\-development context: ledger\\.api\\.create\\_invoice\n\n## Interpretation\n\n- profile: test\\-development\n\n- profile\\_version: 1\n\n- profile\\_digest: fb9d4fe202d87016c6a68a07d89a2d563a72b3f2d610bc8b54f01e85a5c5e06f\n\n- revision: branch:neshauux6y4c9cucnlpnmje1dqowwe5\n\n- anchor: \\{\"id\":\"urn:c1:instance:dev:entity/fdf64115\\-4837\\-4b21\\-9e9e\\-ecf5032c292c\",\"label\":\"ledger\\.api\\.create\\_invoice\",\"types\":\\[\"urn:c1:ns:software\\#CodeSymbol\"\\]\\}\n\n- goal: conformance\n\n- target\\_symbols: \\[\\{\"id\":\"urn:c1:instance:dev:entity/fdf64115\\-4837\\-4b21\\-9e9e\\-ecf5032c292c\",\"label\":\"ledger\\.api\\.create\\_invoice\"\\}\\]\n\n- coverage: \\[\\{\"id\":\"urn:c1:instance:dev:coverage/7245548e\\-7f7f\\-4d76\\-98af\\-55f47cd2c4e9\",\"method\":\"ast\\-calls\",\"state\":\"complete\",\"target\\_member\":\"urn:c1:instance:dev:entity/38b38bf8\\-78f0\\-48a0\\-87ab\\-0153a0b022de\"\\},\\{\"id\":\"urn:c1:instance:dev:coverage/c946dbd3\\-27b7\\-4e65\\-9311\\-96d09c9e4eed\",\"method\":\"ast\\-calls\",\"state\":\"complete\",\"target\\_member\":\"urn:c1:instance:dev:entity/38b38bf8\\-78f0\\-48a0\\-87ab\\-0153a0b022de\"\\},\\{\"id\":\"urn:c1:instance:dev:coverage/5f84d4db\\-aa02\\-47d3\\-9798\\-54425db70e06\",\"method\":\"docs\",\"state\":\"complete\",\"target\\_member\":\"urn:c1:instance:dev:entity/38b38bf8\\-78f0\\-48a0\\-87ab\\-0153a0b022de\"\\},\\{\"id\":\"urn:c1:instance:dev:coverage/cddab75e\\-42e0\\-4924\\-9447\\-a42b06babe07\",\"method\":\"docs\",\"state\":\"complete\",\"target\\_member\":\"urn:c1:instance:dev:entity/38b38bf8\\-78f0\\-48a0\\-87ab\\-0153a0b022de\"\\},\\{\"id\":\"urn:c1:instance:dev:coverage/71fdc6f6\\-6e57\\-431c"
}
